Archive member included to satisfy reference by file (symbol)

../../lib/input/libinput.a(touchscreen.o)
                              kernel.o (CTouchScreenDevice::~CTouchScreenDevice())
../../lib/libcircle.a(actled.o)
                              kernel.o (CActLED::~CActLED())
../../lib/libcircle.a(bcmpropertytags.o)
                              ../../lib/input/libinput.a(touchscreen.o) (CBcmPropertyTags::CBcmPropertyTags())
../../lib/libcircle.a(gpiopin.o)
                              ../../lib/libcircle.a(actled.o) (CGPIOPin::Write(unsigned int))
../../lib/libcircle.a(memory.o)
                              kernel.o (CMemorySystem::~CMemorySystem())
../../lib/libcircle.a(new.o)  ../../lib/libcircle.a(actled.o) (operator new(unsigned int))
../../lib/libcircle.a(synchronize.o)
                              ../../lib/libcircle.a(gpiopin.o) (EnterCritical)
../../lib/libcircle.a(sysinit.o)
                              main.o (halt)
../../lib/libcircle.a(timer.o)
                              kernel.o (CTimer::CTimer(CInterruptSystem*))
../../lib/libcircle.a(util_fast.o)
                              ../../lib/input/libinput.a(touchscreen.o) (memcpy)
../../lib/libcircle.a(device.o)
                              ../../lib/input/libinput.a(touchscreen.o) (CDevice::~CDevice())
../../lib/libcircle.a(koptions.o)
                              kernel.o (CKernelOptions::~CKernelOptions())
../../lib/libcircle.a(pagetable.o)
                              ../../lib/libcircle.a(memory.o) (CPageTable::CPageTable())
../../lib/libcircle.a(screen.o)
                              kernel.o (CScreenDevice::~CScreenDevice())
../../lib/libcircle.a(assert.o)
                              kernel.o (assertion_failed)
../../lib/libcircle.a(chargenerator.o)
                              ../../lib/libcircle.a(screen.o) (CCharGenerator::CCharGenerator())
../../lib/libcircle.a(debug.o)
                              ../../lib/libcircle.a(assert.o) (debug_stacktrace(unsigned int const*, char const*))
../../lib/libcircle.a(devicenameservice.o)
                              kernel.o (CDeviceNameService::CDeviceNameService())
../../lib/libcircle.a(logger.o)
                              kernel.o (CLogger::CLogger(unsigned int, CTimer*))
../../lib/libcircle.a(serial.o)
                              kernel.o (CSerialDevice::CSerialDevice())
../../lib/libcircle.a(string.o)
                              kernel.o (CString::~CString())
../../lib/libcircle.a(delayloop.o)
                              ../../lib/libcircle.a(timer.o) (DelayLoop)
../../lib/libcircle.a(exceptionhandler.o)
                              kernel.o (CExceptionHandler::CExceptionHandler())
../../lib/libcircle.a(exceptionstub.o)
                              ../../lib/libcircle.a(exceptionhandler.o) (UndefinedInstructionStub)
../../lib/libcircle.a(interrupt.o)
                              kernel.o (CInterruptSystem::CInterruptSystem())
../../lib/libcircle.a(gpiomanager.o)
                              ../../lib/libcircle.a(gpiopin.o) (CGPIOManager::ConnectInterrupt(CGPIOPin*))
../../lib/libcircle.a(virtualgpiopin.o)
                              ../../lib/libcircle.a(actled.o) (CVirtualGPIOPin::CVirtualGPIOPin(unsigned int))
../../lib/libcircle.a(machineinfo.o)
                              ../../lib/libcircle.a(sysinit.o) (CMachineInfo::CMachineInfo())
../../lib/libcircle.a(cache-v7.o)
                              ../../lib/libcircle.a(sysinit.o) (InvalidateDataCacheL1Only)
../../lib/libcircle.a(ptrlist.o)
                              ../../lib/libcircle.a(timer.o) (CPtrList::CPtrList())
../../lib/libcircle.a(alloc.o)
                              ../../lib/libcircle.a(memory.o) (mem_init)
../../lib/libcircle.a(bcmmailbox.o)
                              ../../lib/libcircle.a(bcmpropertytags.o) (CBcmMailBox::CBcmMailBox(unsigned int))
../../lib/libcircle.a(util.o)
                              ../../lib/libcircle.a(screen.o) (memset)
../../lib/libcircle.a(bcmframebuffer.o)
                              ../../lib/libcircle.a(screen.o) (CBcmFrameBuffer::CBcmFrameBuffer(unsigned int, unsigned int, unsigned int, unsigned int, unsigned int))

Memory Configuration

Name             Origin             Length             Attributes
*default*        0x0000000000000000 0xffffffffffffffff

Linker script and memory map

                0x0000000000008000                . = 0x8000

.text           0x0000000000008000     0x8340
 *(.text*)
 .text          0x0000000000008000       0x68 ../../lib/startup.o
                0x0000000000008000                _start
                0x000000000000805c                _start_secondary
 .text          0x0000000000008068        0x0 main.o
 .text.startup  0x0000000000008068       0x60 main.o
                0x0000000000008068                main
 .text          0x00000000000080c8      0x3ec kernel.o
                0x00000000000080c8                CKernel::CKernel()
                0x00000000000080c8                CKernel::CKernel()
                0x0000000000008198                CKernel::Initialize()
                0x0000000000008248                CKernel::Run()
                0x0000000000008314                CKernel::~CKernel()
                0x0000000000008314                CKernel::~CKernel()
                0x00000000000083a4                CKernel::TouchScreenEventHandler(TTouchScreenEvent, unsigned int, unsigned int, unsigned int)
 .text          0x00000000000084b4      0x408 ../../lib/input/libinput.a(touchscreen.o)
                0x00000000000084b4                CTouchScreenDevice::~CTouchScreenDevice()
                0x00000000000084b4                CTouchScreenDevice::~CTouchScreenDevice()
                0x00000000000084dc                CTouchScreenDevice::~CTouchScreenDevice()
                0x000000000000850c                CTouchScreenDevice::CTouchScreenDevice()
                0x000000000000850c                CTouchScreenDevice::CTouchScreenDevice()
                0x0000000000008538                CTouchScreenDevice::Initialize()
                0x0000000000008650                CTouchScreenDevice::Update()
                0x0000000000008864                CTouchScreenDevice::RegisterEventHandler(void (*)(TTouchScreenEvent, unsigned int, unsigned int, unsigned int))
 .text          0x00000000000088bc      0x208 ../../lib/libcircle.a(actled.o)
                0x00000000000088bc                CActLED::~CActLED()
                0x00000000000088bc                CActLED::~CActLED()
                0x00000000000088d0                CActLED::On()
                0x0000000000008910                CActLED::Off()
                0x0000000000008950                CActLED::CActLED()
                0x0000000000008950                CActLED::CActLED()
                0x0000000000008a68                CActLED::Blink(unsigned int, unsigned int, unsigned int)
                0x0000000000008ab4                CActLED::Get()
 .text          0x0000000000008ac4      0x1d0 ../../lib/libcircle.a(bcmpropertytags.o)
                0x0000000000008ac4                CBcmPropertyTags::CBcmPropertyTags()
                0x0000000000008ac4                CBcmPropertyTags::CBcmPropertyTags()
                0x0000000000008adc                CBcmPropertyTags::~CBcmPropertyTags()
                0x0000000000008adc                CBcmPropertyTags::~CBcmPropertyTags()
                0x0000000000008af0                CBcmPropertyTags::GetTags(void*, unsigned int)
                0x0000000000008be4                CBcmPropertyTags::GetTag(unsigned int, void*, unsigned int, unsigned int)
 .text          0x0000000000008c94      0xdfc ../../lib/libcircle.a(gpiopin.o)
                0x0000000000008c94                CGPIOPin::~CGPIOPin()
                0x0000000000008c94                CGPIOPin::~CGPIOPin()
                0x0000000000008c98                CGPIOPin::~CGPIOPin()
                0x0000000000008cac                CGPIOPin::Write(unsigned int)
                0x0000000000008d64                CGPIOPin::Read() const
                0x0000000000008dec                CGPIOPin::Invert()
                0x0000000000008e2c                CGPIOPin::ConnectInterrupt(void (*)(void*), void*)
                0x0000000000008f40                CGPIOPin::DisconnectInterrupt()
                0x000000000000902c                CGPIOPin::EnableInterrupt(TGPIOInterrupt)
                0x00000000000091b8                CGPIOPin::DisableInterrupt()
                0x00000000000092a8                CGPIOPin::EnableInterrupt2(TGPIOInterrupt)
                0x0000000000009434                CGPIOPin::DisableInterrupt2()
                0x0000000000009524                CGPIOPin::SetPullUpMode(unsigned int)
                0x00000000000095f8                CGPIOPin::SetAlternateFunction(unsigned int)
                0x00000000000096cc                CGPIOPin::SetMode(TGPIOMode, int)
                0x0000000000009890                CGPIOPin::CGPIOPin(unsigned int, TGPIOMode, CGPIOManager*)
                0x0000000000009890                CGPIOPin::CGPIOPin(unsigned int, TGPIOMode, CGPIOManager*)
                0x0000000000009924                CGPIOPin::InterruptHandler()
                0x00000000000099d4                CGPIOPin::DisableAllInterrupts(unsigned int)
 .text.startup  0x0000000000009a90       0x14 ../../lib/libcircle.a(gpiopin.o)
 .text          0x0000000000009aa4      0x26c ../../lib/libcircle.a(memory.o)
                0x0000000000009aa4                CMemorySystem::~CMemorySystem()
                0x0000000000009aa4                CMemorySystem::~CMemorySystem()
                0x0000000000009b18                CMemorySystem::GetMemSize() const
                0x0000000000009b20                CMemorySystem::EnableMMU()
                0x0000000000009c2c                CMemorySystem::CMemorySystem(int)
                0x0000000000009c2c                CMemorySystem::CMemorySystem(int)
 .text          0x0000000000009d10       0x10 ../../lib/libcircle.a(new.o)
                0x0000000000009d10                operator new(unsigned int)
                0x0000000000009d14                operator new[](unsigned int)
                0x0000000000009d18                operator delete(void*)
                0x0000000000009d1c                operator delete[](void*)
 .text          0x0000000000009d20       0xb4 ../../lib/libcircle.a(synchronize.o)
                0x0000000000009d20                EnterCritical
                0x0000000000009d54                LeaveCritical
                0x0000000000009db4                SyncDataAndInstructionCache
 .text          0x0000000000009dd4       0xe0 ../../lib/libcircle.a(sysinit.o)
                0x0000000000009dd4                __aeabi_atexit
                0x0000000000009dd8                halt
                0x0000000000009de8                reboot
                0x0000000000009e0c                sysinit
 .text          0x0000000000009eb4      0xb8c ../../lib/libcircle.a(timer.o)
                0x0000000000009eb4                CTimer::CTimer(CInterruptSystem*)
                0x0000000000009eb4                CTimer::CTimer(CInterruptSystem*)
                0x0000000000009f34                CTimer::~CTimer()
                0x0000000000009f34                CTimer::~CTimer()
                0x000000000000a018                CTimer::SetTimeZone(int)
                0x000000000000a038                CTimer::GetTimeZone() const
                0x000000000000a040                CTimer::SetTime(unsigned int, int)
                0x000000000000a0c0                CTimer::GetClockTicks()
                0x000000000000a0d0                CTimer::GetTicks() const
                0x000000000000a0d8                CTimer::GetUptime() const
                0x000000000000a0e0                CTimer::GetTime() const
                0x000000000000a0e8                CTimer::GetUniversalTime() const
                0x000000000000a108                CTimer::GetTimeString()
                0x000000000000a2f4                CTimer::StartKernelTimer(unsigned int, void (*)(unsigned int, void*, void*), void*, void*)
                0x000000000000a454                CTimer::CancelKernelTimer(unsigned int)
                0x000000000000a508                CTimer::PollKernelTimers()
                0x000000000000a660                CTimer::InterruptHandler()
                0x000000000000a774                CTimer::InterruptHandler(void*)
                0x000000000000a7b0                CTimer::TuneMsDelay()
                0x000000000000a858                CTimer::Initialize()
                0x000000000000a8d4                CTimer::SimpleMsDelay(unsigned int)
                0x000000000000a914                CTimer::SimpleusDelay(unsigned int)
                0x000000000000a944                CTimer::IsLeapYear(unsigned int)
                0x000000000000a990                CTimer::GetDaysOfMonth(unsigned int, unsigned int)
                0x000000000000aa08                CTimer::Get()
 .text          0x000000000000aa40       0x5c ../../lib/libcircle.a(util_fast.o)
                0x000000000000aa40                memcpy
 .text          0x000000000000aa9c       0x3c ../../lib/libcircle.a(device.o)
                0x000000000000aa9c                CDevice::~CDevice()
                0x000000000000aa9c                CDevice::~CDevice()
                0x000000000000aaa0                CDevice::Read(void*, unsigned int)
                0x000000000000aaa0                CDevice::Write(void const*, unsigned int)
                0x000000000000aaa8                CDevice::Seek(unsigned long long)
                0x000000000000aab4                CDevice::~CDevice()
                0x000000000000aac8                CDevice::CDevice()
                0x000000000000aac8                CDevice::CDevice()
 .text          0x000000000000aad8      0x514 ../../lib/libcircle.a(koptions.o)
                0x000000000000ab38                CKernelOptions::~CKernelOptions()
                0x000000000000ab38                CKernelOptions::~CKernelOptions()
                0x000000000000ab4c                CKernelOptions::GetWidth() const
                0x000000000000ab54                CKernelOptions::GetHeight() const
                0x000000000000ab5c                CKernelOptions::GetLogDevice() const
                0x000000000000ab68                CKernelOptions::GetLogLevel() const
                0x000000000000ab70                CKernelOptions::GetKeyMap() const
                0x000000000000ab78                CKernelOptions::GetUSBPowerDelay() const
                0x000000000000ab80                CKernelOptions::GetCPUSpeed() const
                0x000000000000ab88                CKernelOptions::GetSoCMaxTemp() const
                0x000000000000ab90                CKernelOptions::Get()
                0x000000000000aba0                CKernelOptions::GetToken()
                0x000000000000ac1c                CKernelOptions::CKernelOptions()
                0x000000000000ac1c                CKernelOptions::CKernelOptions()
                0x000000000000af94                CKernelOptions::GetOptionValue(char*)
                0x000000000000afcc                CKernelOptions::GetDecimal(char*)
 .text          0x000000000000afec      0x220 ../../lib/libcircle.a(pagetable.o)
                0x000000000000afec                CPageTable::CPageTable()
                0x000000000000afec                CPageTable::CPageTable()
                0x000000000000b09c                CPageTable::CPageTable(unsigned int)
                0x000000000000b09c                CPageTable::CPageTable(unsigned int)
                0x000000000000b1dc                CPageTable::~CPageTable()
                0x000000000000b1dc                CPageTable::~CPageTable()
                0x000000000000b200                CPageTable::GetBaseAddress() const
 .text          0x000000000000b20c     0x11f4 ../../lib/libcircle.a(screen.o)
                0x000000000000b20c                CScreenDevice::~CScreenDevice()
                0x000000000000b20c                CScreenDevice::~CScreenDevice()
                0x000000000000b280                CScreenDevice::~CScreenDevice()
                0x000000000000b364                CScreenDevice::CScreenDevice(unsigned int, unsigned int, int)
                0x000000000000b364                CScreenDevice::CScreenDevice(unsigned int, unsigned int, int)
                0x000000000000b3d8                CScreenDevice::GetWidth() const
                0x000000000000b3e0                CScreenDevice::GetHeight() const
                0x000000000000b3e8                CScreenDevice::GetColumns() const
                0x000000000000b404                CScreenDevice::GetRows() const
                0x000000000000b420                CScreenDevice::GetStatus()
                0x000000000000b490                CScreenDevice::SetStatus(TScreenStatus)
                0x000000000000b5a0                CScreenDevice::CarriageReturn()
                0x000000000000b5ac                CScreenDevice::CursorHome()
                0x000000000000b5c0                CScreenDevice::CursorLeft()
                0x000000000000b62c                CScreenDevice::CursorMove(unsigned int, unsigned int)
                0x000000000000b68c                CScreenDevice::CursorUp()
                0x000000000000b6bc                CScreenDevice::DeleteChars(unsigned int)
                0x000000000000b6c0                CScreenDevice::DeleteLines(unsigned int)
                0x000000000000b6c4                CScreenDevice::InsertLines(unsigned int)
                0x000000000000b6c8                CScreenDevice::InsertMode(int)
                0x000000000000b6d0                CScreenDevice::ReverseScroll()
                0x000000000000b6d4                CScreenDevice::SetCursorMode(int)
                0x000000000000b6dc                CScreenDevice::SetScrollRegion(unsigned int, unsigned int)
                0x000000000000b758                CScreenDevice::SetStandoutMode(unsigned int)
                0x000000000000b7f8                CScreenDevice::Scroll()
                0x000000000000b890                CScreenDevice::CursorDown()
                0x000000000000b8dc                CScreenDevice::NewLine()
                0x000000000000b8e8                CScreenDevice::CursorRight()
                0x000000000000b924                CScreenDevice::Tabulator()
                0x000000000000b96c                CScreenDevice::DisplayChar(char, unsigned int, unsigned int, unsigned char)
                0x000000000000ba24                CScreenDevice::DisplayChar(char)
                0x000000000000ba60                CScreenDevice::EraseChar(unsigned int, unsigned int)
                0x000000000000bad0                CScreenDevice::ClearLineEnd()
                0x000000000000bb78                CScreenDevice::EraseChars(unsigned int)
                0x000000000000bb84                CScreenDevice::ClearDisplayEnd()
                0x000000000000bc04                CScreenDevice::Write(char)
                0x000000000000c100                CScreenDevice::Write(void const*, unsigned int)
                0x000000000000c1c0                CScreenDevice::Initialize()
                0x000000000000c350                CScreenDevice::InvertCursor()
                0x000000000000c360                CScreenDevice::SetPixel(unsigned int, unsigned int, unsigned char)
                0x000000000000c370                CScreenDevice::GetPixel(unsigned int, unsigned int)
                0x000000000000c3a4                CScreenDevice::Rotor(unsigned int, unsigned int)
 .text          0x000000000000c400       0x88 ../../lib/libcircle.a(assert.o)
                0x000000000000c400                assertion_failed
 .text          0x000000000000c488       0xa8 ../../lib/libcircle.a(chargenerator.o)
                0x000000000000c488                CCharGenerator::CCharGenerator()
                0x000000000000c488                CCharGenerator::CCharGenerator()
                0x000000000000c494                CCharGenerator::~CCharGenerator()
                0x000000000000c494                CCharGenerator::~CCharGenerator()
                0x000000000000c498                CCharGenerator::GetCharWidth() const
                0x000000000000c4a0                CCharGenerator::GetCharHeight() const
                0x000000000000c4a8                CCharGenerator::GetUnderline() const
                0x000000000000c4b0                CCharGenerator::GetPixel(char, unsigned int, unsigned int) const
 .text          0x000000000000c530      0x19c ../../lib/libcircle.a(debug.o)
                0x000000000000c530                debug_hexdump(void const*, unsigned int, char const*)
                0x000000000000c63c                debug_stacktrace(unsigned int const*, char const*)
 .text          0x000000000000c6cc      0x2b8 ../../lib/libcircle.a(devicenameservice.o)
                0x000000000000c6cc                CDeviceNameService::CDeviceNameService()
                0x000000000000c6cc                CDeviceNameService::CDeviceNameService()
                0x000000000000c718                CDeviceNameService::~CDeviceNameService()
                0x000000000000c718                CDeviceNameService::~CDeviceNameService()
                0x000000000000c77c                CDeviceNameService::AddDevice(char const*, CDevice*, int)
                0x000000000000c83c                CDeviceNameService::GetDevice(char const*, int)
                0x000000000000c94c                CDeviceNameService::Get()
 .text          0x000000000000c984      0x460 ../../lib/libcircle.a(logger.o)
                0x000000000000c984                CLogger::CLogger(unsigned int, CTimer*)
                0x000000000000c984                CLogger::CLogger(unsigned int, CTimer*)
                0x000000000000c9cc                CLogger::~CLogger()
                0x000000000000c9cc                CLogger::~CLogger()
                0x000000000000c9fc                CLogger::Get()
                0x000000000000ca0c                CLogger::Write(char const*)
                0x000000000000cab4                CLogger::Read(void*, unsigned int)
                0x000000000000cb70                CLogger::WriteV(char const*, TLogSeverity, char const*, std::__va_list)
                0x000000000000cd70                CLogger::Write(char const*, TLogSeverity, char const*, ...)
                0x000000000000cda0                CLogger::Initialize(CDevice*)
 .text          0x000000000000cde4      0x2e4 ../../lib/libcircle.a(serial.o)
                0x000000000000cde4                CSerialDevice::Write(void const*, unsigned int)
                0x000000000000ce9c                CSerialDevice::CSerialDevice()
                0x000000000000ce9c                CSerialDevice::CSerialDevice()
                0x000000000000cf14                CSerialDevice::Initialize(unsigned int)
                0x000000000000d03c                CSerialDevice::Write(unsigned char)
                0x000000000000d058                CSerialDevice::~CSerialDevice()
                0x000000000000d058                CSerialDevice::~CSerialDevice()
                0x000000000000d0ac                CSerialDevice::~CSerialDevice()
 .text          0x000000000000d0c8      0xd44 ../../lib/libcircle.a(string.o)
                0x000000000000d0c8                CString::~CString()
                0x000000000000d0c8                CString::~CString()
                0x000000000000d0f4                CString::~CString()
                0x000000000000d190                CString::CString()
                0x000000000000d190                CString::CString()
                0x000000000000d1a8                CString::CString(char const*)
                0x000000000000d1a8                CString::CString(char const*)
                0x000000000000d1e8                CString::operator char const*() const
                0x000000000000d200                CString::operator=(char const*)
                0x000000000000d244                CString::GetLength() const
                0x000000000000d254                CString::Append(char const*)
                0x000000000000d2d8                CString::Compare(char const*) const
                0x000000000000d2e0                CString::Find(char) const
                0x000000000000d324                CString::PutChar(char, unsigned int)
                0x000000000000d364                CString::PutString(char const*)
                0x000000000000d3a8                CString::ReserveSpace(unsigned int)
                0x000000000000d3b4                CString::ntoa(char*, unsigned long, unsigned int, int)
                0x000000000000d438                CString::ftoa(char*, double, unsigned int)
                0x000000000000d670                CString::FormatV(char const*, std::__va_list)
                0x000000000000dddc                CString::Format(char const*, ...)
 *fill*         0x000000000000de0c        0x4 
 .text          0x000000000000de10        0xc ../../lib/libcircle.a(delayloop.o)
                0x000000000000de10                DelayLoop
 .text          0x000000000000de1c      0x258 ../../lib/libcircle.a(exceptionhandler.o)
                0x000000000000de1c                CExceptionHandler::CExceptionHandler()
                0x000000000000de1c                CExceptionHandler::CExceptionHandler()
                0x000000000000deac                CExceptionHandler::~CExceptionHandler()
                0x000000000000deac                CExceptionHandler::~CExceptionHandler()
                0x000000000000dec0                CExceptionHandler::Throw(unsigned int)
                0x000000000000df00                CExceptionHandler::Throw(unsigned int, TAbortFrame*)
                0x000000000000dfe0                CExceptionHandler::Get()
                0x000000000000e018                ExceptionHandler
 .text          0x000000000000e074       0xd0 ../../lib/libcircle.a(exceptionstub.o)
                0x000000000000e074                UndefinedInstructionStub
                0x000000000000e0b4                PrefetchAbortStub
                0x000000000000e0f4                DataAbortStub
                0x000000000000e134                IRQStub
 .text          0x000000000000e144      0x3cc ../../lib/libcircle.a(interrupt.o)
                0x000000000000e144                CInterruptSystem::CInterruptSystem()
                0x000000000000e144                CInterruptSystem::CInterruptSystem()
                0x000000000000e17c                CInterruptSystem::~CInterruptSystem()
                0x000000000000e17c                CInterruptSystem::~CInterruptSystem()
                0x000000000000e190                CInterruptSystem::Initialize()
                0x000000000000e1dc                CInterruptSystem::EnableIRQ(unsigned int)
                0x000000000000e24c                CInterruptSystem::ConnectIRQ(unsigned int, void (*)(void*), void*)
                0x000000000000e2c0                CInterruptSystem::DisableIRQ(unsigned int)
                0x000000000000e330                CInterruptSystem::DisconnectIRQ(unsigned int)
                0x000000000000e3b0                CInterruptSystem::Get()
                0x000000000000e3e8                CInterruptSystem::CallIRQHandler(unsigned int)
                0x000000000000e454                CInterruptSystem::InterruptHandler()
                0x000000000000e50c                InterruptHandler
 .text          0x000000000000e510      0x398 ../../lib/libcircle.a(gpiomanager.o)
                0x000000000000e510                CGPIOManager::CGPIOManager(CInterruptSystem*)
                0x000000000000e510                CGPIOManager::CGPIOManager(CInterruptSystem*)
                0x000000000000e53c                CGPIOManager::~CGPIOManager()
                0x000000000000e53c                CGPIOManager::~CGPIOManager()
                0x000000000000e5c8                CGPIOManager::Initialize()
                0x000000000000e64c                CGPIOManager::ConnectInterrupt(CGPIOPin*)
                0x000000000000e6fc                CGPIOManager::DisconnectInterrupt(CGPIOPin*)
                0x000000000000e7c0                CGPIOManager::InterruptHandler()
                0x000000000000e86c                CGPIOManager::InterruptStub(void*)
 .text          0x000000000000e8a8      0x1f4 ../../lib/libcircle.a(virtualgpiopin.o)
                0x000000000000e8a8                CVirtualGPIOPin::~CVirtualGPIOPin()
                0x000000000000e8a8                CVirtualGPIOPin::~CVirtualGPIOPin()
                0x000000000000e8ac                CVirtualGPIOPin::~CVirtualGPIOPin()
                0x000000000000e964                CVirtualGPIOPin::CVirtualGPIOPin(unsigned int)
                0x000000000000e964                CVirtualGPIOPin::CVirtualGPIOPin(unsigned int)
                0x000000000000ea54                CVirtualGPIOPin::Write(unsigned int)
                0x000000000000ea90                CVirtualGPIOPin::Invert()
 .text.startup  0x000000000000ea9c       0x14 ../../lib/libcircle.a(virtualgpiopin.o)
 .text          0x000000000000eab0      0x3fc ../../lib/libcircle.a(machineinfo.o)
                0x000000000000eab0                CMachineInfo::CMachineInfo()
                0x000000000000eab0                CMachineInfo::CMachineInfo()
                0x000000000000ec80                CMachineInfo::~CMachineInfo()
                0x000000000000ec80                CMachineInfo::~CMachineInfo()
                0x000000000000eca4                CMachineInfo::GetMachineModel() const
                0x000000000000ecac                CMachineInfo::GetMachineName() const
                0x000000000000ecc4                CMachineInfo::GetModelMajor() const
                0x000000000000eccc                CMachineInfo::GetModelRevision() const
                0x000000000000ecd4                CMachineInfo::GetSoCType() const
                0x000000000000ecdc                CMachineInfo::GetRAMSize() const
                0x000000000000ece4                CMachineInfo::GetSoCName() const
                0x000000000000ecfc                CMachineInfo::GetRevisionRaw() const
                0x000000000000ed04                CMachineInfo::GetClockRate(unsigned int) const
                0x000000000000edc8                CMachineInfo::GetGPIOPin(TGPIOVirtualPin) const
                0x000000000000ee38                CMachineInfo::GetDevice(TDeviceId) const
                0x000000000000ee74                CMachineInfo::Get()
 .text          0x000000000000eeac      0x1f4 ../../lib/libcircle.a(cache-v7.o)
                0x000000000000eeac                InvalidateDataCacheL1Only
                0x000000000000ef18                InvalidateDataCache
                0x000000000000efc0                CleanDataCache
                0x000000000000f068                CleanAndInvalidateDataCacheRange
 .text          0x000000000000f0a0      0x508 ../../lib/libcircle.a(ptrlist.o)
                0x000000000000f0a0                CPtrList::CPtrList()
                0x000000000000f0a0                CPtrList::CPtrList()
                0x000000000000f0ac                CPtrList::~CPtrList()
                0x000000000000f0ac                CPtrList::~CPtrList()
                0x000000000000f0e0                CPtrList::GetFirst()
                0x000000000000f0e8                CPtrList::GetNext(TPtrListElement*)
                0x000000000000f144                CPtrList::GetPtr(TPtrListElement*)
                0x000000000000f1a0                CPtrList::InsertBefore(TPtrListElement*, void*)
                0x000000000000f2b8                CPtrList::InsertAfter(TPtrListElement*, void*)
                0x000000000000f3c4                CPtrList::Remove(TPtrListElement*)
                0x000000000000f530                CPtrList::Find(void*)
 .text          0x000000000000f5a8      0x3fc ../../lib/libcircle.a(alloc.o)
                0x000000000000f5a8                mem_init
                0x000000000000f5e4                mem_get_size
                0x000000000000f60c                malloc
                0x000000000000f794                free
                0x000000000000f850                palloc
                0x000000000000f938                pfree
 .text.startup  0x000000000000f9a4       0x18 ../../lib/libcircle.a(alloc.o)
 .text          0x000000000000f9bc      0x168 ../../lib/libcircle.a(bcmmailbox.o)
                0x000000000000f9bc                CBcmMailBox::CBcmMailBox(unsigned int)
                0x000000000000f9bc                CBcmMailBox::CBcmMailBox(unsigned int)
                0x000000000000f9c8                CBcmMailBox::~CBcmMailBox()
                0x000000000000f9c8                CBcmMailBox::~CBcmMailBox()
                0x000000000000f9cc                CBcmMailBox::Flush()
                0x000000000000fa00                CBcmMailBox::Read()
                0x000000000000fa30                CBcmMailBox::Write(unsigned int)
                0x000000000000fa88                CBcmMailBox::WriteRead(unsigned int)
 .text          0x000000000000fb24      0x460 ../../lib/libcircle.a(util.o)
                0x000000000000fb24                memset
                0x000000000000fb48                memcmp
                0x000000000000fba4                strlen
                0x000000000000fbcc                strcmp
                0x000000000000fc38                strcpy
                0x000000000000fc64                strncpy
                0x000000000000fcb0                strcat
                0x000000000000fcf4                strchr
                0x000000000000fd34                strtok_r
                0x000000000000fe00                strtoul
                0x000000000000ff80                char2int
 .text          0x000000000000ff84      0x3bc ../../lib/libcircle.a(bcmframebuffer.o)
                0x0000000000010008                CBcmFrameBuffer::CBcmFrameBuffer(unsigned int, unsigned int, unsigned int, unsigned int, unsigned int)
                0x0000000000010008                CBcmFrameBuffer::CBcmFrameBuffer(unsigned int, unsigned int, unsigned int, unsigned int, unsigned int)
                0x0000000000010140                CBcmFrameBuffer::~CBcmFrameBuffer()
                0x0000000000010140                CBcmFrameBuffer::~CBcmFrameBuffer()
                0x0000000000010158                CBcmFrameBuffer::SetPalette(unsigned char, unsigned short)
                0x0000000000010194                CBcmFrameBuffer::SetPalette32(unsigned char, unsigned int)
                0x00000000000101ac                CBcmFrameBuffer::Initialize()
                0x0000000000010270                CBcmFrameBuffer::GetWidth() const
                0x0000000000010278                CBcmFrameBuffer::GetHeight() const
                0x0000000000010280                CBcmFrameBuffer::GetVirtWidth() const
                0x0000000000010288                CBcmFrameBuffer::GetVirtHeight() const
                0x0000000000010290                CBcmFrameBuffer::GetPitch() const
                0x0000000000010298                CBcmFrameBuffer::GetDepth() const
                0x00000000000102a0                CBcmFrameBuffer::GetBuffer() const
                0x00000000000102a8                CBcmFrameBuffer::GetSize() const
                0x00000000000102b0                CBcmFrameBuffer::UpdatePalette()
                0x00000000000102c8                CBcmFrameBuffer::SetVirtualOffset(unsigned int, unsigned int)
                0x0000000000010340                _etext = .

.glue_7         0x0000000000010340        0x0
 .glue_7        0x0000000000010340        0x0 linker stubs

.glue_7t        0x0000000000010340        0x0
 .glue_7t       0x0000000000010340        0x0 linker stubs

.vfp11_veneer   0x0000000000010340        0x0
 .vfp11_veneer  0x0000000000010340        0x0 linker stubs

.v4_bx          0x0000000000010340        0x0
 .v4_bx         0x0000000000010340        0x0 linker stubs

.iplt           0x0000000000010340        0x0
 .iplt          0x0000000000010340        0x0 ../../lib/startup.o

.rodata         0x0000000000010340     0x1f4c
 *(.rodata*)
 .rodata        0x0000000000010340        0x7 kernel.o
 *fill*         0x0000000000010347        0x1 
 .rodata.str1.4
                0x0000000000010348       0xc4 kernel.o
                                         0xc6 (size before relaxing)
 .rodata        0x000000000001040c       0x23 ../../lib/input/libinput.a(touchscreen.o)
                0x000000000001040c                vtable for CTouchScreenDevice
 *fill*         0x000000000001042f        0x1 
 .rodata.str1.4
                0x0000000000010430       0xf1 ../../lib/input/libinput.a(touchscreen.o)
                                         0xf9 (size before relaxing)
 *fill*         0x0000000000010521        0x3 
 .rodata.str1.4
                0x0000000000010524       0x98 ../../lib/libcircle.a(bcmpropertytags.o)
 .rodata        0x00000000000105bc       0x28 ../../lib/libcircle.a(gpiopin.o)
                0x00000000000105d4                vtable for CGPIOPin
 .rodata.str1.4
                0x00000000000105e4      0x29d ../../lib/libcircle.a(gpiopin.o)
 *fill*         0x0000000000010881        0x3 
 .rodata.str1.4
                0x0000000000010884       0x94 ../../lib/libcircle.a(memory.o)
 .rodata.str1.4
                0x0000000000010918       0x25 ../../lib/libcircle.a(synchronize.o)
 *fill*         0x000000000001093d        0x3 
 .rodata        0x0000000000010940       0x36 ../../lib/libcircle.a(timer.o)
                0x0000000000010940                CTimer::s_nDaysOfMonth
 *fill*         0x0000000000010976        0x2 
 .rodata.str1.4
                0x0000000000010978      0x148 ../../lib/libcircle.a(timer.o)
                                        0x168 (size before relaxing)
 .rodata        0x0000000000010ac0       0x1c ../../lib/libcircle.a(device.o)
                0x0000000000010ac0                vtable for CDevice
 .rodata.str1.4
                0x0000000000010adc       0x62 ../../lib/libcircle.a(koptions.o)
 *fill*         0x0000000000010b3e        0x2 
 .rodata.str1.4
                0x0000000000010b40       0x3e ../../lib/libcircle.a(pagetable.o)
 *fill*         0x0000000000010b7e        0x2 
 .rodata        0x0000000000010b80       0x21 ../../lib/libcircle.a(screen.o)
                0x0000000000010b80                vtable for CScreenDevice
 .rodata.str1.4
                0x0000000000010ba1        0x5 ../../lib/libcircle.a(screen.o)
 *fill*         0x0000000000010ba1        0x3 
 .rodata.str1.4
                0x0000000000010ba4       0x1d ../../lib/libcircle.a(assert.o)
 *fill*         0x0000000000010bc1        0x3 
 .rodata        0x0000000000010bc4      0xdf0 ../../lib/libcircle.a(chargenerator.o)
 .rodata.str1.4
                0x00000000000119b4       0x29 ../../lib/libcircle.a(chargenerator.o)
 *fill*         0x00000000000119dd        0x3 
 .rodata        0x00000000000119e0        0x6 ../../lib/libcircle.a(debug.o)
 *fill*         0x00000000000119e6        0x2 
 .rodata.str1.4
                0x00000000000119e8       0x8e ../../lib/libcircle.a(debug.o)
 *fill*         0x0000000000011a76        0x2 
 .rodata.str1.4
                0x0000000000011a78       0x70 ../../lib/libcircle.a(devicenameservice.o)
 .rodata.str1.4
                0x0000000000011ae8       0x3b ../../lib/libcircle.a(logger.o)
 *fill*         0x0000000000011b23        0x1 
 .rodata        0x0000000000011b24       0x1c ../../lib/libcircle.a(serial.o)
                0x0000000000011b24                vtable for CSerialDevice
 .rodata.str1.4
                0x0000000000011b40       0x92 ../../lib/libcircle.a(serial.o)
 *fill*         0x0000000000011bd2        0x2 
 .rodata        0x0000000000011bd4       0x10 ../../lib/libcircle.a(string.o)
                0x0000000000011bd4                vtable for CString
 .rodata.str1.4
                0x0000000000011be4        0x9 ../../lib/libcircle.a(string.o)
                                          0xd (size before relaxing)
 *fill*         0x0000000000011bed        0x3 
 .rodata        0x0000000000011bf0        0x7 ../../lib/libcircle.a(exceptionhandler.o)
 *fill*         0x0000000000011bf7        0x1 
 .rodata.str1.4
                0x0000000000011bf8       0xbb ../../lib/libcircle.a(exceptionhandler.o)
                                         0xdb (size before relaxing)
 *fill*         0x0000000000011cb3        0x1 
 .rodata.str1.4
                0x0000000000011cb4       0x5a ../../lib/libcircle.a(interrupt.o)
                                         0x69 (size before relaxing)
 *fill*         0x0000000000011d0e        0x2 
 .rodata.str1.4
                0x0000000000011d10       0x88 ../../lib/libcircle.a(gpiomanager.o)
                                         0x9c (size before relaxing)
 .rodata        0x0000000000011d98       0x10 ../../lib/libcircle.a(virtualgpiopin.o)
                0x0000000000011d98                vtable for CVirtualGPIOPin
 .rodata        0x0000000000011da8      0x1ac ../../lib/libcircle.a(machineinfo.o)
 .rodata.str1.4
                0x0000000000011f54       0xf3 ../../lib/libcircle.a(machineinfo.o)
                                        0x10f (size before relaxing)
 *fill*         0x0000000000012047        0x1 
 .rodata.str1.4
                0x0000000000012048      0x176 ../../lib/libcircle.a(ptrlist.o)
 *fill*         0x00000000000121be        0x2 
 .rodata.str1.4
                0x00000000000121c0       0xa8 ../../lib/libcircle.a(alloc.o)
 .rodata.str1.4
                0x0000000000012268       0x24 ../../lib/libcircle.a(bcmmailbox.o)
                                         0x23 (size before relaxing)
                0x000000000001228c                __init_start = .

.rel.dyn        0x000000000001228c        0x0
 .rel.iplt      0x000000000001228c        0x0 ../../lib/startup.o

.init_array     0x000000000001228c        0xc
 *(.init_array*)
 .init_array    0x000000000001228c        0x4 ../../lib/libcircle.a(gpiopin.o)
 .init_array    0x0000000000012290        0x4 ../../lib/libcircle.a(virtualgpiopin.o)
 .init_array    0x0000000000012294        0x4 ../../lib/libcircle.a(alloc.o)
                0x0000000000012298                __init_end = .

.data           0x0000000000012298       0xe8
 *(.data*)
 .data          0x0000000000012298        0x0 ../../lib/startup.o
 .data          0x0000000000012298        0x0 main.o
 .data          0x0000000000012298        0x0 kernel.o
 .data          0x0000000000012298        0x0 ../../lib/input/libinput.a(touchscreen.o)
 .data          0x0000000000012298        0x0 ../../lib/libcircle.a(actled.o)
 .data          0x0000000000012298        0x0 ../../lib/libcircle.a(bcmpropertytags.o)
 .data          0x0000000000012298        0x0 ../../lib/libcircle.a(gpiopin.o)
 .data          0x0000000000012298        0x0 ../../lib/libcircle.a(memory.o)
 .data          0x0000000000012298        0x0 ../../lib/libcircle.a(new.o)
 .data          0x0000000000012298        0x0 ../../lib/libcircle.a(synchronize.o)
 .data          0x0000000000012298        0x0 ../../lib/libcircle.a(sysinit.o)
 .data          0x0000000000012298       0x30 ../../lib/libcircle.a(timer.o)
                0x0000000000012298                CTimer::s_pMonthName
 .data          0x00000000000122c8        0x0 ../../lib/libcircle.a(util_fast.o)
 .data          0x00000000000122c8        0x0 ../../lib/libcircle.a(device.o)
 .data          0x00000000000122c8        0x0 ../../lib/libcircle.a(koptions.o)
 .data          0x00000000000122c8        0x0 ../../lib/libcircle.a(pagetable.o)
 .data          0x00000000000122c8        0x0 ../../lib/libcircle.a(screen.o)
 .data          0x00000000000122c8        0x0 ../../lib/libcircle.a(assert.o)
 .data          0x00000000000122c8        0x0 ../../lib/libcircle.a(chargenerator.o)
 .data          0x00000000000122c8        0x0 ../../lib/libcircle.a(debug.o)
 .data          0x00000000000122c8        0x0 ../../lib/libcircle.a(devicenameservice.o)
 .data          0x00000000000122c8        0x0 ../../lib/libcircle.a(logger.o)
 .data          0x00000000000122c8        0x0 ../../lib/libcircle.a(serial.o)
 .data          0x00000000000122c8        0x0 ../../lib/libcircle.a(string.o)
 .data          0x00000000000122c8        0x0 ../../lib/libcircle.a(delayloop.o)
 .data          0x00000000000122c8       0x10 ../../lib/libcircle.a(exceptionhandler.o)
                0x00000000000122c8                CExceptionHandler::s_pExceptionName
 .data          0x00000000000122d8        0x0 ../../lib/libcircle.a(exceptionstub.o)
 .data          0x00000000000122d8        0x0 ../../lib/libcircle.a(interrupt.o)
 .data          0x00000000000122d8        0x0 ../../lib/libcircle.a(gpiomanager.o)
 .data          0x00000000000122d8        0x0 ../../lib/libcircle.a(virtualgpiopin.o)
 .data          0x00000000000122d8        0x0 ../../lib/libcircle.a(machineinfo.o)
 .data          0x00000000000122d8        0x0 ../../lib/libcircle.a(cache-v7.o)
 .data          0x00000000000122d8        0x0 ../../lib/libcircle.a(ptrlist.o)
 .data          0x00000000000122d8       0x38 ../../lib/libcircle.a(alloc.o)
 .data          0x0000000000012310        0x0 ../../lib/libcircle.a(bcmmailbox.o)
 .data          0x0000000000012310        0x0 ../../lib/libcircle.a(util.o)
 .data          0x0000000000012310       0x70 ../../lib/libcircle.a(bcmframebuffer.o)
                0x0000000000012380                __bss_start = .

.igot.plt       0x0000000000012380        0x0
 .igot.plt      0x0000000000012380        0x0 ../../lib/startup.o

.bss            0x0000000000012380       0x58
 *(.bss*)
 .bss           0x0000000000012380        0x0 ../../lib/startup.o
 .bss           0x0000000000012380        0x0 main.o
 .bss           0x0000000000012380        0x4 kernel.o
                0x0000000000012380                CKernel::s_pThis
 .bss           0x0000000000012384        0x0 ../../lib/input/libinput.a(touchscreen.o)
 .bss           0x0000000000012384        0x4 ../../lib/libcircle.a(actled.o)
                0x0000000000012384                CActLED::s_pThis
 .bss           0x0000000000012388        0x0 ../../lib/libcircle.a(bcmpropertytags.o)
 .bss           0x0000000000012388        0x4 ../../lib/libcircle.a(gpiopin.o)
                0x0000000000012388                CGPIOPin::s_SpinLock
 .bss           0x000000000001238c        0x0 ../../lib/libcircle.a(memory.o)
 .bss           0x000000000001238c        0x0 ../../lib/libcircle.a(new.o)
 .bss           0x000000000001238c        0x8 ../../lib/libcircle.a(synchronize.o)
 .bss           0x0000000000012394        0x4 ../../lib/libcircle.a(sysinit.o)
                0x0000000000012394                __dso_handle
 .bss           0x0000000000012398        0x4 ../../lib/libcircle.a(timer.o)
                0x0000000000012398                CTimer::s_pThis
 .bss           0x000000000001239c        0x0 ../../lib/libcircle.a(util_fast.o)
 .bss           0x000000000001239c        0x0 ../../lib/libcircle.a(device.o)
 .bss           0x000000000001239c        0x4 ../../lib/libcircle.a(koptions.o)
                0x000000000001239c                CKernelOptions::s_pThis
 .bss           0x00000000000123a0        0x0 ../../lib/libcircle.a(pagetable.o)
 .bss           0x00000000000123a0        0x0 ../../lib/libcircle.a(screen.o)
 .bss           0x00000000000123a0        0x0 ../../lib/libcircle.a(assert.o)
 .bss           0x00000000000123a0        0x0 ../../lib/libcircle.a(chargenerator.o)
 .bss           0x00000000000123a0        0x0 ../../lib/libcircle.a(debug.o)
 .bss           0x00000000000123a0        0x4 ../../lib/libcircle.a(devicenameservice.o)
                0x00000000000123a0                CDeviceNameService::s_This
 .bss           0x00000000000123a4        0x4 ../../lib/libcircle.a(logger.o)
                0x00000000000123a4                CLogger::s_pThis
 .bss           0x00000000000123a8        0x0 ../../lib/libcircle.a(serial.o)
 .bss           0x00000000000123a8        0x0 ../../lib/libcircle.a(string.o)
 .bss           0x00000000000123a8        0x0 ../../lib/libcircle.a(delayloop.o)
 .bss           0x00000000000123a8        0x4 ../../lib/libcircle.a(exceptionhandler.o)
                0x00000000000123a8                CExceptionHandler::s_pThis
 .bss           0x00000000000123ac        0x0 ../../lib/libcircle.a(exceptionstub.o)
 .bss           0x00000000000123ac        0x4 ../../lib/libcircle.a(interrupt.o)
                0x00000000000123ac                CInterruptSystem::s_pThis
 .bss           0x00000000000123b0        0x0 ../../lib/libcircle.a(gpiomanager.o)
 .bss           0x00000000000123b0        0x8 ../../lib/libcircle.a(virtualgpiopin.o)
                0x00000000000123b0                CVirtualGPIOPin::s_SpinLock
                0x00000000000123b4                CVirtualGPIOPin::s_nGPIOBaseAddress
 .bss           0x00000000000123b8        0x4 ../../lib/libcircle.a(machineinfo.o)
                0x00000000000123b8                CMachineInfo::s_pThis
 .bss           0x00000000000123bc        0x0 ../../lib/libcircle.a(cache-v7.o)
 .bss           0x00000000000123bc        0x0 ../../lib/libcircle.a(ptrlist.o)
 .bss           0x00000000000123bc       0x1c ../../lib/libcircle.a(alloc.o)
 .bss           0x00000000000123d8        0x0 ../../lib/libcircle.a(bcmmailbox.o)
 .bss           0x00000000000123d8        0x0 ../../lib/libcircle.a(util.o)
 .bss           0x00000000000123d8        0x0 ../../lib/libcircle.a(bcmframebuffer.o)
                0x00000000000123d8                _end = .
LOAD ../../lib/startup.o
LOAD main.o
LOAD kernel.o
LOAD ../../lib/input/libinput.a
LOAD ../../lib/libcircle.a
OUTPUT(kernel7.elf elf32-littlearm)

.ARM.attributes
                0x0000000000000000       0x35
 .ARM.attributes
                0x0000000000000000       0x25 ../../lib/startup.o
 .ARM.attributes
                0x0000000000000025       0x39 main.o
 .ARM.attributes
                0x000000000000005e       0x39 kernel.o
 .ARM.attributes
                0x0000000000000097       0x39 ../../lib/input/libinput.a(touchscreen.o)
 .ARM.attributes
                0x00000000000000d0       0x39 ../../lib/libcircle.a(actled.o)
 .ARM.attributes
                0x0000000000000109       0x39 ../../lib/libcircle.a(bcmpropertytags.o)
 .ARM.attributes
                0x0000000000000142       0x39 ../../lib/libcircle.a(gpiopin.o)
 .ARM.attributes
                0x000000000000017b       0x39 ../../lib/libcircle.a(memory.o)
 .ARM.attributes
                0x00000000000001b4       0x39 ../../lib/libcircle.a(new.o)
 .ARM.attributes
                0x00000000000001ed       0x39 ../../lib/libcircle.a(synchronize.o)
 .ARM.attributes
                0x0000000000000226       0x39 ../../lib/libcircle.a(sysinit.o)
 .ARM.attributes
                0x000000000000025f       0x39 ../../lib/libcircle.a(timer.o)
 .ARM.attributes
                0x0000000000000298       0x25 ../../lib/libcircle.a(util_fast.o)
 .ARM.attributes
                0x00000000000002bd       0x39 ../../lib/libcircle.a(device.o)
 .ARM.attributes
                0x00000000000002f6       0x39 ../../lib/libcircle.a(koptions.o)
 .ARM.attributes
                0x000000000000032f       0x39 ../../lib/libcircle.a(pagetable.o)
 .ARM.attributes
                0x0000000000000368       0x39 ../../lib/libcircle.a(screen.o)
 .ARM.attributes
                0x00000000000003a1       0x39 ../../lib/libcircle.a(assert.o)
 .ARM.attributes
                0x00000000000003da       0x39 ../../lib/libcircle.a(chargenerator.o)
 .ARM.attributes
                0x0000000000000413       0x39 ../../lib/libcircle.a(debug.o)
 .ARM.attributes
                0x000000000000044c       0x39 ../../lib/libcircle.a(devicenameservice.o)
 .ARM.attributes
                0x0000000000000485       0x39 ../../lib/libcircle.a(logger.o)
 .ARM.attributes
                0x00000000000004be       0x39 ../../lib/libcircle.a(serial.o)
 .ARM.attributes
                0x00000000000004f7       0x39 ../../lib/libcircle.a(string.o)
 .ARM.attributes
                0x0000000000000530       0x25 ../../lib/libcircle.a(delayloop.o)
 .ARM.attributes
                0x0000000000000555       0x39 ../../lib/libcircle.a(exceptionhandler.o)
 .ARM.attributes
                0x000000000000058e       0x25 ../../lib/libcircle.a(exceptionstub.o)
 .ARM.attributes
                0x00000000000005b3       0x39 ../../lib/libcircle.a(interrupt.o)
 .ARM.attributes
                0x00000000000005ec       0x39 ../../lib/libcircle.a(gpiomanager.o)
 .ARM.attributes
                0x0000000000000625       0x39 ../../lib/libcircle.a(virtualgpiopin.o)
 .ARM.attributes
                0x000000000000065e       0x39 ../../lib/libcircle.a(machineinfo.o)
 .ARM.attributes
                0x0000000000000697       0x25 ../../lib/libcircle.a(cache-v7.o)
 .ARM.attributes
                0x00000000000006bc       0x39 ../../lib/libcircle.a(ptrlist.o)
 .ARM.attributes
                0x00000000000006f5       0x39 ../../lib/libcircle.a(alloc.o)
 .ARM.attributes
                0x000000000000072e       0x39 ../../lib/libcircle.a(bcmmailbox.o)
 .ARM.attributes
                0x0000000000000767       0x39 ../../lib/libcircle.a(util.o)
 .ARM.attributes
                0x00000000000007a0       0x39 ../../lib/libcircle.a(bcmframebuffer.o)

.comment        0x0000000000000000       0x1d
 .comment       0x0000000000000000       0x1d main.o
                                         0x1e (size before relaxing)
 .comment       0x000000000000001d       0x1e kernel.o
 .comment       0x000000000000001d       0x1e ../../lib/input/libinput.a(touchscreen.o)
 .comment       0x000000000000001d       0x1e ../../lib/libcircle.a(actled.o)
 .comment       0x000000000000001d       0x1e ../../lib/libcircle.a(bcmpropertytags.o)
 .comment       0x000000000000001d       0x1e ../../lib/libcircle.a(gpiopin.o)
 .comment       0x000000000000001d       0x1e ../../lib/libcircle.a(memory.o)
 .comment       0x000000000000001d       0x1e ../../lib/libcircle.a(new.o)
 .comment       0x000000000000001d       0x1e ../../lib/libcircle.a(synchronize.o)
 .comment       0x000000000000001d       0x1e ../../lib/libcircle.a(sysinit.o)
 .comment       0x000000000000001d       0x1e ../../lib/libcircle.a(timer.o)
 .comment       0x000000000000001d       0x1e ../../lib/libcircle.a(device.o)
 .comment       0x000000000000001d       0x1e ../../lib/libcircle.a(koptions.o)
 .comment       0x000000000000001d       0x1e ../../lib/libcircle.a(pagetable.o)
 .comment       0x000000000000001d       0x1e ../../lib/libcircle.a(screen.o)
 .comment       0x000000000000001d       0x1e ../../lib/libcircle.a(assert.o)
 .comment       0x000000000000001d       0x1e ../../lib/libcircle.a(chargenerator.o)
 .comment       0x000000000000001d       0x1e ../../lib/libcircle.a(debug.o)
 .comment       0x000000000000001d       0x1e ../../lib/libcircle.a(devicenameservice.o)
 .comment       0x000000000000001d       0x1e ../../lib/libcircle.a(logger.o)
 .comment       0x000000000000001d       0x1e ../../lib/libcircle.a(serial.o)
 .comment       0x000000000000001d       0x1e ../../lib/libcircle.a(string.o)
 .comment       0x000000000000001d       0x1e ../../lib/libcircle.a(exceptionhandler.o)
 .comment       0x000000000000001d       0x1e ../../lib/libcircle.a(interrupt.o)
 .comment       0x000000000000001d       0x1e ../../lib/libcircle.a(gpiomanager.o)
 .comment       0x000000000000001d       0x1e ../../lib/libcircle.a(virtualgpiopin.o)
 .comment       0x000000000000001d       0x1e ../../lib/libcircle.a(machineinfo.o)
 .comment       0x000000000000001d       0x1e ../../lib/libcircle.a(ptrlist.o)
 .comment       0x000000000000001d       0x1e ../../lib/libcircle.a(alloc.o)
 .comment       0x000000000000001d       0x1e ../../lib/libcircle.a(bcmmailbox.o)
 .comment       0x000000000000001d       0x1e ../../lib/libcircle.a(util.o)
 .comment       0x000000000000001d       0x1e ../../lib/libcircle.a(bcmframebuffer.o)

.debug_info     0x0000000000000000    0x1a9cd
 .debug_info    0x0000000000000000     0x15bb main.o
 .debug_info    0x00000000000015bb     0x1c5f kernel.o
 .debug_info    0x000000000000321a     0x138f ../../lib/input/libinput.a(touchscreen.o)
 .debug_info    0x00000000000045a9      0xf2c ../../lib/libcircle.a(actled.o)
 .debug_info    0x00000000000054d5      0x60a ../../lib/libcircle.a(bcmpropertytags.o)
 .debug_info    0x0000000000005adf     0x2408 ../../lib/libcircle.a(gpiopin.o)
 .debug_info    0x0000000000007ee7      0x969 ../../lib/libcircle.a(memory.o)
 .debug_info    0x0000000000008850      0x11f ../../lib/libcircle.a(new.o)
 .debug_info    0x000000000000896f      0x132 ../../lib/libcircle.a(synchronize.o)
 .debug_info    0x0000000000008aa1      0x5b4 ../../lib/libcircle.a(sysinit.o)
 .debug_info    0x0000000000009055     0x1d66 ../../lib/libcircle.a(timer.o)
 .debug_info    0x000000000000adbb      0x2fc ../../lib/libcircle.a(device.o)
 .debug_info    0x000000000000b0b7      0xd6d ../../lib/libcircle.a(koptions.o)
 .debug_info    0x000000000000be24      0x4b3 ../../lib/libcircle.a(pagetable.o)
 .debug_info    0x000000000000c2d7     0x275a ../../lib/libcircle.a(screen.o)
 .debug_info    0x000000000000ea31      0xb0c ../../lib/libcircle.a(assert.o)
 .debug_info    0x000000000000f53d      0x389 ../../lib/libcircle.a(chargenerator.o)
 .debug_info    0x000000000000f8c6      0xb69 ../../lib/libcircle.a(debug.o)
 .debug_info    0x000000000001042f      0x705 ../../lib/libcircle.a(devicenameservice.o)
 .debug_info    0x0000000000010b34     0x1517 ../../lib/libcircle.a(logger.o)
 .debug_info    0x000000000001204b      0xe54 ../../lib/libcircle.a(serial.o)
 .debug_info    0x0000000000012e9f     0x187b ../../lib/libcircle.a(string.o)
 .debug_info    0x000000000001471a      0xf92 ../../lib/libcircle.a(exceptionhandler.o)
 .debug_info    0x00000000000156ac      0x867 ../../lib/libcircle.a(interrupt.o)
 .debug_info    0x0000000000015f13      0x8b7 ../../lib/libcircle.a(gpiomanager.o)
 .debug_info    0x00000000000167ca      0x8db ../../lib/libcircle.a(virtualgpiopin.o)
 .debug_info    0x00000000000170a5      0xbbc ../../lib/libcircle.a(machineinfo.o)
 .debug_info    0x0000000000017c61      0x76c ../../lib/libcircle.a(ptrlist.o)
 .debug_info    0x00000000000183cd      0x74a ../../lib/libcircle.a(alloc.o)
 .debug_info    0x0000000000018b17      0xd86 ../../lib/libcircle.a(bcmmailbox.o)
 .debug_info    0x000000000001989d      0x459 ../../lib/libcircle.a(util.o)
 .debug_info    0x0000000000019cf6      0xcd7 ../../lib/libcircle.a(bcmframebuffer.o)

.debug_abbrev   0x0000000000000000     0x6440
 .debug_abbrev  0x0000000000000000      0x39d main.o
 .debug_abbrev  0x000000000000039d      0x4af kernel.o
 .debug_abbrev  0x000000000000084c      0x432 ../../lib/input/libinput.a(touchscreen.o)
 .debug_abbrev  0x0000000000000c7e      0x400 ../../lib/libcircle.a(actled.o)
 .debug_abbrev  0x000000000000107e      0x214 ../../lib/libcircle.a(bcmpropertytags.o)
 .debug_abbrev  0x0000000000001292      0x566 ../../lib/libcircle.a(gpiopin.o)
 .debug_abbrev  0x00000000000017f8      0x28a ../../lib/libcircle.a(memory.o)
 .debug_abbrev  0x0000000000001a82       0xc7 ../../lib/libcircle.a(new.o)
 .debug_abbrev  0x0000000000001b49       0xb4 ../../lib/libcircle.a(synchronize.o)
 .debug_abbrev  0x0000000000001bfd      0x260 ../../lib/libcircle.a(sysinit.o)
 .debug_abbrev  0x0000000000001e5d      0x5a5 ../../lib/libcircle.a(timer.o)
 .debug_abbrev  0x0000000000002402      0x1d3 ../../lib/libcircle.a(device.o)
 .debug_abbrev  0x00000000000025d5      0x3af ../../lib/libcircle.a(koptions.o)
 .debug_abbrev  0x0000000000002984      0x201 ../../lib/libcircle.a(pagetable.o)
 .debug_abbrev  0x0000000000002b85      0x4f7 ../../lib/libcircle.a(screen.o)
 .debug_abbrev  0x000000000000307c      0x2e8 ../../lib/libcircle.a(assert.o)
 .debug_abbrev  0x0000000000003364      0x193 ../../lib/libcircle.a(chargenerator.o)
 .debug_abbrev  0x00000000000034f7      0x2f1 ../../lib/libcircle.a(debug.o)
 .debug_abbrev  0x00000000000037e8      0x29d ../../lib/libcircle.a(devicenameservice.o)
 .debug_abbrev  0x0000000000003a85      0x427 ../../lib/libcircle.a(logger.o)
 .debug_abbrev  0x0000000000003eac      0x333 ../../lib/libcircle.a(serial.o)
 .debug_abbrev  0x00000000000041df      0x42e ../../lib/libcircle.a(string.o)
 .debug_abbrev  0x000000000000460d      0x3f7 ../../lib/libcircle.a(exceptionhandler.o)
 .debug_abbrev  0x0000000000004a04      0x351 ../../lib/libcircle.a(interrupt.o)
 .debug_abbrev  0x0000000000004d55      0x31e ../../lib/libcircle.a(gpiomanager.o)
 .debug_abbrev  0x0000000000005073      0x3d1 ../../lib/libcircle.a(virtualgpiopin.o)
 .debug_abbrev  0x0000000000005444      0x33d ../../lib/libcircle.a(machineinfo.o)
 .debug_abbrev  0x0000000000005781      0x1ad ../../lib/libcircle.a(ptrlist.o)
 .debug_abbrev  0x000000000000592e      0x299 ../../lib/libcircle.a(alloc.o)
 .debug_abbrev  0x0000000000005bc7      0x3ac ../../lib/libcircle.a(bcmmailbox.o)
 .debug_abbrev  0x0000000000005f73      0x17c ../../lib/libcircle.a(util.o)
 .debug_abbrev  0x00000000000060ef      0x351 ../../lib/libcircle.a(bcmframebuffer.o)

.debug_loc      0x0000000000000000     0x98f9
 .debug_loc     0x0000000000000000       0x1e main.o
 .debug_loc     0x000000000000001e      0x286 kernel.o
 .debug_loc     0x00000000000002a4      0x2f4 ../../lib/input/libinput.a(touchscreen.o)
 .debug_loc     0x0000000000000598      0x2cd ../../lib/libcircle.a(actled.o)
 .debug_loc     0x0000000000000865      0x214 ../../lib/libcircle.a(bcmpropertytags.o)
 .debug_loc     0x0000000000000a79     0x10db ../../lib/libcircle.a(gpiopin.o)
 .debug_loc     0x0000000000001b54      0x125 ../../lib/libcircle.a(memory.o)
 .debug_loc     0x0000000000001c79       0x42 ../../lib/libcircle.a(new.o)
 .debug_loc     0x0000000000001cbb       0x13 ../../lib/libcircle.a(synchronize.o)
 .debug_loc     0x0000000000001cce      0x102 ../../lib/libcircle.a(sysinit.o)
 .debug_loc     0x0000000000001dd0      0xfdb ../../lib/libcircle.a(timer.o)
 .debug_loc     0x0000000000002dab       0x60 ../../lib/libcircle.a(device.o)
 .debug_loc     0x0000000000002e0b      0x3ab ../../lib/libcircle.a(koptions.o)
 .debug_loc     0x00000000000031b6      0x166 ../../lib/libcircle.a(pagetable.o)
 .debug_loc     0x000000000000331c     0x1651 ../../lib/libcircle.a(screen.o)
 .debug_loc     0x000000000000496d       0x5a ../../lib/libcircle.a(assert.o)
 .debug_loc     0x00000000000049c7      0x1b4 ../../lib/libcircle.a(chargenerator.o)
 .debug_loc     0x0000000000004b7b      0x142 ../../lib/libcircle.a(debug.o)
 .debug_loc     0x0000000000004cbd      0x33d ../../lib/libcircle.a(devicenameservice.o)
 .debug_loc     0x0000000000004ffa      0x4b3 ../../lib/libcircle.a(logger.o)
 .debug_loc     0x00000000000054ad      0x5c6 ../../lib/libcircle.a(serial.o)
 .debug_loc     0x0000000000005a73     0x176d ../../lib/libcircle.a(string.o)
 .debug_loc     0x00000000000071e0      0x283 ../../lib/libcircle.a(exceptionhandler.o)
 .debug_loc     0x0000000000007463      0x454 ../../lib/libcircle.a(interrupt.o)
 .debug_loc     0x00000000000078b7      0x3a6 ../../lib/libcircle.a(gpiomanager.o)
 .debug_loc     0x0000000000007c5d      0x363 ../../lib/libcircle.a(virtualgpiopin.o)
 .debug_loc     0x0000000000007fc0      0x302 ../../lib/libcircle.a(machineinfo.o)
 .debug_loc     0x00000000000082c2      0x352 ../../lib/libcircle.a(ptrlist.o)
 .debug_loc     0x0000000000008614      0x4eb ../../lib/libcircle.a(alloc.o)
 .debug_loc     0x0000000000008aff      0x27b ../../lib/libcircle.a(bcmmailbox.o)
 .debug_loc     0x0000000000008d7a      0x81c ../../lib/libcircle.a(util.o)
 .debug_loc     0x0000000000009596      0x363 ../../lib/libcircle.a(bcmframebuffer.o)

.debug_aranges  0x0000000000000000      0x418
 .debug_aranges
                0x0000000000000000       0x20 main.o
 .debug_aranges
                0x0000000000000020       0x20 kernel.o
 .debug_aranges
                0x0000000000000040       0x20 ../../lib/input/libinput.a(touchscreen.o)
 .debug_aranges
                0x0000000000000060       0x20 ../../lib/libcircle.a(actled.o)
 .debug_aranges
                0x0000000000000080       0x20 ../../lib/libcircle.a(bcmpropertytags.o)
 .debug_aranges
                0x00000000000000a0       0x28 ../../lib/libcircle.a(gpiopin.o)
 .debug_aranges
                0x00000000000000c8       0x20 ../../lib/libcircle.a(memory.o)
 .debug_aranges
                0x00000000000000e8       0x20 ../../lib/libcircle.a(new.o)
 .debug_aranges
                0x0000000000000108       0x20 ../../lib/libcircle.a(synchronize.o)
 .debug_aranges
                0x0000000000000128       0x20 ../../lib/libcircle.a(sysinit.o)
 .debug_aranges
                0x0000000000000148       0x20 ../../lib/libcircle.a(timer.o)
 .debug_aranges
                0x0000000000000168       0x20 ../../lib/libcircle.a(device.o)
 .debug_aranges
                0x0000000000000188       0x20 ../../lib/libcircle.a(koptions.o)
 .debug_aranges
                0x00000000000001a8       0x20 ../../lib/libcircle.a(pagetable.o)
 .debug_aranges
                0x00000000000001c8       0x20 ../../lib/libcircle.a(screen.o)
 .debug_aranges
                0x00000000000001e8       0x20 ../../lib/libcircle.a(assert.o)
 .debug_aranges
                0x0000000000000208       0x20 ../../lib/libcircle.a(chargenerator.o)
 .debug_aranges
                0x0000000000000228       0x20 ../../lib/libcircle.a(debug.o)
 .debug_aranges
                0x0000000000000248       0x20 ../../lib/libcircle.a(devicenameservice.o)
 .debug_aranges
                0x0000000000000268       0x20 ../../lib/libcircle.a(logger.o)
 .debug_aranges
                0x0000000000000288       0x20 ../../lib/libcircle.a(serial.o)
 .debug_aranges
                0x00000000000002a8       0x20 ../../lib/libcircle.a(string.o)
 .debug_aranges
                0x00000000000002c8       0x20 ../../lib/libcircle.a(exceptionhandler.o)
 .debug_aranges
                0x00000000000002e8       0x20 ../../lib/libcircle.a(interrupt.o)
 .debug_aranges
                0x0000000000000308       0x20 ../../lib/libcircle.a(gpiomanager.o)
 .debug_aranges
                0x0000000000000328       0x28 ../../lib/libcircle.a(virtualgpiopin.o)
 .debug_aranges
                0x0000000000000350       0x20 ../../lib/libcircle.a(machineinfo.o)
 .debug_aranges
                0x0000000000000370       0x20 ../../lib/libcircle.a(ptrlist.o)
 .debug_aranges
                0x0000000000000390       0x28 ../../lib/libcircle.a(alloc.o)
 .debug_aranges
                0x00000000000003b8       0x20 ../../lib/libcircle.a(bcmmailbox.o)
 .debug_aranges
                0x00000000000003d8       0x20 ../../lib/libcircle.a(util.o)
 .debug_aranges
                0x00000000000003f8       0x20 ../../lib/libcircle.a(bcmframebuffer.o)

.debug_ranges   0x0000000000000000     0x1428
 .debug_ranges  0x0000000000000000       0x10 main.o
 .debug_ranges  0x0000000000000010       0x30 kernel.o
 .debug_ranges  0x0000000000000040       0x68 ../../lib/input/libinput.a(touchscreen.o)
 .debug_ranges  0x00000000000000a8       0x40 ../../lib/libcircle.a(actled.o)
 .debug_ranges  0x00000000000000e8      0x250 ../../lib/libcircle.a(gpiopin.o)
 .debug_ranges  0x0000000000000338       0x20 ../../lib/libcircle.a(memory.o)
 .debug_ranges  0x0000000000000358       0x60 ../../lib/libcircle.a(sysinit.o)
 .debug_ranges  0x00000000000003b8      0x338 ../../lib/libcircle.a(timer.o)
 .debug_ranges  0x00000000000006f0       0xd8 ../../lib/libcircle.a(koptions.o)
 .debug_ranges  0x00000000000007c8       0x58 ../../lib/libcircle.a(pagetable.o)
 .debug_ranges  0x0000000000000820      0x2f8 ../../lib/libcircle.a(screen.o)
 .debug_ranges  0x0000000000000b18       0x38 ../../lib/libcircle.a(debug.o)
 .debug_ranges  0x0000000000000b50       0xa0 ../../lib/libcircle.a(devicenameservice.o)
 .debug_ranges  0x0000000000000bf0       0x88 ../../lib/libcircle.a(logger.o)
 .debug_ranges  0x0000000000000c78      0x110 ../../lib/libcircle.a(serial.o)
 .debug_ranges  0x0000000000000d88      0x218 ../../lib/libcircle.a(string.o)
 .debug_ranges  0x0000000000000fa0       0x38 ../../lib/libcircle.a(exceptionhandler.o)
 .debug_ranges  0x0000000000000fd8       0x60 ../../lib/libcircle.a(interrupt.o)
 .debug_ranges  0x0000000000001038       0x90 ../../lib/libcircle.a(gpiomanager.o)
 .debug_ranges  0x00000000000010c8       0x98 ../../lib/libcircle.a(virtualgpiopin.o)
 .debug_ranges  0x0000000000001160       0x68 ../../lib/libcircle.a(machineinfo.o)
 .debug_ranges  0x00000000000011c8      0x128 ../../lib/libcircle.a(alloc.o)
 .debug_ranges  0x00000000000012f0       0xb8 ../../lib/libcircle.a(bcmmailbox.o)
 .debug_ranges  0x00000000000013a8       0x20 ../../lib/libcircle.a(util.o)
 .debug_ranges  0x00000000000013c8       0x60 ../../lib/libcircle.a(bcmframebuffer.o)

.debug_line     0x0000000000000000     0x3b91
 .debug_line    0x0000000000000000      0x1b6 main.o
 .debug_line    0x00000000000001b6      0x25b kernel.o
 .debug_line    0x0000000000000411      0x22e ../../lib/input/libinput.a(touchscreen.o)
 .debug_line    0x000000000000063f      0x14d ../../lib/libcircle.a(actled.o)
 .debug_line    0x000000000000078c      0x10b ../../lib/libcircle.a(bcmpropertytags.o)
 .debug_line    0x0000000000000897      0x627 ../../lib/libcircle.a(gpiopin.o)
 .debug_line    0x0000000000000ebe      0x168 ../../lib/libcircle.a(memory.o)
 .debug_line    0x0000000000001026       0x59 ../../lib/libcircle.a(new.o)
 .debug_line    0x000000000000107f       0x9f ../../lib/libcircle.a(synchronize.o)
 .debug_line    0x000000000000111e       0xe9 ../../lib/libcircle.a(sysinit.o)
 .debug_line    0x0000000000001207      0x4f0 ../../lib/libcircle.a(timer.o)
 .debug_line    0x00000000000016f7       0x67 ../../lib/libcircle.a(device.o)
 .debug_line    0x000000000000175e      0x1c7 ../../lib/libcircle.a(koptions.o)
 .debug_line    0x0000000000001925      0x167 ../../lib/libcircle.a(pagetable.o)
 .debug_line    0x0000000000001a8c      0x4f7 ../../lib/libcircle.a(screen.o)
 .debug_line    0x0000000000001f83       0xd6 ../../lib/libcircle.a(assert.o)
 .debug_line    0x0000000000002059       0xb8 ../../lib/libcircle.a(chargenerator.o)
 .debug_line    0x0000000000002111       0xf5 ../../lib/libcircle.a(debug.o)
 .debug_line    0x0000000000002206      0x1bd ../../lib/libcircle.a(devicenameservice.o)
 .debug_line    0x00000000000023c3      0x21d ../../lib/libcircle.a(logger.o)
 .debug_line    0x00000000000025e0      0x1e4 ../../lib/libcircle.a(serial.o)
 .debug_line    0x00000000000027c4      0x3a9 ../../lib/libcircle.a(string.o)
 .debug_line    0x0000000000002b6d      0x188 ../../lib/libcircle.a(exceptionhandler.o)
 .debug_line    0x0000000000002cf5      0x1eb ../../lib/libcircle.a(interrupt.o)
 .debug_line    0x0000000000002ee0      0x196 ../../lib/libcircle.a(gpiomanager.o)
 .debug_line    0x0000000000003076      0x15c ../../lib/libcircle.a(virtualgpiopin.o)
 .debug_line    0x00000000000031d2      0x1b3 ../../lib/libcircle.a(machineinfo.o)
 .debug_line    0x0000000000003385      0x175 ../../lib/libcircle.a(ptrlist.o)
 .debug_line    0x00000000000034fa      0x222 ../../lib/libcircle.a(alloc.o)
 .debug_line    0x000000000000371c      0x1b3 ../../lib/libcircle.a(bcmmailbox.o)
 .debug_line    0x00000000000038cf      0x14d ../../lib/libcircle.a(util.o)
 .debug_line    0x0000000000003a1c      0x175 ../../lib/libcircle.a(bcmframebuffer.o)

.debug_str      0x0000000000000000     0x472f
 .debug_str     0x0000000000000000     0x1504 main.o
                                       0x16a6 (size before relaxing)
 .debug_str     0x0000000000001504      0x1de kernel.o
                                       0x187f (size before relaxing)
 .debug_str     0x00000000000016e2      0x34c ../../lib/input/libinput.a(touchscreen.o)
                                       0x1186 (size before relaxing)
 .debug_str     0x0000000000001a2e       0xf3 ../../lib/libcircle.a(actled.o)
                                        0xd4a (size before relaxing)
 .debug_str     0x0000000000001b21       0xac ../../lib/libcircle.a(bcmpropertytags.o)
                                        0x451 (size before relaxing)
 .debug_str     0x0000000000001bcd      0xbec ../../lib/libcircle.a(gpiopin.o)
                                       0x16db (size before relaxing)
 .debug_str     0x00000000000027b9       0x8b ../../lib/libcircle.a(memory.o)
                                        0x704 (size before relaxing)
 .debug_str     0x0000000000002844       0x46 ../../lib/libcircle.a(new.o)
                                        0x14a (size before relaxing)
 .debug_str     0x000000000000288a       0x62 ../../lib/libcircle.a(synchronize.o)
                                        0x1c2 (size before relaxing)
 .debug_str     0x00000000000028ec       0x95 ../../lib/libcircle.a(sysinit.o)
                                        0x68a (size before relaxing)
 .debug_str     0x0000000000002981      0x186 ../../lib/libcircle.a(timer.o)
                                        0xe4d (size before relaxing)
 .debug_str     0x0000000000002b07       0xd3 ../../lib/libcircle.a(device.o)
                                        0x211 (size before relaxing)
 .debug_str     0x0000000000002bda       0x99 ../../lib/libcircle.a(koptions.o)
                                        0x779 (size before relaxing)
 .debug_str     0x0000000000002c73       0x6c ../../lib/libcircle.a(pagetable.o)
                                        0x2ec (size before relaxing)
 .debug_str     0x0000000000002cdf      0xc95 ../../lib/libcircle.a(screen.o)
                                       0x11ed (size before relaxing)
 .debug_str     0x0000000000003974       0x54 ../../lib/libcircle.a(assert.o)
                                        0xc27 (size before relaxing)
 .debug_str     0x00000000000039c8       0x6d ../../lib/libcircle.a(chargenerator.o)
                                        0x307 (size before relaxing)
 .debug_str     0x0000000000003a35       0x63 ../../lib/libcircle.a(debug.o)
                                        0xc09 (size before relaxing)
 .debug_str     0x0000000000003a98       0x83 ../../lib/libcircle.a(devicenameservice.o)
                                        0x41e (size before relaxing)
 .debug_str     0x0000000000003b1b       0xd2 ../../lib/libcircle.a(logger.o)
                                       0x11d1 (size before relaxing)
 .debug_str     0x0000000000003bed      0x144 ../../lib/libcircle.a(serial.o)
                                        0xa91 (size before relaxing)
 .debug_str     0x0000000000003d31      0x290 ../../lib/libcircle.a(string.o)
                                        0x591 (size before relaxing)
 .debug_str     0x0000000000003fc1      0x105 ../../lib/libcircle.a(exceptionhandler.o)
                                        0xdf2 (size before relaxing)
 .debug_str     0x00000000000040c6       0x6f ../../lib/libcircle.a(interrupt.o)
                                        0x48d (size before relaxing)
 .debug_str     0x0000000000004135       0x5b ../../lib/libcircle.a(gpiomanager.o)
                                        0x5ee (size before relaxing)
 .debug_str     0x0000000000004190      0x17e ../../lib/libcircle.a(virtualgpiopin.o)
                                        0x657 (size before relaxing)
 .debug_str     0x000000000000430e       0xaf ../../lib/libcircle.a(machineinfo.o)
                                        0x924 (size before relaxing)
 .debug_str     0x00000000000043bd       0x48 ../../lib/libcircle.a(ptrlist.o)
                                        0x304 (size before relaxing)
 .debug_str     0x0000000000004405      0x12a ../../lib/libcircle.a(alloc.o)
                                        0x3bf (size before relaxing)
 .debug_str     0x000000000000452f       0x3f ../../lib/libcircle.a(bcmmailbox.o)
                                        0xb76 (size before relaxing)
 .debug_str     0x000000000000456e       0xa1 ../../lib/libcircle.a(util.o)
                                        0x265 (size before relaxing)
 .debug_str     0x000000000000460f      0x120 ../../lib/libcircle.a(bcmframebuffer.o)
                                        0x8ba (size before relaxing)

.debug_frame    0x0000000000000000     0x1f14
 .debug_frame   0x0000000000000000       0x38 main.o
 .debug_frame   0x0000000000000038       0xb8 kernel.o
 .debug_frame   0x00000000000000f0       0xd0 ../../lib/input/libinput.a(touchscreen.o)
 .debug_frame   0x00000000000001c0       0x98 ../../lib/libcircle.a(actled.o)
 .debug_frame   0x0000000000000258       0x84 ../../lib/libcircle.a(bcmpropertytags.o)
 .debug_frame   0x00000000000002dc      0x2b4 ../../lib/libcircle.a(gpiopin.o)
 .debug_frame   0x0000000000000590       0x78 ../../lib/libcircle.a(memory.o)
 .debug_frame   0x0000000000000608       0x50 ../../lib/libcircle.a(new.o)
 .debug_frame   0x0000000000000658       0x50 ../../lib/libcircle.a(synchronize.o)
 .debug_frame   0x00000000000006a8       0x5c ../../lib/libcircle.a(sysinit.o)
 .debug_frame   0x0000000000000704      0x288 ../../lib/libcircle.a(timer.o)
 .debug_frame   0x000000000000098c       0x68 ../../lib/libcircle.a(device.o)
 .debug_frame   0x00000000000009f4      0x120 ../../lib/libcircle.a(koptions.o)
 .debug_frame   0x0000000000000b14       0x74 ../../lib/libcircle.a(pagetable.o)
 .debug_frame   0x0000000000000b88      0x4a4 ../../lib/libcircle.a(screen.o)
 .debug_frame   0x000000000000102c       0x34 ../../lib/libcircle.a(assert.o)
 .debug_frame   0x0000000000001060       0x7c ../../lib/libcircle.a(chargenerator.o)
 .debug_frame   0x00000000000010dc       0x6c ../../lib/libcircle.a(debug.o)
 .debug_frame   0x0000000000001148       0xb0 ../../lib/libcircle.a(devicenameservice.o)
 .debug_frame   0x00000000000011f8      0x108 ../../lib/libcircle.a(logger.o)
 .debug_frame   0x0000000000001300       0xa4 ../../lib/libcircle.a(serial.o)
 .debug_frame   0x00000000000013a4      0x21c ../../lib/libcircle.a(string.o)
 .debug_frame   0x00000000000015c0       0xcc ../../lib/libcircle.a(exceptionhandler.o)
 .debug_frame   0x000000000000168c      0x12c ../../lib/libcircle.a(interrupt.o)
 .debug_frame   0x00000000000017b8       0xd8 ../../lib/libcircle.a(gpiomanager.o)
 .debug_frame   0x0000000000001890       0xb8 ../../lib/libcircle.a(virtualgpiopin.o)
 .debug_frame   0x0000000000001948      0x134 ../../lib/libcircle.a(machineinfo.o)
 .debug_frame   0x0000000000001a7c      0x100 ../../lib/libcircle.a(ptrlist.o)
 .debug_frame   0x0000000000001b7c       0xc4 ../../lib/libcircle.a(alloc.o)
 .debug_frame   0x0000000000001c40       0x90 ../../lib/libcircle.a(bcmmailbox.o)
 .debug_frame   0x0000000000001cd0       0xdc ../../lib/libcircle.a(util.o)
 .debug_frame   0x0000000000001dac      0x168 ../../lib/libcircle.a(bcmframebuffer.o)
