Archive member included to satisfy reference by file (symbol)

../../app/lib/emulator/libemu.a(nes.o)
                              kernel.o (Nes::Nes())
../../app/lib/emulator/libemu.a(cpu.o)
                              ../../app/lib/emulator/libemu.a(nes.o) (Cpu::Cpu(Rom const*))
../../app/lib/emulator/libemu.a(ppu.o)
                              ../../app/lib/emulator/libemu.a(nes.o) (Ppu::Ppu(Rom const*))
../../app/lib/emulator/libemu.a(cpu_addressing.o)
                              ../../app/lib/emulator/libemu.a(cpu.o) (Cpu::Immediate(unsigned char) const)
../../app/lib/emulator/libemu.a(rom.o)
                              ../../app/lib/emulator/libemu.a(cpu.o) (Rom::GetHeader() const)
../../lib/libcircle.a(actled.o)
                              kernel.o (CActLED::~CActLED())
../../lib/libcircle.a(bcmpropertytags.o)
                              ../../lib/libcircle.a(actled.o) (CBcmPropertyTags::CBcmPropertyTags())
../../lib/libcircle.a(gpiopin.o)
                              ../../lib/libcircle.a(actled.o) (CGPIOPin::Write(unsigned int))
../../lib/libcircle.a(memory.o)
                              kernel.o (CMemorySystem::~CMemorySystem())
../../lib/libcircle.a(new.o)  ../../app/lib/emulator/libemu.a(nes.o) (operator new(unsigned int))
../../lib/libcircle.a(synchronize.o)
                              ../../lib/libcircle.a(gpiopin.o) (EnterCritical)
../../lib/libcircle.a(sysinit.o)
                              main.o (halt)
../../lib/libcircle.a(timer.o)
                              kernel.o (CTimer::CTimer(CInterruptSystem*))
../../lib/libcircle.a(util_fast.o)
                              ../../app/lib/emulator/libemu.a(nes.o) (memcpy)
../../lib/libcircle.a(koptions.o)
                              kernel.o (CKernelOptions::~CKernelOptions())
../../lib/libcircle.a(pagetable.o)
                              ../../lib/libcircle.a(memory.o) (CPageTable::CPageTable())
../../lib/libcircle.a(screen.o)
                              kernel.o (CScreenDevice::~CScreenDevice())
../../lib/libcircle.a(assert.o)
                              ../../lib/libcircle.a(bcmpropertytags.o) (assertion_failed)
../../lib/libcircle.a(chargenerator.o)
                              ../../lib/libcircle.a(screen.o) (CCharGenerator::CCharGenerator())
../../lib/libcircle.a(debug.o)
                              ../../lib/libcircle.a(assert.o) (debug_stacktrace(unsigned int const*, char const*))
../../lib/libcircle.a(devicenameservice.o)
                              kernel.o (CDeviceNameService::CDeviceNameService())
../../lib/libcircle.a(logger.o)
                              kernel.o (CLogger::CLogger(unsigned int, CTimer*))
../../lib/libcircle.a(serial.o)
                              kernel.o (CSerialDevice::CSerialDevice())
../../lib/libcircle.a(string.o)
                              ../../lib/libcircle.a(assert.o) (CString::~CString())
../../lib/libcircle.a(delayloop.o)
                              ../../lib/libcircle.a(timer.o) (DelayLoop)
../../lib/libcircle.a(exceptionhandler.o)
                              kernel.o (CExceptionHandler::CExceptionHandler())
../../lib/libcircle.a(exceptionstub.o)
                              ../../lib/libcircle.a(exceptionhandler.o) (UndefinedInstructionStub)
../../lib/libcircle.a(interrupt.o)
                              kernel.o (CInterruptSystem::CInterruptSystem())
../../lib/libcircle.a(gpiomanager.o)
                              ../../lib/libcircle.a(gpiopin.o) (CGPIOManager::ConnectInterrupt(CGPIOPin*))
../../lib/libcircle.a(virtualgpiopin.o)
                              ../../lib/libcircle.a(actled.o) (CVirtualGPIOPin::CVirtualGPIOPin(unsigned int))
../../lib/libcircle.a(machineinfo.o)
                              ../../lib/libcircle.a(sysinit.o) (CMachineInfo::CMachineInfo())
../../lib/libcircle.a(cache-v7.o)
                              ../../lib/libcircle.a(sysinit.o) (InvalidateDataCacheL1Only)
../../lib/libcircle.a(ptrlist.o)
                              ../../lib/libcircle.a(timer.o) (CPtrList::CPtrList())
../../lib/libcircle.a(alloc.o)
                              ../../lib/libcircle.a(memory.o) (mem_init)
../../lib/libcircle.a(bcmmailbox.o)
                              ../../lib/libcircle.a(bcmpropertytags.o) (CBcmMailBox::CBcmMailBox(unsigned int))
../../lib/libcircle.a(util.o)
                              ../../lib/libcircle.a(screen.o) (memset)
../../lib/libcircle.a(bcmframebuffer.o)
                              ../../lib/libcircle.a(screen.o) (CBcmFrameBuffer::CBcmFrameBuffer(unsigned int, unsigned int, unsigned int, unsigned int, unsigned int))
../../lib/libcircle.a(device.o)
                              ../../lib/libcircle.a(screen.o) (CDevice::~CDevice())

Memory Configuration

Name             Origin             Length             Attributes
*default*        0x0000000000000000 0xffffffffffffffff

Linker script and memory map

                0x0000000000008000                . = 0x8000

.text           0x0000000000008000     0x8404
 *(.text*)
 .text          0x0000000000008000       0x68 ../../lib/startup.o
                0x0000000000008000                _start
                0x000000000000805c                _start_secondary
 .text          0x0000000000008068        0x0 main.o
 .text.startup  0x0000000000008068       0x58 main.o
                0x0000000000008068                main
 .text          0x00000000000080c0      0x1fc kernel.o
                0x00000000000080c0                CKernel::CKernel()
                0x00000000000080c0                CKernel::CKernel()
                0x0000000000008180                CKernel::Initialize()
                0x000000000000821c                CKernel::Run()
                0x0000000000008248                CKernel::~CKernel()
                0x0000000000008248                CKernel::~CKernel()
 .text          0x00000000000082bc       0x88 ../../app/lib/emulator/libemu.a(nes.o)
                0x00000000000082bc                Nes::Nes()
                0x00000000000082bc                Nes::Nes()
 .text          0x0000000000008344      0x508 ../../app/lib/emulator/libemu.a(cpu.o)
                0x0000000000008344                Cpu::UNIMP()
                0x0000000000008348                Cpu::ORA_IND_X()
                0x0000000000008380                Cpu::ORA_ZP()
                0x00000000000083b4                Cpu::ASL_ZP()
                0x0000000000008404                Cpu::ORA_IMM()
                0x0000000000008434                Cpu::ORA_ABS()
                0x000000000000846c                Cpu::ORA_IND_Y()
                0x00000000000084a4                Cpu::ORA_ZP_X()
                0x00000000000084dc                Cpu::ORA_ABS_Y()
                0x0000000000008518                Cpu::ORA_ABS_X()
                0x0000000000008554                Cpu::SBC_ABS_X()
                0x0000000000008558                Cpu::INC_ABS_X()
                0x000000000000855c                Cpu::BRK()
                0x0000000000008560                Cpu::PHP()
                0x0000000000008564                Cpu::ASL_ACC()
                0x0000000000008568                Cpu::ASL_ABS()
                0x000000000000856c                Cpu::BPL()
                0x0000000000008570                Cpu::ASL_ZP_X()
                0x0000000000008574                Cpu::CLC()
                0x0000000000008578                Cpu::ASL_ABS_X()
                0x000000000000857c                Cpu::JSR()
                0x0000000000008580                Cpu::AND_IND_X()
                0x0000000000008584                Cpu::BIT_ZP()
                0x0000000000008588                Cpu::AND_ZP()
                0x000000000000858c                Cpu::ROL_ZP()
                0x0000000000008590                Cpu::PLP()
                0x0000000000008594                Cpu::AND_IMM()
                0x0000000000008598                Cpu::ROL_ACC()
                0x000000000000859c                Cpu::BIT_ABS()
                0x00000000000085a0                Cpu::AND_ABS()
                0x00000000000085a4                Cpu::ROL_ABS()
                0x00000000000085a8                Cpu::BMI()
                0x00000000000085ac                Cpu::AND_IND_Y()
                0x00000000000085b0                Cpu::AND_ZP_X()
                0x00000000000085b4                Cpu::ROL_ZP_X()
                0x00000000000085b8                Cpu::SEC()
                0x00000000000085bc                Cpu::AND_ABS_Y()
                0x00000000000085c0                Cpu::AND_ABS_X()
                0x00000000000085c4                Cpu::ROL_ABS_X()
                0x00000000000085c8                Cpu::RTI()
                0x00000000000085cc                Cpu::EOR_IND_X()
                0x00000000000085d0                Cpu::EOR_ZP()
                0x00000000000085d4                Cpu::LSR_ZP()
                0x00000000000085d8                Cpu::PHA()
                0x00000000000085dc                Cpu::EOR_IMM()
                0x00000000000085e0                Cpu::LSR_ACC()
                0x00000000000085e4                Cpu::JMP_ABS()
                0x00000000000085e8                Cpu::EOR_ABS()
                0x00000000000085ec                Cpu::LSR_ABS()
                0x00000000000085f0                Cpu::BVC()
                0x00000000000085f4                Cpu::EOR_IND_Y()
                0x00000000000085f8                Cpu::EOR_ZP_X()
                0x00000000000085fc                Cpu::LSR_ZP_X()
                0x0000000000008600                Cpu::CLI()
                0x0000000000008604                Cpu::EOR_ABS_Y()
                0x0000000000008608                Cpu::EOR_ABS_X()
                0x000000000000860c                Cpu::LSR_ABS_X()
                0x0000000000008610                Cpu::RTS()
                0x0000000000008614                Cpu::ADC_IND_X()
                0x0000000000008618                Cpu::ADC_ZP()
                0x000000000000861c                Cpu::ROR_ZP()
                0x0000000000008620                Cpu::PLA()
                0x0000000000008624                Cpu::ADC_IMM()
                0x0000000000008628                Cpu::ROR_ACC()
                0x000000000000862c                Cpu::JMP_IND()
                0x0000000000008630                Cpu::ADC_ABS()
                0x0000000000008634                Cpu::ROR_ABS()
                0x0000000000008638                Cpu::BVS()
                0x000000000000863c                Cpu::ADC_IND_Y()
                0x0000000000008640                Cpu::ADC_ZP_X()
                0x0000000000008644                Cpu::ROR_ZP_X()
                0x0000000000008648                Cpu::SEI()
                0x000000000000864c                Cpu::ADC_ABS_Y()
                0x0000000000008650                Cpu::ADC_ABS_X()
                0x0000000000008654                Cpu::ROR_ABS_X()
                0x0000000000008658                Cpu::STA_IND_X()
                0x000000000000865c                Cpu::STY_ZP()
                0x0000000000008660                Cpu::STA_ZP()
                0x0000000000008664                Cpu::STX_ZP()
                0x0000000000008668                Cpu::DEY()
                0x000000000000866c                Cpu::TXA()
                0x0000000000008670                Cpu::STY_ABS()
                0x0000000000008674                Cpu::STA_ABS()
                0x0000000000008678                Cpu::STX_ABS()
                0x000000000000867c                Cpu::BCC()
                0x0000000000008680                Cpu::STA_IND_Y()
                0x0000000000008684                Cpu::STY_ZP_X()
                0x0000000000008688                Cpu::STA_ZP_X()
                0x000000000000868c                Cpu::STX_ZP_Y()
                0x0000000000008690                Cpu::TYA()
                0x0000000000008694                Cpu::STA_ABS_Y()
                0x0000000000008698                Cpu::TXS()
                0x000000000000869c                Cpu::STA_ABS_X()
                0x00000000000086a0                Cpu::LDY_IMM()
                0x00000000000086a4                Cpu::LDA_IND_X()
                0x00000000000086a8                Cpu::LDX_IMM()
                0x00000000000086ac                Cpu::LDY_ZP()
                0x00000000000086b0                Cpu::LDA_ZP()
                0x00000000000086b4                Cpu::LDX_ZP()
                0x00000000000086b8                Cpu::TAY()
                0x00000000000086bc                Cpu::LDA_IMM()
                0x00000000000086c0                Cpu::TAX()
                0x00000000000086c4                Cpu::LDY_ABS()
                0x00000000000086c8                Cpu::LDA_ABS()
                0x00000000000086cc                Cpu::LDX_ABS()
                0x00000000000086d0                Cpu::BCS()
                0x00000000000086d4                Cpu::LDA_IND_Y()
                0x00000000000086d8                Cpu::LDY_ZP_X()
                0x00000000000086dc                Cpu::LDA_ZP_X()
                0x00000000000086e0                Cpu::LDX_ZP_Y()
                0x00000000000086e4                Cpu::CLV()
                0x00000000000086e8                Cpu::LDA_ABS_Y()
                0x00000000000086ec                Cpu::TSX()
                0x00000000000086f0                Cpu::LDY_ABS_X()
                0x00000000000086f4                Cpu::LDA_ABS_X()
                0x00000000000086f8                Cpu::LDX_ABS_Y()
                0x00000000000086fc                Cpu::CPY_IMM()
                0x0000000000008700                Cpu::CMP_IND_X()
                0x0000000000008704                Cpu::CPY_ZP()
                0x0000000000008708                Cpu::CMP_ZP()
                0x000000000000870c                Cpu::DEC_ZP()
                0x0000000000008710                Cpu::INY()
                0x0000000000008714                Cpu::CMP_IMM()
                0x0000000000008718                Cpu::DEX()
                0x000000000000871c                Cpu::CPY_ABS()
                0x0000000000008720                Cpu::CMP_ABS()
                0x0000000000008724                Cpu::DEC_ABS()
                0x0000000000008728                Cpu::BNE()
                0x000000000000872c                Cpu::CMP_IND_Y()
                0x0000000000008730                Cpu::CMP_ZP_X()
                0x0000000000008734                Cpu::DEC_ZP_X()
                0x0000000000008738                Cpu::CLD()
                0x000000000000873c                Cpu::CMP_ABS_Y()
                0x0000000000008740                Cpu::CMP_ABS_X()
                0x0000000000008744                Cpu::DEC_ABS_X()
                0x0000000000008748                Cpu::CPX_IMM()
                0x000000000000874c                Cpu::SBC_IND_X()
                0x0000000000008750                Cpu::CPX_ZP()
                0x0000000000008754                Cpu::SBC_ZP()
                0x0000000000008758                Cpu::INC_ZP()
                0x000000000000875c                Cpu::INX()
                0x0000000000008760                Cpu::SBC_IMM()
                0x0000000000008764                Cpu::NOP()
                0x0000000000008768                Cpu::CPX_ABS()
                0x000000000000876c                Cpu::SBC_ABS()
                0x0000000000008770                Cpu::INC_ABS()
                0x0000000000008774                Cpu::BEQ()
                0x0000000000008778                Cpu::SBC_IND_Y()
                0x000000000000877c                Cpu::SBC_ZP_X()
                0x0000000000008780                Cpu::INC_ZP_X()
                0x0000000000008784                Cpu::SED()
                0x0000000000008788                Cpu::SBC_ABS_Y()
                0x000000000000878c                Cpu::Cpu(Rom const*)
                0x000000000000878c                Cpu::Cpu(Rom const*)
 .text          0x000000000000884c       0x18 ../../app/lib/emulator/libemu.a(ppu.o)
                0x000000000000884c                Ppu::Ppu(Rom const*)
                0x000000000000884c                Ppu::Ppu(Rom const*)
 .text          0x0000000000008864       0x9c ../../app/lib/emulator/libemu.a(cpu_addressing.o)
                0x0000000000008864                Cpu::FromValues(unsigned char) const
                0x000000000000886c                Cpu::FromValues(unsigned char, unsigned char) const
                0x0000000000008874                Cpu::Immediate(unsigned char) const
                0x000000000000887c                Cpu::ZeroPage(unsigned char) const
                0x0000000000008884                Cpu::Absolute(unsigned char, unsigned char) const
                0x000000000000888c                Cpu::Indexed(unsigned char, unsigned char, unsigned char) const
                0x000000000000889c                Cpu::ZeroPageIndexed(unsigned char, unsigned char) const
                0x00000000000088a4                Cpu::Indirect(unsigned char, unsigned char) const
                0x00000000000088c0                Cpu::PreIndexedIndirect(unsigned char, unsigned char) const
                0x00000000000088e0                Cpu::PostIndexedIndirect(unsigned char, unsigned char) const
 .text          0x0000000000008900       0x80 ../../app/lib/emulator/libemu.a(rom.o)
                0x0000000000008900                Rom::GetHeader() const
                0x0000000000008930                Rom::GetRaw() const
                0x0000000000008938                Rom::GetLength() const
                0x0000000000008940                Rom::GetTrainerOffset() const
 .text          0x0000000000008980      0x208 ../../lib/libcircle.a(actled.o)
                0x0000000000008980                CActLED::~CActLED()
                0x0000000000008980                CActLED::~CActLED()
                0x0000000000008994                CActLED::On()
                0x00000000000089d4                CActLED::Off()
                0x0000000000008a14                CActLED::CActLED()
                0x0000000000008a14                CActLED::CActLED()
                0x0000000000008b2c                CActLED::Blink(unsigned int, unsigned int, unsigned int)
                0x0000000000008b78                CActLED::Get()
 .text          0x0000000000008b88      0x1d0 ../../lib/libcircle.a(bcmpropertytags.o)
                0x0000000000008b88                CBcmPropertyTags::CBcmPropertyTags()
                0x0000000000008b88                CBcmPropertyTags::CBcmPropertyTags()
                0x0000000000008ba0                CBcmPropertyTags::~CBcmPropertyTags()
                0x0000000000008ba0                CBcmPropertyTags::~CBcmPropertyTags()
                0x0000000000008bb4                CBcmPropertyTags::GetTags(void*, unsigned int)
                0x0000000000008ca8                CBcmPropertyTags::GetTag(unsigned int, void*, unsigned int, unsigned int)
 .text          0x0000000000008d58      0xdfc ../../lib/libcircle.a(gpiopin.o)
                0x0000000000008d58                CGPIOPin::~CGPIOPin()
                0x0000000000008d58                CGPIOPin::~CGPIOPin()
                0x0000000000008d5c                CGPIOPin::~CGPIOPin()
                0x0000000000008d70                CGPIOPin::Write(unsigned int)
                0x0000000000008e28                CGPIOPin::Read() const
                0x0000000000008eb0                CGPIOPin::Invert()
                0x0000000000008ef0                CGPIOPin::ConnectInterrupt(void (*)(void*), void*)
                0x0000000000009004                CGPIOPin::DisconnectInterrupt()
                0x00000000000090f0                CGPIOPin::EnableInterrupt(TGPIOInterrupt)
                0x000000000000927c                CGPIOPin::DisableInterrupt()
                0x000000000000936c                CGPIOPin::EnableInterrupt2(TGPIOInterrupt)
                0x00000000000094f8                CGPIOPin::DisableInterrupt2()
                0x00000000000095e8                CGPIOPin::SetPullUpMode(unsigned int)
                0x00000000000096bc                CGPIOPin::SetAlternateFunction(unsigned int)
                0x0000000000009790                CGPIOPin::SetMode(TGPIOMode, int)
                0x0000000000009954                CGPIOPin::CGPIOPin(unsigned int, TGPIOMode, CGPIOManager*)
                0x0000000000009954                CGPIOPin::CGPIOPin(unsigned int, TGPIOMode, CGPIOManager*)
                0x00000000000099e8                CGPIOPin::InterruptHandler()
                0x0000000000009a98                CGPIOPin::DisableAllInterrupts(unsigned int)
 .text.startup  0x0000000000009b54       0x14 ../../lib/libcircle.a(gpiopin.o)
 .text          0x0000000000009b68      0x26c ../../lib/libcircle.a(memory.o)
                0x0000000000009b68                CMemorySystem::~CMemorySystem()
                0x0000000000009b68                CMemorySystem::~CMemorySystem()
                0x0000000000009bdc                CMemorySystem::GetMemSize() const
                0x0000000000009be4                CMemorySystem::EnableMMU()
                0x0000000000009cf0                CMemorySystem::CMemorySystem(int)
                0x0000000000009cf0                CMemorySystem::CMemorySystem(int)
 .text          0x0000000000009dd4       0x10 ../../lib/libcircle.a(new.o)
                0x0000000000009dd4                operator new(unsigned int)
                0x0000000000009dd8                operator new[](unsigned int)
                0x0000000000009ddc                operator delete(void*)
                0x0000000000009de0                operator delete[](void*)
 .text          0x0000000000009de4       0xb4 ../../lib/libcircle.a(synchronize.o)
                0x0000000000009de4                EnterCritical
                0x0000000000009e18                LeaveCritical
                0x0000000000009e78                SyncDataAndInstructionCache
 .text          0x0000000000009e98       0xe0 ../../lib/libcircle.a(sysinit.o)
                0x0000000000009e98                __aeabi_atexit
                0x0000000000009e9c                halt
                0x0000000000009eac                reboot
                0x0000000000009ed0                sysinit
 .text          0x0000000000009f78      0xb8c ../../lib/libcircle.a(timer.o)
                0x0000000000009f78                CTimer::CTimer(CInterruptSystem*)
                0x0000000000009f78                CTimer::CTimer(CInterruptSystem*)
                0x0000000000009ff8                CTimer::~CTimer()
                0x0000000000009ff8                CTimer::~CTimer()
                0x000000000000a0dc                CTimer::SetTimeZone(int)
                0x000000000000a0fc                CTimer::GetTimeZone() const
                0x000000000000a104                CTimer::SetTime(unsigned int, int)
                0x000000000000a184                CTimer::GetClockTicks()
                0x000000000000a194                CTimer::GetTicks() const
                0x000000000000a19c                CTimer::GetUptime() const
                0x000000000000a1a4                CTimer::GetTime() const
                0x000000000000a1ac                CTimer::GetUniversalTime() const
                0x000000000000a1cc                CTimer::GetTimeString()
                0x000000000000a3b8                CTimer::StartKernelTimer(unsigned int, void (*)(unsigned int, void*, void*), void*, void*)
                0x000000000000a518                CTimer::CancelKernelTimer(unsigned int)
                0x000000000000a5cc                CTimer::PollKernelTimers()
                0x000000000000a724                CTimer::InterruptHandler()
                0x000000000000a838                CTimer::InterruptHandler(void*)
                0x000000000000a874                CTimer::TuneMsDelay()
                0x000000000000a91c                CTimer::Initialize()
                0x000000000000a998                CTimer::SimpleMsDelay(unsigned int)
                0x000000000000a9d8                CTimer::SimpleusDelay(unsigned int)
                0x000000000000aa08                CTimer::IsLeapYear(unsigned int)
                0x000000000000aa54                CTimer::GetDaysOfMonth(unsigned int, unsigned int)
                0x000000000000aacc                CTimer::Get()
 .text          0x000000000000ab04       0x5c ../../lib/libcircle.a(util_fast.o)
                0x000000000000ab04                memcpy
 .text          0x000000000000ab60      0x514 ../../lib/libcircle.a(koptions.o)
                0x000000000000abc0                CKernelOptions::~CKernelOptions()
                0x000000000000abc0                CKernelOptions::~CKernelOptions()
                0x000000000000abd4                CKernelOptions::GetWidth() const
                0x000000000000abdc                CKernelOptions::GetHeight() const
                0x000000000000abe4                CKernelOptions::GetLogDevice() const
                0x000000000000abf0                CKernelOptions::GetLogLevel() const
                0x000000000000abf8                CKernelOptions::GetKeyMap() const
                0x000000000000ac00                CKernelOptions::GetUSBPowerDelay() const
                0x000000000000ac08                CKernelOptions::GetCPUSpeed() const
                0x000000000000ac10                CKernelOptions::GetSoCMaxTemp() const
                0x000000000000ac18                CKernelOptions::Get()
                0x000000000000ac28                CKernelOptions::GetToken()
                0x000000000000aca4                CKernelOptions::CKernelOptions()
                0x000000000000aca4                CKernelOptions::CKernelOptions()
                0x000000000000b01c                CKernelOptions::GetOptionValue(char*)
                0x000000000000b054                CKernelOptions::GetDecimal(char*)
 .text          0x000000000000b074      0x220 ../../lib/libcircle.a(pagetable.o)
                0x000000000000b074                CPageTable::CPageTable()
                0x000000000000b074                CPageTable::CPageTable()
                0x000000000000b124                CPageTable::CPageTable(unsigned int)
                0x000000000000b124                CPageTable::CPageTable(unsigned int)
                0x000000000000b264                CPageTable::~CPageTable()
                0x000000000000b264                CPageTable::~CPageTable()
                0x000000000000b288                CPageTable::GetBaseAddress() const
 .text          0x000000000000b294     0x11f4 ../../lib/libcircle.a(screen.o)
                0x000000000000b294                CScreenDevice::~CScreenDevice()
                0x000000000000b294                CScreenDevice::~CScreenDevice()
                0x000000000000b308                CScreenDevice::~CScreenDevice()
                0x000000000000b3ec                CScreenDevice::CScreenDevice(unsigned int, unsigned int, int)
                0x000000000000b3ec                CScreenDevice::CScreenDevice(unsigned int, unsigned int, int)
                0x000000000000b460                CScreenDevice::GetWidth() const
                0x000000000000b468                CScreenDevice::GetHeight() const
                0x000000000000b470                CScreenDevice::GetColumns() const
                0x000000000000b48c                CScreenDevice::GetRows() const
                0x000000000000b4a8                CScreenDevice::GetStatus()
                0x000000000000b518                CScreenDevice::SetStatus(TScreenStatus)
                0x000000000000b628                CScreenDevice::CarriageReturn()
                0x000000000000b634                CScreenDevice::CursorHome()
                0x000000000000b648                CScreenDevice::CursorLeft()
                0x000000000000b6b4                CScreenDevice::CursorMove(unsigned int, unsigned int)
                0x000000000000b714                CScreenDevice::CursorUp()
                0x000000000000b744                CScreenDevice::DeleteChars(unsigned int)
                0x000000000000b748                CScreenDevice::DeleteLines(unsigned int)
                0x000000000000b74c                CScreenDevice::InsertLines(unsigned int)
                0x000000000000b750                CScreenDevice::InsertMode(int)
                0x000000000000b758                CScreenDevice::ReverseScroll()
                0x000000000000b75c                CScreenDevice::SetCursorMode(int)
                0x000000000000b764                CScreenDevice::SetScrollRegion(unsigned int, unsigned int)
                0x000000000000b7e0                CScreenDevice::SetStandoutMode(unsigned int)
                0x000000000000b880                CScreenDevice::Scroll()
                0x000000000000b918                CScreenDevice::CursorDown()
                0x000000000000b964                CScreenDevice::NewLine()
                0x000000000000b970                CScreenDevice::CursorRight()
                0x000000000000b9ac                CScreenDevice::Tabulator()
                0x000000000000b9f4                CScreenDevice::DisplayChar(char, unsigned int, unsigned int, unsigned char)
                0x000000000000baac                CScreenDevice::DisplayChar(char)
                0x000000000000bae8                CScreenDevice::EraseChar(unsigned int, unsigned int)
                0x000000000000bb58                CScreenDevice::ClearLineEnd()
                0x000000000000bc00                CScreenDevice::EraseChars(unsigned int)
                0x000000000000bc0c                CScreenDevice::ClearDisplayEnd()
                0x000000000000bc8c                CScreenDevice::Write(char)
                0x000000000000c188                CScreenDevice::Write(void const*, unsigned int)
                0x000000000000c248                CScreenDevice::Initialize()
                0x000000000000c3d8                CScreenDevice::InvertCursor()
                0x000000000000c3e8                CScreenDevice::SetPixel(unsigned int, unsigned int, unsigned char)
                0x000000000000c3f8                CScreenDevice::GetPixel(unsigned int, unsigned int)
                0x000000000000c42c                CScreenDevice::Rotor(unsigned int, unsigned int)
 .text          0x000000000000c488       0x88 ../../lib/libcircle.a(assert.o)
                0x000000000000c488                assertion_failed
 .text          0x000000000000c510       0xa8 ../../lib/libcircle.a(chargenerator.o)
                0x000000000000c510                CCharGenerator::CCharGenerator()
                0x000000000000c510                CCharGenerator::CCharGenerator()
                0x000000000000c51c                CCharGenerator::~CCharGenerator()
                0x000000000000c51c                CCharGenerator::~CCharGenerator()
                0x000000000000c520                CCharGenerator::GetCharWidth() const
                0x000000000000c528                CCharGenerator::GetCharHeight() const
                0x000000000000c530                CCharGenerator::GetUnderline() const
                0x000000000000c538                CCharGenerator::GetPixel(char, unsigned int, unsigned int) const
 .text          0x000000000000c5b8      0x19c ../../lib/libcircle.a(debug.o)
                0x000000000000c5b8                debug_hexdump(void const*, unsigned int, char const*)
                0x000000000000c6c4                debug_stacktrace(unsigned int const*, char const*)
 .text          0x000000000000c754      0x2b8 ../../lib/libcircle.a(devicenameservice.o)
                0x000000000000c754                CDeviceNameService::CDeviceNameService()
                0x000000000000c754                CDeviceNameService::CDeviceNameService()
                0x000000000000c7a0                CDeviceNameService::~CDeviceNameService()
                0x000000000000c7a0                CDeviceNameService::~CDeviceNameService()
                0x000000000000c804                CDeviceNameService::AddDevice(char const*, CDevice*, int)
                0x000000000000c8c4                CDeviceNameService::GetDevice(char const*, int)
                0x000000000000c9d4                CDeviceNameService::Get()
 .text          0x000000000000ca0c      0x460 ../../lib/libcircle.a(logger.o)
                0x000000000000ca0c                CLogger::CLogger(unsigned int, CTimer*)
                0x000000000000ca0c                CLogger::CLogger(unsigned int, CTimer*)
                0x000000000000ca54                CLogger::~CLogger()
                0x000000000000ca54                CLogger::~CLogger()
                0x000000000000ca84                CLogger::Get()
                0x000000000000ca94                CLogger::Write(char const*)
                0x000000000000cb3c                CLogger::Read(void*, unsigned int)
                0x000000000000cbf8                CLogger::WriteV(char const*, TLogSeverity, char const*, std::__va_list)
                0x000000000000cdf8                CLogger::Write(char const*, TLogSeverity, char const*, ...)
                0x000000000000ce28                CLogger::Initialize(CDevice*)
 .text          0x000000000000ce6c      0x2e4 ../../lib/libcircle.a(serial.o)
                0x000000000000ce6c                CSerialDevice::Write(void const*, unsigned int)
                0x000000000000cf24                CSerialDevice::CSerialDevice()
                0x000000000000cf24                CSerialDevice::CSerialDevice()
                0x000000000000cf9c                CSerialDevice::Initialize(unsigned int)
                0x000000000000d0c4                CSerialDevice::Write(unsigned char)
                0x000000000000d0e0                CSerialDevice::~CSerialDevice()
                0x000000000000d0e0                CSerialDevice::~CSerialDevice()
                0x000000000000d134                CSerialDevice::~CSerialDevice()
 .text          0x000000000000d150      0xd44 ../../lib/libcircle.a(string.o)
                0x000000000000d150                CString::~CString()
                0x000000000000d150                CString::~CString()
                0x000000000000d17c                CString::~CString()
                0x000000000000d218                CString::CString()
                0x000000000000d218                CString::CString()
                0x000000000000d230                CString::CString(char const*)
                0x000000000000d230                CString::CString(char const*)
                0x000000000000d270                CString::operator char const*() const
                0x000000000000d288                CString::operator=(char const*)
                0x000000000000d2cc                CString::GetLength() const
                0x000000000000d2dc                CString::Append(char const*)
                0x000000000000d360                CString::Compare(char const*) const
                0x000000000000d368                CString::Find(char) const
                0x000000000000d3ac                CString::PutChar(char, unsigned int)
                0x000000000000d3ec                CString::PutString(char const*)
                0x000000000000d430                CString::ReserveSpace(unsigned int)
                0x000000000000d43c                CString::ntoa(char*, unsigned long, unsigned int, int)
                0x000000000000d4c0                CString::ftoa(char*, double, unsigned int)
                0x000000000000d6f8                CString::FormatV(char const*, std::__va_list)
                0x000000000000de64                CString::Format(char const*, ...)
 *fill*         0x000000000000de94        0x4 
 .text          0x000000000000de98        0xc ../../lib/libcircle.a(delayloop.o)
                0x000000000000de98                DelayLoop
 .text          0x000000000000dea4      0x258 ../../lib/libcircle.a(exceptionhandler.o)
                0x000000000000dea4                CExceptionHandler::CExceptionHandler()
                0x000000000000dea4                CExceptionHandler::CExceptionHandler()
                0x000000000000df34                CExceptionHandler::~CExceptionHandler()
                0x000000000000df34                CExceptionHandler::~CExceptionHandler()
                0x000000000000df48                CExceptionHandler::Throw(unsigned int)
                0x000000000000df88                CExceptionHandler::Throw(unsigned int, TAbortFrame*)
                0x000000000000e068                CExceptionHandler::Get()
                0x000000000000e0a0                ExceptionHandler
 .text          0x000000000000e0fc       0xd0 ../../lib/libcircle.a(exceptionstub.o)
                0x000000000000e0fc                UndefinedInstructionStub
                0x000000000000e13c                PrefetchAbortStub
                0x000000000000e17c                DataAbortStub
                0x000000000000e1bc                IRQStub
 .text          0x000000000000e1cc      0x3cc ../../lib/libcircle.a(interrupt.o)
                0x000000000000e1cc                CInterruptSystem::CInterruptSystem()
                0x000000000000e1cc                CInterruptSystem::CInterruptSystem()
                0x000000000000e204                CInterruptSystem::~CInterruptSystem()
                0x000000000000e204                CInterruptSystem::~CInterruptSystem()
                0x000000000000e218                CInterruptSystem::Initialize()
                0x000000000000e264                CInterruptSystem::EnableIRQ(unsigned int)
                0x000000000000e2d4                CInterruptSystem::ConnectIRQ(unsigned int, void (*)(void*), void*)
                0x000000000000e348                CInterruptSystem::DisableIRQ(unsigned int)
                0x000000000000e3b8                CInterruptSystem::DisconnectIRQ(unsigned int)
                0x000000000000e438                CInterruptSystem::Get()
                0x000000000000e470                CInterruptSystem::CallIRQHandler(unsigned int)
                0x000000000000e4dc                CInterruptSystem::InterruptHandler()
                0x000000000000e594                InterruptHandler
 .text          0x000000000000e598      0x398 ../../lib/libcircle.a(gpiomanager.o)
                0x000000000000e598                CGPIOManager::CGPIOManager(CInterruptSystem*)
                0x000000000000e598                CGPIOManager::CGPIOManager(CInterruptSystem*)
                0x000000000000e5c4                CGPIOManager::~CGPIOManager()
                0x000000000000e5c4                CGPIOManager::~CGPIOManager()
                0x000000000000e650                CGPIOManager::Initialize()
                0x000000000000e6d4                CGPIOManager::ConnectInterrupt(CGPIOPin*)
                0x000000000000e784                CGPIOManager::DisconnectInterrupt(CGPIOPin*)
                0x000000000000e848                CGPIOManager::InterruptHandler()
                0x000000000000e8f4                CGPIOManager::InterruptStub(void*)
 .text          0x000000000000e930      0x1f4 ../../lib/libcircle.a(virtualgpiopin.o)
                0x000000000000e930                CVirtualGPIOPin::~CVirtualGPIOPin()
                0x000000000000e930                CVirtualGPIOPin::~CVirtualGPIOPin()
                0x000000000000e934                CVirtualGPIOPin::~CVirtualGPIOPin()
                0x000000000000e9ec                CVirtualGPIOPin::CVirtualGPIOPin(unsigned int)
                0x000000000000e9ec                CVirtualGPIOPin::CVirtualGPIOPin(unsigned int)
                0x000000000000eadc                CVirtualGPIOPin::Write(unsigned int)
                0x000000000000eb18                CVirtualGPIOPin::Invert()
 .text.startup  0x000000000000eb24       0x14 ../../lib/libcircle.a(virtualgpiopin.o)
 .text          0x000000000000eb38      0x3fc ../../lib/libcircle.a(machineinfo.o)
                0x000000000000eb38                CMachineInfo::CMachineInfo()
                0x000000000000eb38                CMachineInfo::CMachineInfo()
                0x000000000000ed08                CMachineInfo::~CMachineInfo()
                0x000000000000ed08                CMachineInfo::~CMachineInfo()
                0x000000000000ed2c                CMachineInfo::GetMachineModel() const
                0x000000000000ed34                CMachineInfo::GetMachineName() const
                0x000000000000ed4c                CMachineInfo::GetModelMajor() const
                0x000000000000ed54                CMachineInfo::GetModelRevision() const
                0x000000000000ed5c                CMachineInfo::GetSoCType() const
                0x000000000000ed64                CMachineInfo::GetRAMSize() const
                0x000000000000ed6c                CMachineInfo::GetSoCName() const
                0x000000000000ed84                CMachineInfo::GetRevisionRaw() const
                0x000000000000ed8c                CMachineInfo::GetClockRate(unsigned int) const
                0x000000000000ee50                CMachineInfo::GetGPIOPin(TGPIOVirtualPin) const
                0x000000000000eec0                CMachineInfo::GetDevice(TDeviceId) const
                0x000000000000eefc                CMachineInfo::Get()
 .text          0x000000000000ef34      0x1f4 ../../lib/libcircle.a(cache-v7.o)
                0x000000000000ef34                InvalidateDataCacheL1Only
                0x000000000000efa0                InvalidateDataCache
                0x000000000000f048                CleanDataCache
                0x000000000000f0f0                CleanAndInvalidateDataCacheRange
 .text          0x000000000000f128      0x508 ../../lib/libcircle.a(ptrlist.o)
                0x000000000000f128                CPtrList::CPtrList()
                0x000000000000f128                CPtrList::CPtrList()
                0x000000000000f134                CPtrList::~CPtrList()
                0x000000000000f134                CPtrList::~CPtrList()
                0x000000000000f168                CPtrList::GetFirst()
                0x000000000000f170                CPtrList::GetNext(TPtrListElement*)
                0x000000000000f1cc                CPtrList::GetPtr(TPtrListElement*)
                0x000000000000f228                CPtrList::InsertBefore(TPtrListElement*, void*)
                0x000000000000f340                CPtrList::InsertAfter(TPtrListElement*, void*)
                0x000000000000f44c                CPtrList::Remove(TPtrListElement*)
                0x000000000000f5b8                CPtrList::Find(void*)
 .text          0x000000000000f630      0x3fc ../../lib/libcircle.a(alloc.o)
                0x000000000000f630                mem_init
                0x000000000000f66c                mem_get_size
                0x000000000000f694                malloc
                0x000000000000f81c                free
                0x000000000000f8d8                palloc
                0x000000000000f9c0                pfree
 .text.startup  0x000000000000fa2c       0x18 ../../lib/libcircle.a(alloc.o)
 .text          0x000000000000fa44      0x168 ../../lib/libcircle.a(bcmmailbox.o)
                0x000000000000fa44                CBcmMailBox::CBcmMailBox(unsigned int)
                0x000000000000fa44                CBcmMailBox::CBcmMailBox(unsigned int)
                0x000000000000fa50                CBcmMailBox::~CBcmMailBox()
                0x000000000000fa50                CBcmMailBox::~CBcmMailBox()
                0x000000000000fa54                CBcmMailBox::Flush()
                0x000000000000fa88                CBcmMailBox::Read()
                0x000000000000fab8                CBcmMailBox::Write(unsigned int)
                0x000000000000fb10                CBcmMailBox::WriteRead(unsigned int)
 .text          0x000000000000fbac      0x460 ../../lib/libcircle.a(util.o)
                0x000000000000fbac                memset
                0x000000000000fbd0                memcmp
                0x000000000000fc2c                strlen
                0x000000000000fc54                strcmp
                0x000000000000fcc0                strcpy
                0x000000000000fcec                strncpy
                0x000000000000fd38                strcat
                0x000000000000fd7c                strchr
                0x000000000000fdbc                strtok_r
                0x000000000000fe88                strtoul
                0x0000000000010008                char2int
 .text          0x000000000001000c      0x3bc ../../lib/libcircle.a(bcmframebuffer.o)
                0x0000000000010090                CBcmFrameBuffer::CBcmFrameBuffer(unsigned int, unsigned int, unsigned int, unsigned int, unsigned int)
                0x0000000000010090                CBcmFrameBuffer::CBcmFrameBuffer(unsigned int, unsigned int, unsigned int, unsigned int, unsigned int)
                0x00000000000101c8                CBcmFrameBuffer::~CBcmFrameBuffer()
                0x00000000000101c8                CBcmFrameBuffer::~CBcmFrameBuffer()
                0x00000000000101e0                CBcmFrameBuffer::SetPalette(unsigned char, unsigned short)
                0x000000000001021c                CBcmFrameBuffer::SetPalette32(unsigned char, unsigned int)
                0x0000000000010234                CBcmFrameBuffer::Initialize()
                0x00000000000102f8                CBcmFrameBuffer::GetWidth() const
                0x0000000000010300                CBcmFrameBuffer::GetHeight() const
                0x0000000000010308                CBcmFrameBuffer::GetVirtWidth() const
                0x0000000000010310                CBcmFrameBuffer::GetVirtHeight() const
                0x0000000000010318                CBcmFrameBuffer::GetPitch() const
                0x0000000000010320                CBcmFrameBuffer::GetDepth() const
                0x0000000000010328                CBcmFrameBuffer::GetBuffer() const
                0x0000000000010330                CBcmFrameBuffer::GetSize() const
                0x0000000000010338                CBcmFrameBuffer::UpdatePalette()
                0x0000000000010350                CBcmFrameBuffer::SetVirtualOffset(unsigned int, unsigned int)
 .text          0x00000000000103c8       0x3c ../../lib/libcircle.a(device.o)
                0x00000000000103c8                CDevice::~CDevice()
                0x00000000000103c8                CDevice::~CDevice()
                0x00000000000103cc                CDevice::Read(void*, unsigned int)
                0x00000000000103cc                CDevice::Write(void const*, unsigned int)
                0x00000000000103d4                CDevice::Seek(unsigned long long)
                0x00000000000103e0                CDevice::~CDevice()
                0x00000000000103f4                CDevice::CDevice()
                0x00000000000103f4                CDevice::CDevice()
                0x0000000000010404                _etext = .

.glue_7         0x0000000000010404        0x0
 .glue_7        0x0000000000010404        0x0 linker stubs

.glue_7t        0x0000000000010404        0x0
 .glue_7t       0x0000000000010404        0x0 linker stubs

.vfp11_veneer   0x0000000000010404        0x0
 .vfp11_veneer  0x0000000000010404        0x0 linker stubs

.v4_bx          0x0000000000010404        0x0
 .v4_bx         0x0000000000010404        0x0 linker stubs

.iplt           0x0000000000010404        0x0
 .iplt          0x0000000000010404        0x0 ../../lib/startup.o

.rodata         0x0000000000010404    0x42774
 *(.rodata*)
 .rodata        0x0000000000010404        0x7 kernel.o
 *fill*         0x000000000001040b        0x1 
 .rodata.str1.4
                0x000000000001040c       0x23 kernel.o
 *fill*         0x000000000001042f        0x1 
 .rodata        0x0000000000010430    0x40010 ../../app/lib/emulator/libemu.a(nes.o)
 .rodata        0x0000000000050440      0x900 ../../app/lib/emulator/libemu.a(cpu.o)
 .rodata        0x0000000000050d40       0xc0 ../../app/lib/emulator/libemu.a(ppu.o)
 .rodata.str1.4
                0x0000000000050e00       0x98 ../../lib/libcircle.a(bcmpropertytags.o)
 .rodata        0x0000000000050e98       0x28 ../../lib/libcircle.a(gpiopin.o)
                0x0000000000050eb0                vtable for CGPIOPin
 .rodata.str1.4
                0x0000000000050ec0      0x29d ../../lib/libcircle.a(gpiopin.o)
 *fill*         0x000000000005115d        0x3 
 .rodata.str1.4
                0x0000000000051160       0x94 ../../lib/libcircle.a(memory.o)
 .rodata.str1.4
                0x00000000000511f4       0x25 ../../lib/libcircle.a(synchronize.o)
 *fill*         0x0000000000051219        0x3 
 .rodata        0x000000000005121c       0x36 ../../lib/libcircle.a(timer.o)
                0x000000000005121c                CTimer::s_nDaysOfMonth
 *fill*         0x0000000000051252        0x2 
 .rodata.str1.4
                0x0000000000051254      0x158 ../../lib/libcircle.a(timer.o)
                                        0x168 (size before relaxing)
 .rodata.str1.4
                0x00000000000513ac       0x62 ../../lib/libcircle.a(koptions.o)
 *fill*         0x000000000005140e        0x2 
 .rodata.str1.4
                0x0000000000051410       0x3e ../../lib/libcircle.a(pagetable.o)
 *fill*         0x000000000005144e        0x2 
 .rodata        0x0000000000051450       0x21 ../../lib/libcircle.a(screen.o)
                0x0000000000051450                vtable for CScreenDevice
 .rodata.str1.4
                0x0000000000051471        0x5 ../../lib/libcircle.a(screen.o)
 *fill*         0x0000000000051471        0x3 
 .rodata.str1.4
                0x0000000000051474       0x1d ../../lib/libcircle.a(assert.o)
 *fill*         0x0000000000051491        0x3 
 .rodata        0x0000000000051494      0xdf0 ../../lib/libcircle.a(chargenerator.o)
 .rodata.str1.4
                0x0000000000052284       0x29 ../../lib/libcircle.a(chargenerator.o)
 *fill*         0x00000000000522ad        0x3 
 .rodata        0x00000000000522b0        0x6 ../../lib/libcircle.a(debug.o)
 *fill*         0x00000000000522b6        0x2 
 .rodata.str1.4
                0x00000000000522b8       0x8e ../../lib/libcircle.a(debug.o)
 *fill*         0x0000000000052346        0x2 
 .rodata.str1.4
                0x0000000000052348       0x70 ../../lib/libcircle.a(devicenameservice.o)
 .rodata.str1.4
                0x00000000000523b8       0x3b ../../lib/libcircle.a(logger.o)
 *fill*         0x00000000000523f3        0x1 
 .rodata        0x00000000000523f4       0x1c ../../lib/libcircle.a(serial.o)
                0x00000000000523f4                vtable for CSerialDevice
 .rodata.str1.4
                0x0000000000052410       0x92 ../../lib/libcircle.a(serial.o)
 *fill*         0x00000000000524a2        0x2 
 .rodata        0x00000000000524a4       0x10 ../../lib/libcircle.a(string.o)
                0x00000000000524a4                vtable for CString
 .rodata.str1.4
                0x00000000000524b4        0x9 ../../lib/libcircle.a(string.o)
                                          0xd (size before relaxing)
 *fill*         0x00000000000524bd        0x3 
 .rodata        0x00000000000524c0        0x7 ../../lib/libcircle.a(exceptionhandler.o)
 *fill*         0x00000000000524c7        0x1 
 .rodata.str1.4
                0x00000000000524c8       0xbb ../../lib/libcircle.a(exceptionhandler.o)
                                         0xdb (size before relaxing)
 *fill*         0x0000000000052583        0x1 
 .rodata.str1.4
                0x0000000000052584       0x5a ../../lib/libcircle.a(interrupt.o)
                                         0x69 (size before relaxing)
 *fill*         0x00000000000525de        0x2 
 .rodata.str1.4
                0x00000000000525e0       0x88 ../../lib/libcircle.a(gpiomanager.o)
                                         0x9c (size before relaxing)
 .rodata        0x0000000000052668       0x10 ../../lib/libcircle.a(virtualgpiopin.o)
                0x0000000000052668                vtable for CVirtualGPIOPin
 .rodata        0x0000000000052678      0x1ac ../../lib/libcircle.a(machineinfo.o)
 .rodata.str1.4
                0x0000000000052824       0xf3 ../../lib/libcircle.a(machineinfo.o)
                                        0x10f (size before relaxing)
 *fill*         0x0000000000052917        0x1 
 .rodata.str1.4
                0x0000000000052918      0x176 ../../lib/libcircle.a(ptrlist.o)
 *fill*         0x0000000000052a8e        0x2 
 .rodata.str1.4
                0x0000000000052a90       0xa8 ../../lib/libcircle.a(alloc.o)
 .rodata.str1.4
                0x0000000000052b38       0x24 ../../lib/libcircle.a(bcmmailbox.o)
                                         0x23 (size before relaxing)
 .rodata        0x0000000000052b5c       0x1c ../../lib/libcircle.a(device.o)
                0x0000000000052b5c                vtable for CDevice
                0x0000000000052b78                __init_start = .

.rel.dyn        0x0000000000052b78        0x0
 .rel.iplt      0x0000000000052b78        0x0 ../../lib/startup.o

.init_array     0x0000000000052b78        0xc
 *(.init_array*)
 .init_array    0x0000000000052b78        0x4 ../../lib/libcircle.a(gpiopin.o)
 .init_array    0x0000000000052b7c        0x4 ../../lib/libcircle.a(virtualgpiopin.o)
 .init_array    0x0000000000052b80        0x4 ../../lib/libcircle.a(alloc.o)
                0x0000000000052b84                __init_end = .

.data           0x0000000000052b84       0xe8
 *(.data*)
 .data          0x0000000000052b84        0x0 ../../lib/startup.o
 .data          0x0000000000052b84        0x0 main.o
 .data          0x0000000000052b84        0x0 kernel.o
 .data          0x0000000000052b84        0x0 ../../app/lib/emulator/libemu.a(nes.o)
 .data          0x0000000000052b84        0x0 ../../app/lib/emulator/libemu.a(cpu.o)
 .data          0x0000000000052b84        0x0 ../../app/lib/emulator/libemu.a(ppu.o)
 .data          0x0000000000052b84        0x0 ../../app/lib/emulator/libemu.a(cpu_addressing.o)
 .data          0x0000000000052b84        0x0 ../../app/lib/emulator/libemu.a(rom.o)
 .data          0x0000000000052b84        0x0 ../../lib/libcircle.a(actled.o)
 .data          0x0000000000052b84        0x0 ../../lib/libcircle.a(bcmpropertytags.o)
 .data          0x0000000000052b84        0x0 ../../lib/libcircle.a(gpiopin.o)
 .data          0x0000000000052b84        0x0 ../../lib/libcircle.a(memory.o)
 .data          0x0000000000052b84        0x0 ../../lib/libcircle.a(new.o)
 .data          0x0000000000052b84        0x0 ../../lib/libcircle.a(synchronize.o)
 .data          0x0000000000052b84        0x0 ../../lib/libcircle.a(sysinit.o)
 .data          0x0000000000052b84       0x30 ../../lib/libcircle.a(timer.o)
                0x0000000000052b84                CTimer::s_pMonthName
 .data          0x0000000000052bb4        0x0 ../../lib/libcircle.a(util_fast.o)
 .data          0x0000000000052bb4        0x0 ../../lib/libcircle.a(koptions.o)
 .data          0x0000000000052bb4        0x0 ../../lib/libcircle.a(pagetable.o)
 .data          0x0000000000052bb4        0x0 ../../lib/libcircle.a(screen.o)
 .data          0x0000000000052bb4        0x0 ../../lib/libcircle.a(assert.o)
 .data          0x0000000000052bb4        0x0 ../../lib/libcircle.a(chargenerator.o)
 .data          0x0000000000052bb4        0x0 ../../lib/libcircle.a(debug.o)
 .data          0x0000000000052bb4        0x0 ../../lib/libcircle.a(devicenameservice.o)
 .data          0x0000000000052bb4        0x0 ../../lib/libcircle.a(logger.o)
 .data          0x0000000000052bb4        0x0 ../../lib/libcircle.a(serial.o)
 .data          0x0000000000052bb4        0x0 ../../lib/libcircle.a(string.o)
 .data          0x0000000000052bb4        0x0 ../../lib/libcircle.a(delayloop.o)
 .data          0x0000000000052bb4       0x10 ../../lib/libcircle.a(exceptionhandler.o)
                0x0000000000052bb4                CExceptionHandler::s_pExceptionName
 .data          0x0000000000052bc4        0x0 ../../lib/libcircle.a(exceptionstub.o)
 .data          0x0000000000052bc4        0x0 ../../lib/libcircle.a(interrupt.o)
 .data          0x0000000000052bc4        0x0 ../../lib/libcircle.a(gpiomanager.o)
 .data          0x0000000000052bc4        0x0 ../../lib/libcircle.a(virtualgpiopin.o)
 .data          0x0000000000052bc4        0x0 ../../lib/libcircle.a(machineinfo.o)
 .data          0x0000000000052bc4        0x0 ../../lib/libcircle.a(cache-v7.o)
 .data          0x0000000000052bc4        0x0 ../../lib/libcircle.a(ptrlist.o)
 .data          0x0000000000052bc4       0x38 ../../lib/libcircle.a(alloc.o)
 .data          0x0000000000052bfc        0x0 ../../lib/libcircle.a(bcmmailbox.o)
 .data          0x0000000000052bfc        0x0 ../../lib/libcircle.a(util.o)
 .data          0x0000000000052bfc       0x70 ../../lib/libcircle.a(bcmframebuffer.o)
 .data          0x0000000000052c6c        0x0 ../../lib/libcircle.a(device.o)
                0x0000000000052c6c                __bss_start = .

.igot.plt       0x0000000000052c6c        0x0
 .igot.plt      0x0000000000052c6c        0x0 ../../lib/startup.o

.bss            0x0000000000052c6c       0x54
 *(.bss*)
 .bss           0x0000000000052c6c        0x0 ../../lib/startup.o
 .bss           0x0000000000052c6c        0x0 main.o
 .bss           0x0000000000052c6c        0x0 kernel.o
 .bss           0x0000000000052c6c        0x0 ../../app/lib/emulator/libemu.a(nes.o)
 .bss           0x0000000000052c6c        0x0 ../../app/lib/emulator/libemu.a(cpu.o)
 .bss           0x0000000000052c6c        0x0 ../../app/lib/emulator/libemu.a(ppu.o)
 .bss           0x0000000000052c6c        0x0 ../../app/lib/emulator/libemu.a(cpu_addressing.o)
 .bss           0x0000000000052c6c        0x0 ../../app/lib/emulator/libemu.a(rom.o)
 .bss           0x0000000000052c6c        0x4 ../../lib/libcircle.a(actled.o)
                0x0000000000052c6c                CActLED::s_pThis
 .bss           0x0000000000052c70        0x0 ../../lib/libcircle.a(bcmpropertytags.o)
 .bss           0x0000000000052c70        0x4 ../../lib/libcircle.a(gpiopin.o)
                0x0000000000052c70                CGPIOPin::s_SpinLock
 .bss           0x0000000000052c74        0x0 ../../lib/libcircle.a(memory.o)
 .bss           0x0000000000052c74        0x0 ../../lib/libcircle.a(new.o)
 .bss           0x0000000000052c74        0x8 ../../lib/libcircle.a(synchronize.o)
 .bss           0x0000000000052c7c        0x4 ../../lib/libcircle.a(sysinit.o)
                0x0000000000052c7c                __dso_handle
 .bss           0x0000000000052c80        0x4 ../../lib/libcircle.a(timer.o)
                0x0000000000052c80                CTimer::s_pThis
 .bss           0x0000000000052c84        0x0 ../../lib/libcircle.a(util_fast.o)
 .bss           0x0000000000052c84        0x4 ../../lib/libcircle.a(koptions.o)
                0x0000000000052c84                CKernelOptions::s_pThis
 .bss           0x0000000000052c88        0x0 ../../lib/libcircle.a(pagetable.o)
 .bss           0x0000000000052c88        0x0 ../../lib/libcircle.a(screen.o)
 .bss           0x0000000000052c88        0x0 ../../lib/libcircle.a(assert.o)
 .bss           0x0000000000052c88        0x0 ../../lib/libcircle.a(chargenerator.o)
 .bss           0x0000000000052c88        0x0 ../../lib/libcircle.a(debug.o)
 .bss           0x0000000000052c88        0x4 ../../lib/libcircle.a(devicenameservice.o)
                0x0000000000052c88                CDeviceNameService::s_This
 .bss           0x0000000000052c8c        0x4 ../../lib/libcircle.a(logger.o)
                0x0000000000052c8c                CLogger::s_pThis
 .bss           0x0000000000052c90        0x0 ../../lib/libcircle.a(serial.o)
 .bss           0x0000000000052c90        0x0 ../../lib/libcircle.a(string.o)
 .bss           0x0000000000052c90        0x0 ../../lib/libcircle.a(delayloop.o)
 .bss           0x0000000000052c90        0x4 ../../lib/libcircle.a(exceptionhandler.o)
                0x0000000000052c90                CExceptionHandler::s_pThis
 .bss           0x0000000000052c94        0x0 ../../lib/libcircle.a(exceptionstub.o)
 .bss           0x0000000000052c94        0x4 ../../lib/libcircle.a(interrupt.o)
                0x0000000000052c94                CInterruptSystem::s_pThis
 .bss           0x0000000000052c98        0x0 ../../lib/libcircle.a(gpiomanager.o)
 .bss           0x0000000000052c98        0x8 ../../lib/libcircle.a(virtualgpiopin.o)
                0x0000000000052c98                CVirtualGPIOPin::s_SpinLock
                0x0000000000052c9c                CVirtualGPIOPin::s_nGPIOBaseAddress
 .bss           0x0000000000052ca0        0x4 ../../lib/libcircle.a(machineinfo.o)
                0x0000000000052ca0                CMachineInfo::s_pThis
 .bss           0x0000000000052ca4        0x0 ../../lib/libcircle.a(cache-v7.o)
 .bss           0x0000000000052ca4        0x0 ../../lib/libcircle.a(ptrlist.o)
 .bss           0x0000000000052ca4       0x1c ../../lib/libcircle.a(alloc.o)
 .bss           0x0000000000052cc0        0x0 ../../lib/libcircle.a(bcmmailbox.o)
 .bss           0x0000000000052cc0        0x0 ../../lib/libcircle.a(util.o)
 .bss           0x0000000000052cc0        0x0 ../../lib/libcircle.a(bcmframebuffer.o)
 .bss           0x0000000000052cc0        0x0 ../../lib/libcircle.a(device.o)
                0x0000000000052cc0                _end = .
LOAD ../../lib/startup.o
LOAD main.o
LOAD kernel.o
LOAD ../../app/lib/emulator/libemu.a
LOAD ../../lib/libcircle.a
OUTPUT(kernel7.elf elf32-littlearm)

.ARM.attributes
                0x0000000000000000       0x35
 .ARM.attributes
                0x0000000000000000       0x25 ../../lib/startup.o
 .ARM.attributes
                0x0000000000000025       0x39 main.o
 .ARM.attributes
                0x000000000000005e       0x39 kernel.o
 .ARM.attributes
                0x0000000000000097       0x39 ../../app/lib/emulator/libemu.a(nes.o)
 .ARM.attributes
                0x00000000000000d0       0x39 ../../app/lib/emulator/libemu.a(cpu.o)
 .ARM.attributes
                0x0000000000000109       0x39 ../../app/lib/emulator/libemu.a(ppu.o)
 .ARM.attributes
                0x0000000000000142       0x39 ../../app/lib/emulator/libemu.a(cpu_addressing.o)
 .ARM.attributes
                0x000000000000017b       0x39 ../../app/lib/emulator/libemu.a(rom.o)
 .ARM.attributes
                0x00000000000001b4       0x39 ../../lib/libcircle.a(actled.o)
 .ARM.attributes
                0x00000000000001ed       0x39 ../../lib/libcircle.a(bcmpropertytags.o)
 .ARM.attributes
                0x0000000000000226       0x39 ../../lib/libcircle.a(gpiopin.o)
 .ARM.attributes
                0x000000000000025f       0x39 ../../lib/libcircle.a(memory.o)
 .ARM.attributes
                0x0000000000000298       0x39 ../../lib/libcircle.a(new.o)
 .ARM.attributes
                0x00000000000002d1       0x39 ../../lib/libcircle.a(synchronize.o)
 .ARM.attributes
                0x000000000000030a       0x39 ../../lib/libcircle.a(sysinit.o)
 .ARM.attributes
                0x0000000000000343       0x39 ../../lib/libcircle.a(timer.o)
 .ARM.attributes
                0x000000000000037c       0x25 ../../lib/libcircle.a(util_fast.o)
 .ARM.attributes
                0x00000000000003a1       0x39 ../../lib/libcircle.a(koptions.o)
 .ARM.attributes
                0x00000000000003da       0x39 ../../lib/libcircle.a(pagetable.o)
 .ARM.attributes
                0x0000000000000413       0x39 ../../lib/libcircle.a(screen.o)
 .ARM.attributes
                0x000000000000044c       0x39 ../../lib/libcircle.a(assert.o)
 .ARM.attributes
                0x0000000000000485       0x39 ../../lib/libcircle.a(chargenerator.o)
 .ARM.attributes
                0x00000000000004be       0x39 ../../lib/libcircle.a(debug.o)
 .ARM.attributes
                0x00000000000004f7       0x39 ../../lib/libcircle.a(devicenameservice.o)
 .ARM.attributes
                0x0000000000000530       0x39 ../../lib/libcircle.a(logger.o)
 .ARM.attributes
                0x0000000000000569       0x39 ../../lib/libcircle.a(serial.o)
 .ARM.attributes
                0x00000000000005a2       0x39 ../../lib/libcircle.a(string.o)
 .ARM.attributes
                0x00000000000005db       0x25 ../../lib/libcircle.a(delayloop.o)
 .ARM.attributes
                0x0000000000000600       0x39 ../../lib/libcircle.a(exceptionhandler.o)
 .ARM.attributes
                0x0000000000000639       0x25 ../../lib/libcircle.a(exceptionstub.o)
 .ARM.attributes
                0x000000000000065e       0x39 ../../lib/libcircle.a(interrupt.o)
 .ARM.attributes
                0x0000000000000697       0x39 ../../lib/libcircle.a(gpiomanager.o)
 .ARM.attributes
                0x00000000000006d0       0x39 ../../lib/libcircle.a(virtualgpiopin.o)
 .ARM.attributes
                0x0000000000000709       0x39 ../../lib/libcircle.a(machineinfo.o)
 .ARM.attributes
                0x0000000000000742       0x25 ../../lib/libcircle.a(cache-v7.o)
 .ARM.attributes
                0x0000000000000767       0x39 ../../lib/libcircle.a(ptrlist.o)
 .ARM.attributes
                0x00000000000007a0       0x39 ../../lib/libcircle.a(alloc.o)
 .ARM.attributes
                0x00000000000007d9       0x39 ../../lib/libcircle.a(bcmmailbox.o)
 .ARM.attributes
                0x0000000000000812       0x39 ../../lib/libcircle.a(util.o)
 .ARM.attributes
                0x000000000000084b       0x39 ../../lib/libcircle.a(bcmframebuffer.o)
 .ARM.attributes
                0x0000000000000884       0x39 ../../lib/libcircle.a(device.o)

.comment        0x0000000000000000       0x8b
 .comment       0x0000000000000000       0x6e main.o
                                         0x6f (size before relaxing)
 .comment       0x000000000000006e       0x6f kernel.o
 .comment       0x000000000000006e       0x6f ../../app/lib/emulator/libemu.a(nes.o)
 .comment       0x000000000000006e       0x6f ../../app/lib/emulator/libemu.a(cpu.o)
 .comment       0x000000000000006e       0x6f ../../app/lib/emulator/libemu.a(ppu.o)
 .comment       0x000000000000006e       0x6f ../../app/lib/emulator/libemu.a(cpu_addressing.o)
 .comment       0x000000000000006e       0x6f ../../app/lib/emulator/libemu.a(rom.o)
 .comment       0x000000000000006e       0x1d ../../lib/libcircle.a(actled.o)
                                         0x1e (size before relaxing)
 .comment       0x000000000000008b       0x1e ../../lib/libcircle.a(bcmpropertytags.o)
 .comment       0x000000000000008b       0x1e ../../lib/libcircle.a(gpiopin.o)
 .comment       0x000000000000008b       0x1e ../../lib/libcircle.a(memory.o)
 .comment       0x000000000000008b       0x1e ../../lib/libcircle.a(new.o)
 .comment       0x000000000000008b       0x1e ../../lib/libcircle.a(synchronize.o)
 .comment       0x000000000000008b       0x1e ../../lib/libcircle.a(sysinit.o)
 .comment       0x000000000000008b       0x1e ../../lib/libcircle.a(timer.o)
 .comment       0x000000000000008b       0x1e ../../lib/libcircle.a(koptions.o)
 .comment       0x000000000000008b       0x1e ../../lib/libcircle.a(pagetable.o)
 .comment       0x000000000000008b       0x1e ../../lib/libcircle.a(screen.o)
 .comment       0x000000000000008b       0x1e ../../lib/libcircle.a(assert.o)
 .comment       0x000000000000008b       0x1e ../../lib/libcircle.a(chargenerator.o)
 .comment       0x000000000000008b       0x1e ../../lib/libcircle.a(debug.o)
 .comment       0x000000000000008b       0x1e ../../lib/libcircle.a(devicenameservice.o)
 .comment       0x000000000000008b       0x1e ../../lib/libcircle.a(logger.o)
 .comment       0x000000000000008b       0x1e ../../lib/libcircle.a(serial.o)
 .comment       0x000000000000008b       0x1e ../../lib/libcircle.a(string.o)
 .comment       0x000000000000008b       0x1e ../../lib/libcircle.a(exceptionhandler.o)
 .comment       0x000000000000008b       0x1e ../../lib/libcircle.a(interrupt.o)
 .comment       0x000000000000008b       0x1e ../../lib/libcircle.a(gpiomanager.o)
 .comment       0x000000000000008b       0x1e ../../lib/libcircle.a(virtualgpiopin.o)
 .comment       0x000000000000008b       0x1e ../../lib/libcircle.a(machineinfo.o)
 .comment       0x000000000000008b       0x1e ../../lib/libcircle.a(ptrlist.o)
 .comment       0x000000000000008b       0x1e ../../lib/libcircle.a(alloc.o)
 .comment       0x000000000000008b       0x1e ../../lib/libcircle.a(bcmmailbox.o)
 .comment       0x000000000000008b       0x1e ../../lib/libcircle.a(util.o)
 .comment       0x000000000000008b       0x1e ../../lib/libcircle.a(bcmframebuffer.o)
 .comment       0x000000000000008b       0x1e ../../lib/libcircle.a(device.o)

.debug_info     0x0000000000000000    0x22cb6
 .debug_info    0x0000000000000000     0x2e60 main.o
 .debug_info    0x0000000000002e60     0x3186 kernel.o
 .debug_info    0x0000000000005fe6     0x1ac0 ../../app/lib/emulator/libemu.a(nes.o)
 .debug_info    0x0000000000007aa6     0x29c8 ../../app/lib/emulator/libemu.a(cpu.o)
 .debug_info    0x000000000000a46e      0x596 ../../app/lib/emulator/libemu.a(ppu.o)
 .debug_info    0x000000000000aa04     0x1aea ../../app/lib/emulator/libemu.a(cpu_addressing.o)
 .debug_info    0x000000000000c4ee      0x3a4 ../../app/lib/emulator/libemu.a(rom.o)
 .debug_info    0x000000000000c892      0xf2c ../../lib/libcircle.a(actled.o)
 .debug_info    0x000000000000d7be      0x60a ../../lib/libcircle.a(bcmpropertytags.o)
 .debug_info    0x000000000000ddc8     0x2408 ../../lib/libcircle.a(gpiopin.o)
 .debug_info    0x00000000000101d0      0x969 ../../lib/libcircle.a(memory.o)
 .debug_info    0x0000000000010b39      0x11f ../../lib/libcircle.a(new.o)
 .debug_info    0x0000000000010c58      0x132 ../../lib/libcircle.a(synchronize.o)
 .debug_info    0x0000000000010d8a      0x5b4 ../../lib/libcircle.a(sysinit.o)
 .debug_info    0x000000000001133e     0x1d66 ../../lib/libcircle.a(timer.o)
 .debug_info    0x00000000000130a4      0xd6d ../../lib/libcircle.a(koptions.o)
 .debug_info    0x0000000000013e11      0x4b3 ../../lib/libcircle.a(pagetable.o)
 .debug_info    0x00000000000142c4     0x275a ../../lib/libcircle.a(screen.o)
 .debug_info    0x0000000000016a1e      0xb0c ../../lib/libcircle.a(assert.o)
 .debug_info    0x000000000001752a      0x389 ../../lib/libcircle.a(chargenerator.o)
 .debug_info    0x00000000000178b3      0xb69 ../../lib/libcircle.a(debug.o)
 .debug_info    0x000000000001841c      0x705 ../../lib/libcircle.a(devicenameservice.o)
 .debug_info    0x0000000000018b21     0x1517 ../../lib/libcircle.a(logger.o)
 .debug_info    0x000000000001a038      0xe54 ../../lib/libcircle.a(serial.o)
 .debug_info    0x000000000001ae8c     0x187b ../../lib/libcircle.a(string.o)
 .debug_info    0x000000000001c707      0xf92 ../../lib/libcircle.a(exceptionhandler.o)
 .debug_info    0x000000000001d699      0x867 ../../lib/libcircle.a(interrupt.o)
 .debug_info    0x000000000001df00      0x8b7 ../../lib/libcircle.a(gpiomanager.o)
 .debug_info    0x000000000001e7b7      0x8db ../../lib/libcircle.a(virtualgpiopin.o)
 .debug_info    0x000000000001f092      0xbbc ../../lib/libcircle.a(machineinfo.o)
 .debug_info    0x000000000001fc4e      0x76c ../../lib/libcircle.a(ptrlist.o)
 .debug_info    0x00000000000203ba      0x74a ../../lib/libcircle.a(alloc.o)
 .debug_info    0x0000000000020b04      0xd86 ../../lib/libcircle.a(bcmmailbox.o)
 .debug_info    0x000000000002188a      0x459 ../../lib/libcircle.a(util.o)
 .debug_info    0x0000000000021ce3      0xcd7 ../../lib/libcircle.a(bcmframebuffer.o)
 .debug_info    0x00000000000229ba      0x2fc ../../lib/libcircle.a(device.o)

.debug_abbrev   0x0000000000000000     0x6eb0
 .debug_abbrev  0x0000000000000000      0x496 main.o
 .debug_abbrev  0x0000000000000496      0x534 kernel.o
 .debug_abbrev  0x00000000000009ca      0x2e2 ../../app/lib/emulator/libemu.a(nes.o)
 .debug_abbrev  0x0000000000000cac      0x36a ../../app/lib/emulator/libemu.a(cpu.o)
 .debug_abbrev  0x0000000000001016      0x1da ../../app/lib/emulator/libemu.a(ppu.o)
 .debug_abbrev  0x00000000000011f0      0x31d ../../app/lib/emulator/libemu.a(cpu_addressing.o)
 .debug_abbrev  0x000000000000150d      0x1e1 ../../app/lib/emulator/libemu.a(rom.o)
 .debug_abbrev  0x00000000000016ee      0x400 ../../lib/libcircle.a(actled.o)
 .debug_abbrev  0x0000000000001aee      0x214 ../../lib/libcircle.a(bcmpropertytags.o)
 .debug_abbrev  0x0000000000001d02      0x566 ../../lib/libcircle.a(gpiopin.o)
 .debug_abbrev  0x0000000000002268      0x28a ../../lib/libcircle.a(memory.o)
 .debug_abbrev  0x00000000000024f2       0xc7 ../../lib/libcircle.a(new.o)
 .debug_abbrev  0x00000000000025b9       0xb4 ../../lib/libcircle.a(synchronize.o)
 .debug_abbrev  0x000000000000266d      0x260 ../../lib/libcircle.a(sysinit.o)
 .debug_abbrev  0x00000000000028cd      0x5a5 ../../lib/libcircle.a(timer.o)
 .debug_abbrev  0x0000000000002e72      0x3af ../../lib/libcircle.a(koptions.o)
 .debug_abbrev  0x0000000000003221      0x201 ../../lib/libcircle.a(pagetable.o)
 .debug_abbrev  0x0000000000003422      0x4f7 ../../lib/libcircle.a(screen.o)
 .debug_abbrev  0x0000000000003919      0x2e8 ../../lib/libcircle.a(assert.o)
 .debug_abbrev  0x0000000000003c01      0x193 ../../lib/libcircle.a(chargenerator.o)
 .debug_abbrev  0x0000000000003d94      0x2f1 ../../lib/libcircle.a(debug.o)
 .debug_abbrev  0x0000000000004085      0x29d ../../lib/libcircle.a(devicenameservice.o)
 .debug_abbrev  0x0000000000004322      0x427 ../../lib/libcircle.a(logger.o)
 .debug_abbrev  0x0000000000004749      0x333 ../../lib/libcircle.a(serial.o)
 .debug_abbrev  0x0000000000004a7c      0x42e ../../lib/libcircle.a(string.o)
 .debug_abbrev  0x0000000000004eaa      0x3f7 ../../lib/libcircle.a(exceptionhandler.o)
 .debug_abbrev  0x00000000000052a1      0x351 ../../lib/libcircle.a(interrupt.o)
 .debug_abbrev  0x00000000000055f2      0x31e ../../lib/libcircle.a(gpiomanager.o)
 .debug_abbrev  0x0000000000005910      0x3d1 ../../lib/libcircle.a(virtualgpiopin.o)
 .debug_abbrev  0x0000000000005ce1      0x33d ../../lib/libcircle.a(machineinfo.o)
 .debug_abbrev  0x000000000000601e      0x1ad ../../lib/libcircle.a(ptrlist.o)
 .debug_abbrev  0x00000000000061cb      0x299 ../../lib/libcircle.a(alloc.o)
 .debug_abbrev  0x0000000000006464      0x3ac ../../lib/libcircle.a(bcmmailbox.o)
 .debug_abbrev  0x0000000000006810      0x17c ../../lib/libcircle.a(util.o)
 .debug_abbrev  0x000000000000698c      0x351 ../../lib/libcircle.a(bcmframebuffer.o)
 .debug_abbrev  0x0000000000006cdd      0x1d3 ../../lib/libcircle.a(device.o)

.debug_loc      0x0000000000000000     0x9e1c
 .debug_loc     0x0000000000000000       0x1e main.o
 .debug_loc     0x000000000000001e      0x12a kernel.o
 .debug_loc     0x0000000000000148       0x3c ../../app/lib/emulator/libemu.a(nes.o)
 .debug_loc     0x0000000000000184      0x40b ../../app/lib/emulator/libemu.a(cpu.o)
 .debug_loc     0x000000000000058f       0x42 ../../app/lib/emulator/libemu.a(ppu.o)
 .debug_loc     0x00000000000005d1      0x405 ../../app/lib/emulator/libemu.a(cpu_addressing.o)
 .debug_loc     0x00000000000009d6       0xe5 ../../app/lib/emulator/libemu.a(rom.o)
 .debug_loc     0x0000000000000abb      0x2cd ../../lib/libcircle.a(actled.o)
 .debug_loc     0x0000000000000d88      0x214 ../../lib/libcircle.a(bcmpropertytags.o)
 .debug_loc     0x0000000000000f9c     0x10db ../../lib/libcircle.a(gpiopin.o)
 .debug_loc     0x0000000000002077      0x125 ../../lib/libcircle.a(memory.o)
 .debug_loc     0x000000000000219c       0x42 ../../lib/libcircle.a(new.o)
 .debug_loc     0x00000000000021de       0x13 ../../lib/libcircle.a(synchronize.o)
 .debug_loc     0x00000000000021f1      0x102 ../../lib/libcircle.a(sysinit.o)
 .debug_loc     0x00000000000022f3      0xfdb ../../lib/libcircle.a(timer.o)
 .debug_loc     0x00000000000032ce      0x3ab ../../lib/libcircle.a(koptions.o)
 .debug_loc     0x0000000000003679      0x166 ../../lib/libcircle.a(pagetable.o)
 .debug_loc     0x00000000000037df     0x1651 ../../lib/libcircle.a(screen.o)
 .debug_loc     0x0000000000004e30       0x5a ../../lib/libcircle.a(assert.o)
 .debug_loc     0x0000000000004e8a      0x1b4 ../../lib/libcircle.a(chargenerator.o)
 .debug_loc     0x000000000000503e      0x142 ../../lib/libcircle.a(debug.o)
 .debug_loc     0x0000000000005180      0x33d ../../lib/libcircle.a(devicenameservice.o)
 .debug_loc     0x00000000000054bd      0x4b3 ../../lib/libcircle.a(logger.o)
 .debug_loc     0x0000000000005970      0x5c6 ../../lib/libcircle.a(serial.o)
 .debug_loc     0x0000000000005f36     0x176d ../../lib/libcircle.a(string.o)
 .debug_loc     0x00000000000076a3      0x283 ../../lib/libcircle.a(exceptionhandler.o)
 .debug_loc     0x0000000000007926      0x454 ../../lib/libcircle.a(interrupt.o)
 .debug_loc     0x0000000000007d7a      0x3a6 ../../lib/libcircle.a(gpiomanager.o)
 .debug_loc     0x0000000000008120      0x363 ../../lib/libcircle.a(virtualgpiopin.o)
 .debug_loc     0x0000000000008483      0x302 ../../lib/libcircle.a(machineinfo.o)
 .debug_loc     0x0000000000008785      0x352 ../../lib/libcircle.a(ptrlist.o)
 .debug_loc     0x0000000000008ad7      0x4eb ../../lib/libcircle.a(alloc.o)
 .debug_loc     0x0000000000008fc2      0x27b ../../lib/libcircle.a(bcmmailbox.o)
 .debug_loc     0x000000000000923d      0x81c ../../lib/libcircle.a(util.o)
 .debug_loc     0x0000000000009a59      0x363 ../../lib/libcircle.a(bcmframebuffer.o)
 .debug_loc     0x0000000000009dbc       0x60 ../../lib/libcircle.a(device.o)

.debug_aranges  0x0000000000000000      0x498
 .debug_aranges
                0x0000000000000000       0x20 main.o
 .debug_aranges
                0x0000000000000020       0x20 kernel.o
 .debug_aranges
                0x0000000000000040       0x20 ../../app/lib/emulator/libemu.a(nes.o)
 .debug_aranges
                0x0000000000000060       0x20 ../../app/lib/emulator/libemu.a(cpu.o)
 .debug_aranges
                0x0000000000000080       0x20 ../../app/lib/emulator/libemu.a(ppu.o)
 .debug_aranges
                0x00000000000000a0       0x20 ../../app/lib/emulator/libemu.a(cpu_addressing.o)
 .debug_aranges
                0x00000000000000c0       0x20 ../../app/lib/emulator/libemu.a(rom.o)
 .debug_aranges
                0x00000000000000e0       0x20 ../../lib/libcircle.a(actled.o)
 .debug_aranges
                0x0000000000000100       0x20 ../../lib/libcircle.a(bcmpropertytags.o)
 .debug_aranges
                0x0000000000000120       0x28 ../../lib/libcircle.a(gpiopin.o)
 .debug_aranges
                0x0000000000000148       0x20 ../../lib/libcircle.a(memory.o)
 .debug_aranges
                0x0000000000000168       0x20 ../../lib/libcircle.a(new.o)
 .debug_aranges
                0x0000000000000188       0x20 ../../lib/libcircle.a(synchronize.o)
 .debug_aranges
                0x00000000000001a8       0x20 ../../lib/libcircle.a(sysinit.o)
 .debug_aranges
                0x00000000000001c8       0x20 ../../lib/libcircle.a(timer.o)
 .debug_aranges
                0x00000000000001e8       0x20 ../../lib/libcircle.a(koptions.o)
 .debug_aranges
                0x0000000000000208       0x20 ../../lib/libcircle.a(pagetable.o)
 .debug_aranges
                0x0000000000000228       0x20 ../../lib/libcircle.a(screen.o)
 .debug_aranges
                0x0000000000000248       0x20 ../../lib/libcircle.a(assert.o)
 .debug_aranges
                0x0000000000000268       0x20 ../../lib/libcircle.a(chargenerator.o)
 .debug_aranges
                0x0000000000000288       0x20 ../../lib/libcircle.a(debug.o)
 .debug_aranges
                0x00000000000002a8       0x20 ../../lib/libcircle.a(devicenameservice.o)
 .debug_aranges
                0x00000000000002c8       0x20 ../../lib/libcircle.a(logger.o)
 .debug_aranges
                0x00000000000002e8       0x20 ../../lib/libcircle.a(serial.o)
 .debug_aranges
                0x0000000000000308       0x20 ../../lib/libcircle.a(string.o)
 .debug_aranges
                0x0000000000000328       0x20 ../../lib/libcircle.a(exceptionhandler.o)
 .debug_aranges
                0x0000000000000348       0x20 ../../lib/libcircle.a(interrupt.o)
 .debug_aranges
                0x0000000000000368       0x20 ../../lib/libcircle.a(gpiomanager.o)
 .debug_aranges
                0x0000000000000388       0x28 ../../lib/libcircle.a(virtualgpiopin.o)
 .debug_aranges
                0x00000000000003b0       0x20 ../../lib/libcircle.a(machineinfo.o)
 .debug_aranges
                0x00000000000003d0       0x20 ../../lib/libcircle.a(ptrlist.o)
 .debug_aranges
                0x00000000000003f0       0x28 ../../lib/libcircle.a(alloc.o)
 .debug_aranges
                0x0000000000000418       0x20 ../../lib/libcircle.a(bcmmailbox.o)
 .debug_aranges
                0x0000000000000438       0x20 ../../lib/libcircle.a(util.o)
 .debug_aranges
                0x0000000000000458       0x20 ../../lib/libcircle.a(bcmframebuffer.o)
 .debug_aranges
                0x0000000000000478       0x20 ../../lib/libcircle.a(device.o)

.debug_ranges   0x0000000000000000     0x1390
 .debug_ranges  0x0000000000000000       0x10 main.o
 .debug_ranges  0x0000000000000010       0x40 ../../lib/libcircle.a(actled.o)
 .debug_ranges  0x0000000000000050      0x250 ../../lib/libcircle.a(gpiopin.o)
 .debug_ranges  0x00000000000002a0       0x20 ../../lib/libcircle.a(memory.o)
 .debug_ranges  0x00000000000002c0       0x60 ../../lib/libcircle.a(sysinit.o)
 .debug_ranges  0x0000000000000320      0x338 ../../lib/libcircle.a(timer.o)
 .debug_ranges  0x0000000000000658       0xd8 ../../lib/libcircle.a(koptions.o)
 .debug_ranges  0x0000000000000730       0x58 ../../lib/libcircle.a(pagetable.o)
 .debug_ranges  0x0000000000000788      0x2f8 ../../lib/libcircle.a(screen.o)
 .debug_ranges  0x0000000000000a80       0x38 ../../lib/libcircle.a(debug.o)
 .debug_ranges  0x0000000000000ab8       0xa0 ../../lib/libcircle.a(devicenameservice.o)
 .debug_ranges  0x0000000000000b58       0x88 ../../lib/libcircle.a(logger.o)
 .debug_ranges  0x0000000000000be0      0x110 ../../lib/libcircle.a(serial.o)
 .debug_ranges  0x0000000000000cf0      0x218 ../../lib/libcircle.a(string.o)
 .debug_ranges  0x0000000000000f08       0x38 ../../lib/libcircle.a(exceptionhandler.o)
 .debug_ranges  0x0000000000000f40       0x60 ../../lib/libcircle.a(interrupt.o)
 .debug_ranges  0x0000000000000fa0       0x90 ../../lib/libcircle.a(gpiomanager.o)
 .debug_ranges  0x0000000000001030       0x98 ../../lib/libcircle.a(virtualgpiopin.o)
 .debug_ranges  0x00000000000010c8       0x68 ../../lib/libcircle.a(machineinfo.o)
 .debug_ranges  0x0000000000001130      0x128 ../../lib/libcircle.a(alloc.o)
 .debug_ranges  0x0000000000001258       0xb8 ../../lib/libcircle.a(bcmmailbox.o)
 .debug_ranges  0x0000000000001310       0x20 ../../lib/libcircle.a(util.o)
 .debug_ranges  0x0000000000001330       0x60 ../../lib/libcircle.a(bcmframebuffer.o)

.debug_line     0x0000000000000000     0x3bca
 .debug_line    0x0000000000000000      0x1c3 main.o
 .debug_line    0x00000000000001c3      0x1e5 kernel.o
 .debug_line    0x00000000000003a8       0x9a ../../app/lib/emulator/libemu.a(nes.o)
 .debug_line    0x0000000000000442       0xde ../../app/lib/emulator/libemu.a(cpu.o)
 .debug_line    0x0000000000000520       0x49 ../../app/lib/emulator/libemu.a(ppu.o)
 .debug_line    0x0000000000000569       0xb9 ../../app/lib/emulator/libemu.a(cpu_addressing.o)
 .debug_line    0x0000000000000622       0x56 ../../app/lib/emulator/libemu.a(rom.o)
 .debug_line    0x0000000000000678      0x14d ../../lib/libcircle.a(actled.o)
 .debug_line    0x00000000000007c5      0x10b ../../lib/libcircle.a(bcmpropertytags.o)
 .debug_line    0x00000000000008d0      0x627 ../../lib/libcircle.a(gpiopin.o)
 .debug_line    0x0000000000000ef7      0x168 ../../lib/libcircle.a(memory.o)
 .debug_line    0x000000000000105f       0x59 ../../lib/libcircle.a(new.o)
 .debug_line    0x00000000000010b8       0x9f ../../lib/libcircle.a(synchronize.o)
 .debug_line    0x0000000000001157       0xe9 ../../lib/libcircle.a(sysinit.o)
 .debug_line    0x0000000000001240      0x4f0 ../../lib/libcircle.a(timer.o)
 .debug_line    0x0000000000001730      0x1c7 ../../lib/libcircle.a(koptions.o)
 .debug_line    0x00000000000018f7      0x167 ../../lib/libcircle.a(pagetable.o)
 .debug_line    0x0000000000001a5e      0x4f7 ../../lib/libcircle.a(screen.o)
 .debug_line    0x0000000000001f55       0xd6 ../../lib/libcircle.a(assert.o)
 .debug_line    0x000000000000202b       0xb8 ../../lib/libcircle.a(chargenerator.o)
 .debug_line    0x00000000000020e3       0xf5 ../../lib/libcircle.a(debug.o)
 .debug_line    0x00000000000021d8      0x1bd ../../lib/libcircle.a(devicenameservice.o)
 .debug_line    0x0000000000002395      0x21d ../../lib/libcircle.a(logger.o)
 .debug_line    0x00000000000025b2      0x1e4 ../../lib/libcircle.a(serial.o)
 .debug_line    0x0000000000002796      0x3a9 ../../lib/libcircle.a(string.o)
 .debug_line    0x0000000000002b3f      0x188 ../../lib/libcircle.a(exceptionhandler.o)
 .debug_line    0x0000000000002cc7      0x1eb ../../lib/libcircle.a(interrupt.o)
 .debug_line    0x0000000000002eb2      0x196 ../../lib/libcircle.a(gpiomanager.o)
 .debug_line    0x0000000000003048      0x15c ../../lib/libcircle.a(virtualgpiopin.o)
 .debug_line    0x00000000000031a4      0x1b3 ../../lib/libcircle.a(machineinfo.o)
 .debug_line    0x0000000000003357      0x175 ../../lib/libcircle.a(ptrlist.o)
 .debug_line    0x00000000000034cc      0x222 ../../lib/libcircle.a(alloc.o)
 .debug_line    0x00000000000036ee      0x1b3 ../../lib/libcircle.a(bcmmailbox.o)
 .debug_line    0x00000000000038a1      0x14d ../../lib/libcircle.a(util.o)
 .debug_line    0x00000000000039ee      0x175 ../../lib/libcircle.a(bcmframebuffer.o)
 .debug_line    0x0000000000003b63       0x67 ../../lib/libcircle.a(device.o)

.debug_str      0x0000000000000000     0x5a8f
 .debug_str     0x0000000000000000     0x285b main.o
                                       0x29e3 (size before relaxing)
 .debug_str     0x000000000000285b       0x87 kernel.o
                                       0x2a44 (size before relaxing)
 .debug_str     0x00000000000028e2      0x15b ../../app/lib/emulator/libemu.a(nes.o)
                                       0x15c7 (size before relaxing)
 .debug_str     0x0000000000002a3d       0x55 ../../app/lib/emulator/libemu.a(cpu.o)
                                       0x1465 (size before relaxing)
 .debug_str     0x0000000000002a92       0x19 ../../app/lib/emulator/libemu.a(ppu.o)
                                        0x458 (size before relaxing)
 .debug_str     0x0000000000002aab       0x34 ../../app/lib/emulator/libemu.a(cpu_addressing.o)
                                       0x1448 (size before relaxing)
 .debug_str     0x0000000000002adf        0x8 ../../app/lib/emulator/libemu.a(rom.o)
                                        0x2bb (size before relaxing)
 .debug_str     0x0000000000002ae7      0x2f4 ../../lib/libcircle.a(actled.o)
                                        0xd4a (size before relaxing)
 .debug_str     0x0000000000002ddb       0xbd ../../lib/libcircle.a(bcmpropertytags.o)
                                        0x451 (size before relaxing)
 .debug_str     0x0000000000002e98      0xc03 ../../lib/libcircle.a(gpiopin.o)
                                       0x16db (size before relaxing)
 .debug_str     0x0000000000003a9b       0x8b ../../lib/libcircle.a(memory.o)
                                        0x704 (size before relaxing)
 .debug_str     0x0000000000003b26       0x46 ../../lib/libcircle.a(new.o)
                                        0x14a (size before relaxing)
 .debug_str     0x0000000000003b6c       0x62 ../../lib/libcircle.a(synchronize.o)
                                        0x1c2 (size before relaxing)
 .debug_str     0x0000000000003bce       0x95 ../../lib/libcircle.a(sysinit.o)
                                        0x68a (size before relaxing)
 .debug_str     0x0000000000003c63      0x1ac ../../lib/libcircle.a(timer.o)
                                        0xe4d (size before relaxing)
 .debug_str     0x0000000000003e0f       0x99 ../../lib/libcircle.a(koptions.o)
                                        0x779 (size before relaxing)
 .debug_str     0x0000000000003ea8       0x6c ../../lib/libcircle.a(pagetable.o)
                                        0x2ec (size before relaxing)
 .debug_str     0x0000000000003f14      0xcce ../../lib/libcircle.a(screen.o)
                                       0x11ed (size before relaxing)
 .debug_str     0x0000000000004be2       0x7d ../../lib/libcircle.a(assert.o)
                                        0xc27 (size before relaxing)
 .debug_str     0x0000000000004c5f       0x6d ../../lib/libcircle.a(chargenerator.o)
                                        0x307 (size before relaxing)
 .debug_str     0x0000000000004ccc       0x63 ../../lib/libcircle.a(debug.o)
                                        0xc09 (size before relaxing)
 .debug_str     0x0000000000004d2f       0x83 ../../lib/libcircle.a(devicenameservice.o)
                                        0x41e (size before relaxing)
 .debug_str     0x0000000000004db2       0xd2 ../../lib/libcircle.a(logger.o)
                                       0x11d1 (size before relaxing)
 .debug_str     0x0000000000004e84      0x144 ../../lib/libcircle.a(serial.o)
                                        0xa91 (size before relaxing)
 .debug_str     0x0000000000004fc8      0x286 ../../lib/libcircle.a(string.o)
                                        0x591 (size before relaxing)
 .debug_str     0x000000000000524e      0x105 ../../lib/libcircle.a(exceptionhandler.o)
                                        0xdf2 (size before relaxing)
 .debug_str     0x0000000000005353       0x6f ../../lib/libcircle.a(interrupt.o)
                                        0x48d (size before relaxing)
 .debug_str     0x00000000000053c2       0x5b ../../lib/libcircle.a(gpiomanager.o)
                                        0x5ee (size before relaxing)
 .debug_str     0x000000000000541d      0x17e ../../lib/libcircle.a(virtualgpiopin.o)
                                        0x657 (size before relaxing)
 .debug_str     0x000000000000559b       0xaf ../../lib/libcircle.a(machineinfo.o)
                                        0x924 (size before relaxing)
 .debug_str     0x000000000000564a       0x48 ../../lib/libcircle.a(ptrlist.o)
                                        0x304 (size before relaxing)
 .debug_str     0x0000000000005692      0x12a ../../lib/libcircle.a(alloc.o)
                                        0x3bf (size before relaxing)
 .debug_str     0x00000000000057bc       0x3f ../../lib/libcircle.a(bcmmailbox.o)
                                        0xb76 (size before relaxing)
 .debug_str     0x00000000000057fb       0xa1 ../../lib/libcircle.a(util.o)
                                        0x265 (size before relaxing)
 .debug_str     0x000000000000589c      0x120 ../../lib/libcircle.a(bcmframebuffer.o)
                                        0x8ba (size before relaxing)
 .debug_str     0x00000000000059bc       0xd3 ../../lib/libcircle.a(device.o)
                                        0x211 (size before relaxing)

.debug_frame    0x0000000000000000     0x2988
 .debug_frame   0x0000000000000000       0x34 main.o
 .debug_frame   0x0000000000000034       0x84 kernel.o
 .debug_frame   0x00000000000000b8       0x2c ../../app/lib/emulator/libemu.a(nes.o)
 .debug_frame   0x00000000000000e4      0xa18 ../../app/lib/emulator/libemu.a(cpu.o)
 .debug_frame   0x0000000000000afc       0x28 ../../app/lib/emulator/libemu.a(ppu.o)
 .debug_frame   0x0000000000000b24       0xb0 ../../app/lib/emulator/libemu.a(cpu_addressing.o)
 .debug_frame   0x0000000000000bd4       0x60 ../../app/lib/emulator/libemu.a(rom.o)
 .debug_frame   0x0000000000000c34       0x98 ../../lib/libcircle.a(actled.o)
 .debug_frame   0x0000000000000ccc       0x84 ../../lib/libcircle.a(bcmpropertytags.o)
 .debug_frame   0x0000000000000d50      0x2b4 ../../lib/libcircle.a(gpiopin.o)
 .debug_frame   0x0000000000001004       0x78 ../../lib/libcircle.a(memory.o)
 .debug_frame   0x000000000000107c       0x50 ../../lib/libcircle.a(new.o)
 .debug_frame   0x00000000000010cc       0x50 ../../lib/libcircle.a(synchronize.o)
 .debug_frame   0x000000000000111c       0x5c ../../lib/libcircle.a(sysinit.o)
 .debug_frame   0x0000000000001178      0x288 ../../lib/libcircle.a(timer.o)
 .debug_frame   0x0000000000001400      0x120 ../../lib/libcircle.a(koptions.o)
 .debug_frame   0x0000000000001520       0x74 ../../lib/libcircle.a(pagetable.o)
 .debug_frame   0x0000000000001594      0x4a4 ../../lib/libcircle.a(screen.o)
 .debug_frame   0x0000000000001a38       0x34 ../../lib/libcircle.a(assert.o)
 .debug_frame   0x0000000000001a6c       0x7c ../../lib/libcircle.a(chargenerator.o)
 .debug_frame   0x0000000000001ae8       0x6c ../../lib/libcircle.a(debug.o)
 .debug_frame   0x0000000000001b54       0xb0 ../../lib/libcircle.a(devicenameservice.o)
 .debug_frame   0x0000000000001c04      0x108 ../../lib/libcircle.a(logger.o)
 .debug_frame   0x0000000000001d0c       0xa4 ../../lib/libcircle.a(serial.o)
 .debug_frame   0x0000000000001db0      0x21c ../../lib/libcircle.a(string.o)
 .debug_frame   0x0000000000001fcc       0xcc ../../lib/libcircle.a(exceptionhandler.o)
 .debug_frame   0x0000000000002098      0x12c ../../lib/libcircle.a(interrupt.o)
 .debug_frame   0x00000000000021c4       0xd8 ../../lib/libcircle.a(gpiomanager.o)
 .debug_frame   0x000000000000229c       0xb8 ../../lib/libcircle.a(virtualgpiopin.o)
 .debug_frame   0x0000000000002354      0x134 ../../lib/libcircle.a(machineinfo.o)
 .debug_frame   0x0000000000002488      0x100 ../../lib/libcircle.a(ptrlist.o)
 .debug_frame   0x0000000000002588       0xc4 ../../lib/libcircle.a(alloc.o)
 .debug_frame   0x000000000000264c       0x90 ../../lib/libcircle.a(bcmmailbox.o)
 .debug_frame   0x00000000000026dc       0xdc ../../lib/libcircle.a(util.o)
 .debug_frame   0x00000000000027b8      0x168 ../../lib/libcircle.a(bcmframebuffer.o)
 .debug_frame   0x0000000000002920       0x68 ../../lib/libcircle.a(device.o)
