Archive member included to satisfy reference by file (symbol)

../../app/lib/emulator/libemu.a(nes.o)
                              kernel.o (Nes::Nes())
../../app/lib/emulator/libemu.a(cpu.o)
                              ../../app/lib/emulator/libemu.a(nes.o) (Cpu::Cpu(Rom const*))
../../app/lib/emulator/libemu.a(ppu.o)
                              ../../app/lib/emulator/libemu.a(nes.o) (Ppu::Ppu(Rom const*))
../../app/lib/emulator/libemu.a(cpu_addressing.o)
                              ../../app/lib/emulator/libemu.a(cpu.o) (Cpu::ZeroPage(unsigned char) const)
../../app/lib/emulator/libemu.a(rom.o)
                              ../../app/lib/emulator/libemu.a(cpu.o) (Rom::GetHeader() const)
../../lib/libcircle.a(actled.o)
                              kernel.o (CActLED::~CActLED())
../../lib/libcircle.a(bcmpropertytags.o)
                              ../../lib/libcircle.a(actled.o) (CBcmPropertyTags::CBcmPropertyTags())
../../lib/libcircle.a(gpiopin.o)
                              ../../lib/libcircle.a(actled.o) (CGPIOPin::Write(unsigned int))
../../lib/libcircle.a(memory.o)
                              kernel.o (CMemorySystem::~CMemorySystem())
../../lib/libcircle.a(new.o)  ../../app/lib/emulator/libemu.a(nes.o) (operator new(unsigned int))
../../lib/libcircle.a(synchronize.o)
                              ../../lib/libcircle.a(gpiopin.o) (EnterCritical)
../../lib/libcircle.a(sysinit.o)
                              main.o (halt)
../../lib/libcircle.a(timer.o)
                              kernel.o (CTimer::CTimer(CInterruptSystem*))
../../lib/libcircle.a(util_fast.o)
                              ../../app/lib/emulator/libemu.a(nes.o) (memcpy)
../../lib/libcircle.a(koptions.o)
                              kernel.o (CKernelOptions::~CKernelOptions())
../../lib/libcircle.a(pagetable.o)
                              ../../lib/libcircle.a(memory.o) (CPageTable::CPageTable())
../../lib/libcircle.a(screen.o)
                              kernel.o (CScreenDevice::~CScreenDevice())
../../lib/libcircle.a(assert.o)
                              ../../lib/libcircle.a(bcmpropertytags.o) (assertion_failed)
../../lib/libcircle.a(chargenerator.o)
                              ../../lib/libcircle.a(screen.o) (CCharGenerator::CCharGenerator())
../../lib/libcircle.a(debug.o)
                              ../../lib/libcircle.a(assert.o) (debug_stacktrace(unsigned int const*, char const*))
../../lib/libcircle.a(devicenameservice.o)
                              kernel.o (CDeviceNameService::CDeviceNameService())
../../lib/libcircle.a(logger.o)
                              kernel.o (CLogger::CLogger(unsigned int, CTimer*))
../../lib/libcircle.a(serial.o)
                              kernel.o (CSerialDevice::CSerialDevice())
../../lib/libcircle.a(string.o)
                              ../../lib/libcircle.a(assert.o) (CString::~CString())
../../lib/libcircle.a(delayloop.o)
                              ../../lib/libcircle.a(timer.o) (DelayLoop)
../../lib/libcircle.a(exceptionhandler.o)
                              kernel.o (CExceptionHandler::CExceptionHandler())
../../lib/libcircle.a(exceptionstub.o)
                              ../../lib/libcircle.a(exceptionhandler.o) (UndefinedInstructionStub)
../../lib/libcircle.a(interrupt.o)
                              kernel.o (CInterruptSystem::CInterruptSystem())
../../lib/libcircle.a(gpiomanager.o)
                              ../../lib/libcircle.a(gpiopin.o) (CGPIOManager::ConnectInterrupt(CGPIOPin*))
../../lib/libcircle.a(virtualgpiopin.o)
                              ../../lib/libcircle.a(actled.o) (CVirtualGPIOPin::CVirtualGPIOPin(unsigned int))
../../lib/libcircle.a(machineinfo.o)
                              ../../lib/libcircle.a(sysinit.o) (CMachineInfo::CMachineInfo())
../../lib/libcircle.a(cache-v7.o)
                              ../../lib/libcircle.a(sysinit.o) (InvalidateDataCacheL1Only)
../../lib/libcircle.a(ptrlist.o)
                              ../../lib/libcircle.a(timer.o) (CPtrList::CPtrList())
../../lib/libcircle.a(alloc.o)
                              ../../lib/libcircle.a(memory.o) (mem_init)
../../lib/libcircle.a(bcmmailbox.o)
                              ../../lib/libcircle.a(bcmpropertytags.o) (CBcmMailBox::CBcmMailBox(unsigned int))
../../lib/libcircle.a(util.o)
                              ../../lib/libcircle.a(screen.o) (memset)
../../lib/libcircle.a(bcmframebuffer.o)
                              ../../lib/libcircle.a(screen.o) (CBcmFrameBuffer::CBcmFrameBuffer(unsigned int, unsigned int, unsigned int, unsigned int, unsigned int))
../../lib/libcircle.a(device.o)
                              ../../lib/libcircle.a(screen.o) (CDevice::~CDevice())

Memory Configuration

Name             Origin             Length             Attributes
*default*        0x0000000000000000 0xffffffffffffffff

Linker script and memory map

                0x0000000000008000                . = 0x8000

.text           0x0000000000008000     0x93dc
 *(.text*)
 .text          0x0000000000008000       0x68 ../../lib/startup.o
                0x0000000000008000                _start
                0x000000000000805c                _start_secondary
 .text          0x0000000000008068        0x0 main.o
 .text.startup  0x0000000000008068       0x58 main.o
                0x0000000000008068                main
 .text          0x00000000000080c0      0x1fc kernel.o
                0x00000000000080c0                CKernel::CKernel()
                0x00000000000080c0                CKernel::CKernel()
                0x0000000000008180                CKernel::Initialize()
                0x000000000000821c                CKernel::Run()
                0x0000000000008248                CKernel::~CKernel()
                0x0000000000008248                CKernel::~CKernel()
 .text          0x00000000000082bc       0x88 ../../app/lib/emulator/libemu.a(nes.o)
                0x00000000000082bc                Nes::Nes()
                0x00000000000082bc                Nes::Nes()
 .text          0x0000000000008344     0x14e4 ../../app/lib/emulator/libemu.a(cpu.o)
                0x0000000000008344                Cpu::ORA_IMM()
                0x0000000000008394                Cpu::AND_IMM()
                0x00000000000083f0                Cpu::UNIMP()
                0x00000000000083f4                Cpu::SBC_IND_X()
                0x0000000000008414                Cpu::LDA_IND_X()
                0x0000000000008418                Cpu::STA_IND_X()
                0x000000000000841c                Cpu::ADC_IND_X()
                0x0000000000008420                Cpu::EOR_IND_X()
                0x0000000000008424                Cpu::AND_IND_X()
                0x0000000000008494                Cpu::ORA_IND_X()
                0x0000000000008504                Cpu::INC_ZP()
                0x000000000000851c                Cpu::SBC_ZP()
                0x0000000000008520                Cpu::DEC_ZP()
                0x0000000000008524                Cpu::LDX_ZP()
                0x0000000000008528                Cpu::LDA_ZP()
                0x000000000000852c                Cpu::LDY_ZP()
                0x0000000000008530                Cpu::STX_ZP()
                0x0000000000008534                Cpu::STA_ZP()
                0x0000000000008538                Cpu::STY_ZP()
                0x000000000000853c                Cpu::ADC_ZP()
                0x0000000000008540                Cpu::LSR_ZP()
                0x0000000000008544                Cpu::EOR_ZP()
                0x0000000000008548                Cpu::AND_ZP()
                0x00000000000085b4                Cpu::ORA_ZP()
                0x0000000000008620                Cpu::INC_ABS()
                0x0000000000008648                Cpu::SBC_ABS()
                0x000000000000864c                Cpu::DEC_ABS()
                0x0000000000008650                Cpu::LDX_ABS()
                0x0000000000008654                Cpu::LDA_ABS()
                0x0000000000008658                Cpu::LDY_ABS()
                0x000000000000865c                Cpu::STX_ABS()
                0x0000000000008660                Cpu::STA_ABS()
                0x0000000000008664                Cpu::STY_ABS()
                0x0000000000008668                Cpu::ADC_ABS()
                0x000000000000866c                Cpu::LSR_ABS()
                0x0000000000008670                Cpu::EOR_ABS()
                0x0000000000008674                Cpu::JMP_ABS()
                0x0000000000008678                Cpu::AND_ABS()
                0x00000000000086f0                Cpu::ORA_ABS()
                0x0000000000008768                Cpu::SBC_IND_Y()
                0x0000000000008788                Cpu::LDA_IND_Y()
                0x000000000000878c                Cpu::STA_IND_Y()
                0x0000000000008790                Cpu::ADC_IND_Y()
                0x0000000000008794                Cpu::EOR_IND_Y()
                0x0000000000008798                Cpu::AND_IND_Y()
                0x0000000000008808                Cpu::ORA_IND_Y()
                0x0000000000008878                Cpu::INC_ZP_X()
                0x0000000000008898                Cpu::SBC_ZP_X()
                0x000000000000889c                Cpu::DEC_ZP_X()
                0x00000000000088a0                Cpu::LDA_ZP_X()
                0x00000000000088a4                Cpu::LDY_ZP_X()
                0x00000000000088a8                Cpu::STA_ZP_X()
                0x00000000000088ac                Cpu::STY_ZP_X()
                0x00000000000088b0                Cpu::ADC_ZP_X()
                0x00000000000088b4                Cpu::LSR_ZP_X()
                0x00000000000088b8                Cpu::EOR_ZP_X()
                0x00000000000088bc                Cpu::LDX_ZP_Y()
                0x00000000000088dc                Cpu::STX_ZP_Y()
                0x00000000000088e0                Cpu::AND_ZP_X()
                0x0000000000008950                Cpu::ORA_ZP_X()
                0x00000000000089c0                Cpu::INC_ABS_X()
                0x00000000000089f0                Cpu::SBC_ABS_X()
                0x00000000000089f4                Cpu::DEC_ABS_X()
                0x00000000000089f8                Cpu::LDA_ABS_X()
                0x00000000000089fc                Cpu::LDY_ABS_X()
                0x0000000000008a00                Cpu::STA_ABS_X()
                0x0000000000008a04                Cpu::ADC_ABS_X()
                0x0000000000008a08                Cpu::LSR_ABS_X()
                0x0000000000008a0c                Cpu::EOR_ABS_X()
                0x0000000000008a10                Cpu::SBC_ABS_Y()
                0x0000000000008a40                Cpu::LDX_ABS_Y()
                0x0000000000008a44                Cpu::LDA_ABS_Y()
                0x0000000000008a48                Cpu::STA_ABS_Y()
                0x0000000000008a4c                Cpu::ADC_ABS_Y()
                0x0000000000008a50                Cpu::EOR_ABS_Y()
                0x0000000000008a54                Cpu::AND_ABS_Y()
                0x0000000000008acc                Cpu::AND_ABS_X()
                0x0000000000008b44                Cpu::ORA_ABS_Y()
                0x0000000000008bbc                Cpu::ORA_ABS_X()
                0x0000000000008c34                Cpu::JMP_IND()
                0x0000000000008c5c                Cpu::CLD()
                0x0000000000008c60                Cpu::SED()
                0x0000000000008c64                Cpu::BRK()
                0x0000000000008c68                Cpu::PHP()
                0x0000000000008c6c                Cpu::BPL()
                0x0000000000008c70                Cpu::CLC()
                0x0000000000008c74                Cpu::INX()
                0x0000000000008c78                Cpu::SBC_IMM()
                0x0000000000008c7c                Cpu::NOP()
                0x0000000000008c80                Cpu::BEQ()
                0x0000000000008c84                Cpu::JSR()
                0x0000000000008c88                Cpu::PLP()
                0x0000000000008c8c                Cpu::BMI()
                0x0000000000008c90                Cpu::SEC()
                0x0000000000008c94                Cpu::RTI()
                0x0000000000008c98                Cpu::PHA()
                0x0000000000008c9c                Cpu::EOR_IMM()
                0x0000000000008ca0                Cpu::LSR_ACC()
                0x0000000000008ca4                Cpu::BVC()
                0x0000000000008ca8                Cpu::CLI()
                0x0000000000008cac                Cpu::RTS()
                0x0000000000008cb0                Cpu::PLA()
                0x0000000000008cb4                Cpu::ADC_IMM()
                0x0000000000008cb8                Cpu::BVS()
                0x0000000000008cbc                Cpu::SEI()
                0x0000000000008cc0                Cpu::DEY()
                0x0000000000008cc4                Cpu::TXA()
                0x0000000000008cc8                Cpu::BCC()
                0x0000000000008ccc                Cpu::TYA()
                0x0000000000008cd0                Cpu::TXS()
                0x0000000000008cd4                Cpu::LDY_IMM()
                0x0000000000008cd8                Cpu::LDX_IMM()
                0x0000000000008cdc                Cpu::TAY()
                0x0000000000008ce0                Cpu::LDA_IMM()
                0x0000000000008ce4                Cpu::TAX()
                0x0000000000008ce8                Cpu::BCS()
                0x0000000000008cec                Cpu::CLV()
                0x0000000000008cf0                Cpu::TSX()
                0x0000000000008cf4                Cpu::INY()
                0x0000000000008cf8                Cpu::DEX()
                0x0000000000008cfc                Cpu::BNE()
                0x0000000000008d00                Cpu::Cpu(Rom const*)
                0x0000000000008d00                Cpu::Cpu(Rom const*)
                0x0000000000008de4                Cpu::ADC(unsigned char&)
                0x0000000000008de8                Cpu::AND(unsigned char&)
                0x0000000000008e30                Cpu::ASL(unsigned char&)
                0x0000000000008e84                Cpu::ASL_ZP()
                0x0000000000008ebc                Cpu::ASL_ACC()
                0x0000000000008ec8                Cpu::ASL_ABS()
                0x0000000000008f0c                Cpu::ASL_ZP_X()
                0x0000000000008f48                Cpu::ASL_ABS_X()
                0x0000000000008f8c                Cpu::BIT(unsigned char&)
                0x0000000000008fe0                Cpu::BIT_ZP()
                0x0000000000009018                Cpu::BIT_ABS()
                0x000000000000905c                Cpu::CMP(unsigned char&)
                0x00000000000090cc                Cpu::CMP_IND_X()
                0x0000000000009108                Cpu::CMP_ZP()
                0x0000000000009140                Cpu::CMP_IMM()
                0x0000000000009158                Cpu::CMP_ABS()
                0x000000000000919c                Cpu::CMP_IND_Y()
                0x00000000000091d8                Cpu::CMP_ZP_X()
                0x0000000000009214                Cpu::CMP_ABS_Y()
                0x0000000000009258                Cpu::CMP_ABS_X()
                0x000000000000929c                Cpu::CPX(unsigned char&)
                0x000000000000930c                Cpu::CPX_IMM()
                0x0000000000009324                Cpu::CPX_ZP()
                0x000000000000935c                Cpu::CPX_ABS()
                0x00000000000093a0                Cpu::CPY(unsigned char&)
                0x0000000000009410                Cpu::CPY_IMM()
                0x0000000000009428                Cpu::CPY_ZP()
                0x0000000000009460                Cpu::CPY_ABS()
                0x00000000000094a4                Cpu::DEC(unsigned char&)
                0x00000000000094a8                Cpu::EOR(unsigned char&)
                0x00000000000094ac                Cpu::INC(unsigned char&)
                0x00000000000094b0                Cpu::JMP(unsigned char&)
                0x00000000000094b4                Cpu::LDA(unsigned char&)
                0x00000000000094b8                Cpu::LDX(unsigned char&)
                0x00000000000094bc                Cpu::LDY(unsigned char&)
                0x00000000000094c0                Cpu::LSR(unsigned char&)
                0x00000000000094c4                Cpu::ORA(unsigned char&)
                0x0000000000009508                Cpu::ROL(unsigned char&)
                0x0000000000009564                Cpu::ROL_ZP()
                0x000000000000959c                Cpu::ROL_ACC()
                0x00000000000095a8                Cpu::ROL_ABS()
                0x00000000000095ec                Cpu::ROL_ZP_X()
                0x0000000000009628                Cpu::ROL_ABS_X()
                0x000000000000966c                Cpu::ROR(unsigned char&)
                0x00000000000096d8                Cpu::ROR_ZP()
                0x0000000000009710                Cpu::ROR_ACC()
                0x000000000000971c                Cpu::ROR_ABS()
                0x0000000000009760                Cpu::ROR_ZP_X()
                0x000000000000979c                Cpu::ROR_ABS_X()
                0x00000000000097e0                Cpu::SBC(unsigned char&)
                0x00000000000097e4                Cpu::STA(unsigned char&)
                0x00000000000097e8                Cpu::STX(unsigned char&)
                0x00000000000097ec                Cpu::STY(unsigned char&)
                0x00000000000097f0                Cpu::SetFlag(unsigned char, unsigned char)
                0x0000000000009814                Cpu::GetFlag(unsigned char)
 .text          0x0000000000009828       0x18 ../../app/lib/emulator/libemu.a(ppu.o)
                0x0000000000009828                Ppu::Ppu(Rom const*)
                0x0000000000009828                Ppu::Ppu(Rom const*)
 .text          0x0000000000009840       0x94 ../../app/lib/emulator/libemu.a(cpu_addressing.o)
                0x0000000000009840                Cpu::FromValues(unsigned char) const
                0x0000000000009848                Cpu::FromValues(unsigned char, unsigned char) const
                0x0000000000009850                Cpu::ZeroPage(unsigned char) const
                0x0000000000009858                Cpu::Absolute(unsigned char, unsigned char) const
                0x0000000000009860                Cpu::Indexed(unsigned char, unsigned char, unsigned char) const
                0x0000000000009870                Cpu::ZeroPageIndexed(unsigned char, unsigned char) const
                0x0000000000009878                Cpu::Indirect(unsigned char, unsigned char) const
                0x0000000000009894                Cpu::PreIndexedIndirect(unsigned char, unsigned char) const
                0x00000000000098b4                Cpu::PostIndexedIndirect(unsigned char, unsigned char) const
 .text          0x00000000000098d4       0x80 ../../app/lib/emulator/libemu.a(rom.o)
                0x00000000000098d4                Rom::GetHeader() const
                0x0000000000009904                Rom::GetRaw() const
                0x000000000000990c                Rom::GetLength() const
                0x0000000000009914                Rom::GetTrainerOffset() const
 .text          0x0000000000009954      0x208 ../../lib/libcircle.a(actled.o)
                0x0000000000009954                CActLED::~CActLED()
                0x0000000000009954                CActLED::~CActLED()
                0x0000000000009968                CActLED::On()
                0x00000000000099a8                CActLED::Off()
                0x00000000000099e8                CActLED::CActLED()
                0x00000000000099e8                CActLED::CActLED()
                0x0000000000009b00                CActLED::Blink(unsigned int, unsigned int, unsigned int)
                0x0000000000009b4c                CActLED::Get()
 .text          0x0000000000009b5c      0x1d0 ../../lib/libcircle.a(bcmpropertytags.o)
                0x0000000000009b5c                CBcmPropertyTags::CBcmPropertyTags()
                0x0000000000009b5c                CBcmPropertyTags::CBcmPropertyTags()
                0x0000000000009b74                CBcmPropertyTags::~CBcmPropertyTags()
                0x0000000000009b74                CBcmPropertyTags::~CBcmPropertyTags()
                0x0000000000009b88                CBcmPropertyTags::GetTags(void*, unsigned int)
                0x0000000000009c7c                CBcmPropertyTags::GetTag(unsigned int, void*, unsigned int, unsigned int)
 .text          0x0000000000009d2c      0xdfc ../../lib/libcircle.a(gpiopin.o)
                0x0000000000009d2c                CGPIOPin::~CGPIOPin()
                0x0000000000009d2c                CGPIOPin::~CGPIOPin()
                0x0000000000009d30                CGPIOPin::~CGPIOPin()
                0x0000000000009d44                CGPIOPin::Write(unsigned int)
                0x0000000000009dfc                CGPIOPin::Read() const
                0x0000000000009e84                CGPIOPin::Invert()
                0x0000000000009ec4                CGPIOPin::ConnectInterrupt(void (*)(void*), void*)
                0x0000000000009fd8                CGPIOPin::DisconnectInterrupt()
                0x000000000000a0c4                CGPIOPin::EnableInterrupt(TGPIOInterrupt)
                0x000000000000a250                CGPIOPin::DisableInterrupt()
                0x000000000000a340                CGPIOPin::EnableInterrupt2(TGPIOInterrupt)
                0x000000000000a4cc                CGPIOPin::DisableInterrupt2()
                0x000000000000a5bc                CGPIOPin::SetPullUpMode(unsigned int)
                0x000000000000a690                CGPIOPin::SetAlternateFunction(unsigned int)
                0x000000000000a764                CGPIOPin::SetMode(TGPIOMode, int)
                0x000000000000a928                CGPIOPin::CGPIOPin(unsigned int, TGPIOMode, CGPIOManager*)
                0x000000000000a928                CGPIOPin::CGPIOPin(unsigned int, TGPIOMode, CGPIOManager*)
                0x000000000000a9bc                CGPIOPin::InterruptHandler()
                0x000000000000aa6c                CGPIOPin::DisableAllInterrupts(unsigned int)
 .text.startup  0x000000000000ab28       0x14 ../../lib/libcircle.a(gpiopin.o)
 .text          0x000000000000ab3c      0x26c ../../lib/libcircle.a(memory.o)
                0x000000000000ab3c                CMemorySystem::~CMemorySystem()
                0x000000000000ab3c                CMemorySystem::~CMemorySystem()
                0x000000000000abb0                CMemorySystem::GetMemSize() const
                0x000000000000abb8                CMemorySystem::EnableMMU()
                0x000000000000acc4                CMemorySystem::CMemorySystem(int)
                0x000000000000acc4                CMemorySystem::CMemorySystem(int)
 .text          0x000000000000ada8       0x10 ../../lib/libcircle.a(new.o)
                0x000000000000ada8                operator new(unsigned int)
                0x000000000000adac                operator new[](unsigned int)
                0x000000000000adb0                operator delete(void*)
                0x000000000000adb4                operator delete[](void*)
 .text          0x000000000000adb8       0xb4 ../../lib/libcircle.a(synchronize.o)
                0x000000000000adb8                EnterCritical
                0x000000000000adec                LeaveCritical
                0x000000000000ae4c                SyncDataAndInstructionCache
 .text          0x000000000000ae6c       0xe0 ../../lib/libcircle.a(sysinit.o)
                0x000000000000ae6c                __aeabi_atexit
                0x000000000000ae70                halt
                0x000000000000ae80                reboot
                0x000000000000aea4                sysinit
 .text          0x000000000000af4c      0xb8c ../../lib/libcircle.a(timer.o)
                0x000000000000af4c                CTimer::CTimer(CInterruptSystem*)
                0x000000000000af4c                CTimer::CTimer(CInterruptSystem*)
                0x000000000000afcc                CTimer::~CTimer()
                0x000000000000afcc                CTimer::~CTimer()
                0x000000000000b0b0                CTimer::SetTimeZone(int)
                0x000000000000b0d0                CTimer::GetTimeZone() const
                0x000000000000b0d8                CTimer::SetTime(unsigned int, int)
                0x000000000000b158                CTimer::GetClockTicks()
                0x000000000000b168                CTimer::GetTicks() const
                0x000000000000b170                CTimer::GetUptime() const
                0x000000000000b178                CTimer::GetTime() const
                0x000000000000b180                CTimer::GetUniversalTime() const
                0x000000000000b1a0                CTimer::GetTimeString()
                0x000000000000b38c                CTimer::StartKernelTimer(unsigned int, void (*)(unsigned int, void*, void*), void*, void*)
                0x000000000000b4ec                CTimer::CancelKernelTimer(unsigned int)
                0x000000000000b5a0                CTimer::PollKernelTimers()
                0x000000000000b6f8                CTimer::InterruptHandler()
                0x000000000000b80c                CTimer::InterruptHandler(void*)
                0x000000000000b848                CTimer::TuneMsDelay()
                0x000000000000b8f0                CTimer::Initialize()
                0x000000000000b96c                CTimer::SimpleMsDelay(unsigned int)
                0x000000000000b9ac                CTimer::SimpleusDelay(unsigned int)
                0x000000000000b9dc                CTimer::IsLeapYear(unsigned int)
                0x000000000000ba28                CTimer::GetDaysOfMonth(unsigned int, unsigned int)
                0x000000000000baa0                CTimer::Get()
 .text          0x000000000000bad8       0x5c ../../lib/libcircle.a(util_fast.o)
                0x000000000000bad8                memcpy
 .text          0x000000000000bb34      0x514 ../../lib/libcircle.a(koptions.o)
                0x000000000000bb94                CKernelOptions::~CKernelOptions()
                0x000000000000bb94                CKernelOptions::~CKernelOptions()
                0x000000000000bba8                CKernelOptions::GetWidth() const
                0x000000000000bbb0                CKernelOptions::GetHeight() const
                0x000000000000bbb8                CKernelOptions::GetLogDevice() const
                0x000000000000bbc4                CKernelOptions::GetLogLevel() const
                0x000000000000bbcc                CKernelOptions::GetKeyMap() const
                0x000000000000bbd4                CKernelOptions::GetUSBPowerDelay() const
                0x000000000000bbdc                CKernelOptions::GetCPUSpeed() const
                0x000000000000bbe4                CKernelOptions::GetSoCMaxTemp() const
                0x000000000000bbec                CKernelOptions::Get()
                0x000000000000bbfc                CKernelOptions::GetToken()
                0x000000000000bc78                CKernelOptions::CKernelOptions()
                0x000000000000bc78                CKernelOptions::CKernelOptions()
                0x000000000000bff0                CKernelOptions::GetOptionValue(char*)
                0x000000000000c028                CKernelOptions::GetDecimal(char*)
 .text          0x000000000000c048      0x220 ../../lib/libcircle.a(pagetable.o)
                0x000000000000c048                CPageTable::CPageTable()
                0x000000000000c048                CPageTable::CPageTable()
                0x000000000000c0f8                CPageTable::CPageTable(unsigned int)
                0x000000000000c0f8                CPageTable::CPageTable(unsigned int)
                0x000000000000c238                CPageTable::~CPageTable()
                0x000000000000c238                CPageTable::~CPageTable()
                0x000000000000c25c                CPageTable::GetBaseAddress() const
 .text          0x000000000000c268     0x11f4 ../../lib/libcircle.a(screen.o)
                0x000000000000c268                CScreenDevice::~CScreenDevice()
                0x000000000000c268                CScreenDevice::~CScreenDevice()
                0x000000000000c2dc                CScreenDevice::~CScreenDevice()
                0x000000000000c3c0                CScreenDevice::CScreenDevice(unsigned int, unsigned int, int)
                0x000000000000c3c0                CScreenDevice::CScreenDevice(unsigned int, unsigned int, int)
                0x000000000000c434                CScreenDevice::GetWidth() const
                0x000000000000c43c                CScreenDevice::GetHeight() const
                0x000000000000c444                CScreenDevice::GetColumns() const
                0x000000000000c460                CScreenDevice::GetRows() const
                0x000000000000c47c                CScreenDevice::GetStatus()
                0x000000000000c4ec                CScreenDevice::SetStatus(TScreenStatus)
                0x000000000000c5fc                CScreenDevice::CarriageReturn()
                0x000000000000c608                CScreenDevice::CursorHome()
                0x000000000000c61c                CScreenDevice::CursorLeft()
                0x000000000000c688                CScreenDevice::CursorMove(unsigned int, unsigned int)
                0x000000000000c6e8                CScreenDevice::CursorUp()
                0x000000000000c718                CScreenDevice::DeleteChars(unsigned int)
                0x000000000000c71c                CScreenDevice::DeleteLines(unsigned int)
                0x000000000000c720                CScreenDevice::InsertLines(unsigned int)
                0x000000000000c724                CScreenDevice::InsertMode(int)
                0x000000000000c72c                CScreenDevice::ReverseScroll()
                0x000000000000c730                CScreenDevice::SetCursorMode(int)
                0x000000000000c738                CScreenDevice::SetScrollRegion(unsigned int, unsigned int)
                0x000000000000c7b4                CScreenDevice::SetStandoutMode(unsigned int)
                0x000000000000c854                CScreenDevice::Scroll()
                0x000000000000c8ec                CScreenDevice::CursorDown()
                0x000000000000c938                CScreenDevice::NewLine()
                0x000000000000c944                CScreenDevice::CursorRight()
                0x000000000000c980                CScreenDevice::Tabulator()
                0x000000000000c9c8                CScreenDevice::DisplayChar(char, unsigned int, unsigned int, unsigned char)
                0x000000000000ca80                CScreenDevice::DisplayChar(char)
                0x000000000000cabc                CScreenDevice::EraseChar(unsigned int, unsigned int)
                0x000000000000cb2c                CScreenDevice::ClearLineEnd()
                0x000000000000cbd4                CScreenDevice::EraseChars(unsigned int)
                0x000000000000cbe0                CScreenDevice::ClearDisplayEnd()
                0x000000000000cc60                CScreenDevice::Write(char)
                0x000000000000d15c                CScreenDevice::Write(void const*, unsigned int)
                0x000000000000d21c                CScreenDevice::Initialize()
                0x000000000000d3ac                CScreenDevice::InvertCursor()
                0x000000000000d3bc                CScreenDevice::SetPixel(unsigned int, unsigned int, unsigned char)
                0x000000000000d3cc                CScreenDevice::GetPixel(unsigned int, unsigned int)
                0x000000000000d400                CScreenDevice::Rotor(unsigned int, unsigned int)
 .text          0x000000000000d45c       0x88 ../../lib/libcircle.a(assert.o)
                0x000000000000d45c                assertion_failed
 .text          0x000000000000d4e4       0xa8 ../../lib/libcircle.a(chargenerator.o)
                0x000000000000d4e4                CCharGenerator::CCharGenerator()
                0x000000000000d4e4                CCharGenerator::CCharGenerator()
                0x000000000000d4f0                CCharGenerator::~CCharGenerator()
                0x000000000000d4f0                CCharGenerator::~CCharGenerator()
                0x000000000000d4f4                CCharGenerator::GetCharWidth() const
                0x000000000000d4fc                CCharGenerator::GetCharHeight() const
                0x000000000000d504                CCharGenerator::GetUnderline() const
                0x000000000000d50c                CCharGenerator::GetPixel(char, unsigned int, unsigned int) const
 .text          0x000000000000d58c      0x19c ../../lib/libcircle.a(debug.o)
                0x000000000000d58c                debug_hexdump(void const*, unsigned int, char const*)
                0x000000000000d698                debug_stacktrace(unsigned int const*, char const*)
 .text          0x000000000000d728      0x2b8 ../../lib/libcircle.a(devicenameservice.o)
                0x000000000000d728                CDeviceNameService::CDeviceNameService()
                0x000000000000d728                CDeviceNameService::CDeviceNameService()
                0x000000000000d774                CDeviceNameService::~CDeviceNameService()
                0x000000000000d774                CDeviceNameService::~CDeviceNameService()
                0x000000000000d7d8                CDeviceNameService::AddDevice(char const*, CDevice*, int)
                0x000000000000d898                CDeviceNameService::GetDevice(char const*, int)
                0x000000000000d9a8                CDeviceNameService::Get()
 .text          0x000000000000d9e0      0x460 ../../lib/libcircle.a(logger.o)
                0x000000000000d9e0                CLogger::CLogger(unsigned int, CTimer*)
                0x000000000000d9e0                CLogger::CLogger(unsigned int, CTimer*)
                0x000000000000da28                CLogger::~CLogger()
                0x000000000000da28                CLogger::~CLogger()
                0x000000000000da58                CLogger::Get()
                0x000000000000da68                CLogger::Write(char const*)
                0x000000000000db10                CLogger::Read(void*, unsigned int)
                0x000000000000dbcc                CLogger::WriteV(char const*, TLogSeverity, char const*, std::__va_list)
                0x000000000000ddcc                CLogger::Write(char const*, TLogSeverity, char const*, ...)
                0x000000000000ddfc                CLogger::Initialize(CDevice*)
 .text          0x000000000000de40      0x2e4 ../../lib/libcircle.a(serial.o)
                0x000000000000de40                CSerialDevice::Write(void const*, unsigned int)
                0x000000000000def8                CSerialDevice::CSerialDevice()
                0x000000000000def8                CSerialDevice::CSerialDevice()
                0x000000000000df70                CSerialDevice::Initialize(unsigned int)
                0x000000000000e098                CSerialDevice::Write(unsigned char)
                0x000000000000e0b4                CSerialDevice::~CSerialDevice()
                0x000000000000e0b4                CSerialDevice::~CSerialDevice()
                0x000000000000e108                CSerialDevice::~CSerialDevice()
 *fill*         0x000000000000e124        0x4 
 .text          0x000000000000e128      0xd44 ../../lib/libcircle.a(string.o)
                0x000000000000e128                CString::~CString()
                0x000000000000e128                CString::~CString()
                0x000000000000e154                CString::~CString()
                0x000000000000e1f0                CString::CString()
                0x000000000000e1f0                CString::CString()
                0x000000000000e208                CString::CString(char const*)
                0x000000000000e208                CString::CString(char const*)
                0x000000000000e248                CString::operator char const*() const
                0x000000000000e260                CString::operator=(char const*)
                0x000000000000e2a4                CString::GetLength() const
                0x000000000000e2b4                CString::Append(char const*)
                0x000000000000e338                CString::Compare(char const*) const
                0x000000000000e340                CString::Find(char) const
                0x000000000000e384                CString::PutChar(char, unsigned int)
                0x000000000000e3c4                CString::PutString(char const*)
                0x000000000000e408                CString::ReserveSpace(unsigned int)
                0x000000000000e414                CString::ntoa(char*, unsigned long, unsigned int, int)
                0x000000000000e498                CString::ftoa(char*, double, unsigned int)
                0x000000000000e6d0                CString::FormatV(char const*, std::__va_list)
                0x000000000000ee3c                CString::Format(char const*, ...)
 *fill*         0x000000000000ee6c        0x4 
 .text          0x000000000000ee70        0xc ../../lib/libcircle.a(delayloop.o)
                0x000000000000ee70                DelayLoop
 .text          0x000000000000ee7c      0x258 ../../lib/libcircle.a(exceptionhandler.o)
                0x000000000000ee7c                CExceptionHandler::CExceptionHandler()
                0x000000000000ee7c                CExceptionHandler::CExceptionHandler()
                0x000000000000ef0c                CExceptionHandler::~CExceptionHandler()
                0x000000000000ef0c                CExceptionHandler::~CExceptionHandler()
                0x000000000000ef20                CExceptionHandler::Throw(unsigned int)
                0x000000000000ef60                CExceptionHandler::Throw(unsigned int, TAbortFrame*)
                0x000000000000f040                CExceptionHandler::Get()
                0x000000000000f078                ExceptionHandler
 .text          0x000000000000f0d4       0xd0 ../../lib/libcircle.a(exceptionstub.o)
                0x000000000000f0d4                UndefinedInstructionStub
                0x000000000000f114                PrefetchAbortStub
                0x000000000000f154                DataAbortStub
                0x000000000000f194                IRQStub
 .text          0x000000000000f1a4      0x3cc ../../lib/libcircle.a(interrupt.o)
                0x000000000000f1a4                CInterruptSystem::CInterruptSystem()
                0x000000000000f1a4                CInterruptSystem::CInterruptSystem()
                0x000000000000f1dc                CInterruptSystem::~CInterruptSystem()
                0x000000000000f1dc                CInterruptSystem::~CInterruptSystem()
                0x000000000000f1f0                CInterruptSystem::Initialize()
                0x000000000000f23c                CInterruptSystem::EnableIRQ(unsigned int)
                0x000000000000f2ac                CInterruptSystem::ConnectIRQ(unsigned int, void (*)(void*), void*)
                0x000000000000f320                CInterruptSystem::DisableIRQ(unsigned int)
                0x000000000000f390                CInterruptSystem::DisconnectIRQ(unsigned int)
                0x000000000000f410                CInterruptSystem::Get()
                0x000000000000f448                CInterruptSystem::CallIRQHandler(unsigned int)
                0x000000000000f4b4                CInterruptSystem::InterruptHandler()
                0x000000000000f56c                InterruptHandler
 .text          0x000000000000f570      0x398 ../../lib/libcircle.a(gpiomanager.o)
                0x000000000000f570                CGPIOManager::CGPIOManager(CInterruptSystem*)
                0x000000000000f570                CGPIOManager::CGPIOManager(CInterruptSystem*)
                0x000000000000f59c                CGPIOManager::~CGPIOManager()
                0x000000000000f59c                CGPIOManager::~CGPIOManager()
                0x000000000000f628                CGPIOManager::Initialize()
                0x000000000000f6ac                CGPIOManager::ConnectInterrupt(CGPIOPin*)
                0x000000000000f75c                CGPIOManager::DisconnectInterrupt(CGPIOPin*)
                0x000000000000f820                CGPIOManager::InterruptHandler()
                0x000000000000f8cc                CGPIOManager::InterruptStub(void*)
 .text          0x000000000000f908      0x1f4 ../../lib/libcircle.a(virtualgpiopin.o)
                0x000000000000f908                CVirtualGPIOPin::~CVirtualGPIOPin()
                0x000000000000f908                CVirtualGPIOPin::~CVirtualGPIOPin()
                0x000000000000f90c                CVirtualGPIOPin::~CVirtualGPIOPin()
                0x000000000000f9c4                CVirtualGPIOPin::CVirtualGPIOPin(unsigned int)
                0x000000000000f9c4                CVirtualGPIOPin::CVirtualGPIOPin(unsigned int)
                0x000000000000fab4                CVirtualGPIOPin::Write(unsigned int)
                0x000000000000faf0                CVirtualGPIOPin::Invert()
 .text.startup  0x000000000000fafc       0x14 ../../lib/libcircle.a(virtualgpiopin.o)
 .text          0x000000000000fb10      0x3fc ../../lib/libcircle.a(machineinfo.o)
                0x000000000000fb10                CMachineInfo::CMachineInfo()
                0x000000000000fb10                CMachineInfo::CMachineInfo()
                0x000000000000fce0                CMachineInfo::~CMachineInfo()
                0x000000000000fce0                CMachineInfo::~CMachineInfo()
                0x000000000000fd04                CMachineInfo::GetMachineModel() const
                0x000000000000fd0c                CMachineInfo::GetMachineName() const
                0x000000000000fd24                CMachineInfo::GetModelMajor() const
                0x000000000000fd2c                CMachineInfo::GetModelRevision() const
                0x000000000000fd34                CMachineInfo::GetSoCType() const
                0x000000000000fd3c                CMachineInfo::GetRAMSize() const
                0x000000000000fd44                CMachineInfo::GetSoCName() const
                0x000000000000fd5c                CMachineInfo::GetRevisionRaw() const
                0x000000000000fd64                CMachineInfo::GetClockRate(unsigned int) const
                0x000000000000fe28                CMachineInfo::GetGPIOPin(TGPIOVirtualPin) const
                0x000000000000fe98                CMachineInfo::GetDevice(TDeviceId) const
                0x000000000000fed4                CMachineInfo::Get()
 .text          0x000000000000ff0c      0x1f4 ../../lib/libcircle.a(cache-v7.o)
                0x000000000000ff0c                InvalidateDataCacheL1Only
                0x000000000000ff78                InvalidateDataCache
                0x0000000000010020                CleanDataCache
                0x00000000000100c8                CleanAndInvalidateDataCacheRange
 .text          0x0000000000010100      0x508 ../../lib/libcircle.a(ptrlist.o)
                0x0000000000010100                CPtrList::CPtrList()
                0x0000000000010100                CPtrList::CPtrList()
                0x000000000001010c                CPtrList::~CPtrList()
                0x000000000001010c                CPtrList::~CPtrList()
                0x0000000000010140                CPtrList::GetFirst()
                0x0000000000010148                CPtrList::GetNext(TPtrListElement*)
                0x00000000000101a4                CPtrList::GetPtr(TPtrListElement*)
                0x0000000000010200                CPtrList::InsertBefore(TPtrListElement*, void*)
                0x0000000000010318                CPtrList::InsertAfter(TPtrListElement*, void*)
                0x0000000000010424                CPtrList::Remove(TPtrListElement*)
                0x0000000000010590                CPtrList::Find(void*)
 .text          0x0000000000010608      0x3fc ../../lib/libcircle.a(alloc.o)
                0x0000000000010608                mem_init
                0x0000000000010644                mem_get_size
                0x000000000001066c                malloc
                0x00000000000107f4                free
                0x00000000000108b0                palloc
                0x0000000000010998                pfree
 .text.startup  0x0000000000010a04       0x18 ../../lib/libcircle.a(alloc.o)
 .text          0x0000000000010a1c      0x168 ../../lib/libcircle.a(bcmmailbox.o)
                0x0000000000010a1c                CBcmMailBox::CBcmMailBox(unsigned int)
                0x0000000000010a1c                CBcmMailBox::CBcmMailBox(unsigned int)
                0x0000000000010a28                CBcmMailBox::~CBcmMailBox()
                0x0000000000010a28                CBcmMailBox::~CBcmMailBox()
                0x0000000000010a2c                CBcmMailBox::Flush()
                0x0000000000010a60                CBcmMailBox::Read()
                0x0000000000010a90                CBcmMailBox::Write(unsigned int)
                0x0000000000010ae8                CBcmMailBox::WriteRead(unsigned int)
 .text          0x0000000000010b84      0x460 ../../lib/libcircle.a(util.o)
                0x0000000000010b84                memset
                0x0000000000010ba8                memcmp
                0x0000000000010c04                strlen
                0x0000000000010c2c                strcmp
                0x0000000000010c98                strcpy
                0x0000000000010cc4                strncpy
                0x0000000000010d10                strcat
                0x0000000000010d54                strchr
                0x0000000000010d94                strtok_r
                0x0000000000010e60                strtoul
                0x0000000000010fe0                char2int
 .text          0x0000000000010fe4      0x3bc ../../lib/libcircle.a(bcmframebuffer.o)
                0x0000000000011068                CBcmFrameBuffer::CBcmFrameBuffer(unsigned int, unsigned int, unsigned int, unsigned int, unsigned int)
                0x0000000000011068                CBcmFrameBuffer::CBcmFrameBuffer(unsigned int, unsigned int, unsigned int, unsigned int, unsigned int)
                0x00000000000111a0                CBcmFrameBuffer::~CBcmFrameBuffer()
                0x00000000000111a0                CBcmFrameBuffer::~CBcmFrameBuffer()
                0x00000000000111b8                CBcmFrameBuffer::SetPalette(unsigned char, unsigned short)
                0x00000000000111f4                CBcmFrameBuffer::SetPalette32(unsigned char, unsigned int)
                0x000000000001120c                CBcmFrameBuffer::Initialize()
                0x00000000000112d0                CBcmFrameBuffer::GetWidth() const
                0x00000000000112d8                CBcmFrameBuffer::GetHeight() const
                0x00000000000112e0                CBcmFrameBuffer::GetVirtWidth() const
                0x00000000000112e8                CBcmFrameBuffer::GetVirtHeight() const
                0x00000000000112f0                CBcmFrameBuffer::GetPitch() const
                0x00000000000112f8                CBcmFrameBuffer::GetDepth() const
                0x0000000000011300                CBcmFrameBuffer::GetBuffer() const
                0x0000000000011308                CBcmFrameBuffer::GetSize() const
                0x0000000000011310                CBcmFrameBuffer::UpdatePalette()
                0x0000000000011328                CBcmFrameBuffer::SetVirtualOffset(unsigned int, unsigned int)
 .text          0x00000000000113a0       0x3c ../../lib/libcircle.a(device.o)
                0x00000000000113a0                CDevice::~CDevice()
                0x00000000000113a0                CDevice::~CDevice()
                0x00000000000113a4                CDevice::Read(void*, unsigned int)
                0x00000000000113a4                CDevice::Write(void const*, unsigned int)
                0x00000000000113ac                CDevice::Seek(unsigned long long)
                0x00000000000113b8                CDevice::~CDevice()
                0x00000000000113cc                CDevice::CDevice()
                0x00000000000113cc                CDevice::CDevice()
                0x00000000000113dc                _etext = .

.glue_7         0x00000000000113dc        0x0
 .glue_7        0x00000000000113dc        0x0 linker stubs

.glue_7t        0x00000000000113dc        0x0
 .glue_7t       0x00000000000113dc        0x0 linker stubs

.vfp11_veneer   0x00000000000113dc        0x0
 .vfp11_veneer  0x00000000000113dc        0x0 linker stubs

.v4_bx          0x00000000000113dc        0x0
 .v4_bx         0x00000000000113dc        0x0 linker stubs

.iplt           0x00000000000113dc        0x0
 .iplt          0x00000000000113dc        0x0 ../../lib/startup.o

.rodata         0x00000000000113dc    0x42774
 *(.rodata*)
 .rodata        0x00000000000113dc        0x7 kernel.o
 *fill*         0x00000000000113e3        0x1 
 .rodata.str1.4
                0x00000000000113e4       0x23 kernel.o
 *fill*         0x0000000000011407        0x1 
 .rodata        0x0000000000011408    0x40010 ../../app/lib/emulator/libemu.a(nes.o)
 .rodata        0x0000000000051418      0x900 ../../app/lib/emulator/libemu.a(cpu.o)
 .rodata        0x0000000000051d18       0xc0 ../../app/lib/emulator/libemu.a(ppu.o)
 .rodata.str1.4
                0x0000000000051dd8       0x98 ../../lib/libcircle.a(bcmpropertytags.o)
 .rodata        0x0000000000051e70       0x28 ../../lib/libcircle.a(gpiopin.o)
                0x0000000000051e88                vtable for CGPIOPin
 .rodata.str1.4
                0x0000000000051e98      0x29d ../../lib/libcircle.a(gpiopin.o)
 *fill*         0x0000000000052135        0x3 
 .rodata.str1.4
                0x0000000000052138       0x94 ../../lib/libcircle.a(memory.o)
 .rodata.str1.4
                0x00000000000521cc       0x25 ../../lib/libcircle.a(synchronize.o)
 *fill*         0x00000000000521f1        0x3 
 .rodata        0x00000000000521f4       0x36 ../../lib/libcircle.a(timer.o)
                0x00000000000521f4                CTimer::s_nDaysOfMonth
 *fill*         0x000000000005222a        0x2 
 .rodata.str1.4
                0x000000000005222c      0x158 ../../lib/libcircle.a(timer.o)
                                        0x168 (size before relaxing)
 .rodata.str1.4
                0x0000000000052384       0x62 ../../lib/libcircle.a(koptions.o)
 *fill*         0x00000000000523e6        0x2 
 .rodata.str1.4
                0x00000000000523e8       0x3e ../../lib/libcircle.a(pagetable.o)
 *fill*         0x0000000000052426        0x2 
 .rodata        0x0000000000052428       0x21 ../../lib/libcircle.a(screen.o)
                0x0000000000052428                vtable for CScreenDevice
 .rodata.str1.4
                0x0000000000052449        0x5 ../../lib/libcircle.a(screen.o)
 *fill*         0x0000000000052449        0x3 
 .rodata.str1.4
                0x000000000005244c       0x1d ../../lib/libcircle.a(assert.o)
 *fill*         0x0000000000052469        0x3 
 .rodata        0x000000000005246c      0xdf0 ../../lib/libcircle.a(chargenerator.o)
 .rodata.str1.4
                0x000000000005325c       0x29 ../../lib/libcircle.a(chargenerator.o)
 *fill*         0x0000000000053285        0x3 
 .rodata        0x0000000000053288        0x6 ../../lib/libcircle.a(debug.o)
 *fill*         0x000000000005328e        0x2 
 .rodata.str1.4
                0x0000000000053290       0x8e ../../lib/libcircle.a(debug.o)
 *fill*         0x000000000005331e        0x2 
 .rodata.str1.4
                0x0000000000053320       0x70 ../../lib/libcircle.a(devicenameservice.o)
 .rodata.str1.4
                0x0000000000053390       0x3b ../../lib/libcircle.a(logger.o)
 *fill*         0x00000000000533cb        0x1 
 .rodata        0x00000000000533cc       0x1c ../../lib/libcircle.a(serial.o)
                0x00000000000533cc                vtable for CSerialDevice
 .rodata.str1.4
                0x00000000000533e8       0x92 ../../lib/libcircle.a(serial.o)
 *fill*         0x000000000005347a        0x2 
 .rodata        0x000000000005347c       0x10 ../../lib/libcircle.a(string.o)
                0x000000000005347c                vtable for CString
 .rodata.str1.4
                0x000000000005348c        0x9 ../../lib/libcircle.a(string.o)
                                          0xd (size before relaxing)
 *fill*         0x0000000000053495        0x3 
 .rodata        0x0000000000053498        0x7 ../../lib/libcircle.a(exceptionhandler.o)
 *fill*         0x000000000005349f        0x1 
 .rodata.str1.4
                0x00000000000534a0       0xbb ../../lib/libcircle.a(exceptionhandler.o)
                                         0xdb (size before relaxing)
 *fill*         0x000000000005355b        0x1 
 .rodata.str1.4
                0x000000000005355c       0x5a ../../lib/libcircle.a(interrupt.o)
                                         0x69 (size before relaxing)
 *fill*         0x00000000000535b6        0x2 
 .rodata.str1.4
                0x00000000000535b8       0x88 ../../lib/libcircle.a(gpiomanager.o)
                                         0x9c (size before relaxing)
 .rodata        0x0000000000053640       0x10 ../../lib/libcircle.a(virtualgpiopin.o)
                0x0000000000053640                vtable for CVirtualGPIOPin
 .rodata        0x0000000000053650      0x1ac ../../lib/libcircle.a(machineinfo.o)
 .rodata.str1.4
                0x00000000000537fc       0xf3 ../../lib/libcircle.a(machineinfo.o)
                                        0x10f (size before relaxing)
 *fill*         0x00000000000538ef        0x1 
 .rodata.str1.4
                0x00000000000538f0      0x176 ../../lib/libcircle.a(ptrlist.o)
 *fill*         0x0000000000053a66        0x2 
 .rodata.str1.4
                0x0000000000053a68       0xa8 ../../lib/libcircle.a(alloc.o)
 .rodata.str1.4
                0x0000000000053b10       0x24 ../../lib/libcircle.a(bcmmailbox.o)
                                         0x23 (size before relaxing)
 .rodata        0x0000000000053b34       0x1c ../../lib/libcircle.a(device.o)
                0x0000000000053b34                vtable for CDevice
                0x0000000000053b50                __init_start = .

.rel.dyn        0x0000000000053b50        0x0
 .rel.iplt      0x0000000000053b50        0x0 ../../lib/startup.o

.init_array     0x0000000000053b50        0xc
 *(.init_array*)
 .init_array    0x0000000000053b50        0x4 ../../lib/libcircle.a(gpiopin.o)
 .init_array    0x0000000000053b54        0x4 ../../lib/libcircle.a(virtualgpiopin.o)
 .init_array    0x0000000000053b58        0x4 ../../lib/libcircle.a(alloc.o)
                0x0000000000053b5c                __init_end = .

.data           0x0000000000053b5c       0xe8
 *(.data*)
 .data          0x0000000000053b5c        0x0 ../../lib/startup.o
 .data          0x0000000000053b5c        0x0 main.o
 .data          0x0000000000053b5c        0x0 kernel.o
 .data          0x0000000000053b5c        0x0 ../../app/lib/emulator/libemu.a(nes.o)
 .data          0x0000000000053b5c        0x0 ../../app/lib/emulator/libemu.a(cpu.o)
 .data          0x0000000000053b5c        0x0 ../../app/lib/emulator/libemu.a(ppu.o)
 .data          0x0000000000053b5c        0x0 ../../app/lib/emulator/libemu.a(cpu_addressing.o)
 .data          0x0000000000053b5c        0x0 ../../app/lib/emulator/libemu.a(rom.o)
 .data          0x0000000000053b5c        0x0 ../../lib/libcircle.a(actled.o)
 .data          0x0000000000053b5c        0x0 ../../lib/libcircle.a(bcmpropertytags.o)
 .data          0x0000000000053b5c        0x0 ../../lib/libcircle.a(gpiopin.o)
 .data          0x0000000000053b5c        0x0 ../../lib/libcircle.a(memory.o)
 .data          0x0000000000053b5c        0x0 ../../lib/libcircle.a(new.o)
 .data          0x0000000000053b5c        0x0 ../../lib/libcircle.a(synchronize.o)
 .data          0x0000000000053b5c        0x0 ../../lib/libcircle.a(sysinit.o)
 .data          0x0000000000053b5c       0x30 ../../lib/libcircle.a(timer.o)
                0x0000000000053b5c                CTimer::s_pMonthName
 .data          0x0000000000053b8c        0x0 ../../lib/libcircle.a(util_fast.o)
 .data          0x0000000000053b8c        0x0 ../../lib/libcircle.a(koptions.o)
 .data          0x0000000000053b8c        0x0 ../../lib/libcircle.a(pagetable.o)
 .data          0x0000000000053b8c        0x0 ../../lib/libcircle.a(screen.o)
 .data          0x0000000000053b8c        0x0 ../../lib/libcircle.a(assert.o)
 .data          0x0000000000053b8c        0x0 ../../lib/libcircle.a(chargenerator.o)
 .data          0x0000000000053b8c        0x0 ../../lib/libcircle.a(debug.o)
 .data          0x0000000000053b8c        0x0 ../../lib/libcircle.a(devicenameservice.o)
 .data          0x0000000000053b8c        0x0 ../../lib/libcircle.a(logger.o)
 .data          0x0000000000053b8c        0x0 ../../lib/libcircle.a(serial.o)
 .data          0x0000000000053b8c        0x0 ../../lib/libcircle.a(string.o)
 .data          0x0000000000053b8c        0x0 ../../lib/libcircle.a(delayloop.o)
 .data          0x0000000000053b8c       0x10 ../../lib/libcircle.a(exceptionhandler.o)
                0x0000000000053b8c                CExceptionHandler::s_pExceptionName
 .data          0x0000000000053b9c        0x0 ../../lib/libcircle.a(exceptionstub.o)
 .data          0x0000000000053b9c        0x0 ../../lib/libcircle.a(interrupt.o)
 .data          0x0000000000053b9c        0x0 ../../lib/libcircle.a(gpiomanager.o)
 .data          0x0000000000053b9c        0x0 ../../lib/libcircle.a(virtualgpiopin.o)
 .data          0x0000000000053b9c        0x0 ../../lib/libcircle.a(machineinfo.o)
 .data          0x0000000000053b9c        0x0 ../../lib/libcircle.a(cache-v7.o)
 .data          0x0000000000053b9c        0x0 ../../lib/libcircle.a(ptrlist.o)
 .data          0x0000000000053b9c       0x38 ../../lib/libcircle.a(alloc.o)
 .data          0x0000000000053bd4        0x0 ../../lib/libcircle.a(bcmmailbox.o)
 .data          0x0000000000053bd4        0x0 ../../lib/libcircle.a(util.o)
 .data          0x0000000000053bd4       0x70 ../../lib/libcircle.a(bcmframebuffer.o)
 .data          0x0000000000053c44        0x0 ../../lib/libcircle.a(device.o)
                0x0000000000053c44                __bss_start = .

.igot.plt       0x0000000000053c44        0x0
 .igot.plt      0x0000000000053c44        0x0 ../../lib/startup.o

.bss            0x0000000000053c44       0x54
 *(.bss*)
 .bss           0x0000000000053c44        0x0 ../../lib/startup.o
 .bss           0x0000000000053c44        0x0 main.o
 .bss           0x0000000000053c44        0x0 kernel.o
 .bss           0x0000000000053c44        0x0 ../../app/lib/emulator/libemu.a(nes.o)
 .bss           0x0000000000053c44        0x0 ../../app/lib/emulator/libemu.a(cpu.o)
 .bss           0x0000000000053c44        0x0 ../../app/lib/emulator/libemu.a(ppu.o)
 .bss           0x0000000000053c44        0x0 ../../app/lib/emulator/libemu.a(cpu_addressing.o)
 .bss           0x0000000000053c44        0x0 ../../app/lib/emulator/libemu.a(rom.o)
 .bss           0x0000000000053c44        0x4 ../../lib/libcircle.a(actled.o)
                0x0000000000053c44                CActLED::s_pThis
 .bss           0x0000000000053c48        0x0 ../../lib/libcircle.a(bcmpropertytags.o)
 .bss           0x0000000000053c48        0x4 ../../lib/libcircle.a(gpiopin.o)
                0x0000000000053c48                CGPIOPin::s_SpinLock
 .bss           0x0000000000053c4c        0x0 ../../lib/libcircle.a(memory.o)
 .bss           0x0000000000053c4c        0x0 ../../lib/libcircle.a(new.o)
 .bss           0x0000000000053c4c        0x8 ../../lib/libcircle.a(synchronize.o)
 .bss           0x0000000000053c54        0x4 ../../lib/libcircle.a(sysinit.o)
                0x0000000000053c54                __dso_handle
 .bss           0x0000000000053c58        0x4 ../../lib/libcircle.a(timer.o)
                0x0000000000053c58                CTimer::s_pThis
 .bss           0x0000000000053c5c        0x0 ../../lib/libcircle.a(util_fast.o)
 .bss           0x0000000000053c5c        0x4 ../../lib/libcircle.a(koptions.o)
                0x0000000000053c5c                CKernelOptions::s_pThis
 .bss           0x0000000000053c60        0x0 ../../lib/libcircle.a(pagetable.o)
 .bss           0x0000000000053c60        0x0 ../../lib/libcircle.a(screen.o)
 .bss           0x0000000000053c60        0x0 ../../lib/libcircle.a(assert.o)
 .bss           0x0000000000053c60        0x0 ../../lib/libcircle.a(chargenerator.o)
 .bss           0x0000000000053c60        0x0 ../../lib/libcircle.a(debug.o)
 .bss           0x0000000000053c60        0x4 ../../lib/libcircle.a(devicenameservice.o)
                0x0000000000053c60                CDeviceNameService::s_This
 .bss           0x0000000000053c64        0x4 ../../lib/libcircle.a(logger.o)
                0x0000000000053c64                CLogger::s_pThis
 .bss           0x0000000000053c68        0x0 ../../lib/libcircle.a(serial.o)
 .bss           0x0000000000053c68        0x0 ../../lib/libcircle.a(string.o)
 .bss           0x0000000000053c68        0x0 ../../lib/libcircle.a(delayloop.o)
 .bss           0x0000000000053c68        0x4 ../../lib/libcircle.a(exceptionhandler.o)
                0x0000000000053c68                CExceptionHandler::s_pThis
 .bss           0x0000000000053c6c        0x0 ../../lib/libcircle.a(exceptionstub.o)
 .bss           0x0000000000053c6c        0x4 ../../lib/libcircle.a(interrupt.o)
                0x0000000000053c6c                CInterruptSystem::s_pThis
 .bss           0x0000000000053c70        0x0 ../../lib/libcircle.a(gpiomanager.o)
 .bss           0x0000000000053c70        0x8 ../../lib/libcircle.a(virtualgpiopin.o)
                0x0000000000053c70                CVirtualGPIOPin::s_SpinLock
                0x0000000000053c74                CVirtualGPIOPin::s_nGPIOBaseAddress
 .bss           0x0000000000053c78        0x4 ../../lib/libcircle.a(machineinfo.o)
                0x0000000000053c78                CMachineInfo::s_pThis
 .bss           0x0000000000053c7c        0x0 ../../lib/libcircle.a(cache-v7.o)
 .bss           0x0000000000053c7c        0x0 ../../lib/libcircle.a(ptrlist.o)
 .bss           0x0000000000053c7c       0x1c ../../lib/libcircle.a(alloc.o)
 .bss           0x0000000000053c98        0x0 ../../lib/libcircle.a(bcmmailbox.o)
 .bss           0x0000000000053c98        0x0 ../../lib/libcircle.a(util.o)
 .bss           0x0000000000053c98        0x0 ../../lib/libcircle.a(bcmframebuffer.o)
 .bss           0x0000000000053c98        0x0 ../../lib/libcircle.a(device.o)
                0x0000000000053c98                _end = .
LOAD ../../lib/startup.o
LOAD main.o
LOAD kernel.o
LOAD ../../app/lib/emulator/libemu.a
LOAD ../../lib/libcircle.a
OUTPUT(kernel7.elf elf32-littlearm)

.ARM.attributes
                0x0000000000000000       0x35
 .ARM.attributes
                0x0000000000000000       0x25 ../../lib/startup.o
 .ARM.attributes
                0x0000000000000025       0x39 main.o
 .ARM.attributes
                0x000000000000005e       0x39 kernel.o
 .ARM.attributes
                0x0000000000000097       0x39 ../../app/lib/emulator/libemu.a(nes.o)
 .ARM.attributes
                0x00000000000000d0       0x39 ../../app/lib/emulator/libemu.a(cpu.o)
 .ARM.attributes
                0x0000000000000109       0x39 ../../app/lib/emulator/libemu.a(ppu.o)
 .ARM.attributes
                0x0000000000000142       0x39 ../../app/lib/emulator/libemu.a(cpu_addressing.o)
 .ARM.attributes
                0x000000000000017b       0x39 ../../app/lib/emulator/libemu.a(rom.o)
 .ARM.attributes
                0x00000000000001b4       0x39 ../../lib/libcircle.a(actled.o)
 .ARM.attributes
                0x00000000000001ed       0x39 ../../lib/libcircle.a(bcmpropertytags.o)
 .ARM.attributes
                0x0000000000000226       0x39 ../../lib/libcircle.a(gpiopin.o)
 .ARM.attributes
                0x000000000000025f       0x39 ../../lib/libcircle.a(memory.o)
 .ARM.attributes
                0x0000000000000298       0x39 ../../lib/libcircle.a(new.o)
 .ARM.attributes
                0x00000000000002d1       0x39 ../../lib/libcircle.a(synchronize.o)
 .ARM.attributes
                0x000000000000030a       0x39 ../../lib/libcircle.a(sysinit.o)
 .ARM.attributes
                0x0000000000000343       0x39 ../../lib/libcircle.a(timer.o)
 .ARM.attributes
                0x000000000000037c       0x25 ../../lib/libcircle.a(util_fast.o)
 .ARM.attributes
                0x00000000000003a1       0x39 ../../lib/libcircle.a(koptions.o)
 .ARM.attributes
                0x00000000000003da       0x39 ../../lib/libcircle.a(pagetable.o)
 .ARM.attributes
                0x0000000000000413       0x39 ../../lib/libcircle.a(screen.o)
 .ARM.attributes
                0x000000000000044c       0x39 ../../lib/libcircle.a(assert.o)
 .ARM.attributes
                0x0000000000000485       0x39 ../../lib/libcircle.a(chargenerator.o)
 .ARM.attributes
                0x00000000000004be       0x39 ../../lib/libcircle.a(debug.o)
 .ARM.attributes
                0x00000000000004f7       0x39 ../../lib/libcircle.a(devicenameservice.o)
 .ARM.attributes
                0x0000000000000530       0x39 ../../lib/libcircle.a(logger.o)
 .ARM.attributes
                0x0000000000000569       0x39 ../../lib/libcircle.a(serial.o)
 .ARM.attributes
                0x00000000000005a2       0x39 ../../lib/libcircle.a(string.o)
 .ARM.attributes
                0x00000000000005db       0x25 ../../lib/libcircle.a(delayloop.o)
 .ARM.attributes
                0x0000000000000600       0x39 ../../lib/libcircle.a(exceptionhandler.o)
 .ARM.attributes
                0x0000000000000639       0x25 ../../lib/libcircle.a(exceptionstub.o)
 .ARM.attributes
                0x000000000000065e       0x39 ../../lib/libcircle.a(interrupt.o)
 .ARM.attributes
                0x0000000000000697       0x39 ../../lib/libcircle.a(gpiomanager.o)
 .ARM.attributes
                0x00000000000006d0       0x39 ../../lib/libcircle.a(virtualgpiopin.o)
 .ARM.attributes
                0x0000000000000709       0x39 ../../lib/libcircle.a(machineinfo.o)
 .ARM.attributes
                0x0000000000000742       0x25 ../../lib/libcircle.a(cache-v7.o)
 .ARM.attributes
                0x0000000000000767       0x39 ../../lib/libcircle.a(ptrlist.o)
 .ARM.attributes
                0x00000000000007a0       0x39 ../../lib/libcircle.a(alloc.o)
 .ARM.attributes
                0x00000000000007d9       0x39 ../../lib/libcircle.a(bcmmailbox.o)
 .ARM.attributes
                0x0000000000000812       0x39 ../../lib/libcircle.a(util.o)
 .ARM.attributes
                0x000000000000084b       0x39 ../../lib/libcircle.a(bcmframebuffer.o)
 .ARM.attributes
                0x0000000000000884       0x39 ../../lib/libcircle.a(device.o)

.comment        0x0000000000000000       0x8b
 .comment       0x0000000000000000       0x6e main.o
                                         0x6f (size before relaxing)
 .comment       0x000000000000006e       0x6f kernel.o
 .comment       0x000000000000006e       0x6f ../../app/lib/emulator/libemu.a(nes.o)
 .comment       0x000000000000006e       0x6f ../../app/lib/emulator/libemu.a(cpu.o)
 .comment       0x000000000000006e       0x6f ../../app/lib/emulator/libemu.a(ppu.o)
 .comment       0x000000000000006e       0x6f ../../app/lib/emulator/libemu.a(cpu_addressing.o)
 .comment       0x000000000000006e       0x6f ../../app/lib/emulator/libemu.a(rom.o)
 .comment       0x000000000000006e       0x1d ../../lib/libcircle.a(actled.o)
                                         0x1e (size before relaxing)
 .comment       0x000000000000008b       0x1e ../../lib/libcircle.a(bcmpropertytags.o)
 .comment       0x000000000000008b       0x1e ../../lib/libcircle.a(gpiopin.o)
 .comment       0x000000000000008b       0x1e ../../lib/libcircle.a(memory.o)
 .comment       0x000000000000008b       0x1e ../../lib/libcircle.a(new.o)
 .comment       0x000000000000008b       0x1e ../../lib/libcircle.a(synchronize.o)
 .comment       0x000000000000008b       0x1e ../../lib/libcircle.a(sysinit.o)
 .comment       0x000000000000008b       0x1e ../../lib/libcircle.a(timer.o)
 .comment       0x000000000000008b       0x1e ../../lib/libcircle.a(koptions.o)
 .comment       0x000000000000008b       0x1e ../../lib/libcircle.a(pagetable.o)
 .comment       0x000000000000008b       0x1e ../../lib/libcircle.a(screen.o)
 .comment       0x000000000000008b       0x1e ../../lib/libcircle.a(assert.o)
 .comment       0x000000000000008b       0x1e ../../lib/libcircle.a(chargenerator.o)
 .comment       0x000000000000008b       0x1e ../../lib/libcircle.a(debug.o)
 .comment       0x000000000000008b       0x1e ../../lib/libcircle.a(devicenameservice.o)
 .comment       0x000000000000008b       0x1e ../../lib/libcircle.a(logger.o)
 .comment       0x000000000000008b       0x1e ../../lib/libcircle.a(serial.o)
 .comment       0x000000000000008b       0x1e ../../lib/libcircle.a(string.o)
 .comment       0x000000000000008b       0x1e ../../lib/libcircle.a(exceptionhandler.o)
 .comment       0x000000000000008b       0x1e ../../lib/libcircle.a(interrupt.o)
 .comment       0x000000000000008b       0x1e ../../lib/libcircle.a(gpiomanager.o)
 .comment       0x000000000000008b       0x1e ../../lib/libcircle.a(virtualgpiopin.o)
 .comment       0x000000000000008b       0x1e ../../lib/libcircle.a(machineinfo.o)
 .comment       0x000000000000008b       0x1e ../../lib/libcircle.a(ptrlist.o)
 .comment       0x000000000000008b       0x1e ../../lib/libcircle.a(alloc.o)
 .comment       0x000000000000008b       0x1e ../../lib/libcircle.a(bcmmailbox.o)
 .comment       0x000000000000008b       0x1e ../../lib/libcircle.a(util.o)
 .comment       0x000000000000008b       0x1e ../../lib/libcircle.a(bcmframebuffer.o)
 .comment       0x000000000000008b       0x1e ../../lib/libcircle.a(device.o)

.debug_info     0x0000000000000000    0x2625a
 .debug_info    0x0000000000000000     0x2e60 main.o
 .debug_info    0x0000000000002e60     0x3186 kernel.o
 .debug_info    0x0000000000005fe6     0x1ac0 ../../app/lib/emulator/libemu.a(nes.o)
 .debug_info    0x0000000000007aa6     0x5c92 ../../app/lib/emulator/libemu.a(cpu.o)
 .debug_info    0x000000000000d738      0x596 ../../app/lib/emulator/libemu.a(ppu.o)
 .debug_info    0x000000000000dcce     0x1dc4 ../../app/lib/emulator/libemu.a(cpu_addressing.o)
 .debug_info    0x000000000000fa92      0x3a4 ../../app/lib/emulator/libemu.a(rom.o)
 .debug_info    0x000000000000fe36      0xf2c ../../lib/libcircle.a(actled.o)
 .debug_info    0x0000000000010d62      0x60a ../../lib/libcircle.a(bcmpropertytags.o)
 .debug_info    0x000000000001136c     0x2408 ../../lib/libcircle.a(gpiopin.o)
 .debug_info    0x0000000000013774      0x969 ../../lib/libcircle.a(memory.o)
 .debug_info    0x00000000000140dd      0x11f ../../lib/libcircle.a(new.o)
 .debug_info    0x00000000000141fc      0x132 ../../lib/libcircle.a(synchronize.o)
 .debug_info    0x000000000001432e      0x5b4 ../../lib/libcircle.a(sysinit.o)
 .debug_info    0x00000000000148e2     0x1d66 ../../lib/libcircle.a(timer.o)
 .debug_info    0x0000000000016648      0xd6d ../../lib/libcircle.a(koptions.o)
 .debug_info    0x00000000000173b5      0x4b3 ../../lib/libcircle.a(pagetable.o)
 .debug_info    0x0000000000017868     0x275a ../../lib/libcircle.a(screen.o)
 .debug_info    0x0000000000019fc2      0xb0c ../../lib/libcircle.a(assert.o)
 .debug_info    0x000000000001aace      0x389 ../../lib/libcircle.a(chargenerator.o)
 .debug_info    0x000000000001ae57      0xb69 ../../lib/libcircle.a(debug.o)
 .debug_info    0x000000000001b9c0      0x705 ../../lib/libcircle.a(devicenameservice.o)
 .debug_info    0x000000000001c0c5     0x1517 ../../lib/libcircle.a(logger.o)
 .debug_info    0x000000000001d5dc      0xe54 ../../lib/libcircle.a(serial.o)
 .debug_info    0x000000000001e430     0x187b ../../lib/libcircle.a(string.o)
 .debug_info    0x000000000001fcab      0xf92 ../../lib/libcircle.a(exceptionhandler.o)
 .debug_info    0x0000000000020c3d      0x867 ../../lib/libcircle.a(interrupt.o)
 .debug_info    0x00000000000214a4      0x8b7 ../../lib/libcircle.a(gpiomanager.o)
 .debug_info    0x0000000000021d5b      0x8db ../../lib/libcircle.a(virtualgpiopin.o)
 .debug_info    0x0000000000022636      0xbbc ../../lib/libcircle.a(machineinfo.o)
 .debug_info    0x00000000000231f2      0x76c ../../lib/libcircle.a(ptrlist.o)
 .debug_info    0x000000000002395e      0x74a ../../lib/libcircle.a(alloc.o)
 .debug_info    0x00000000000240a8      0xd86 ../../lib/libcircle.a(bcmmailbox.o)
 .debug_info    0x0000000000024e2e      0x459 ../../lib/libcircle.a(util.o)
 .debug_info    0x0000000000025287      0xcd7 ../../lib/libcircle.a(bcmframebuffer.o)
 .debug_info    0x0000000000025f5e      0x2fc ../../lib/libcircle.a(device.o)

.debug_abbrev   0x0000000000000000     0x7014
 .debug_abbrev  0x0000000000000000      0x496 main.o
 .debug_abbrev  0x0000000000000496      0x534 kernel.o
 .debug_abbrev  0x00000000000009ca      0x2e2 ../../app/lib/emulator/libemu.a(nes.o)
 .debug_abbrev  0x0000000000000cac      0x4a1 ../../app/lib/emulator/libemu.a(cpu.o)
 .debug_abbrev  0x000000000000114d      0x1da ../../app/lib/emulator/libemu.a(ppu.o)
 .debug_abbrev  0x0000000000001327      0x34a ../../app/lib/emulator/libemu.a(cpu_addressing.o)
 .debug_abbrev  0x0000000000001671      0x1e1 ../../app/lib/emulator/libemu.a(rom.o)
 .debug_abbrev  0x0000000000001852      0x400 ../../lib/libcircle.a(actled.o)
 .debug_abbrev  0x0000000000001c52      0x214 ../../lib/libcircle.a(bcmpropertytags.o)
 .debug_abbrev  0x0000000000001e66      0x566 ../../lib/libcircle.a(gpiopin.o)
 .debug_abbrev  0x00000000000023cc      0x28a ../../lib/libcircle.a(memory.o)
 .debug_abbrev  0x0000000000002656       0xc7 ../../lib/libcircle.a(new.o)
 .debug_abbrev  0x000000000000271d       0xb4 ../../lib/libcircle.a(synchronize.o)
 .debug_abbrev  0x00000000000027d1      0x260 ../../lib/libcircle.a(sysinit.o)
 .debug_abbrev  0x0000000000002a31      0x5a5 ../../lib/libcircle.a(timer.o)
 .debug_abbrev  0x0000000000002fd6      0x3af ../../lib/libcircle.a(koptions.o)
 .debug_abbrev  0x0000000000003385      0x201 ../../lib/libcircle.a(pagetable.o)
 .debug_abbrev  0x0000000000003586      0x4f7 ../../lib/libcircle.a(screen.o)
 .debug_abbrev  0x0000000000003a7d      0x2e8 ../../lib/libcircle.a(assert.o)
 .debug_abbrev  0x0000000000003d65      0x193 ../../lib/libcircle.a(chargenerator.o)
 .debug_abbrev  0x0000000000003ef8      0x2f1 ../../lib/libcircle.a(debug.o)
 .debug_abbrev  0x00000000000041e9      0x29d ../../lib/libcircle.a(devicenameservice.o)
 .debug_abbrev  0x0000000000004486      0x427 ../../lib/libcircle.a(logger.o)
 .debug_abbrev  0x00000000000048ad      0x333 ../../lib/libcircle.a(serial.o)
 .debug_abbrev  0x0000000000004be0      0x42e ../../lib/libcircle.a(string.o)
 .debug_abbrev  0x000000000000500e      0x3f7 ../../lib/libcircle.a(exceptionhandler.o)
 .debug_abbrev  0x0000000000005405      0x351 ../../lib/libcircle.a(interrupt.o)
 .debug_abbrev  0x0000000000005756      0x31e ../../lib/libcircle.a(gpiomanager.o)
 .debug_abbrev  0x0000000000005a74      0x3d1 ../../lib/libcircle.a(virtualgpiopin.o)
 .debug_abbrev  0x0000000000005e45      0x33d ../../lib/libcircle.a(machineinfo.o)
 .debug_abbrev  0x0000000000006182      0x1ad ../../lib/libcircle.a(ptrlist.o)
 .debug_abbrev  0x000000000000632f      0x299 ../../lib/libcircle.a(alloc.o)
 .debug_abbrev  0x00000000000065c8      0x3ac ../../lib/libcircle.a(bcmmailbox.o)
 .debug_abbrev  0x0000000000006974      0x17c ../../lib/libcircle.a(util.o)
 .debug_abbrev  0x0000000000006af0      0x351 ../../lib/libcircle.a(bcmframebuffer.o)
 .debug_abbrev  0x0000000000006e41      0x1d3 ../../lib/libcircle.a(device.o)

.debug_loc      0x0000000000000000     0xca25
 .debug_loc     0x0000000000000000       0x1e main.o
 .debug_loc     0x000000000000001e      0x12a kernel.o
 .debug_loc     0x0000000000000148       0x3c ../../app/lib/emulator/libemu.a(nes.o)
 .debug_loc     0x0000000000000184     0x3035 ../../app/lib/emulator/libemu.a(cpu.o)
 .debug_loc     0x00000000000031b9       0x42 ../../app/lib/emulator/libemu.a(ppu.o)
 .debug_loc     0x00000000000031fb      0x3e4 ../../app/lib/emulator/libemu.a(cpu_addressing.o)
 .debug_loc     0x00000000000035df       0xe5 ../../app/lib/emulator/libemu.a(rom.o)
 .debug_loc     0x00000000000036c4      0x2cd ../../lib/libcircle.a(actled.o)
 .debug_loc     0x0000000000003991      0x214 ../../lib/libcircle.a(bcmpropertytags.o)
 .debug_loc     0x0000000000003ba5     0x10db ../../lib/libcircle.a(gpiopin.o)
 .debug_loc     0x0000000000004c80      0x125 ../../lib/libcircle.a(memory.o)
 .debug_loc     0x0000000000004da5       0x42 ../../lib/libcircle.a(new.o)
 .debug_loc     0x0000000000004de7       0x13 ../../lib/libcircle.a(synchronize.o)
 .debug_loc     0x0000000000004dfa      0x102 ../../lib/libcircle.a(sysinit.o)
 .debug_loc     0x0000000000004efc      0xfdb ../../lib/libcircle.a(timer.o)
 .debug_loc     0x0000000000005ed7      0x3ab ../../lib/libcircle.a(koptions.o)
 .debug_loc     0x0000000000006282      0x166 ../../lib/libcircle.a(pagetable.o)
 .debug_loc     0x00000000000063e8     0x1651 ../../lib/libcircle.a(screen.o)
 .debug_loc     0x0000000000007a39       0x5a ../../lib/libcircle.a(assert.o)
 .debug_loc     0x0000000000007a93      0x1b4 ../../lib/libcircle.a(chargenerator.o)
 .debug_loc     0x0000000000007c47      0x142 ../../lib/libcircle.a(debug.o)
 .debug_loc     0x0000000000007d89      0x33d ../../lib/libcircle.a(devicenameservice.o)
 .debug_loc     0x00000000000080c6      0x4b3 ../../lib/libcircle.a(logger.o)
 .debug_loc     0x0000000000008579      0x5c6 ../../lib/libcircle.a(serial.o)
 .debug_loc     0x0000000000008b3f     0x176d ../../lib/libcircle.a(string.o)
 .debug_loc     0x000000000000a2ac      0x283 ../../lib/libcircle.a(exceptionhandler.o)
 .debug_loc     0x000000000000a52f      0x454 ../../lib/libcircle.a(interrupt.o)
 .debug_loc     0x000000000000a983      0x3a6 ../../lib/libcircle.a(gpiomanager.o)
 .debug_loc     0x000000000000ad29      0x363 ../../lib/libcircle.a(virtualgpiopin.o)
 .debug_loc     0x000000000000b08c      0x302 ../../lib/libcircle.a(machineinfo.o)
 .debug_loc     0x000000000000b38e      0x352 ../../lib/libcircle.a(ptrlist.o)
 .debug_loc     0x000000000000b6e0      0x4eb ../../lib/libcircle.a(alloc.o)
 .debug_loc     0x000000000000bbcb      0x27b ../../lib/libcircle.a(bcmmailbox.o)
 .debug_loc     0x000000000000be46      0x81c ../../lib/libcircle.a(util.o)
 .debug_loc     0x000000000000c662      0x363 ../../lib/libcircle.a(bcmframebuffer.o)
 .debug_loc     0x000000000000c9c5       0x60 ../../lib/libcircle.a(device.o)

.debug_aranges  0x0000000000000000      0x498
 .debug_aranges
                0x0000000000000000       0x20 main.o
 .debug_aranges
                0x0000000000000020       0x20 kernel.o
 .debug_aranges
                0x0000000000000040       0x20 ../../app/lib/emulator/libemu.a(nes.o)
 .debug_aranges
                0x0000000000000060       0x20 ../../app/lib/emulator/libemu.a(cpu.o)
 .debug_aranges
                0x0000000000000080       0x20 ../../app/lib/emulator/libemu.a(ppu.o)
 .debug_aranges
                0x00000000000000a0       0x20 ../../app/lib/emulator/libemu.a(cpu_addressing.o)
 .debug_aranges
                0x00000000000000c0       0x20 ../../app/lib/emulator/libemu.a(rom.o)
 .debug_aranges
                0x00000000000000e0       0x20 ../../lib/libcircle.a(actled.o)
 .debug_aranges
                0x0000000000000100       0x20 ../../lib/libcircle.a(bcmpropertytags.o)
 .debug_aranges
                0x0000000000000120       0x28 ../../lib/libcircle.a(gpiopin.o)
 .debug_aranges
                0x0000000000000148       0x20 ../../lib/libcircle.a(memory.o)
 .debug_aranges
                0x0000000000000168       0x20 ../../lib/libcircle.a(new.o)
 .debug_aranges
                0x0000000000000188       0x20 ../../lib/libcircle.a(synchronize.o)
 .debug_aranges
                0x00000000000001a8       0x20 ../../lib/libcircle.a(sysinit.o)
 .debug_aranges
                0x00000000000001c8       0x20 ../../lib/libcircle.a(timer.o)
 .debug_aranges
                0x00000000000001e8       0x20 ../../lib/libcircle.a(koptions.o)
 .debug_aranges
                0x0000000000000208       0x20 ../../lib/libcircle.a(pagetable.o)
 .debug_aranges
                0x0000000000000228       0x20 ../../lib/libcircle.a(screen.o)
 .debug_aranges
                0x0000000000000248       0x20 ../../lib/libcircle.a(assert.o)
 .debug_aranges
                0x0000000000000268       0x20 ../../lib/libcircle.a(chargenerator.o)
 .debug_aranges
                0x0000000000000288       0x20 ../../lib/libcircle.a(debug.o)
 .debug_aranges
                0x00000000000002a8       0x20 ../../lib/libcircle.a(devicenameservice.o)
 .debug_aranges
                0x00000000000002c8       0x20 ../../lib/libcircle.a(logger.o)
 .debug_aranges
                0x00000000000002e8       0x20 ../../lib/libcircle.a(serial.o)
 .debug_aranges
                0x0000000000000308       0x20 ../../lib/libcircle.a(string.o)
 .debug_aranges
                0x0000000000000328       0x20 ../../lib/libcircle.a(exceptionhandler.o)
 .debug_aranges
                0x0000000000000348       0x20 ../../lib/libcircle.a(interrupt.o)
 .debug_aranges
                0x0000000000000368       0x20 ../../lib/libcircle.a(gpiomanager.o)
 .debug_aranges
                0x0000000000000388       0x28 ../../lib/libcircle.a(virtualgpiopin.o)
 .debug_aranges
                0x00000000000003b0       0x20 ../../lib/libcircle.a(machineinfo.o)
 .debug_aranges
                0x00000000000003d0       0x20 ../../lib/libcircle.a(ptrlist.o)
 .debug_aranges
                0x00000000000003f0       0x28 ../../lib/libcircle.a(alloc.o)
 .debug_aranges
                0x0000000000000418       0x20 ../../lib/libcircle.a(bcmmailbox.o)
 .debug_aranges
                0x0000000000000438       0x20 ../../lib/libcircle.a(util.o)
 .debug_aranges
                0x0000000000000458       0x20 ../../lib/libcircle.a(bcmframebuffer.o)
 .debug_aranges
                0x0000000000000478       0x20 ../../lib/libcircle.a(device.o)

.debug_ranges   0x0000000000000000     0x1ff0
 .debug_ranges  0x0000000000000000       0x10 main.o
 .debug_ranges  0x0000000000000010      0xc60 ../../app/lib/emulator/libemu.a(cpu.o)
 .debug_ranges  0x0000000000000c70       0x40 ../../lib/libcircle.a(actled.o)
 .debug_ranges  0x0000000000000cb0      0x250 ../../lib/libcircle.a(gpiopin.o)
 .debug_ranges  0x0000000000000f00       0x20 ../../lib/libcircle.a(memory.o)
 .debug_ranges  0x0000000000000f20       0x60 ../../lib/libcircle.a(sysinit.o)
 .debug_ranges  0x0000000000000f80      0x338 ../../lib/libcircle.a(timer.o)
 .debug_ranges  0x00000000000012b8       0xd8 ../../lib/libcircle.a(koptions.o)
 .debug_ranges  0x0000000000001390       0x58 ../../lib/libcircle.a(pagetable.o)
 .debug_ranges  0x00000000000013e8      0x2f8 ../../lib/libcircle.a(screen.o)
 .debug_ranges  0x00000000000016e0       0x38 ../../lib/libcircle.a(debug.o)
 .debug_ranges  0x0000000000001718       0xa0 ../../lib/libcircle.a(devicenameservice.o)
 .debug_ranges  0x00000000000017b8       0x88 ../../lib/libcircle.a(logger.o)
 .debug_ranges  0x0000000000001840      0x110 ../../lib/libcircle.a(serial.o)
 .debug_ranges  0x0000000000001950      0x218 ../../lib/libcircle.a(string.o)
 .debug_ranges  0x0000000000001b68       0x38 ../../lib/libcircle.a(exceptionhandler.o)
 .debug_ranges  0x0000000000001ba0       0x60 ../../lib/libcircle.a(interrupt.o)
 .debug_ranges  0x0000000000001c00       0x90 ../../lib/libcircle.a(gpiomanager.o)
 .debug_ranges  0x0000000000001c90       0x98 ../../lib/libcircle.a(virtualgpiopin.o)
 .debug_ranges  0x0000000000001d28       0x68 ../../lib/libcircle.a(machineinfo.o)
 .debug_ranges  0x0000000000001d90      0x128 ../../lib/libcircle.a(alloc.o)
 .debug_ranges  0x0000000000001eb8       0xb8 ../../lib/libcircle.a(bcmmailbox.o)
 .debug_ranges  0x0000000000001f70       0x20 ../../lib/libcircle.a(util.o)
 .debug_ranges  0x0000000000001f90       0x60 ../../lib/libcircle.a(bcmframebuffer.o)

.debug_line     0x0000000000000000     0x444e
 .debug_line    0x0000000000000000      0x1c3 main.o
 .debug_line    0x00000000000001c3      0x1e5 kernel.o
 .debug_line    0x00000000000003a8       0x9a ../../app/lib/emulator/libemu.a(nes.o)
 .debug_line    0x0000000000000442      0x964 ../../app/lib/emulator/libemu.a(cpu.o)
 .debug_line    0x0000000000000da6       0x49 ../../app/lib/emulator/libemu.a(ppu.o)
 .debug_line    0x0000000000000def       0xb7 ../../app/lib/emulator/libemu.a(cpu_addressing.o)
 .debug_line    0x0000000000000ea6       0x56 ../../app/lib/emulator/libemu.a(rom.o)
 .debug_line    0x0000000000000efc      0x14d ../../lib/libcircle.a(actled.o)
 .debug_line    0x0000000000001049      0x10b ../../lib/libcircle.a(bcmpropertytags.o)
 .debug_line    0x0000000000001154      0x627 ../../lib/libcircle.a(gpiopin.o)
 .debug_line    0x000000000000177b      0x168 ../../lib/libcircle.a(memory.o)
 .debug_line    0x00000000000018e3       0x59 ../../lib/libcircle.a(new.o)
 .debug_line    0x000000000000193c       0x9f ../../lib/libcircle.a(synchronize.o)
 .debug_line    0x00000000000019db       0xe9 ../../lib/libcircle.a(sysinit.o)
 .debug_line    0x0000000000001ac4      0x4f0 ../../lib/libcircle.a(timer.o)
 .debug_line    0x0000000000001fb4      0x1c7 ../../lib/libcircle.a(koptions.o)
 .debug_line    0x000000000000217b      0x167 ../../lib/libcircle.a(pagetable.o)
 .debug_line    0x00000000000022e2      0x4f7 ../../lib/libcircle.a(screen.o)
 .debug_line    0x00000000000027d9       0xd6 ../../lib/libcircle.a(assert.o)
 .debug_line    0x00000000000028af       0xb8 ../../lib/libcircle.a(chargenerator.o)
 .debug_line    0x0000000000002967       0xf5 ../../lib/libcircle.a(debug.o)
 .debug_line    0x0000000000002a5c      0x1bd ../../lib/libcircle.a(devicenameservice.o)
 .debug_line    0x0000000000002c19      0x21d ../../lib/libcircle.a(logger.o)
 .debug_line    0x0000000000002e36      0x1e4 ../../lib/libcircle.a(serial.o)
 .debug_line    0x000000000000301a      0x3a9 ../../lib/libcircle.a(string.o)
 .debug_line    0x00000000000033c3      0x188 ../../lib/libcircle.a(exceptionhandler.o)
 .debug_line    0x000000000000354b      0x1eb ../../lib/libcircle.a(interrupt.o)
 .debug_line    0x0000000000003736      0x196 ../../lib/libcircle.a(gpiomanager.o)
 .debug_line    0x00000000000038cc      0x15c ../../lib/libcircle.a(virtualgpiopin.o)
 .debug_line    0x0000000000003a28      0x1b3 ../../lib/libcircle.a(machineinfo.o)
 .debug_line    0x0000000000003bdb      0x175 ../../lib/libcircle.a(ptrlist.o)
 .debug_line    0x0000000000003d50      0x222 ../../lib/libcircle.a(alloc.o)
 .debug_line    0x0000000000003f72      0x1b3 ../../lib/libcircle.a(bcmmailbox.o)
 .debug_line    0x0000000000004125      0x14d ../../lib/libcircle.a(util.o)
 .debug_line    0x0000000000004272      0x175 ../../lib/libcircle.a(bcmframebuffer.o)
 .debug_line    0x00000000000043e7       0x67 ../../lib/libcircle.a(device.o)

.debug_str      0x0000000000000000     0x5c81
 .debug_str     0x0000000000000000     0x285b main.o
                                       0x29e3 (size before relaxing)
 .debug_str     0x000000000000285b       0x87 kernel.o
                                       0x2a44 (size before relaxing)
 .debug_str     0x00000000000028e2      0x15b ../../app/lib/emulator/libemu.a(nes.o)
                                       0x15c7 (size before relaxing)
 .debug_str     0x0000000000002a3d      0x242 ../../app/lib/emulator/libemu.a(cpu.o)
                                       0x1612 (size before relaxing)
 .debug_str     0x0000000000002c7f       0x19 ../../app/lib/emulator/libemu.a(ppu.o)
                                        0x458 (size before relaxing)
 .debug_str     0x0000000000002c98       0x39 ../../app/lib/emulator/libemu.a(cpu_addressing.o)
                                       0x15d1 (size before relaxing)
 .debug_str     0x0000000000002cd1        0x8 ../../app/lib/emulator/libemu.a(rom.o)
                                        0x2bb (size before relaxing)
 .debug_str     0x0000000000002cd9      0x2f4 ../../lib/libcircle.a(actled.o)
                                        0xd4a (size before relaxing)
 .debug_str     0x0000000000002fcd       0xbd ../../lib/libcircle.a(bcmpropertytags.o)
                                        0x451 (size before relaxing)
 .debug_str     0x000000000000308a      0xc03 ../../lib/libcircle.a(gpiopin.o)
                                       0x16db (size before relaxing)
 .debug_str     0x0000000000003c8d       0x8b ../../lib/libcircle.a(memory.o)
                                        0x704 (size before relaxing)
 .debug_str     0x0000000000003d18       0x46 ../../lib/libcircle.a(new.o)
                                        0x14a (size before relaxing)
 .debug_str     0x0000000000003d5e       0x62 ../../lib/libcircle.a(synchronize.o)
                                        0x1c2 (size before relaxing)
 .debug_str     0x0000000000003dc0       0x95 ../../lib/libcircle.a(sysinit.o)
                                        0x68a (size before relaxing)
 .debug_str     0x0000000000003e55      0x1ac ../../lib/libcircle.a(timer.o)
                                        0xe4d (size before relaxing)
 .debug_str     0x0000000000004001       0x99 ../../lib/libcircle.a(koptions.o)
                                        0x779 (size before relaxing)
 .debug_str     0x000000000000409a       0x6c ../../lib/libcircle.a(pagetable.o)
                                        0x2ec (size before relaxing)
 .debug_str     0x0000000000004106      0xcce ../../lib/libcircle.a(screen.o)
                                       0x11ed (size before relaxing)
 .debug_str     0x0000000000004dd4       0x7d ../../lib/libcircle.a(assert.o)
                                        0xc27 (size before relaxing)
 .debug_str     0x0000000000004e51       0x6d ../../lib/libcircle.a(chargenerator.o)
                                        0x307 (size before relaxing)
 .debug_str     0x0000000000004ebe       0x63 ../../lib/libcircle.a(debug.o)
                                        0xc09 (size before relaxing)
 .debug_str     0x0000000000004f21       0x83 ../../lib/libcircle.a(devicenameservice.o)
                                        0x41e (size before relaxing)
 .debug_str     0x0000000000004fa4       0xd2 ../../lib/libcircle.a(logger.o)
                                       0x11d1 (size before relaxing)
 .debug_str     0x0000000000005076      0x144 ../../lib/libcircle.a(serial.o)
                                        0xa91 (size before relaxing)
 .debug_str     0x00000000000051ba      0x286 ../../lib/libcircle.a(string.o)
                                        0x591 (size before relaxing)
 .debug_str     0x0000000000005440      0x105 ../../lib/libcircle.a(exceptionhandler.o)
                                        0xdf2 (size before relaxing)
 .debug_str     0x0000000000005545       0x6f ../../lib/libcircle.a(interrupt.o)
                                        0x48d (size before relaxing)
 .debug_str     0x00000000000055b4       0x5b ../../lib/libcircle.a(gpiomanager.o)
                                        0x5ee (size before relaxing)
 .debug_str     0x000000000000560f      0x17e ../../lib/libcircle.a(virtualgpiopin.o)
                                        0x657 (size before relaxing)
 .debug_str     0x000000000000578d       0xaf ../../lib/libcircle.a(machineinfo.o)
                                        0x924 (size before relaxing)
 .debug_str     0x000000000000583c       0x48 ../../lib/libcircle.a(ptrlist.o)
                                        0x304 (size before relaxing)
 .debug_str     0x0000000000005884      0x12a ../../lib/libcircle.a(alloc.o)
                                        0x3bf (size before relaxing)
 .debug_str     0x00000000000059ae       0x3f ../../lib/libcircle.a(bcmmailbox.o)
                                        0xb76 (size before relaxing)
 .debug_str     0x00000000000059ed       0xa1 ../../lib/libcircle.a(util.o)
                                        0x265 (size before relaxing)
 .debug_str     0x0000000000005a8e      0x120 ../../lib/libcircle.a(bcmframebuffer.o)
                                        0x8ba (size before relaxing)
 .debug_str     0x0000000000005bae       0xd3 ../../lib/libcircle.a(device.o)
                                        0x211 (size before relaxing)

.debug_frame    0x0000000000000000     0x2c54
 .debug_frame   0x0000000000000000       0x34 main.o
 .debug_frame   0x0000000000000034       0x84 kernel.o
 .debug_frame   0x00000000000000b8       0x2c ../../app/lib/emulator/libemu.a(nes.o)
 .debug_frame   0x00000000000000e4      0xcf4 ../../app/lib/emulator/libemu.a(cpu.o)
 .debug_frame   0x0000000000000dd8       0x28 ../../app/lib/emulator/libemu.a(ppu.o)
 .debug_frame   0x0000000000000e00       0xa0 ../../app/lib/emulator/libemu.a(cpu_addressing.o)
 .debug_frame   0x0000000000000ea0       0x60 ../../app/lib/emulator/libemu.a(rom.o)
 .debug_frame   0x0000000000000f00       0x98 ../../lib/libcircle.a(actled.o)
 .debug_frame   0x0000000000000f98       0x84 ../../lib/libcircle.a(bcmpropertytags.o)
 .debug_frame   0x000000000000101c      0x2b4 ../../lib/libcircle.a(gpiopin.o)
 .debug_frame   0x00000000000012d0       0x78 ../../lib/libcircle.a(memory.o)
 .debug_frame   0x0000000000001348       0x50 ../../lib/libcircle.a(new.o)
 .debug_frame   0x0000000000001398       0x50 ../../lib/libcircle.a(synchronize.o)
 .debug_frame   0x00000000000013e8       0x5c ../../lib/libcircle.a(sysinit.o)
 .debug_frame   0x0000000000001444      0x288 ../../lib/libcircle.a(timer.o)
 .debug_frame   0x00000000000016cc      0x120 ../../lib/libcircle.a(koptions.o)
 .debug_frame   0x00000000000017ec       0x74 ../../lib/libcircle.a(pagetable.o)
 .debug_frame   0x0000000000001860      0x4a4 ../../lib/libcircle.a(screen.o)
 .debug_frame   0x0000000000001d04       0x34 ../../lib/libcircle.a(assert.o)
 .debug_frame   0x0000000000001d38       0x7c ../../lib/libcircle.a(chargenerator.o)
 .debug_frame   0x0000000000001db4       0x6c ../../lib/libcircle.a(debug.o)
 .debug_frame   0x0000000000001e20       0xb0 ../../lib/libcircle.a(devicenameservice.o)
 .debug_frame   0x0000000000001ed0      0x108 ../../lib/libcircle.a(logger.o)
 .debug_frame   0x0000000000001fd8       0xa4 ../../lib/libcircle.a(serial.o)
 .debug_frame   0x000000000000207c      0x21c ../../lib/libcircle.a(string.o)
 .debug_frame   0x0000000000002298       0xcc ../../lib/libcircle.a(exceptionhandler.o)
 .debug_frame   0x0000000000002364      0x12c ../../lib/libcircle.a(interrupt.o)
 .debug_frame   0x0000000000002490       0xd8 ../../lib/libcircle.a(gpiomanager.o)
 .debug_frame   0x0000000000002568       0xb8 ../../lib/libcircle.a(virtualgpiopin.o)
 .debug_frame   0x0000000000002620      0x134 ../../lib/libcircle.a(machineinfo.o)
 .debug_frame   0x0000000000002754      0x100 ../../lib/libcircle.a(ptrlist.o)
 .debug_frame   0x0000000000002854       0xc4 ../../lib/libcircle.a(alloc.o)
 .debug_frame   0x0000000000002918       0x90 ../../lib/libcircle.a(bcmmailbox.o)
 .debug_frame   0x00000000000029a8       0xdc ../../lib/libcircle.a(util.o)
 .debug_frame   0x0000000000002a84      0x168 ../../lib/libcircle.a(bcmframebuffer.o)
 .debug_frame   0x0000000000002bec       0x68 ../../lib/libcircle.a(device.o)
