Archive member included to satisfy reference by file (symbol)

../../app/lib/emulator/libemu.a(nes.o)
                              kernel.o (Nes::Nes())
../../app/lib/emulator/libemu.a(cpu.o)
                              ../../app/lib/emulator/libemu.a(nes.o) (Cpu::Cpu(Rom const*))
../../app/lib/emulator/libemu.a(ppu.o)
                              ../../app/lib/emulator/libemu.a(nes.o) (Ppu::Ppu(Rom const*))
../../app/lib/emulator/libemu.a(cpu_addressing.o)
                              ../../app/lib/emulator/libemu.a(cpu.o) (Cpu::Immediate(unsigned char) const)
../../app/lib/emulator/libemu.a(rom.o)
                              ../../app/lib/emulator/libemu.a(cpu.o) (Rom::GetHeader() const)
../../lib/libcircle.a(actled.o)
                              kernel.o (CActLED::~CActLED())
../../lib/libcircle.a(bcmpropertytags.o)
                              ../../lib/libcircle.a(actled.o) (CBcmPropertyTags::CBcmPropertyTags())
../../lib/libcircle.a(gpiopin.o)
                              ../../lib/libcircle.a(actled.o) (CGPIOPin::Write(unsigned int))
../../lib/libcircle.a(memory.o)
                              kernel.o (CMemorySystem::~CMemorySystem())
../../lib/libcircle.a(new.o)  ../../app/lib/emulator/libemu.a(nes.o) (operator new(unsigned int))
../../lib/libcircle.a(synchronize.o)
                              ../../lib/libcircle.a(gpiopin.o) (EnterCritical)
../../lib/libcircle.a(sysinit.o)
                              main.o (halt)
../../lib/libcircle.a(timer.o)
                              kernel.o (CTimer::CTimer(CInterruptSystem*))
../../lib/libcircle.a(util_fast.o)
                              ../../app/lib/emulator/libemu.a(nes.o) (memcpy)
../../lib/libcircle.a(koptions.o)
                              kernel.o (CKernelOptions::~CKernelOptions())
../../lib/libcircle.a(pagetable.o)
                              ../../lib/libcircle.a(memory.o) (CPageTable::CPageTable())
../../lib/libcircle.a(screen.o)
                              kernel.o (CScreenDevice::~CScreenDevice())
../../lib/libcircle.a(assert.o)
                              ../../lib/libcircle.a(bcmpropertytags.o) (assertion_failed)
../../lib/libcircle.a(chargenerator.o)
                              ../../lib/libcircle.a(screen.o) (CCharGenerator::CCharGenerator())
../../lib/libcircle.a(debug.o)
                              ../../lib/libcircle.a(assert.o) (debug_stacktrace(unsigned int const*, char const*))
../../lib/libcircle.a(devicenameservice.o)
                              kernel.o (CDeviceNameService::CDeviceNameService())
../../lib/libcircle.a(logger.o)
                              kernel.o (CLogger::CLogger(unsigned int, CTimer*))
../../lib/libcircle.a(serial.o)
                              kernel.o (CSerialDevice::CSerialDevice())
../../lib/libcircle.a(string.o)
                              ../../lib/libcircle.a(assert.o) (CString::~CString())
../../lib/libcircle.a(delayloop.o)
                              ../../lib/libcircle.a(timer.o) (DelayLoop)
../../lib/libcircle.a(exceptionhandler.o)
                              kernel.o (CExceptionHandler::CExceptionHandler())
../../lib/libcircle.a(exceptionstub.o)
                              ../../lib/libcircle.a(exceptionhandler.o) (UndefinedInstructionStub)
../../lib/libcircle.a(interrupt.o)
                              kernel.o (CInterruptSystem::CInterruptSystem())
../../lib/libcircle.a(gpiomanager.o)
                              ../../lib/libcircle.a(gpiopin.o) (CGPIOManager::ConnectInterrupt(CGPIOPin*))
../../lib/libcircle.a(virtualgpiopin.o)
                              ../../lib/libcircle.a(actled.o) (CVirtualGPIOPin::CVirtualGPIOPin(unsigned int))
../../lib/libcircle.a(machineinfo.o)
                              ../../lib/libcircle.a(sysinit.o) (CMachineInfo::CMachineInfo())
../../lib/libcircle.a(cache-v7.o)
                              ../../lib/libcircle.a(sysinit.o) (InvalidateDataCacheL1Only)
../../lib/libcircle.a(ptrlist.o)
                              ../../lib/libcircle.a(timer.o) (CPtrList::CPtrList())
../../lib/libcircle.a(alloc.o)
                              ../../lib/libcircle.a(memory.o) (mem_init)
../../lib/libcircle.a(bcmmailbox.o)
                              ../../lib/libcircle.a(bcmpropertytags.o) (CBcmMailBox::CBcmMailBox(unsigned int))
../../lib/libcircle.a(util.o)
                              ../../lib/libcircle.a(screen.o) (memset)
../../lib/libcircle.a(bcmframebuffer.o)
                              ../../lib/libcircle.a(screen.o) (CBcmFrameBuffer::CBcmFrameBuffer(unsigned int, unsigned int, unsigned int, unsigned int, unsigned int))
../../lib/libcircle.a(device.o)
                              ../../lib/libcircle.a(screen.o) (CDevice::~CDevice())

Memory Configuration

Name             Origin             Length             Attributes
*default*        0x0000000000000000 0xffffffffffffffff

Linker script and memory map

                0x0000000000008000                . = 0x8000

.text           0x0000000000008000     0x85f4
 *(.text*)
 .text          0x0000000000008000       0x68 ../../lib/startup.o
                0x0000000000008000                _start
                0x000000000000805c                _start_secondary
 .text          0x0000000000008068        0x0 main.o
 .text.startup  0x0000000000008068       0x58 main.o
                0x0000000000008068                main
 .text          0x00000000000080c0      0x1fc kernel.o
                0x00000000000080c0                CKernel::CKernel()
                0x00000000000080c0                CKernel::CKernel()
                0x0000000000008180                CKernel::Initialize()
                0x000000000000821c                CKernel::Run()
                0x0000000000008248                CKernel::~CKernel()
                0x0000000000008248                CKernel::~CKernel()
 .text          0x00000000000082bc       0x88 ../../app/lib/emulator/libemu.a(nes.o)
                0x00000000000082bc                Nes::Nes()
                0x00000000000082bc                Nes::Nes()
 .text          0x0000000000008344      0x6f4 ../../app/lib/emulator/libemu.a(cpu.o)
                0x0000000000008344                Cpu::ASL_ACC()
                0x0000000000008384                Cpu::UNIMP()
                0x0000000000008388                Cpu::ORA_IND_X()
                0x00000000000083c0                Cpu::ORA_ZP()
                0x00000000000083f4                Cpu::ASL_ZP()
                0x000000000000844c                Cpu::ORA_IMM()
                0x000000000000847c                Cpu::ORA_ABS()
                0x00000000000084b4                Cpu::ASL_ABS()
                0x0000000000008510                Cpu::ORA_IND_Y()
                0x0000000000008548                Cpu::ORA_ZP_X()
                0x0000000000008580                Cpu::ASL_ZP_X()
                0x00000000000085dc                Cpu::ORA_ABS_Y()
                0x0000000000008618                Cpu::ORA_ABS_X()
                0x0000000000008654                Cpu::ASL_ABS_X()
                0x00000000000086b8                Cpu::SBC_ABS_X()
                0x00000000000086bc                Cpu::INC_ABS_X()
                0x00000000000086c0                Cpu::BRK()
                0x00000000000086c4                Cpu::PHP()
                0x00000000000086c8                Cpu::BPL()
                0x00000000000086cc                Cpu::CLC()
                0x00000000000086d0                Cpu::JSR()
                0x00000000000086d4                Cpu::AND_IND_X()
                0x00000000000086d8                Cpu::BIT_ZP()
                0x00000000000086dc                Cpu::AND_ZP()
                0x00000000000086e0                Cpu::ROL_ZP()
                0x00000000000086e4                Cpu::PLP()
                0x00000000000086e8                Cpu::AND_IMM()
                0x00000000000086ec                Cpu::ROL_ACC()
                0x00000000000086f0                Cpu::BIT_ABS()
                0x00000000000086f4                Cpu::AND_ABS()
                0x00000000000086f8                Cpu::ROL_ABS()
                0x00000000000086fc                Cpu::BMI()
                0x0000000000008700                Cpu::AND_IND_Y()
                0x0000000000008704                Cpu::AND_ZP_X()
                0x0000000000008708                Cpu::ROL_ZP_X()
                0x000000000000870c                Cpu::SEC()
                0x0000000000008710                Cpu::AND_ABS_Y()
                0x0000000000008714                Cpu::AND_ABS_X()
                0x0000000000008718                Cpu::ROL_ABS_X()
                0x000000000000871c                Cpu::RTI()
                0x0000000000008720                Cpu::EOR_IND_X()
                0x0000000000008724                Cpu::EOR_ZP()
                0x0000000000008728                Cpu::LSR_ZP()
                0x000000000000872c                Cpu::PHA()
                0x0000000000008730                Cpu::EOR_IMM()
                0x0000000000008734                Cpu::LSR_ACC()
                0x0000000000008738                Cpu::JMP_ABS()
                0x000000000000873c                Cpu::EOR_ABS()
                0x0000000000008740                Cpu::LSR_ABS()
                0x0000000000008744                Cpu::BVC()
                0x0000000000008748                Cpu::EOR_IND_Y()
                0x000000000000874c                Cpu::EOR_ZP_X()
                0x0000000000008750                Cpu::LSR_ZP_X()
                0x0000000000008754                Cpu::CLI()
                0x0000000000008758                Cpu::EOR_ABS_Y()
                0x000000000000875c                Cpu::EOR_ABS_X()
                0x0000000000008760                Cpu::LSR_ABS_X()
                0x0000000000008764                Cpu::RTS()
                0x0000000000008768                Cpu::ADC_IND_X()
                0x000000000000876c                Cpu::ADC_ZP()
                0x0000000000008770                Cpu::ROR_ZP()
                0x0000000000008774                Cpu::PLA()
                0x0000000000008778                Cpu::ADC_IMM()
                0x000000000000877c                Cpu::ROR_ACC()
                0x0000000000008780                Cpu::JMP_IND()
                0x0000000000008784                Cpu::ADC_ABS()
                0x0000000000008788                Cpu::ROR_ABS()
                0x000000000000878c                Cpu::BVS()
                0x0000000000008790                Cpu::ADC_IND_Y()
                0x0000000000008794                Cpu::ADC_ZP_X()
                0x0000000000008798                Cpu::ROR_ZP_X()
                0x000000000000879c                Cpu::SEI()
                0x00000000000087a0                Cpu::ADC_ABS_Y()
                0x00000000000087a4                Cpu::ADC_ABS_X()
                0x00000000000087a8                Cpu::ROR_ABS_X()
                0x00000000000087ac                Cpu::STA_IND_X()
                0x00000000000087b0                Cpu::STY_ZP()
                0x00000000000087b4                Cpu::STA_ZP()
                0x00000000000087b8                Cpu::STX_ZP()
                0x00000000000087bc                Cpu::DEY()
                0x00000000000087c0                Cpu::TXA()
                0x00000000000087c4                Cpu::STY_ABS()
                0x00000000000087c8                Cpu::STA_ABS()
                0x00000000000087cc                Cpu::STX_ABS()
                0x00000000000087d0                Cpu::BCC()
                0x00000000000087d4                Cpu::STA_IND_Y()
                0x00000000000087d8                Cpu::STY_ZP_X()
                0x00000000000087dc                Cpu::STA_ZP_X()
                0x00000000000087e0                Cpu::STX_ZP_Y()
                0x00000000000087e4                Cpu::TYA()
                0x00000000000087e8                Cpu::STA_ABS_Y()
                0x00000000000087ec                Cpu::TXS()
                0x00000000000087f0                Cpu::STA_ABS_X()
                0x00000000000087f4                Cpu::LDY_IMM()
                0x00000000000087f8                Cpu::LDA_IND_X()
                0x00000000000087fc                Cpu::LDX_IMM()
                0x0000000000008800                Cpu::LDY_ZP()
                0x0000000000008804                Cpu::LDA_ZP()
                0x0000000000008808                Cpu::LDX_ZP()
                0x000000000000880c                Cpu::TAY()
                0x0000000000008810                Cpu::LDA_IMM()
                0x0000000000008814                Cpu::TAX()
                0x0000000000008818                Cpu::LDY_ABS()
                0x000000000000881c                Cpu::LDA_ABS()
                0x0000000000008820                Cpu::LDX_ABS()
                0x0000000000008824                Cpu::BCS()
                0x0000000000008828                Cpu::LDA_IND_Y()
                0x000000000000882c                Cpu::LDY_ZP_X()
                0x0000000000008830                Cpu::LDA_ZP_X()
                0x0000000000008834                Cpu::LDX_ZP_Y()
                0x0000000000008838                Cpu::CLV()
                0x000000000000883c                Cpu::LDA_ABS_Y()
                0x0000000000008840                Cpu::TSX()
                0x0000000000008844                Cpu::LDY_ABS_X()
                0x0000000000008848                Cpu::LDA_ABS_X()
                0x000000000000884c                Cpu::LDX_ABS_Y()
                0x0000000000008850                Cpu::CPY_IMM()
                0x0000000000008854                Cpu::CMP_IND_X()
                0x0000000000008858                Cpu::CPY_ZP()
                0x000000000000885c                Cpu::CMP_ZP()
                0x0000000000008860                Cpu::DEC_ZP()
                0x0000000000008864                Cpu::INY()
                0x0000000000008868                Cpu::CMP_IMM()
                0x000000000000886c                Cpu::DEX()
                0x0000000000008870                Cpu::CPY_ABS()
                0x0000000000008874                Cpu::CMP_ABS()
                0x0000000000008878                Cpu::DEC_ABS()
                0x000000000000887c                Cpu::BNE()
                0x0000000000008880                Cpu::CMP_IND_Y()
                0x0000000000008884                Cpu::CMP_ZP_X()
                0x0000000000008888                Cpu::DEC_ZP_X()
                0x000000000000888c                Cpu::CLD()
                0x0000000000008890                Cpu::CMP_ABS_Y()
                0x0000000000008894                Cpu::CMP_ABS_X()
                0x0000000000008898                Cpu::DEC_ABS_X()
                0x000000000000889c                Cpu::CPX_IMM()
                0x00000000000088a0                Cpu::SBC_IND_X()
                0x00000000000088a4                Cpu::CPX_ZP()
                0x00000000000088a8                Cpu::SBC_ZP()
                0x00000000000088ac                Cpu::INC_ZP()
                0x00000000000088b0                Cpu::INX()
                0x00000000000088b4                Cpu::SBC_IMM()
                0x00000000000088b8                Cpu::NOP()
                0x00000000000088bc                Cpu::CPX_ABS()
                0x00000000000088c0                Cpu::SBC_ABS()
                0x00000000000088c4                Cpu::INC_ABS()
                0x00000000000088c8                Cpu::BEQ()
                0x00000000000088cc                Cpu::SBC_IND_Y()
                0x00000000000088d0                Cpu::SBC_ZP_X()
                0x00000000000088d4                Cpu::INC_ZP_X()
                0x00000000000088d8                Cpu::SED()
                0x00000000000088dc                Cpu::SBC_ABS_Y()
                0x00000000000088e0                Cpu::Cpu(Rom const*)
                0x00000000000088e0                Cpu::Cpu(Rom const*)
                0x0000000000008a14                Cpu::SetFlag(unsigned char, unsigned char)
 .text          0x0000000000008a38       0x18 ../../app/lib/emulator/libemu.a(ppu.o)
                0x0000000000008a38                Ppu::Ppu(Rom const*)
                0x0000000000008a38                Ppu::Ppu(Rom const*)
 .text          0x0000000000008a50       0x9c ../../app/lib/emulator/libemu.a(cpu_addressing.o)
                0x0000000000008a50                Cpu::FromValues(unsigned char) const
                0x0000000000008a58                Cpu::FromValues(unsigned char, unsigned char) const
                0x0000000000008a60                Cpu::Immediate(unsigned char) const
                0x0000000000008a68                Cpu::ZeroPage(unsigned char) const
                0x0000000000008a70                Cpu::Absolute(unsigned char, unsigned char) const
                0x0000000000008a78                Cpu::Indexed(unsigned char, unsigned char, unsigned char) const
                0x0000000000008a88                Cpu::ZeroPageIndexed(unsigned char, unsigned char) const
                0x0000000000008a90                Cpu::Indirect(unsigned char, unsigned char) const
                0x0000000000008aac                Cpu::PreIndexedIndirect(unsigned char, unsigned char) const
                0x0000000000008acc                Cpu::PostIndexedIndirect(unsigned char, unsigned char) const
 .text          0x0000000000008aec       0x80 ../../app/lib/emulator/libemu.a(rom.o)
                0x0000000000008aec                Rom::GetHeader() const
                0x0000000000008b1c                Rom::GetRaw() const
                0x0000000000008b24                Rom::GetLength() const
                0x0000000000008b2c                Rom::GetTrainerOffset() const
 .text          0x0000000000008b6c      0x208 ../../lib/libcircle.a(actled.o)
                0x0000000000008b6c                CActLED::~CActLED()
                0x0000000000008b6c                CActLED::~CActLED()
                0x0000000000008b80                CActLED::On()
                0x0000000000008bc0                CActLED::Off()
                0x0000000000008c00                CActLED::CActLED()
                0x0000000000008c00                CActLED::CActLED()
                0x0000000000008d18                CActLED::Blink(unsigned int, unsigned int, unsigned int)
                0x0000000000008d64                CActLED::Get()
 .text          0x0000000000008d74      0x1d0 ../../lib/libcircle.a(bcmpropertytags.o)
                0x0000000000008d74                CBcmPropertyTags::CBcmPropertyTags()
                0x0000000000008d74                CBcmPropertyTags::CBcmPropertyTags()
                0x0000000000008d8c                CBcmPropertyTags::~CBcmPropertyTags()
                0x0000000000008d8c                CBcmPropertyTags::~CBcmPropertyTags()
                0x0000000000008da0                CBcmPropertyTags::GetTags(void*, unsigned int)
                0x0000000000008e94                CBcmPropertyTags::GetTag(unsigned int, void*, unsigned int, unsigned int)
 .text          0x0000000000008f44      0xdfc ../../lib/libcircle.a(gpiopin.o)
                0x0000000000008f44                CGPIOPin::~CGPIOPin()
                0x0000000000008f44                CGPIOPin::~CGPIOPin()
                0x0000000000008f48                CGPIOPin::~CGPIOPin()
                0x0000000000008f5c                CGPIOPin::Write(unsigned int)
                0x0000000000009014                CGPIOPin::Read() const
                0x000000000000909c                CGPIOPin::Invert()
                0x00000000000090dc                CGPIOPin::ConnectInterrupt(void (*)(void*), void*)
                0x00000000000091f0                CGPIOPin::DisconnectInterrupt()
                0x00000000000092dc                CGPIOPin::EnableInterrupt(TGPIOInterrupt)
                0x0000000000009468                CGPIOPin::DisableInterrupt()
                0x0000000000009558                CGPIOPin::EnableInterrupt2(TGPIOInterrupt)
                0x00000000000096e4                CGPIOPin::DisableInterrupt2()
                0x00000000000097d4                CGPIOPin::SetPullUpMode(unsigned int)
                0x00000000000098a8                CGPIOPin::SetAlternateFunction(unsigned int)
                0x000000000000997c                CGPIOPin::SetMode(TGPIOMode, int)
                0x0000000000009b40                CGPIOPin::CGPIOPin(unsigned int, TGPIOMode, CGPIOManager*)
                0x0000000000009b40                CGPIOPin::CGPIOPin(unsigned int, TGPIOMode, CGPIOManager*)
                0x0000000000009bd4                CGPIOPin::InterruptHandler()
                0x0000000000009c84                CGPIOPin::DisableAllInterrupts(unsigned int)
 .text.startup  0x0000000000009d40       0x14 ../../lib/libcircle.a(gpiopin.o)
 .text          0x0000000000009d54      0x26c ../../lib/libcircle.a(memory.o)
                0x0000000000009d54                CMemorySystem::~CMemorySystem()
                0x0000000000009d54                CMemorySystem::~CMemorySystem()
                0x0000000000009dc8                CMemorySystem::GetMemSize() const
                0x0000000000009dd0                CMemorySystem::EnableMMU()
                0x0000000000009edc                CMemorySystem::CMemorySystem(int)
                0x0000000000009edc                CMemorySystem::CMemorySystem(int)
 .text          0x0000000000009fc0       0x10 ../../lib/libcircle.a(new.o)
                0x0000000000009fc0                operator new(unsigned int)
                0x0000000000009fc4                operator new[](unsigned int)
                0x0000000000009fc8                operator delete(void*)
                0x0000000000009fcc                operator delete[](void*)
 .text          0x0000000000009fd0       0xb4 ../../lib/libcircle.a(synchronize.o)
                0x0000000000009fd0                EnterCritical
                0x000000000000a004                LeaveCritical
                0x000000000000a064                SyncDataAndInstructionCache
 .text          0x000000000000a084       0xe0 ../../lib/libcircle.a(sysinit.o)
                0x000000000000a084                __aeabi_atexit
                0x000000000000a088                halt
                0x000000000000a098                reboot
                0x000000000000a0bc                sysinit
 .text          0x000000000000a164      0xb8c ../../lib/libcircle.a(timer.o)
                0x000000000000a164                CTimer::CTimer(CInterruptSystem*)
                0x000000000000a164                CTimer::CTimer(CInterruptSystem*)
                0x000000000000a1e4                CTimer::~CTimer()
                0x000000000000a1e4                CTimer::~CTimer()
                0x000000000000a2c8                CTimer::SetTimeZone(int)
                0x000000000000a2e8                CTimer::GetTimeZone() const
                0x000000000000a2f0                CTimer::SetTime(unsigned int, int)
                0x000000000000a370                CTimer::GetClockTicks()
                0x000000000000a380                CTimer::GetTicks() const
                0x000000000000a388                CTimer::GetUptime() const
                0x000000000000a390                CTimer::GetTime() const
                0x000000000000a398                CTimer::GetUniversalTime() const
                0x000000000000a3b8                CTimer::GetTimeString()
                0x000000000000a5a4                CTimer::StartKernelTimer(unsigned int, void (*)(unsigned int, void*, void*), void*, void*)
                0x000000000000a704                CTimer::CancelKernelTimer(unsigned int)
                0x000000000000a7b8                CTimer::PollKernelTimers()
                0x000000000000a910                CTimer::InterruptHandler()
                0x000000000000aa24                CTimer::InterruptHandler(void*)
                0x000000000000aa60                CTimer::TuneMsDelay()
                0x000000000000ab08                CTimer::Initialize()
                0x000000000000ab84                CTimer::SimpleMsDelay(unsigned int)
                0x000000000000abc4                CTimer::SimpleusDelay(unsigned int)
                0x000000000000abf4                CTimer::IsLeapYear(unsigned int)
                0x000000000000ac40                CTimer::GetDaysOfMonth(unsigned int, unsigned int)
                0x000000000000acb8                CTimer::Get()
 .text          0x000000000000acf0       0x5c ../../lib/libcircle.a(util_fast.o)
                0x000000000000acf0                memcpy
 .text          0x000000000000ad4c      0x514 ../../lib/libcircle.a(koptions.o)
                0x000000000000adac                CKernelOptions::~CKernelOptions()
                0x000000000000adac                CKernelOptions::~CKernelOptions()
                0x000000000000adc0                CKernelOptions::GetWidth() const
                0x000000000000adc8                CKernelOptions::GetHeight() const
                0x000000000000add0                CKernelOptions::GetLogDevice() const
                0x000000000000addc                CKernelOptions::GetLogLevel() const
                0x000000000000ade4                CKernelOptions::GetKeyMap() const
                0x000000000000adec                CKernelOptions::GetUSBPowerDelay() const
                0x000000000000adf4                CKernelOptions::GetCPUSpeed() const
                0x000000000000adfc                CKernelOptions::GetSoCMaxTemp() const
                0x000000000000ae04                CKernelOptions::Get()
                0x000000000000ae14                CKernelOptions::GetToken()
                0x000000000000ae90                CKernelOptions::CKernelOptions()
                0x000000000000ae90                CKernelOptions::CKernelOptions()
                0x000000000000b208                CKernelOptions::GetOptionValue(char*)
                0x000000000000b240                CKernelOptions::GetDecimal(char*)
 .text          0x000000000000b260      0x220 ../../lib/libcircle.a(pagetable.o)
                0x000000000000b260                CPageTable::CPageTable()
                0x000000000000b260                CPageTable::CPageTable()
                0x000000000000b310                CPageTable::CPageTable(unsigned int)
                0x000000000000b310                CPageTable::CPageTable(unsigned int)
                0x000000000000b450                CPageTable::~CPageTable()
                0x000000000000b450                CPageTable::~CPageTable()
                0x000000000000b474                CPageTable::GetBaseAddress() const
 .text          0x000000000000b480     0x11f4 ../../lib/libcircle.a(screen.o)
                0x000000000000b480                CScreenDevice::~CScreenDevice()
                0x000000000000b480                CScreenDevice::~CScreenDevice()
                0x000000000000b4f4                CScreenDevice::~CScreenDevice()
                0x000000000000b5d8                CScreenDevice::CScreenDevice(unsigned int, unsigned int, int)
                0x000000000000b5d8                CScreenDevice::CScreenDevice(unsigned int, unsigned int, int)
                0x000000000000b64c                CScreenDevice::GetWidth() const
                0x000000000000b654                CScreenDevice::GetHeight() const
                0x000000000000b65c                CScreenDevice::GetColumns() const
                0x000000000000b678                CScreenDevice::GetRows() const
                0x000000000000b694                CScreenDevice::GetStatus()
                0x000000000000b704                CScreenDevice::SetStatus(TScreenStatus)
                0x000000000000b814                CScreenDevice::CarriageReturn()
                0x000000000000b820                CScreenDevice::CursorHome()
                0x000000000000b834                CScreenDevice::CursorLeft()
                0x000000000000b8a0                CScreenDevice::CursorMove(unsigned int, unsigned int)
                0x000000000000b900                CScreenDevice::CursorUp()
                0x000000000000b930                CScreenDevice::DeleteChars(unsigned int)
                0x000000000000b934                CScreenDevice::DeleteLines(unsigned int)
                0x000000000000b938                CScreenDevice::InsertLines(unsigned int)
                0x000000000000b93c                CScreenDevice::InsertMode(int)
                0x000000000000b944                CScreenDevice::ReverseScroll()
                0x000000000000b948                CScreenDevice::SetCursorMode(int)
                0x000000000000b950                CScreenDevice::SetScrollRegion(unsigned int, unsigned int)
                0x000000000000b9cc                CScreenDevice::SetStandoutMode(unsigned int)
                0x000000000000ba6c                CScreenDevice::Scroll()
                0x000000000000bb04                CScreenDevice::CursorDown()
                0x000000000000bb50                CScreenDevice::NewLine()
                0x000000000000bb5c                CScreenDevice::CursorRight()
                0x000000000000bb98                CScreenDevice::Tabulator()
                0x000000000000bbe0                CScreenDevice::DisplayChar(char, unsigned int, unsigned int, unsigned char)
                0x000000000000bc98                CScreenDevice::DisplayChar(char)
                0x000000000000bcd4                CScreenDevice::EraseChar(unsigned int, unsigned int)
                0x000000000000bd44                CScreenDevice::ClearLineEnd()
                0x000000000000bdec                CScreenDevice::EraseChars(unsigned int)
                0x000000000000bdf8                CScreenDevice::ClearDisplayEnd()
                0x000000000000be78                CScreenDevice::Write(char)
                0x000000000000c374                CScreenDevice::Write(void const*, unsigned int)
                0x000000000000c434                CScreenDevice::Initialize()
                0x000000000000c5c4                CScreenDevice::InvertCursor()
                0x000000000000c5d4                CScreenDevice::SetPixel(unsigned int, unsigned int, unsigned char)
                0x000000000000c5e4                CScreenDevice::GetPixel(unsigned int, unsigned int)
                0x000000000000c618                CScreenDevice::Rotor(unsigned int, unsigned int)
 .text          0x000000000000c674       0x88 ../../lib/libcircle.a(assert.o)
                0x000000000000c674                assertion_failed
 .text          0x000000000000c6fc       0xa8 ../../lib/libcircle.a(chargenerator.o)
                0x000000000000c6fc                CCharGenerator::CCharGenerator()
                0x000000000000c6fc                CCharGenerator::CCharGenerator()
                0x000000000000c708                CCharGenerator::~CCharGenerator()
                0x000000000000c708                CCharGenerator::~CCharGenerator()
                0x000000000000c70c                CCharGenerator::GetCharWidth() const
                0x000000000000c714                CCharGenerator::GetCharHeight() const
                0x000000000000c71c                CCharGenerator::GetUnderline() const
                0x000000000000c724                CCharGenerator::GetPixel(char, unsigned int, unsigned int) const
 .text          0x000000000000c7a4      0x19c ../../lib/libcircle.a(debug.o)
                0x000000000000c7a4                debug_hexdump(void const*, unsigned int, char const*)
                0x000000000000c8b0                debug_stacktrace(unsigned int const*, char const*)
 .text          0x000000000000c940      0x2b8 ../../lib/libcircle.a(devicenameservice.o)
                0x000000000000c940                CDeviceNameService::CDeviceNameService()
                0x000000000000c940                CDeviceNameService::CDeviceNameService()
                0x000000000000c98c                CDeviceNameService::~CDeviceNameService()
                0x000000000000c98c                CDeviceNameService::~CDeviceNameService()
                0x000000000000c9f0                CDeviceNameService::AddDevice(char const*, CDevice*, int)
                0x000000000000cab0                CDeviceNameService::GetDevice(char const*, int)
                0x000000000000cbc0                CDeviceNameService::Get()
 .text          0x000000000000cbf8      0x460 ../../lib/libcircle.a(logger.o)
                0x000000000000cbf8                CLogger::CLogger(unsigned int, CTimer*)
                0x000000000000cbf8                CLogger::CLogger(unsigned int, CTimer*)
                0x000000000000cc40                CLogger::~CLogger()
                0x000000000000cc40                CLogger::~CLogger()
                0x000000000000cc70                CLogger::Get()
                0x000000000000cc80                CLogger::Write(char const*)
                0x000000000000cd28                CLogger::Read(void*, unsigned int)
                0x000000000000cde4                CLogger::WriteV(char const*, TLogSeverity, char const*, std::__va_list)
                0x000000000000cfe4                CLogger::Write(char const*, TLogSeverity, char const*, ...)
                0x000000000000d014                CLogger::Initialize(CDevice*)
 .text          0x000000000000d058      0x2e4 ../../lib/libcircle.a(serial.o)
                0x000000000000d058                CSerialDevice::Write(void const*, unsigned int)
                0x000000000000d110                CSerialDevice::CSerialDevice()
                0x000000000000d110                CSerialDevice::CSerialDevice()
                0x000000000000d188                CSerialDevice::Initialize(unsigned int)
                0x000000000000d2b0                CSerialDevice::Write(unsigned char)
                0x000000000000d2cc                CSerialDevice::~CSerialDevice()
                0x000000000000d2cc                CSerialDevice::~CSerialDevice()
                0x000000000000d320                CSerialDevice::~CSerialDevice()
 *fill*         0x000000000000d33c        0x4 
 .text          0x000000000000d340      0xd44 ../../lib/libcircle.a(string.o)
                0x000000000000d340                CString::~CString()
                0x000000000000d340                CString::~CString()
                0x000000000000d36c                CString::~CString()
                0x000000000000d408                CString::CString()
                0x000000000000d408                CString::CString()
                0x000000000000d420                CString::CString(char const*)
                0x000000000000d420                CString::CString(char const*)
                0x000000000000d460                CString::operator char const*() const
                0x000000000000d478                CString::operator=(char const*)
                0x000000000000d4bc                CString::GetLength() const
                0x000000000000d4cc                CString::Append(char const*)
                0x000000000000d550                CString::Compare(char const*) const
                0x000000000000d558                CString::Find(char) const
                0x000000000000d59c                CString::PutChar(char, unsigned int)
                0x000000000000d5dc                CString::PutString(char const*)
                0x000000000000d620                CString::ReserveSpace(unsigned int)
                0x000000000000d62c                CString::ntoa(char*, unsigned long, unsigned int, int)
                0x000000000000d6b0                CString::ftoa(char*, double, unsigned int)
                0x000000000000d8e8                CString::FormatV(char const*, std::__va_list)
                0x000000000000e054                CString::Format(char const*, ...)
 *fill*         0x000000000000e084        0x4 
 .text          0x000000000000e088        0xc ../../lib/libcircle.a(delayloop.o)
                0x000000000000e088                DelayLoop
 .text          0x000000000000e094      0x258 ../../lib/libcircle.a(exceptionhandler.o)
                0x000000000000e094                CExceptionHandler::CExceptionHandler()
                0x000000000000e094                CExceptionHandler::CExceptionHandler()
                0x000000000000e124                CExceptionHandler::~CExceptionHandler()
                0x000000000000e124                CExceptionHandler::~CExceptionHandler()
                0x000000000000e138                CExceptionHandler::Throw(unsigned int)
                0x000000000000e178                CExceptionHandler::Throw(unsigned int, TAbortFrame*)
                0x000000000000e258                CExceptionHandler::Get()
                0x000000000000e290                ExceptionHandler
 .text          0x000000000000e2ec       0xd0 ../../lib/libcircle.a(exceptionstub.o)
                0x000000000000e2ec                UndefinedInstructionStub
                0x000000000000e32c                PrefetchAbortStub
                0x000000000000e36c                DataAbortStub
                0x000000000000e3ac                IRQStub
 .text          0x000000000000e3bc      0x3cc ../../lib/libcircle.a(interrupt.o)
                0x000000000000e3bc                CInterruptSystem::CInterruptSystem()
                0x000000000000e3bc                CInterruptSystem::CInterruptSystem()
                0x000000000000e3f4                CInterruptSystem::~CInterruptSystem()
                0x000000000000e3f4                CInterruptSystem::~CInterruptSystem()
                0x000000000000e408                CInterruptSystem::Initialize()
                0x000000000000e454                CInterruptSystem::EnableIRQ(unsigned int)
                0x000000000000e4c4                CInterruptSystem::ConnectIRQ(unsigned int, void (*)(void*), void*)
                0x000000000000e538                CInterruptSystem::DisableIRQ(unsigned int)
                0x000000000000e5a8                CInterruptSystem::DisconnectIRQ(unsigned int)
                0x000000000000e628                CInterruptSystem::Get()
                0x000000000000e660                CInterruptSystem::CallIRQHandler(unsigned int)
                0x000000000000e6cc                CInterruptSystem::InterruptHandler()
                0x000000000000e784                InterruptHandler
 .text          0x000000000000e788      0x398 ../../lib/libcircle.a(gpiomanager.o)
                0x000000000000e788                CGPIOManager::CGPIOManager(CInterruptSystem*)
                0x000000000000e788                CGPIOManager::CGPIOManager(CInterruptSystem*)
                0x000000000000e7b4                CGPIOManager::~CGPIOManager()
                0x000000000000e7b4                CGPIOManager::~CGPIOManager()
                0x000000000000e840                CGPIOManager::Initialize()
                0x000000000000e8c4                CGPIOManager::ConnectInterrupt(CGPIOPin*)
                0x000000000000e974                CGPIOManager::DisconnectInterrupt(CGPIOPin*)
                0x000000000000ea38                CGPIOManager::InterruptHandler()
                0x000000000000eae4                CGPIOManager::InterruptStub(void*)
 .text          0x000000000000eb20      0x1f4 ../../lib/libcircle.a(virtualgpiopin.o)
                0x000000000000eb20                CVirtualGPIOPin::~CVirtualGPIOPin()
                0x000000000000eb20                CVirtualGPIOPin::~CVirtualGPIOPin()
                0x000000000000eb24                CVirtualGPIOPin::~CVirtualGPIOPin()
                0x000000000000ebdc                CVirtualGPIOPin::CVirtualGPIOPin(unsigned int)
                0x000000000000ebdc                CVirtualGPIOPin::CVirtualGPIOPin(unsigned int)
                0x000000000000eccc                CVirtualGPIOPin::Write(unsigned int)
                0x000000000000ed08                CVirtualGPIOPin::Invert()
 .text.startup  0x000000000000ed14       0x14 ../../lib/libcircle.a(virtualgpiopin.o)
 .text          0x000000000000ed28      0x3fc ../../lib/libcircle.a(machineinfo.o)
                0x000000000000ed28                CMachineInfo::CMachineInfo()
                0x000000000000ed28                CMachineInfo::CMachineInfo()
                0x000000000000eef8                CMachineInfo::~CMachineInfo()
                0x000000000000eef8                CMachineInfo::~CMachineInfo()
                0x000000000000ef1c                CMachineInfo::GetMachineModel() const
                0x000000000000ef24                CMachineInfo::GetMachineName() const
                0x000000000000ef3c                CMachineInfo::GetModelMajor() const
                0x000000000000ef44                CMachineInfo::GetModelRevision() const
                0x000000000000ef4c                CMachineInfo::GetSoCType() const
                0x000000000000ef54                CMachineInfo::GetRAMSize() const
                0x000000000000ef5c                CMachineInfo::GetSoCName() const
                0x000000000000ef74                CMachineInfo::GetRevisionRaw() const
                0x000000000000ef7c                CMachineInfo::GetClockRate(unsigned int) const
                0x000000000000f040                CMachineInfo::GetGPIOPin(TGPIOVirtualPin) const
                0x000000000000f0b0                CMachineInfo::GetDevice(TDeviceId) const
                0x000000000000f0ec                CMachineInfo::Get()
 .text          0x000000000000f124      0x1f4 ../../lib/libcircle.a(cache-v7.o)
                0x000000000000f124                InvalidateDataCacheL1Only
                0x000000000000f190                InvalidateDataCache
                0x000000000000f238                CleanDataCache
                0x000000000000f2e0                CleanAndInvalidateDataCacheRange
 .text          0x000000000000f318      0x508 ../../lib/libcircle.a(ptrlist.o)
                0x000000000000f318                CPtrList::CPtrList()
                0x000000000000f318                CPtrList::CPtrList()
                0x000000000000f324                CPtrList::~CPtrList()
                0x000000000000f324                CPtrList::~CPtrList()
                0x000000000000f358                CPtrList::GetFirst()
                0x000000000000f360                CPtrList::GetNext(TPtrListElement*)
                0x000000000000f3bc                CPtrList::GetPtr(TPtrListElement*)
                0x000000000000f418                CPtrList::InsertBefore(TPtrListElement*, void*)
                0x000000000000f530                CPtrList::InsertAfter(TPtrListElement*, void*)
                0x000000000000f63c                CPtrList::Remove(TPtrListElement*)
                0x000000000000f7a8                CPtrList::Find(void*)
 .text          0x000000000000f820      0x3fc ../../lib/libcircle.a(alloc.o)
                0x000000000000f820                mem_init
                0x000000000000f85c                mem_get_size
                0x000000000000f884                malloc
                0x000000000000fa0c                free
                0x000000000000fac8                palloc
                0x000000000000fbb0                pfree
 .text.startup  0x000000000000fc1c       0x18 ../../lib/libcircle.a(alloc.o)
 .text          0x000000000000fc34      0x168 ../../lib/libcircle.a(bcmmailbox.o)
                0x000000000000fc34                CBcmMailBox::CBcmMailBox(unsigned int)
                0x000000000000fc34                CBcmMailBox::CBcmMailBox(unsigned int)
                0x000000000000fc40                CBcmMailBox::~CBcmMailBox()
                0x000000000000fc40                CBcmMailBox::~CBcmMailBox()
                0x000000000000fc44                CBcmMailBox::Flush()
                0x000000000000fc78                CBcmMailBox::Read()
                0x000000000000fca8                CBcmMailBox::Write(unsigned int)
                0x000000000000fd00                CBcmMailBox::WriteRead(unsigned int)
 .text          0x000000000000fd9c      0x460 ../../lib/libcircle.a(util.o)
                0x000000000000fd9c                memset
                0x000000000000fdc0                memcmp
                0x000000000000fe1c                strlen
                0x000000000000fe44                strcmp
                0x000000000000feb0                strcpy
                0x000000000000fedc                strncpy
                0x000000000000ff28                strcat
                0x000000000000ff6c                strchr
                0x000000000000ffac                strtok_r
                0x0000000000010078                strtoul
                0x00000000000101f8                char2int
 .text          0x00000000000101fc      0x3bc ../../lib/libcircle.a(bcmframebuffer.o)
                0x0000000000010280                CBcmFrameBuffer::CBcmFrameBuffer(unsigned int, unsigned int, unsigned int, unsigned int, unsigned int)
                0x0000000000010280                CBcmFrameBuffer::CBcmFrameBuffer(unsigned int, unsigned int, unsigned int, unsigned int, unsigned int)
                0x00000000000103b8                CBcmFrameBuffer::~CBcmFrameBuffer()
                0x00000000000103b8                CBcmFrameBuffer::~CBcmFrameBuffer()
                0x00000000000103d0                CBcmFrameBuffer::SetPalette(unsigned char, unsigned short)
                0x000000000001040c                CBcmFrameBuffer::SetPalette32(unsigned char, unsigned int)
                0x0000000000010424                CBcmFrameBuffer::Initialize()
                0x00000000000104e8                CBcmFrameBuffer::GetWidth() const
                0x00000000000104f0                CBcmFrameBuffer::GetHeight() const
                0x00000000000104f8                CBcmFrameBuffer::GetVirtWidth() const
                0x0000000000010500                CBcmFrameBuffer::GetVirtHeight() const
                0x0000000000010508                CBcmFrameBuffer::GetPitch() const
                0x0000000000010510                CBcmFrameBuffer::GetDepth() const
                0x0000000000010518                CBcmFrameBuffer::GetBuffer() const
                0x0000000000010520                CBcmFrameBuffer::GetSize() const
                0x0000000000010528                CBcmFrameBuffer::UpdatePalette()
                0x0000000000010540                CBcmFrameBuffer::SetVirtualOffset(unsigned int, unsigned int)
 .text          0x00000000000105b8       0x3c ../../lib/libcircle.a(device.o)
                0x00000000000105b8                CDevice::~CDevice()
                0x00000000000105b8                CDevice::~CDevice()
                0x00000000000105bc                CDevice::Read(void*, unsigned int)
                0x00000000000105bc                CDevice::Write(void const*, unsigned int)
                0x00000000000105c4                CDevice::Seek(unsigned long long)
                0x00000000000105d0                CDevice::~CDevice()
                0x00000000000105e4                CDevice::CDevice()
                0x00000000000105e4                CDevice::CDevice()
                0x00000000000105f4                _etext = .

.glue_7         0x00000000000105f4        0x0
 .glue_7        0x00000000000105f4        0x0 linker stubs

.glue_7t        0x00000000000105f4        0x0
 .glue_7t       0x00000000000105f4        0x0 linker stubs

.vfp11_veneer   0x00000000000105f4        0x0
 .vfp11_veneer  0x00000000000105f4        0x0 linker stubs

.v4_bx          0x00000000000105f4        0x0
 .v4_bx         0x00000000000105f4        0x0 linker stubs

.iplt           0x00000000000105f4        0x0
 .iplt          0x00000000000105f4        0x0 ../../lib/startup.o

.rodata         0x00000000000105f4    0x42774
 *(.rodata*)
 .rodata        0x00000000000105f4        0x7 kernel.o
 *fill*         0x00000000000105fb        0x1 
 .rodata.str1.4
                0x00000000000105fc       0x23 kernel.o
 *fill*         0x000000000001061f        0x1 
 .rodata        0x0000000000010620    0x40010 ../../app/lib/emulator/libemu.a(nes.o)
 .rodata        0x0000000000050630      0x900 ../../app/lib/emulator/libemu.a(cpu.o)
 .rodata        0x0000000000050f30       0xc0 ../../app/lib/emulator/libemu.a(ppu.o)
 .rodata.str1.4
                0x0000000000050ff0       0x98 ../../lib/libcircle.a(bcmpropertytags.o)
 .rodata        0x0000000000051088       0x28 ../../lib/libcircle.a(gpiopin.o)
                0x00000000000510a0                vtable for CGPIOPin
 .rodata.str1.4
                0x00000000000510b0      0x29d ../../lib/libcircle.a(gpiopin.o)
 *fill*         0x000000000005134d        0x3 
 .rodata.str1.4
                0x0000000000051350       0x94 ../../lib/libcircle.a(memory.o)
 .rodata.str1.4
                0x00000000000513e4       0x25 ../../lib/libcircle.a(synchronize.o)
 *fill*         0x0000000000051409        0x3 
 .rodata        0x000000000005140c       0x36 ../../lib/libcircle.a(timer.o)
                0x000000000005140c                CTimer::s_nDaysOfMonth
 *fill*         0x0000000000051442        0x2 
 .rodata.str1.4
                0x0000000000051444      0x158 ../../lib/libcircle.a(timer.o)
                                        0x168 (size before relaxing)
 .rodata.str1.4
                0x000000000005159c       0x62 ../../lib/libcircle.a(koptions.o)
 *fill*         0x00000000000515fe        0x2 
 .rodata.str1.4
                0x0000000000051600       0x3e ../../lib/libcircle.a(pagetable.o)
 *fill*         0x000000000005163e        0x2 
 .rodata        0x0000000000051640       0x21 ../../lib/libcircle.a(screen.o)
                0x0000000000051640                vtable for CScreenDevice
 .rodata.str1.4
                0x0000000000051661        0x5 ../../lib/libcircle.a(screen.o)
 *fill*         0x0000000000051661        0x3 
 .rodata.str1.4
                0x0000000000051664       0x1d ../../lib/libcircle.a(assert.o)
 *fill*         0x0000000000051681        0x3 
 .rodata        0x0000000000051684      0xdf0 ../../lib/libcircle.a(chargenerator.o)
 .rodata.str1.4
                0x0000000000052474       0x29 ../../lib/libcircle.a(chargenerator.o)
 *fill*         0x000000000005249d        0x3 
 .rodata        0x00000000000524a0        0x6 ../../lib/libcircle.a(debug.o)
 *fill*         0x00000000000524a6        0x2 
 .rodata.str1.4
                0x00000000000524a8       0x8e ../../lib/libcircle.a(debug.o)
 *fill*         0x0000000000052536        0x2 
 .rodata.str1.4
                0x0000000000052538       0x70 ../../lib/libcircle.a(devicenameservice.o)
 .rodata.str1.4
                0x00000000000525a8       0x3b ../../lib/libcircle.a(logger.o)
 *fill*         0x00000000000525e3        0x1 
 .rodata        0x00000000000525e4       0x1c ../../lib/libcircle.a(serial.o)
                0x00000000000525e4                vtable for CSerialDevice
 .rodata.str1.4
                0x0000000000052600       0x92 ../../lib/libcircle.a(serial.o)
 *fill*         0x0000000000052692        0x2 
 .rodata        0x0000000000052694       0x10 ../../lib/libcircle.a(string.o)
                0x0000000000052694                vtable for CString
 .rodata.str1.4
                0x00000000000526a4        0x9 ../../lib/libcircle.a(string.o)
                                          0xd (size before relaxing)
 *fill*         0x00000000000526ad        0x3 
 .rodata        0x00000000000526b0        0x7 ../../lib/libcircle.a(exceptionhandler.o)
 *fill*         0x00000000000526b7        0x1 
 .rodata.str1.4
                0x00000000000526b8       0xbb ../../lib/libcircle.a(exceptionhandler.o)
                                         0xdb (size before relaxing)
 *fill*         0x0000000000052773        0x1 
 .rodata.str1.4
                0x0000000000052774       0x5a ../../lib/libcircle.a(interrupt.o)
                                         0x69 (size before relaxing)
 *fill*         0x00000000000527ce        0x2 
 .rodata.str1.4
                0x00000000000527d0       0x88 ../../lib/libcircle.a(gpiomanager.o)
                                         0x9c (size before relaxing)
 .rodata        0x0000000000052858       0x10 ../../lib/libcircle.a(virtualgpiopin.o)
                0x0000000000052858                vtable for CVirtualGPIOPin
 .rodata        0x0000000000052868      0x1ac ../../lib/libcircle.a(machineinfo.o)
 .rodata.str1.4
                0x0000000000052a14       0xf3 ../../lib/libcircle.a(machineinfo.o)
                                        0x10f (size before relaxing)
 *fill*         0x0000000000052b07        0x1 
 .rodata.str1.4
                0x0000000000052b08      0x176 ../../lib/libcircle.a(ptrlist.o)
 *fill*         0x0000000000052c7e        0x2 
 .rodata.str1.4
                0x0000000000052c80       0xa8 ../../lib/libcircle.a(alloc.o)
 .rodata.str1.4
                0x0000000000052d28       0x24 ../../lib/libcircle.a(bcmmailbox.o)
                                         0x23 (size before relaxing)
 .rodata        0x0000000000052d4c       0x1c ../../lib/libcircle.a(device.o)
                0x0000000000052d4c                vtable for CDevice
                0x0000000000052d68                __init_start = .

.rel.dyn        0x0000000000052d68        0x0
 .rel.iplt      0x0000000000052d68        0x0 ../../lib/startup.o

.init_array     0x0000000000052d68        0xc
 *(.init_array*)
 .init_array    0x0000000000052d68        0x4 ../../lib/libcircle.a(gpiopin.o)
 .init_array    0x0000000000052d6c        0x4 ../../lib/libcircle.a(virtualgpiopin.o)
 .init_array    0x0000000000052d70        0x4 ../../lib/libcircle.a(alloc.o)
                0x0000000000052d74                __init_end = .

.data           0x0000000000052d74       0xe8
 *(.data*)
 .data          0x0000000000052d74        0x0 ../../lib/startup.o
 .data          0x0000000000052d74        0x0 main.o
 .data          0x0000000000052d74        0x0 kernel.o
 .data          0x0000000000052d74        0x0 ../../app/lib/emulator/libemu.a(nes.o)
 .data          0x0000000000052d74        0x0 ../../app/lib/emulator/libemu.a(cpu.o)
 .data          0x0000000000052d74        0x0 ../../app/lib/emulator/libemu.a(ppu.o)
 .data          0x0000000000052d74        0x0 ../../app/lib/emulator/libemu.a(cpu_addressing.o)
 .data          0x0000000000052d74        0x0 ../../app/lib/emulator/libemu.a(rom.o)
 .data          0x0000000000052d74        0x0 ../../lib/libcircle.a(actled.o)
 .data          0x0000000000052d74        0x0 ../../lib/libcircle.a(bcmpropertytags.o)
 .data          0x0000000000052d74        0x0 ../../lib/libcircle.a(gpiopin.o)
 .data          0x0000000000052d74        0x0 ../../lib/libcircle.a(memory.o)
 .data          0x0000000000052d74        0x0 ../../lib/libcircle.a(new.o)
 .data          0x0000000000052d74        0x0 ../../lib/libcircle.a(synchronize.o)
 .data          0x0000000000052d74        0x0 ../../lib/libcircle.a(sysinit.o)
 .data          0x0000000000052d74       0x30 ../../lib/libcircle.a(timer.o)
                0x0000000000052d74                CTimer::s_pMonthName
 .data          0x0000000000052da4        0x0 ../../lib/libcircle.a(util_fast.o)
 .data          0x0000000000052da4        0x0 ../../lib/libcircle.a(koptions.o)
 .data          0x0000000000052da4        0x0 ../../lib/libcircle.a(pagetable.o)
 .data          0x0000000000052da4        0x0 ../../lib/libcircle.a(screen.o)
 .data          0x0000000000052da4        0x0 ../../lib/libcircle.a(assert.o)
 .data          0x0000000000052da4        0x0 ../../lib/libcircle.a(chargenerator.o)
 .data          0x0000000000052da4        0x0 ../../lib/libcircle.a(debug.o)
 .data          0x0000000000052da4        0x0 ../../lib/libcircle.a(devicenameservice.o)
 .data          0x0000000000052da4        0x0 ../../lib/libcircle.a(logger.o)
 .data          0x0000000000052da4        0x0 ../../lib/libcircle.a(serial.o)
 .data          0x0000000000052da4        0x0 ../../lib/libcircle.a(string.o)
 .data          0x0000000000052da4        0x0 ../../lib/libcircle.a(delayloop.o)
 .data          0x0000000000052da4       0x10 ../../lib/libcircle.a(exceptionhandler.o)
                0x0000000000052da4                CExceptionHandler::s_pExceptionName
 .data          0x0000000000052db4        0x0 ../../lib/libcircle.a(exceptionstub.o)
 .data          0x0000000000052db4        0x0 ../../lib/libcircle.a(interrupt.o)
 .data          0x0000000000052db4        0x0 ../../lib/libcircle.a(gpiomanager.o)
 .data          0x0000000000052db4        0x0 ../../lib/libcircle.a(virtualgpiopin.o)
 .data          0x0000000000052db4        0x0 ../../lib/libcircle.a(machineinfo.o)
 .data          0x0000000000052db4        0x0 ../../lib/libcircle.a(cache-v7.o)
 .data          0x0000000000052db4        0x0 ../../lib/libcircle.a(ptrlist.o)
 .data          0x0000000000052db4       0x38 ../../lib/libcircle.a(alloc.o)
 .data          0x0000000000052dec        0x0 ../../lib/libcircle.a(bcmmailbox.o)
 .data          0x0000000000052dec        0x0 ../../lib/libcircle.a(util.o)
 .data          0x0000000000052dec       0x70 ../../lib/libcircle.a(bcmframebuffer.o)
 .data          0x0000000000052e5c        0x0 ../../lib/libcircle.a(device.o)
                0x0000000000052e5c                __bss_start = .

.igot.plt       0x0000000000052e5c        0x0
 .igot.plt      0x0000000000052e5c        0x0 ../../lib/startup.o

.bss            0x0000000000052e5c       0x54
 *(.bss*)
 .bss           0x0000000000052e5c        0x0 ../../lib/startup.o
 .bss           0x0000000000052e5c        0x0 main.o
 .bss           0x0000000000052e5c        0x0 kernel.o
 .bss           0x0000000000052e5c        0x0 ../../app/lib/emulator/libemu.a(nes.o)
 .bss           0x0000000000052e5c        0x0 ../../app/lib/emulator/libemu.a(cpu.o)
 .bss           0x0000000000052e5c        0x0 ../../app/lib/emulator/libemu.a(ppu.o)
 .bss           0x0000000000052e5c        0x0 ../../app/lib/emulator/libemu.a(cpu_addressing.o)
 .bss           0x0000000000052e5c        0x0 ../../app/lib/emulator/libemu.a(rom.o)
 .bss           0x0000000000052e5c        0x4 ../../lib/libcircle.a(actled.o)
                0x0000000000052e5c                CActLED::s_pThis
 .bss           0x0000000000052e60        0x0 ../../lib/libcircle.a(bcmpropertytags.o)
 .bss           0x0000000000052e60        0x4 ../../lib/libcircle.a(gpiopin.o)
                0x0000000000052e60                CGPIOPin::s_SpinLock
 .bss           0x0000000000052e64        0x0 ../../lib/libcircle.a(memory.o)
 .bss           0x0000000000052e64        0x0 ../../lib/libcircle.a(new.o)
 .bss           0x0000000000052e64        0x8 ../../lib/libcircle.a(synchronize.o)
 .bss           0x0000000000052e6c        0x4 ../../lib/libcircle.a(sysinit.o)
                0x0000000000052e6c                __dso_handle
 .bss           0x0000000000052e70        0x4 ../../lib/libcircle.a(timer.o)
                0x0000000000052e70                CTimer::s_pThis
 .bss           0x0000000000052e74        0x0 ../../lib/libcircle.a(util_fast.o)
 .bss           0x0000000000052e74        0x4 ../../lib/libcircle.a(koptions.o)
                0x0000000000052e74                CKernelOptions::s_pThis
 .bss           0x0000000000052e78        0x0 ../../lib/libcircle.a(pagetable.o)
 .bss           0x0000000000052e78        0x0 ../../lib/libcircle.a(screen.o)
 .bss           0x0000000000052e78        0x0 ../../lib/libcircle.a(assert.o)
 .bss           0x0000000000052e78        0x0 ../../lib/libcircle.a(chargenerator.o)
 .bss           0x0000000000052e78        0x0 ../../lib/libcircle.a(debug.o)
 .bss           0x0000000000052e78        0x4 ../../lib/libcircle.a(devicenameservice.o)
                0x0000000000052e78                CDeviceNameService::s_This
 .bss           0x0000000000052e7c        0x4 ../../lib/libcircle.a(logger.o)
                0x0000000000052e7c                CLogger::s_pThis
 .bss           0x0000000000052e80        0x0 ../../lib/libcircle.a(serial.o)
 .bss           0x0000000000052e80        0x0 ../../lib/libcircle.a(string.o)
 .bss           0x0000000000052e80        0x0 ../../lib/libcircle.a(delayloop.o)
 .bss           0x0000000000052e80        0x4 ../../lib/libcircle.a(exceptionhandler.o)
                0x0000000000052e80                CExceptionHandler::s_pThis
 .bss           0x0000000000052e84        0x0 ../../lib/libcircle.a(exceptionstub.o)
 .bss           0x0000000000052e84        0x4 ../../lib/libcircle.a(interrupt.o)
                0x0000000000052e84                CInterruptSystem::s_pThis
 .bss           0x0000000000052e88        0x0 ../../lib/libcircle.a(gpiomanager.o)
 .bss           0x0000000000052e88        0x8 ../../lib/libcircle.a(virtualgpiopin.o)
                0x0000000000052e88                CVirtualGPIOPin::s_SpinLock
                0x0000000000052e8c                CVirtualGPIOPin::s_nGPIOBaseAddress
 .bss           0x0000000000052e90        0x4 ../../lib/libcircle.a(machineinfo.o)
                0x0000000000052e90                CMachineInfo::s_pThis
 .bss           0x0000000000052e94        0x0 ../../lib/libcircle.a(cache-v7.o)
 .bss           0x0000000000052e94        0x0 ../../lib/libcircle.a(ptrlist.o)
 .bss           0x0000000000052e94       0x1c ../../lib/libcircle.a(alloc.o)
 .bss           0x0000000000052eb0        0x0 ../../lib/libcircle.a(bcmmailbox.o)
 .bss           0x0000000000052eb0        0x0 ../../lib/libcircle.a(util.o)
 .bss           0x0000000000052eb0        0x0 ../../lib/libcircle.a(bcmframebuffer.o)
 .bss           0x0000000000052eb0        0x0 ../../lib/libcircle.a(device.o)
                0x0000000000052eb0                _end = .
LOAD ../../lib/startup.o
LOAD main.o
LOAD kernel.o
LOAD ../../app/lib/emulator/libemu.a
LOAD ../../lib/libcircle.a
OUTPUT(kernel7.elf elf32-littlearm)

.ARM.attributes
                0x0000000000000000       0x35
 .ARM.attributes
                0x0000000000000000       0x25 ../../lib/startup.o
 .ARM.attributes
                0x0000000000000025       0x39 main.o
 .ARM.attributes
                0x000000000000005e       0x39 kernel.o
 .ARM.attributes
                0x0000000000000097       0x39 ../../app/lib/emulator/libemu.a(nes.o)
 .ARM.attributes
                0x00000000000000d0       0x39 ../../app/lib/emulator/libemu.a(cpu.o)
 .ARM.attributes
                0x0000000000000109       0x39 ../../app/lib/emulator/libemu.a(ppu.o)
 .ARM.attributes
                0x0000000000000142       0x39 ../../app/lib/emulator/libemu.a(cpu_addressing.o)
 .ARM.attributes
                0x000000000000017b       0x39 ../../app/lib/emulator/libemu.a(rom.o)
 .ARM.attributes
                0x00000000000001b4       0x39 ../../lib/libcircle.a(actled.o)
 .ARM.attributes
                0x00000000000001ed       0x39 ../../lib/libcircle.a(bcmpropertytags.o)
 .ARM.attributes
                0x0000000000000226       0x39 ../../lib/libcircle.a(gpiopin.o)
 .ARM.attributes
                0x000000000000025f       0x39 ../../lib/libcircle.a(memory.o)
 .ARM.attributes
                0x0000000000000298       0x39 ../../lib/libcircle.a(new.o)
 .ARM.attributes
                0x00000000000002d1       0x39 ../../lib/libcircle.a(synchronize.o)
 .ARM.attributes
                0x000000000000030a       0x39 ../../lib/libcircle.a(sysinit.o)
 .ARM.attributes
                0x0000000000000343       0x39 ../../lib/libcircle.a(timer.o)
 .ARM.attributes
                0x000000000000037c       0x25 ../../lib/libcircle.a(util_fast.o)
 .ARM.attributes
                0x00000000000003a1       0x39 ../../lib/libcircle.a(koptions.o)
 .ARM.attributes
                0x00000000000003da       0x39 ../../lib/libcircle.a(pagetable.o)
 .ARM.attributes
                0x0000000000000413       0x39 ../../lib/libcircle.a(screen.o)
 .ARM.attributes
                0x000000000000044c       0x39 ../../lib/libcircle.a(assert.o)
 .ARM.attributes
                0x0000000000000485       0x39 ../../lib/libcircle.a(chargenerator.o)
 .ARM.attributes
                0x00000000000004be       0x39 ../../lib/libcircle.a(debug.o)
 .ARM.attributes
                0x00000000000004f7       0x39 ../../lib/libcircle.a(devicenameservice.o)
 .ARM.attributes
                0x0000000000000530       0x39 ../../lib/libcircle.a(logger.o)
 .ARM.attributes
                0x0000000000000569       0x39 ../../lib/libcircle.a(serial.o)
 .ARM.attributes
                0x00000000000005a2       0x39 ../../lib/libcircle.a(string.o)
 .ARM.attributes
                0x00000000000005db       0x25 ../../lib/libcircle.a(delayloop.o)
 .ARM.attributes
                0x0000000000000600       0x39 ../../lib/libcircle.a(exceptionhandler.o)
 .ARM.attributes
                0x0000000000000639       0x25 ../../lib/libcircle.a(exceptionstub.o)
 .ARM.attributes
                0x000000000000065e       0x39 ../../lib/libcircle.a(interrupt.o)
 .ARM.attributes
                0x0000000000000697       0x39 ../../lib/libcircle.a(gpiomanager.o)
 .ARM.attributes
                0x00000000000006d0       0x39 ../../lib/libcircle.a(virtualgpiopin.o)
 .ARM.attributes
                0x0000000000000709       0x39 ../../lib/libcircle.a(machineinfo.o)
 .ARM.attributes
                0x0000000000000742       0x25 ../../lib/libcircle.a(cache-v7.o)
 .ARM.attributes
                0x0000000000000767       0x39 ../../lib/libcircle.a(ptrlist.o)
 .ARM.attributes
                0x00000000000007a0       0x39 ../../lib/libcircle.a(alloc.o)
 .ARM.attributes
                0x00000000000007d9       0x39 ../../lib/libcircle.a(bcmmailbox.o)
 .ARM.attributes
                0x0000000000000812       0x39 ../../lib/libcircle.a(util.o)
 .ARM.attributes
                0x000000000000084b       0x39 ../../lib/libcircle.a(bcmframebuffer.o)
 .ARM.attributes
                0x0000000000000884       0x39 ../../lib/libcircle.a(device.o)

.comment        0x0000000000000000       0x8b
 .comment       0x0000000000000000       0x6e main.o
                                         0x6f (size before relaxing)
 .comment       0x000000000000006e       0x6f kernel.o
 .comment       0x000000000000006e       0x6f ../../app/lib/emulator/libemu.a(nes.o)
 .comment       0x000000000000006e       0x6f ../../app/lib/emulator/libemu.a(cpu.o)
 .comment       0x000000000000006e       0x6f ../../app/lib/emulator/libemu.a(ppu.o)
 .comment       0x000000000000006e       0x6f ../../app/lib/emulator/libemu.a(cpu_addressing.o)
 .comment       0x000000000000006e       0x6f ../../app/lib/emulator/libemu.a(rom.o)
 .comment       0x000000000000006e       0x1d ../../lib/libcircle.a(actled.o)
                                         0x1e (size before relaxing)
 .comment       0x000000000000008b       0x1e ../../lib/libcircle.a(bcmpropertytags.o)
 .comment       0x000000000000008b       0x1e ../../lib/libcircle.a(gpiopin.o)
 .comment       0x000000000000008b       0x1e ../../lib/libcircle.a(memory.o)
 .comment       0x000000000000008b       0x1e ../../lib/libcircle.a(new.o)
 .comment       0x000000000000008b       0x1e ../../lib/libcircle.a(synchronize.o)
 .comment       0x000000000000008b       0x1e ../../lib/libcircle.a(sysinit.o)
 .comment       0x000000000000008b       0x1e ../../lib/libcircle.a(timer.o)
 .comment       0x000000000000008b       0x1e ../../lib/libcircle.a(koptions.o)
 .comment       0x000000000000008b       0x1e ../../lib/libcircle.a(pagetable.o)
 .comment       0x000000000000008b       0x1e ../../lib/libcircle.a(screen.o)
 .comment       0x000000000000008b       0x1e ../../lib/libcircle.a(assert.o)
 .comment       0x000000000000008b       0x1e ../../lib/libcircle.a(chargenerator.o)
 .comment       0x000000000000008b       0x1e ../../lib/libcircle.a(debug.o)
 .comment       0x000000000000008b       0x1e ../../lib/libcircle.a(devicenameservice.o)
 .comment       0x000000000000008b       0x1e ../../lib/libcircle.a(logger.o)
 .comment       0x000000000000008b       0x1e ../../lib/libcircle.a(serial.o)
 .comment       0x000000000000008b       0x1e ../../lib/libcircle.a(string.o)
 .comment       0x000000000000008b       0x1e ../../lib/libcircle.a(exceptionhandler.o)
 .comment       0x000000000000008b       0x1e ../../lib/libcircle.a(interrupt.o)
 .comment       0x000000000000008b       0x1e ../../lib/libcircle.a(gpiomanager.o)
 .comment       0x000000000000008b       0x1e ../../lib/libcircle.a(virtualgpiopin.o)
 .comment       0x000000000000008b       0x1e ../../lib/libcircle.a(machineinfo.o)
 .comment       0x000000000000008b       0x1e ../../lib/libcircle.a(ptrlist.o)
 .comment       0x000000000000008b       0x1e ../../lib/libcircle.a(alloc.o)
 .comment       0x000000000000008b       0x1e ../../lib/libcircle.a(bcmmailbox.o)
 .comment       0x000000000000008b       0x1e ../../lib/libcircle.a(util.o)
 .comment       0x000000000000008b       0x1e ../../lib/libcircle.a(bcmframebuffer.o)
 .comment       0x000000000000008b       0x1e ../../lib/libcircle.a(device.o)

.debug_info     0x0000000000000000    0x23041
 .debug_info    0x0000000000000000     0x2e60 main.o
 .debug_info    0x0000000000002e60     0x3186 kernel.o
 .debug_info    0x0000000000005fe6     0x1ac0 ../../app/lib/emulator/libemu.a(nes.o)
 .debug_info    0x0000000000007aa6     0x2d53 ../../app/lib/emulator/libemu.a(cpu.o)
 .debug_info    0x000000000000a7f9      0x596 ../../app/lib/emulator/libemu.a(ppu.o)
 .debug_info    0x000000000000ad8f     0x1aea ../../app/lib/emulator/libemu.a(cpu_addressing.o)
 .debug_info    0x000000000000c879      0x3a4 ../../app/lib/emulator/libemu.a(rom.o)
 .debug_info    0x000000000000cc1d      0xf2c ../../lib/libcircle.a(actled.o)
 .debug_info    0x000000000000db49      0x60a ../../lib/libcircle.a(bcmpropertytags.o)
 .debug_info    0x000000000000e153     0x2408 ../../lib/libcircle.a(gpiopin.o)
 .debug_info    0x000000000001055b      0x969 ../../lib/libcircle.a(memory.o)
 .debug_info    0x0000000000010ec4      0x11f ../../lib/libcircle.a(new.o)
 .debug_info    0x0000000000010fe3      0x132 ../../lib/libcircle.a(synchronize.o)
 .debug_info    0x0000000000011115      0x5b4 ../../lib/libcircle.a(sysinit.o)
 .debug_info    0x00000000000116c9     0x1d66 ../../lib/libcircle.a(timer.o)
 .debug_info    0x000000000001342f      0xd6d ../../lib/libcircle.a(koptions.o)
 .debug_info    0x000000000001419c      0x4b3 ../../lib/libcircle.a(pagetable.o)
 .debug_info    0x000000000001464f     0x275a ../../lib/libcircle.a(screen.o)
 .debug_info    0x0000000000016da9      0xb0c ../../lib/libcircle.a(assert.o)
 .debug_info    0x00000000000178b5      0x389 ../../lib/libcircle.a(chargenerator.o)
 .debug_info    0x0000000000017c3e      0xb69 ../../lib/libcircle.a(debug.o)
 .debug_info    0x00000000000187a7      0x705 ../../lib/libcircle.a(devicenameservice.o)
 .debug_info    0x0000000000018eac     0x1517 ../../lib/libcircle.a(logger.o)
 .debug_info    0x000000000001a3c3      0xe54 ../../lib/libcircle.a(serial.o)
 .debug_info    0x000000000001b217     0x187b ../../lib/libcircle.a(string.o)
 .debug_info    0x000000000001ca92      0xf92 ../../lib/libcircle.a(exceptionhandler.o)
 .debug_info    0x000000000001da24      0x867 ../../lib/libcircle.a(interrupt.o)
 .debug_info    0x000000000001e28b      0x8b7 ../../lib/libcircle.a(gpiomanager.o)
 .debug_info    0x000000000001eb42      0x8db ../../lib/libcircle.a(virtualgpiopin.o)
 .debug_info    0x000000000001f41d      0xbbc ../../lib/libcircle.a(machineinfo.o)
 .debug_info    0x000000000001ffd9      0x76c ../../lib/libcircle.a(ptrlist.o)
 .debug_info    0x0000000000020745      0x74a ../../lib/libcircle.a(alloc.o)
 .debug_info    0x0000000000020e8f      0xd86 ../../lib/libcircle.a(bcmmailbox.o)
 .debug_info    0x0000000000021c15      0x459 ../../lib/libcircle.a(util.o)
 .debug_info    0x000000000002206e      0xcd7 ../../lib/libcircle.a(bcmframebuffer.o)
 .debug_info    0x0000000000022d45      0x2fc ../../lib/libcircle.a(device.o)

.debug_abbrev   0x0000000000000000     0x6f28
 .debug_abbrev  0x0000000000000000      0x496 main.o
 .debug_abbrev  0x0000000000000496      0x534 kernel.o
 .debug_abbrev  0x00000000000009ca      0x2e2 ../../app/lib/emulator/libemu.a(nes.o)
 .debug_abbrev  0x0000000000000cac      0x3e2 ../../app/lib/emulator/libemu.a(cpu.o)
 .debug_abbrev  0x000000000000108e      0x1da ../../app/lib/emulator/libemu.a(ppu.o)
 .debug_abbrev  0x0000000000001268      0x31d ../../app/lib/emulator/libemu.a(cpu_addressing.o)
 .debug_abbrev  0x0000000000001585      0x1e1 ../../app/lib/emulator/libemu.a(rom.o)
 .debug_abbrev  0x0000000000001766      0x400 ../../lib/libcircle.a(actled.o)
 .debug_abbrev  0x0000000000001b66      0x214 ../../lib/libcircle.a(bcmpropertytags.o)
 .debug_abbrev  0x0000000000001d7a      0x566 ../../lib/libcircle.a(gpiopin.o)
 .debug_abbrev  0x00000000000022e0      0x28a ../../lib/libcircle.a(memory.o)
 .debug_abbrev  0x000000000000256a       0xc7 ../../lib/libcircle.a(new.o)
 .debug_abbrev  0x0000000000002631       0xb4 ../../lib/libcircle.a(synchronize.o)
 .debug_abbrev  0x00000000000026e5      0x260 ../../lib/libcircle.a(sysinit.o)
 .debug_abbrev  0x0000000000002945      0x5a5 ../../lib/libcircle.a(timer.o)
 .debug_abbrev  0x0000000000002eea      0x3af ../../lib/libcircle.a(koptions.o)
 .debug_abbrev  0x0000000000003299      0x201 ../../lib/libcircle.a(pagetable.o)
 .debug_abbrev  0x000000000000349a      0x4f7 ../../lib/libcircle.a(screen.o)
 .debug_abbrev  0x0000000000003991      0x2e8 ../../lib/libcircle.a(assert.o)
 .debug_abbrev  0x0000000000003c79      0x193 ../../lib/libcircle.a(chargenerator.o)
 .debug_abbrev  0x0000000000003e0c      0x2f1 ../../lib/libcircle.a(debug.o)
 .debug_abbrev  0x00000000000040fd      0x29d ../../lib/libcircle.a(devicenameservice.o)
 .debug_abbrev  0x000000000000439a      0x427 ../../lib/libcircle.a(logger.o)
 .debug_abbrev  0x00000000000047c1      0x333 ../../lib/libcircle.a(serial.o)
 .debug_abbrev  0x0000000000004af4      0x42e ../../lib/libcircle.a(string.o)
 .debug_abbrev  0x0000000000004f22      0x3f7 ../../lib/libcircle.a(exceptionhandler.o)
 .debug_abbrev  0x0000000000005319      0x351 ../../lib/libcircle.a(interrupt.o)
 .debug_abbrev  0x000000000000566a      0x31e ../../lib/libcircle.a(gpiomanager.o)
 .debug_abbrev  0x0000000000005988      0x3d1 ../../lib/libcircle.a(virtualgpiopin.o)
 .debug_abbrev  0x0000000000005d59      0x33d ../../lib/libcircle.a(machineinfo.o)
 .debug_abbrev  0x0000000000006096      0x1ad ../../lib/libcircle.a(ptrlist.o)
 .debug_abbrev  0x0000000000006243      0x299 ../../lib/libcircle.a(alloc.o)
 .debug_abbrev  0x00000000000064dc      0x3ac ../../lib/libcircle.a(bcmmailbox.o)
 .debug_abbrev  0x0000000000006888      0x17c ../../lib/libcircle.a(util.o)
 .debug_abbrev  0x0000000000006a04      0x351 ../../lib/libcircle.a(bcmframebuffer.o)
 .debug_abbrev  0x0000000000006d55      0x1d3 ../../lib/libcircle.a(device.o)

.debug_loc      0x0000000000000000     0xa237
 .debug_loc     0x0000000000000000       0x1e main.o
 .debug_loc     0x000000000000001e      0x12a kernel.o
 .debug_loc     0x0000000000000148       0x3c ../../app/lib/emulator/libemu.a(nes.o)
 .debug_loc     0x0000000000000184      0x826 ../../app/lib/emulator/libemu.a(cpu.o)
 .debug_loc     0x00000000000009aa       0x42 ../../app/lib/emulator/libemu.a(ppu.o)
 .debug_loc     0x00000000000009ec      0x405 ../../app/lib/emulator/libemu.a(cpu_addressing.o)
 .debug_loc     0x0000000000000df1       0xe5 ../../app/lib/emulator/libemu.a(rom.o)
 .debug_loc     0x0000000000000ed6      0x2cd ../../lib/libcircle.a(actled.o)
 .debug_loc     0x00000000000011a3      0x214 ../../lib/libcircle.a(bcmpropertytags.o)
 .debug_loc     0x00000000000013b7     0x10db ../../lib/libcircle.a(gpiopin.o)
 .debug_loc     0x0000000000002492      0x125 ../../lib/libcircle.a(memory.o)
 .debug_loc     0x00000000000025b7       0x42 ../../lib/libcircle.a(new.o)
 .debug_loc     0x00000000000025f9       0x13 ../../lib/libcircle.a(synchronize.o)
 .debug_loc     0x000000000000260c      0x102 ../../lib/libcircle.a(sysinit.o)
 .debug_loc     0x000000000000270e      0xfdb ../../lib/libcircle.a(timer.o)
 .debug_loc     0x00000000000036e9      0x3ab ../../lib/libcircle.a(koptions.o)
 .debug_loc     0x0000000000003a94      0x166 ../../lib/libcircle.a(pagetable.o)
 .debug_loc     0x0000000000003bfa     0x1651 ../../lib/libcircle.a(screen.o)
 .debug_loc     0x000000000000524b       0x5a ../../lib/libcircle.a(assert.o)
 .debug_loc     0x00000000000052a5      0x1b4 ../../lib/libcircle.a(chargenerator.o)
 .debug_loc     0x0000000000005459      0x142 ../../lib/libcircle.a(debug.o)
 .debug_loc     0x000000000000559b      0x33d ../../lib/libcircle.a(devicenameservice.o)
 .debug_loc     0x00000000000058d8      0x4b3 ../../lib/libcircle.a(logger.o)
 .debug_loc     0x0000000000005d8b      0x5c6 ../../lib/libcircle.a(serial.o)
 .debug_loc     0x0000000000006351     0x176d ../../lib/libcircle.a(string.o)
 .debug_loc     0x0000000000007abe      0x283 ../../lib/libcircle.a(exceptionhandler.o)
 .debug_loc     0x0000000000007d41      0x454 ../../lib/libcircle.a(interrupt.o)
 .debug_loc     0x0000000000008195      0x3a6 ../../lib/libcircle.a(gpiomanager.o)
 .debug_loc     0x000000000000853b      0x363 ../../lib/libcircle.a(virtualgpiopin.o)
 .debug_loc     0x000000000000889e      0x302 ../../lib/libcircle.a(machineinfo.o)
 .debug_loc     0x0000000000008ba0      0x352 ../../lib/libcircle.a(ptrlist.o)
 .debug_loc     0x0000000000008ef2      0x4eb ../../lib/libcircle.a(alloc.o)
 .debug_loc     0x00000000000093dd      0x27b ../../lib/libcircle.a(bcmmailbox.o)
 .debug_loc     0x0000000000009658      0x81c ../../lib/libcircle.a(util.o)
 .debug_loc     0x0000000000009e74      0x363 ../../lib/libcircle.a(bcmframebuffer.o)
 .debug_loc     0x000000000000a1d7       0x60 ../../lib/libcircle.a(device.o)

.debug_aranges  0x0000000000000000      0x498
 .debug_aranges
                0x0000000000000000       0x20 main.o
 .debug_aranges
                0x0000000000000020       0x20 kernel.o
 .debug_aranges
                0x0000000000000040       0x20 ../../app/lib/emulator/libemu.a(nes.o)
 .debug_aranges
                0x0000000000000060       0x20 ../../app/lib/emulator/libemu.a(cpu.o)
 .debug_aranges
                0x0000000000000080       0x20 ../../app/lib/emulator/libemu.a(ppu.o)
 .debug_aranges
                0x00000000000000a0       0x20 ../../app/lib/emulator/libemu.a(cpu_addressing.o)
 .debug_aranges
                0x00000000000000c0       0x20 ../../app/lib/emulator/libemu.a(rom.o)
 .debug_aranges
                0x00000000000000e0       0x20 ../../lib/libcircle.a(actled.o)
 .debug_aranges
                0x0000000000000100       0x20 ../../lib/libcircle.a(bcmpropertytags.o)
 .debug_aranges
                0x0000000000000120       0x28 ../../lib/libcircle.a(gpiopin.o)
 .debug_aranges
                0x0000000000000148       0x20 ../../lib/libcircle.a(memory.o)
 .debug_aranges
                0x0000000000000168       0x20 ../../lib/libcircle.a(new.o)
 .debug_aranges
                0x0000000000000188       0x20 ../../lib/libcircle.a(synchronize.o)
 .debug_aranges
                0x00000000000001a8       0x20 ../../lib/libcircle.a(sysinit.o)
 .debug_aranges
                0x00000000000001c8       0x20 ../../lib/libcircle.a(timer.o)
 .debug_aranges
                0x00000000000001e8       0x20 ../../lib/libcircle.a(koptions.o)
 .debug_aranges
                0x0000000000000208       0x20 ../../lib/libcircle.a(pagetable.o)
 .debug_aranges
                0x0000000000000228       0x20 ../../lib/libcircle.a(screen.o)
 .debug_aranges
                0x0000000000000248       0x20 ../../lib/libcircle.a(assert.o)
 .debug_aranges
                0x0000000000000268       0x20 ../../lib/libcircle.a(chargenerator.o)
 .debug_aranges
                0x0000000000000288       0x20 ../../lib/libcircle.a(debug.o)
 .debug_aranges
                0x00000000000002a8       0x20 ../../lib/libcircle.a(devicenameservice.o)
 .debug_aranges
                0x00000000000002c8       0x20 ../../lib/libcircle.a(logger.o)
 .debug_aranges
                0x00000000000002e8       0x20 ../../lib/libcircle.a(serial.o)
 .debug_aranges
                0x0000000000000308       0x20 ../../lib/libcircle.a(string.o)
 .debug_aranges
                0x0000000000000328       0x20 ../../lib/libcircle.a(exceptionhandler.o)
 .debug_aranges
                0x0000000000000348       0x20 ../../lib/libcircle.a(interrupt.o)
 .debug_aranges
                0x0000000000000368       0x20 ../../lib/libcircle.a(gpiomanager.o)
 .debug_aranges
                0x0000000000000388       0x28 ../../lib/libcircle.a(virtualgpiopin.o)
 .debug_aranges
                0x00000000000003b0       0x20 ../../lib/libcircle.a(machineinfo.o)
 .debug_aranges
                0x00000000000003d0       0x20 ../../lib/libcircle.a(ptrlist.o)
 .debug_aranges
                0x00000000000003f0       0x28 ../../lib/libcircle.a(alloc.o)
 .debug_aranges
                0x0000000000000418       0x20 ../../lib/libcircle.a(bcmmailbox.o)
 .debug_aranges
                0x0000000000000438       0x20 ../../lib/libcircle.a(util.o)
 .debug_aranges
                0x0000000000000458       0x20 ../../lib/libcircle.a(bcmframebuffer.o)
 .debug_aranges
                0x0000000000000478       0x20 ../../lib/libcircle.a(device.o)

.debug_ranges   0x0000000000000000     0x1498
 .debug_ranges  0x0000000000000000       0x10 main.o
 .debug_ranges  0x0000000000000010      0x108 ../../app/lib/emulator/libemu.a(cpu.o)
 .debug_ranges  0x0000000000000118       0x40 ../../lib/libcircle.a(actled.o)
 .debug_ranges  0x0000000000000158      0x250 ../../lib/libcircle.a(gpiopin.o)
 .debug_ranges  0x00000000000003a8       0x20 ../../lib/libcircle.a(memory.o)
 .debug_ranges  0x00000000000003c8       0x60 ../../lib/libcircle.a(sysinit.o)
 .debug_ranges  0x0000000000000428      0x338 ../../lib/libcircle.a(timer.o)
 .debug_ranges  0x0000000000000760       0xd8 ../../lib/libcircle.a(koptions.o)
 .debug_ranges  0x0000000000000838       0x58 ../../lib/libcircle.a(pagetable.o)
 .debug_ranges  0x0000000000000890      0x2f8 ../../lib/libcircle.a(screen.o)
 .debug_ranges  0x0000000000000b88       0x38 ../../lib/libcircle.a(debug.o)
 .debug_ranges  0x0000000000000bc0       0xa0 ../../lib/libcircle.a(devicenameservice.o)
 .debug_ranges  0x0000000000000c60       0x88 ../../lib/libcircle.a(logger.o)
 .debug_ranges  0x0000000000000ce8      0x110 ../../lib/libcircle.a(serial.o)
 .debug_ranges  0x0000000000000df8      0x218 ../../lib/libcircle.a(string.o)
 .debug_ranges  0x0000000000001010       0x38 ../../lib/libcircle.a(exceptionhandler.o)
 .debug_ranges  0x0000000000001048       0x60 ../../lib/libcircle.a(interrupt.o)
 .debug_ranges  0x00000000000010a8       0x90 ../../lib/libcircle.a(gpiomanager.o)
 .debug_ranges  0x0000000000001138       0x98 ../../lib/libcircle.a(virtualgpiopin.o)
 .debug_ranges  0x00000000000011d0       0x68 ../../lib/libcircle.a(machineinfo.o)
 .debug_ranges  0x0000000000001238      0x128 ../../lib/libcircle.a(alloc.o)
 .debug_ranges  0x0000000000001360       0xb8 ../../lib/libcircle.a(bcmmailbox.o)
 .debug_ranges  0x0000000000001418       0x20 ../../lib/libcircle.a(util.o)
 .debug_ranges  0x0000000000001438       0x60 ../../lib/libcircle.a(bcmframebuffer.o)

.debug_line     0x0000000000000000     0x3cd0
 .debug_line    0x0000000000000000      0x1c3 main.o
 .debug_line    0x00000000000001c3      0x1e5 kernel.o
 .debug_line    0x00000000000003a8       0x9a ../../app/lib/emulator/libemu.a(nes.o)
 .debug_line    0x0000000000000442      0x1e4 ../../app/lib/emulator/libemu.a(cpu.o)
 .debug_line    0x0000000000000626       0x49 ../../app/lib/emulator/libemu.a(ppu.o)
 .debug_line    0x000000000000066f       0xb9 ../../app/lib/emulator/libemu.a(cpu_addressing.o)
 .debug_line    0x0000000000000728       0x56 ../../app/lib/emulator/libemu.a(rom.o)
 .debug_line    0x000000000000077e      0x14d ../../lib/libcircle.a(actled.o)
 .debug_line    0x00000000000008cb      0x10b ../../lib/libcircle.a(bcmpropertytags.o)
 .debug_line    0x00000000000009d6      0x627 ../../lib/libcircle.a(gpiopin.o)
 .debug_line    0x0000000000000ffd      0x168 ../../lib/libcircle.a(memory.o)
 .debug_line    0x0000000000001165       0x59 ../../lib/libcircle.a(new.o)
 .debug_line    0x00000000000011be       0x9f ../../lib/libcircle.a(synchronize.o)
 .debug_line    0x000000000000125d       0xe9 ../../lib/libcircle.a(sysinit.o)
 .debug_line    0x0000000000001346      0x4f0 ../../lib/libcircle.a(timer.o)
 .debug_line    0x0000000000001836      0x1c7 ../../lib/libcircle.a(koptions.o)
 .debug_line    0x00000000000019fd      0x167 ../../lib/libcircle.a(pagetable.o)
 .debug_line    0x0000000000001b64      0x4f7 ../../lib/libcircle.a(screen.o)
 .debug_line    0x000000000000205b       0xd6 ../../lib/libcircle.a(assert.o)
 .debug_line    0x0000000000002131       0xb8 ../../lib/libcircle.a(chargenerator.o)
 .debug_line    0x00000000000021e9       0xf5 ../../lib/libcircle.a(debug.o)
 .debug_line    0x00000000000022de      0x1bd ../../lib/libcircle.a(devicenameservice.o)
 .debug_line    0x000000000000249b      0x21d ../../lib/libcircle.a(logger.o)
 .debug_line    0x00000000000026b8      0x1e4 ../../lib/libcircle.a(serial.o)
 .debug_line    0x000000000000289c      0x3a9 ../../lib/libcircle.a(string.o)
 .debug_line    0x0000000000002c45      0x188 ../../lib/libcircle.a(exceptionhandler.o)
 .debug_line    0x0000000000002dcd      0x1eb ../../lib/libcircle.a(interrupt.o)
 .debug_line    0x0000000000002fb8      0x196 ../../lib/libcircle.a(gpiomanager.o)
 .debug_line    0x000000000000314e      0x15c ../../lib/libcircle.a(virtualgpiopin.o)
 .debug_line    0x00000000000032aa      0x1b3 ../../lib/libcircle.a(machineinfo.o)
 .debug_line    0x000000000000345d      0x175 ../../lib/libcircle.a(ptrlist.o)
 .debug_line    0x00000000000035d2      0x222 ../../lib/libcircle.a(alloc.o)
 .debug_line    0x00000000000037f4      0x1b3 ../../lib/libcircle.a(bcmmailbox.o)
 .debug_line    0x00000000000039a7      0x14d ../../lib/libcircle.a(util.o)
 .debug_line    0x0000000000003af4      0x175 ../../lib/libcircle.a(bcmframebuffer.o)
 .debug_line    0x0000000000003c69       0x67 ../../lib/libcircle.a(device.o)

.debug_str      0x0000000000000000     0x5b23
 .debug_str     0x0000000000000000     0x285b main.o
                                       0x29e3 (size before relaxing)
 .debug_str     0x000000000000285b       0x87 kernel.o
                                       0x2a44 (size before relaxing)
 .debug_str     0x00000000000028e2      0x15b ../../app/lib/emulator/libemu.a(nes.o)
                                       0x15c7 (size before relaxing)
 .debug_str     0x0000000000002a3d       0xe9 ../../app/lib/emulator/libemu.a(cpu.o)
                                       0x1507 (size before relaxing)
 .debug_str     0x0000000000002b26       0x19 ../../app/lib/emulator/libemu.a(ppu.o)
                                        0x458 (size before relaxing)
 .debug_str     0x0000000000002b3f       0x34 ../../app/lib/emulator/libemu.a(cpu_addressing.o)
                                       0x1448 (size before relaxing)
 .debug_str     0x0000000000002b73        0x8 ../../app/lib/emulator/libemu.a(rom.o)
                                        0x2bb (size before relaxing)
 .debug_str     0x0000000000002b7b      0x2f4 ../../lib/libcircle.a(actled.o)
                                        0xd4a (size before relaxing)
 .debug_str     0x0000000000002e6f       0xbd ../../lib/libcircle.a(bcmpropertytags.o)
                                        0x451 (size before relaxing)
 .debug_str     0x0000000000002f2c      0xc03 ../../lib/libcircle.a(gpiopin.o)
                                       0x16db (size before relaxing)
 .debug_str     0x0000000000003b2f       0x8b ../../lib/libcircle.a(memory.o)
                                        0x704 (size before relaxing)
 .debug_str     0x0000000000003bba       0x46 ../../lib/libcircle.a(new.o)
                                        0x14a (size before relaxing)
 .debug_str     0x0000000000003c00       0x62 ../../lib/libcircle.a(synchronize.o)
                                        0x1c2 (size before relaxing)
 .debug_str     0x0000000000003c62       0x95 ../../lib/libcircle.a(sysinit.o)
                                        0x68a (size before relaxing)
 .debug_str     0x0000000000003cf7      0x1ac ../../lib/libcircle.a(timer.o)
                                        0xe4d (size before relaxing)
 .debug_str     0x0000000000003ea3       0x99 ../../lib/libcircle.a(koptions.o)
                                        0x779 (size before relaxing)
 .debug_str     0x0000000000003f3c       0x6c ../../lib/libcircle.a(pagetable.o)
                                        0x2ec (size before relaxing)
 .debug_str     0x0000000000003fa8      0xcce ../../lib/libcircle.a(screen.o)
                                       0x11ed (size before relaxing)
 .debug_str     0x0000000000004c76       0x7d ../../lib/libcircle.a(assert.o)
                                        0xc27 (size before relaxing)
 .debug_str     0x0000000000004cf3       0x6d ../../lib/libcircle.a(chargenerator.o)
                                        0x307 (size before relaxing)
 .debug_str     0x0000000000004d60       0x63 ../../lib/libcircle.a(debug.o)
                                        0xc09 (size before relaxing)
 .debug_str     0x0000000000004dc3       0x83 ../../lib/libcircle.a(devicenameservice.o)
                                        0x41e (size before relaxing)
 .debug_str     0x0000000000004e46       0xd2 ../../lib/libcircle.a(logger.o)
                                       0x11d1 (size before relaxing)
 .debug_str     0x0000000000004f18      0x144 ../../lib/libcircle.a(serial.o)
                                        0xa91 (size before relaxing)
 .debug_str     0x000000000000505c      0x286 ../../lib/libcircle.a(string.o)
                                        0x591 (size before relaxing)
 .debug_str     0x00000000000052e2      0x105 ../../lib/libcircle.a(exceptionhandler.o)
                                        0xdf2 (size before relaxing)
 .debug_str     0x00000000000053e7       0x6f ../../lib/libcircle.a(interrupt.o)
                                        0x48d (size before relaxing)
 .debug_str     0x0000000000005456       0x5b ../../lib/libcircle.a(gpiomanager.o)
                                        0x5ee (size before relaxing)
 .debug_str     0x00000000000054b1      0x17e ../../lib/libcircle.a(virtualgpiopin.o)
                                        0x657 (size before relaxing)
 .debug_str     0x000000000000562f       0xaf ../../lib/libcircle.a(machineinfo.o)
                                        0x924 (size before relaxing)
 .debug_str     0x00000000000056de       0x48 ../../lib/libcircle.a(ptrlist.o)
                                        0x304 (size before relaxing)
 .debug_str     0x0000000000005726      0x12a ../../lib/libcircle.a(alloc.o)
                                        0x3bf (size before relaxing)
 .debug_str     0x0000000000005850       0x3f ../../lib/libcircle.a(bcmmailbox.o)
                                        0xb76 (size before relaxing)
 .debug_str     0x000000000000588f       0xa1 ../../lib/libcircle.a(util.o)
                                        0x265 (size before relaxing)
 .debug_str     0x0000000000005930      0x120 ../../lib/libcircle.a(bcmframebuffer.o)
                                        0x8ba (size before relaxing)
 .debug_str     0x0000000000005a50       0xd3 ../../lib/libcircle.a(device.o)
                                        0x211 (size before relaxing)

.debug_frame    0x0000000000000000     0x29c4
 .debug_frame   0x0000000000000000       0x34 main.o
 .debug_frame   0x0000000000000034       0x84 kernel.o
 .debug_frame   0x00000000000000b8       0x2c ../../app/lib/emulator/libemu.a(nes.o)
 .debug_frame   0x00000000000000e4      0xa54 ../../app/lib/emulator/libemu.a(cpu.o)
 .debug_frame   0x0000000000000b38       0x28 ../../app/lib/emulator/libemu.a(ppu.o)
 .debug_frame   0x0000000000000b60       0xb0 ../../app/lib/emulator/libemu.a(cpu_addressing.o)
 .debug_frame   0x0000000000000c10       0x60 ../../app/lib/emulator/libemu.a(rom.o)
 .debug_frame   0x0000000000000c70       0x98 ../../lib/libcircle.a(actled.o)
 .debug_frame   0x0000000000000d08       0x84 ../../lib/libcircle.a(bcmpropertytags.o)
 .debug_frame   0x0000000000000d8c      0x2b4 ../../lib/libcircle.a(gpiopin.o)
 .debug_frame   0x0000000000001040       0x78 ../../lib/libcircle.a(memory.o)
 .debug_frame   0x00000000000010b8       0x50 ../../lib/libcircle.a(new.o)
 .debug_frame   0x0000000000001108       0x50 ../../lib/libcircle.a(synchronize.o)
 .debug_frame   0x0000000000001158       0x5c ../../lib/libcircle.a(sysinit.o)
 .debug_frame   0x00000000000011b4      0x288 ../../lib/libcircle.a(timer.o)
 .debug_frame   0x000000000000143c      0x120 ../../lib/libcircle.a(koptions.o)
 .debug_frame   0x000000000000155c       0x74 ../../lib/libcircle.a(pagetable.o)
 .debug_frame   0x00000000000015d0      0x4a4 ../../lib/libcircle.a(screen.o)
 .debug_frame   0x0000000000001a74       0x34 ../../lib/libcircle.a(assert.o)
 .debug_frame   0x0000000000001aa8       0x7c ../../lib/libcircle.a(chargenerator.o)
 .debug_frame   0x0000000000001b24       0x6c ../../lib/libcircle.a(debug.o)
 .debug_frame   0x0000000000001b90       0xb0 ../../lib/libcircle.a(devicenameservice.o)
 .debug_frame   0x0000000000001c40      0x108 ../../lib/libcircle.a(logger.o)
 .debug_frame   0x0000000000001d48       0xa4 ../../lib/libcircle.a(serial.o)
 .debug_frame   0x0000000000001dec      0x21c ../../lib/libcircle.a(string.o)
 .debug_frame   0x0000000000002008       0xcc ../../lib/libcircle.a(exceptionhandler.o)
 .debug_frame   0x00000000000020d4      0x12c ../../lib/libcircle.a(interrupt.o)
 .debug_frame   0x0000000000002200       0xd8 ../../lib/libcircle.a(gpiomanager.o)
 .debug_frame   0x00000000000022d8       0xb8 ../../lib/libcircle.a(virtualgpiopin.o)
 .debug_frame   0x0000000000002390      0x134 ../../lib/libcircle.a(machineinfo.o)
 .debug_frame   0x00000000000024c4      0x100 ../../lib/libcircle.a(ptrlist.o)
 .debug_frame   0x00000000000025c4       0xc4 ../../lib/libcircle.a(alloc.o)
 .debug_frame   0x0000000000002688       0x90 ../../lib/libcircle.a(bcmmailbox.o)
 .debug_frame   0x0000000000002718       0xdc ../../lib/libcircle.a(util.o)
 .debug_frame   0x00000000000027f4      0x168 ../../lib/libcircle.a(bcmframebuffer.o)
 .debug_frame   0x000000000000295c       0x68 ../../lib/libcircle.a(device.o)
