Archive member included to satisfy reference by file (symbol)

../../app/lib/emulator/libemu.a(nes.o)
                              kernel.o (Nes::Nes())
../../app/lib/emulator/libemu.a(cpu.o)
                              ../../app/lib/emulator/libemu.a(nes.o) (Cpu::Cpu(Rom const*))
../../app/lib/emulator/libemu.a(ppu.o)
                              ../../app/lib/emulator/libemu.a(nes.o) (Ppu::Ppu(Rom const*))
../../app/lib/emulator/libemu.a(cpu_addressing.o)
                              ../../app/lib/emulator/libemu.a(cpu.o) (Cpu::Immediate(unsigned char) const)
../../app/lib/emulator/libemu.a(rom.o)
                              ../../app/lib/emulator/libemu.a(cpu.o) (Rom::GetHeader() const)
../../lib/libcircle.a(actled.o)
                              kernel.o (CActLED::~CActLED())
../../lib/libcircle.a(bcmpropertytags.o)
                              ../../lib/libcircle.a(actled.o) (CBcmPropertyTags::CBcmPropertyTags())
../../lib/libcircle.a(gpiopin.o)
                              ../../lib/libcircle.a(actled.o) (CGPIOPin::Write(unsigned int))
../../lib/libcircle.a(memory.o)
                              kernel.o (CMemorySystem::~CMemorySystem())
../../lib/libcircle.a(new.o)  ../../app/lib/emulator/libemu.a(nes.o) (operator new(unsigned int))
../../lib/libcircle.a(synchronize.o)
                              ../../lib/libcircle.a(gpiopin.o) (EnterCritical)
../../lib/libcircle.a(sysinit.o)
                              main.o (halt)
../../lib/libcircle.a(timer.o)
                              kernel.o (CTimer::CTimer(CInterruptSystem*))
../../lib/libcircle.a(util_fast.o)
                              ../../app/lib/emulator/libemu.a(nes.o) (memcpy)
../../lib/libcircle.a(koptions.o)
                              kernel.o (CKernelOptions::~CKernelOptions())
../../lib/libcircle.a(pagetable.o)
                              ../../lib/libcircle.a(memory.o) (CPageTable::CPageTable())
../../lib/libcircle.a(screen.o)
                              kernel.o (CScreenDevice::~CScreenDevice())
../../lib/libcircle.a(assert.o)
                              ../../lib/libcircle.a(bcmpropertytags.o) (assertion_failed)
../../lib/libcircle.a(chargenerator.o)
                              ../../lib/libcircle.a(screen.o) (CCharGenerator::CCharGenerator())
../../lib/libcircle.a(debug.o)
                              ../../lib/libcircle.a(assert.o) (debug_stacktrace(unsigned int const*, char const*))
../../lib/libcircle.a(devicenameservice.o)
                              kernel.o (CDeviceNameService::CDeviceNameService())
../../lib/libcircle.a(logger.o)
                              kernel.o (CLogger::CLogger(unsigned int, CTimer*))
../../lib/libcircle.a(serial.o)
                              kernel.o (CSerialDevice::CSerialDevice())
../../lib/libcircle.a(string.o)
                              ../../lib/libcircle.a(assert.o) (CString::~CString())
../../lib/libcircle.a(delayloop.o)
                              ../../lib/libcircle.a(timer.o) (DelayLoop)
../../lib/libcircle.a(exceptionhandler.o)
                              kernel.o (CExceptionHandler::CExceptionHandler())
../../lib/libcircle.a(exceptionstub.o)
                              ../../lib/libcircle.a(exceptionhandler.o) (UndefinedInstructionStub)
../../lib/libcircle.a(interrupt.o)
                              kernel.o (CInterruptSystem::CInterruptSystem())
../../lib/libcircle.a(gpiomanager.o)
                              ../../lib/libcircle.a(gpiopin.o) (CGPIOManager::ConnectInterrupt(CGPIOPin*))
../../lib/libcircle.a(virtualgpiopin.o)
                              ../../lib/libcircle.a(actled.o) (CVirtualGPIOPin::CVirtualGPIOPin(unsigned int))
../../lib/libcircle.a(machineinfo.o)
                              ../../lib/libcircle.a(sysinit.o) (CMachineInfo::CMachineInfo())
../../lib/libcircle.a(cache-v7.o)
                              ../../lib/libcircle.a(sysinit.o) (InvalidateDataCacheL1Only)
../../lib/libcircle.a(ptrlist.o)
                              ../../lib/libcircle.a(timer.o) (CPtrList::CPtrList())
../../lib/libcircle.a(alloc.o)
                              ../../lib/libcircle.a(memory.o) (mem_init)
../../lib/libcircle.a(bcmmailbox.o)
                              ../../lib/libcircle.a(bcmpropertytags.o) (CBcmMailBox::CBcmMailBox(unsigned int))
../../lib/libcircle.a(util.o)
                              ../../lib/libcircle.a(screen.o) (memset)
../../lib/libcircle.a(bcmframebuffer.o)
                              ../../lib/libcircle.a(screen.o) (CBcmFrameBuffer::CBcmFrameBuffer(unsigned int, unsigned int, unsigned int, unsigned int, unsigned int))
../../lib/libcircle.a(device.o)
                              ../../lib/libcircle.a(screen.o) (CDevice::~CDevice())

Memory Configuration

Name             Origin             Length             Attributes
*default*        0x0000000000000000 0xffffffffffffffff

Linker script and memory map

                0x0000000000008000                . = 0x8000

.text           0x0000000000008000     0x8944
 *(.text*)
 .text          0x0000000000008000       0x68 ../../lib/startup.o
                0x0000000000008000                _start
                0x000000000000805c                _start_secondary
 .text          0x0000000000008068        0x0 main.o
 .text.startup  0x0000000000008068       0x58 main.o
                0x0000000000008068                main
 .text          0x00000000000080c0      0x1fc kernel.o
                0x00000000000080c0                CKernel::CKernel()
                0x00000000000080c0                CKernel::CKernel()
                0x0000000000008180                CKernel::Initialize()
                0x000000000000821c                CKernel::Run()
                0x0000000000008248                CKernel::~CKernel()
                0x0000000000008248                CKernel::~CKernel()
 .text          0x00000000000082bc       0x88 ../../app/lib/emulator/libemu.a(nes.o)
                0x00000000000082bc                Nes::Nes()
                0x00000000000082bc                Nes::Nes()
 .text          0x0000000000008344      0xa48 ../../app/lib/emulator/libemu.a(cpu.o)
                0x0000000000008344                Cpu::ASL_ACC()
                0x00000000000083c4                Cpu::UNIMP()
                0x00000000000083c8                Cpu::ORA_IND_X()
                0x0000000000008440                Cpu::ORA_ZP()
                0x00000000000084b4                Cpu::ASL_ZP()
                0x0000000000008550                Cpu::ORA_IMM()
                0x00000000000085c4                Cpu::ORA_ABS()
                0x000000000000863c                Cpu::ASL_ABS()
                0x00000000000086dc                Cpu::ORA_IND_Y()
                0x0000000000008754                Cpu::ORA_ZP_X()
                0x00000000000087cc                Cpu::ASL_ZP_X()
                0x000000000000886c                Cpu::ORA_ABS_Y()
                0x00000000000088e8                Cpu::ORA_ABS_X()
                0x0000000000008964                Cpu::ASL_ABS_X()
                0x0000000000008a0c                Cpu::SBC_ABS_X()
                0x0000000000008a10                Cpu::INC_ABS_X()
                0x0000000000008a14                Cpu::BRK()
                0x0000000000008a18                Cpu::PHP()
                0x0000000000008a1c                Cpu::BPL()
                0x0000000000008a20                Cpu::CLC()
                0x0000000000008a24                Cpu::JSR()
                0x0000000000008a28                Cpu::AND_IND_X()
                0x0000000000008a2c                Cpu::BIT_ZP()
                0x0000000000008a30                Cpu::AND_ZP()
                0x0000000000008a34                Cpu::ROL_ZP()
                0x0000000000008a38                Cpu::PLP()
                0x0000000000008a3c                Cpu::AND_IMM()
                0x0000000000008a40                Cpu::ROL_ACC()
                0x0000000000008a44                Cpu::BIT_ABS()
                0x0000000000008a48                Cpu::AND_ABS()
                0x0000000000008a4c                Cpu::ROL_ABS()
                0x0000000000008a50                Cpu::BMI()
                0x0000000000008a54                Cpu::AND_IND_Y()
                0x0000000000008a58                Cpu::AND_ZP_X()
                0x0000000000008a5c                Cpu::ROL_ZP_X()
                0x0000000000008a60                Cpu::SEC()
                0x0000000000008a64                Cpu::AND_ABS_Y()
                0x0000000000008a68                Cpu::AND_ABS_X()
                0x0000000000008a6c                Cpu::ROL_ABS_X()
                0x0000000000008a70                Cpu::RTI()
                0x0000000000008a74                Cpu::EOR_IND_X()
                0x0000000000008a78                Cpu::EOR_ZP()
                0x0000000000008a7c                Cpu::LSR_ZP()
                0x0000000000008a80                Cpu::PHA()
                0x0000000000008a84                Cpu::EOR_IMM()
                0x0000000000008a88                Cpu::LSR_ACC()
                0x0000000000008a8c                Cpu::JMP_ABS()
                0x0000000000008a90                Cpu::EOR_ABS()
                0x0000000000008a94                Cpu::LSR_ABS()
                0x0000000000008a98                Cpu::BVC()
                0x0000000000008a9c                Cpu::EOR_IND_Y()
                0x0000000000008aa0                Cpu::EOR_ZP_X()
                0x0000000000008aa4                Cpu::LSR_ZP_X()
                0x0000000000008aa8                Cpu::CLI()
                0x0000000000008aac                Cpu::EOR_ABS_Y()
                0x0000000000008ab0                Cpu::EOR_ABS_X()
                0x0000000000008ab4                Cpu::LSR_ABS_X()
                0x0000000000008ab8                Cpu::RTS()
                0x0000000000008abc                Cpu::ADC_IND_X()
                0x0000000000008ac0                Cpu::ADC_ZP()
                0x0000000000008ac4                Cpu::ROR_ZP()
                0x0000000000008ac8                Cpu::PLA()
                0x0000000000008acc                Cpu::ADC_IMM()
                0x0000000000008ad0                Cpu::ROR_ACC()
                0x0000000000008ad4                Cpu::JMP_IND()
                0x0000000000008ad8                Cpu::ADC_ABS()
                0x0000000000008adc                Cpu::ROR_ABS()
                0x0000000000008ae0                Cpu::BVS()
                0x0000000000008ae4                Cpu::ADC_IND_Y()
                0x0000000000008ae8                Cpu::ADC_ZP_X()
                0x0000000000008aec                Cpu::ROR_ZP_X()
                0x0000000000008af0                Cpu::SEI()
                0x0000000000008af4                Cpu::ADC_ABS_Y()
                0x0000000000008af8                Cpu::ADC_ABS_X()
                0x0000000000008afc                Cpu::ROR_ABS_X()
                0x0000000000008b00                Cpu::STA_IND_X()
                0x0000000000008b04                Cpu::STY_ZP()
                0x0000000000008b08                Cpu::STA_ZP()
                0x0000000000008b0c                Cpu::STX_ZP()
                0x0000000000008b10                Cpu::DEY()
                0x0000000000008b14                Cpu::TXA()
                0x0000000000008b18                Cpu::STY_ABS()
                0x0000000000008b1c                Cpu::STA_ABS()
                0x0000000000008b20                Cpu::STX_ABS()
                0x0000000000008b24                Cpu::BCC()
                0x0000000000008b28                Cpu::STA_IND_Y()
                0x0000000000008b2c                Cpu::STY_ZP_X()
                0x0000000000008b30                Cpu::STA_ZP_X()
                0x0000000000008b34                Cpu::STX_ZP_Y()
                0x0000000000008b38                Cpu::TYA()
                0x0000000000008b3c                Cpu::STA_ABS_Y()
                0x0000000000008b40                Cpu::TXS()
                0x0000000000008b44                Cpu::STA_ABS_X()
                0x0000000000008b48                Cpu::LDY_IMM()
                0x0000000000008b4c                Cpu::LDA_IND_X()
                0x0000000000008b50                Cpu::LDX_IMM()
                0x0000000000008b54                Cpu::LDY_ZP()
                0x0000000000008b58                Cpu::LDA_ZP()
                0x0000000000008b5c                Cpu::LDX_ZP()
                0x0000000000008b60                Cpu::TAY()
                0x0000000000008b64                Cpu::LDA_IMM()
                0x0000000000008b68                Cpu::TAX()
                0x0000000000008b6c                Cpu::LDY_ABS()
                0x0000000000008b70                Cpu::LDA_ABS()
                0x0000000000008b74                Cpu::LDX_ABS()
                0x0000000000008b78                Cpu::BCS()
                0x0000000000008b7c                Cpu::LDA_IND_Y()
                0x0000000000008b80                Cpu::LDY_ZP_X()
                0x0000000000008b84                Cpu::LDA_ZP_X()
                0x0000000000008b88                Cpu::LDX_ZP_Y()
                0x0000000000008b8c                Cpu::CLV()
                0x0000000000008b90                Cpu::LDA_ABS_Y()
                0x0000000000008b94                Cpu::TSX()
                0x0000000000008b98                Cpu::LDY_ABS_X()
                0x0000000000008b9c                Cpu::LDA_ABS_X()
                0x0000000000008ba0                Cpu::LDX_ABS_Y()
                0x0000000000008ba4                Cpu::CPY_IMM()
                0x0000000000008ba8                Cpu::CMP_IND_X()
                0x0000000000008bac                Cpu::CPY_ZP()
                0x0000000000008bb0                Cpu::CMP_ZP()
                0x0000000000008bb4                Cpu::DEC_ZP()
                0x0000000000008bb8                Cpu::INY()
                0x0000000000008bbc                Cpu::CMP_IMM()
                0x0000000000008bc0                Cpu::DEX()
                0x0000000000008bc4                Cpu::CPY_ABS()
                0x0000000000008bc8                Cpu::CMP_ABS()
                0x0000000000008bcc                Cpu::DEC_ABS()
                0x0000000000008bd0                Cpu::BNE()
                0x0000000000008bd4                Cpu::CMP_IND_Y()
                0x0000000000008bd8                Cpu::CMP_ZP_X()
                0x0000000000008bdc                Cpu::DEC_ZP_X()
                0x0000000000008be0                Cpu::CLD()
                0x0000000000008be4                Cpu::CMP_ABS_Y()
                0x0000000000008be8                Cpu::CMP_ABS_X()
                0x0000000000008bec                Cpu::DEC_ABS_X()
                0x0000000000008bf0                Cpu::CPX_IMM()
                0x0000000000008bf4                Cpu::SBC_IND_X()
                0x0000000000008bf8                Cpu::CPX_ZP()
                0x0000000000008bfc                Cpu::SBC_ZP()
                0x0000000000008c00                Cpu::INC_ZP()
                0x0000000000008c04                Cpu::INX()
                0x0000000000008c08                Cpu::SBC_IMM()
                0x0000000000008c0c                Cpu::NOP()
                0x0000000000008c10                Cpu::CPX_ABS()
                0x0000000000008c14                Cpu::SBC_ABS()
                0x0000000000008c18                Cpu::INC_ABS()
                0x0000000000008c1c                Cpu::BEQ()
                0x0000000000008c20                Cpu::SBC_IND_Y()
                0x0000000000008c24                Cpu::SBC_ZP_X()
                0x0000000000008c28                Cpu::INC_ZP_X()
                0x0000000000008c2c                Cpu::SED()
                0x0000000000008c30                Cpu::SBC_ABS_Y()
                0x0000000000008c34                Cpu::Cpu(Rom const*)
                0x0000000000008c34                Cpu::Cpu(Rom const*)
                0x0000000000008d68                Cpu::SetFlag(unsigned char, unsigned char)
 .text          0x0000000000008d8c       0x18 ../../app/lib/emulator/libemu.a(ppu.o)
                0x0000000000008d8c                Ppu::Ppu(Rom const*)
                0x0000000000008d8c                Ppu::Ppu(Rom const*)
 .text          0x0000000000008da4       0x9c ../../app/lib/emulator/libemu.a(cpu_addressing.o)
                0x0000000000008da4                Cpu::FromValues(unsigned char) const
                0x0000000000008dac                Cpu::FromValues(unsigned char, unsigned char) const
                0x0000000000008db4                Cpu::Immediate(unsigned char) const
                0x0000000000008dbc                Cpu::ZeroPage(unsigned char) const
                0x0000000000008dc4                Cpu::Absolute(unsigned char, unsigned char) const
                0x0000000000008dcc                Cpu::Indexed(unsigned char, unsigned char, unsigned char) const
                0x0000000000008ddc                Cpu::ZeroPageIndexed(unsigned char, unsigned char) const
                0x0000000000008de4                Cpu::Indirect(unsigned char, unsigned char) const
                0x0000000000008e00                Cpu::PreIndexedIndirect(unsigned char, unsigned char) const
                0x0000000000008e20                Cpu::PostIndexedIndirect(unsigned char, unsigned char) const
 .text          0x0000000000008e40       0x80 ../../app/lib/emulator/libemu.a(rom.o)
                0x0000000000008e40                Rom::GetHeader() const
                0x0000000000008e70                Rom::GetRaw() const
                0x0000000000008e78                Rom::GetLength() const
                0x0000000000008e80                Rom::GetTrainerOffset() const
 .text          0x0000000000008ec0      0x208 ../../lib/libcircle.a(actled.o)
                0x0000000000008ec0                CActLED::~CActLED()
                0x0000000000008ec0                CActLED::~CActLED()
                0x0000000000008ed4                CActLED::On()
                0x0000000000008f14                CActLED::Off()
                0x0000000000008f54                CActLED::CActLED()
                0x0000000000008f54                CActLED::CActLED()
                0x000000000000906c                CActLED::Blink(unsigned int, unsigned int, unsigned int)
                0x00000000000090b8                CActLED::Get()
 .text          0x00000000000090c8      0x1d0 ../../lib/libcircle.a(bcmpropertytags.o)
                0x00000000000090c8                CBcmPropertyTags::CBcmPropertyTags()
                0x00000000000090c8                CBcmPropertyTags::CBcmPropertyTags()
                0x00000000000090e0                CBcmPropertyTags::~CBcmPropertyTags()
                0x00000000000090e0                CBcmPropertyTags::~CBcmPropertyTags()
                0x00000000000090f4                CBcmPropertyTags::GetTags(void*, unsigned int)
                0x00000000000091e8                CBcmPropertyTags::GetTag(unsigned int, void*, unsigned int, unsigned int)
 .text          0x0000000000009298      0xdfc ../../lib/libcircle.a(gpiopin.o)
                0x0000000000009298                CGPIOPin::~CGPIOPin()
                0x0000000000009298                CGPIOPin::~CGPIOPin()
                0x000000000000929c                CGPIOPin::~CGPIOPin()
                0x00000000000092b0                CGPIOPin::Write(unsigned int)
                0x0000000000009368                CGPIOPin::Read() const
                0x00000000000093f0                CGPIOPin::Invert()
                0x0000000000009430                CGPIOPin::ConnectInterrupt(void (*)(void*), void*)
                0x0000000000009544                CGPIOPin::DisconnectInterrupt()
                0x0000000000009630                CGPIOPin::EnableInterrupt(TGPIOInterrupt)
                0x00000000000097bc                CGPIOPin::DisableInterrupt()
                0x00000000000098ac                CGPIOPin::EnableInterrupt2(TGPIOInterrupt)
                0x0000000000009a38                CGPIOPin::DisableInterrupt2()
                0x0000000000009b28                CGPIOPin::SetPullUpMode(unsigned int)
                0x0000000000009bfc                CGPIOPin::SetAlternateFunction(unsigned int)
                0x0000000000009cd0                CGPIOPin::SetMode(TGPIOMode, int)
                0x0000000000009e94                CGPIOPin::CGPIOPin(unsigned int, TGPIOMode, CGPIOManager*)
                0x0000000000009e94                CGPIOPin::CGPIOPin(unsigned int, TGPIOMode, CGPIOManager*)
                0x0000000000009f28                CGPIOPin::InterruptHandler()
                0x0000000000009fd8                CGPIOPin::DisableAllInterrupts(unsigned int)
 .text.startup  0x000000000000a094       0x14 ../../lib/libcircle.a(gpiopin.o)
 .text          0x000000000000a0a8      0x26c ../../lib/libcircle.a(memory.o)
                0x000000000000a0a8                CMemorySystem::~CMemorySystem()
                0x000000000000a0a8                CMemorySystem::~CMemorySystem()
                0x000000000000a11c                CMemorySystem::GetMemSize() const
                0x000000000000a124                CMemorySystem::EnableMMU()
                0x000000000000a230                CMemorySystem::CMemorySystem(int)
                0x000000000000a230                CMemorySystem::CMemorySystem(int)
 .text          0x000000000000a314       0x10 ../../lib/libcircle.a(new.o)
                0x000000000000a314                operator new(unsigned int)
                0x000000000000a318                operator new[](unsigned int)
                0x000000000000a31c                operator delete(void*)
                0x000000000000a320                operator delete[](void*)
 .text          0x000000000000a324       0xb4 ../../lib/libcircle.a(synchronize.o)
                0x000000000000a324                EnterCritical
                0x000000000000a358                LeaveCritical
                0x000000000000a3b8                SyncDataAndInstructionCache
 .text          0x000000000000a3d8       0xe0 ../../lib/libcircle.a(sysinit.o)
                0x000000000000a3d8                __aeabi_atexit
                0x000000000000a3dc                halt
                0x000000000000a3ec                reboot
                0x000000000000a410                sysinit
 .text          0x000000000000a4b8      0xb8c ../../lib/libcircle.a(timer.o)
                0x000000000000a4b8                CTimer::CTimer(CInterruptSystem*)
                0x000000000000a4b8                CTimer::CTimer(CInterruptSystem*)
                0x000000000000a538                CTimer::~CTimer()
                0x000000000000a538                CTimer::~CTimer()
                0x000000000000a61c                CTimer::SetTimeZone(int)
                0x000000000000a63c                CTimer::GetTimeZone() const
                0x000000000000a644                CTimer::SetTime(unsigned int, int)
                0x000000000000a6c4                CTimer::GetClockTicks()
                0x000000000000a6d4                CTimer::GetTicks() const
                0x000000000000a6dc                CTimer::GetUptime() const
                0x000000000000a6e4                CTimer::GetTime() const
                0x000000000000a6ec                CTimer::GetUniversalTime() const
                0x000000000000a70c                CTimer::GetTimeString()
                0x000000000000a8f8                CTimer::StartKernelTimer(unsigned int, void (*)(unsigned int, void*, void*), void*, void*)
                0x000000000000aa58                CTimer::CancelKernelTimer(unsigned int)
                0x000000000000ab0c                CTimer::PollKernelTimers()
                0x000000000000ac64                CTimer::InterruptHandler()
                0x000000000000ad78                CTimer::InterruptHandler(void*)
                0x000000000000adb4                CTimer::TuneMsDelay()
                0x000000000000ae5c                CTimer::Initialize()
                0x000000000000aed8                CTimer::SimpleMsDelay(unsigned int)
                0x000000000000af18                CTimer::SimpleusDelay(unsigned int)
                0x000000000000af48                CTimer::IsLeapYear(unsigned int)
                0x000000000000af94                CTimer::GetDaysOfMonth(unsigned int, unsigned int)
                0x000000000000b00c                CTimer::Get()
 .text          0x000000000000b044       0x5c ../../lib/libcircle.a(util_fast.o)
                0x000000000000b044                memcpy
 .text          0x000000000000b0a0      0x514 ../../lib/libcircle.a(koptions.o)
                0x000000000000b100                CKernelOptions::~CKernelOptions()
                0x000000000000b100                CKernelOptions::~CKernelOptions()
                0x000000000000b114                CKernelOptions::GetWidth() const
                0x000000000000b11c                CKernelOptions::GetHeight() const
                0x000000000000b124                CKernelOptions::GetLogDevice() const
                0x000000000000b130                CKernelOptions::GetLogLevel() const
                0x000000000000b138                CKernelOptions::GetKeyMap() const
                0x000000000000b140                CKernelOptions::GetUSBPowerDelay() const
                0x000000000000b148                CKernelOptions::GetCPUSpeed() const
                0x000000000000b150                CKernelOptions::GetSoCMaxTemp() const
                0x000000000000b158                CKernelOptions::Get()
                0x000000000000b168                CKernelOptions::GetToken()
                0x000000000000b1e4                CKernelOptions::CKernelOptions()
                0x000000000000b1e4                CKernelOptions::CKernelOptions()
                0x000000000000b55c                CKernelOptions::GetOptionValue(char*)
                0x000000000000b594                CKernelOptions::GetDecimal(char*)
 .text          0x000000000000b5b4      0x220 ../../lib/libcircle.a(pagetable.o)
                0x000000000000b5b4                CPageTable::CPageTable()
                0x000000000000b5b4                CPageTable::CPageTable()
                0x000000000000b664                CPageTable::CPageTable(unsigned int)
                0x000000000000b664                CPageTable::CPageTable(unsigned int)
                0x000000000000b7a4                CPageTable::~CPageTable()
                0x000000000000b7a4                CPageTable::~CPageTable()
                0x000000000000b7c8                CPageTable::GetBaseAddress() const
 .text          0x000000000000b7d4     0x11f4 ../../lib/libcircle.a(screen.o)
                0x000000000000b7d4                CScreenDevice::~CScreenDevice()
                0x000000000000b7d4                CScreenDevice::~CScreenDevice()
                0x000000000000b848                CScreenDevice::~CScreenDevice()
                0x000000000000b92c                CScreenDevice::CScreenDevice(unsigned int, unsigned int, int)
                0x000000000000b92c                CScreenDevice::CScreenDevice(unsigned int, unsigned int, int)
                0x000000000000b9a0                CScreenDevice::GetWidth() const
                0x000000000000b9a8                CScreenDevice::GetHeight() const
                0x000000000000b9b0                CScreenDevice::GetColumns() const
                0x000000000000b9cc                CScreenDevice::GetRows() const
                0x000000000000b9e8                CScreenDevice::GetStatus()
                0x000000000000ba58                CScreenDevice::SetStatus(TScreenStatus)
                0x000000000000bb68                CScreenDevice::CarriageReturn()
                0x000000000000bb74                CScreenDevice::CursorHome()
                0x000000000000bb88                CScreenDevice::CursorLeft()
                0x000000000000bbf4                CScreenDevice::CursorMove(unsigned int, unsigned int)
                0x000000000000bc54                CScreenDevice::CursorUp()
                0x000000000000bc84                CScreenDevice::DeleteChars(unsigned int)
                0x000000000000bc88                CScreenDevice::DeleteLines(unsigned int)
                0x000000000000bc8c                CScreenDevice::InsertLines(unsigned int)
                0x000000000000bc90                CScreenDevice::InsertMode(int)
                0x000000000000bc98                CScreenDevice::ReverseScroll()
                0x000000000000bc9c                CScreenDevice::SetCursorMode(int)
                0x000000000000bca4                CScreenDevice::SetScrollRegion(unsigned int, unsigned int)
                0x000000000000bd20                CScreenDevice::SetStandoutMode(unsigned int)
                0x000000000000bdc0                CScreenDevice::Scroll()
                0x000000000000be58                CScreenDevice::CursorDown()
                0x000000000000bea4                CScreenDevice::NewLine()
                0x000000000000beb0                CScreenDevice::CursorRight()
                0x000000000000beec                CScreenDevice::Tabulator()
                0x000000000000bf34                CScreenDevice::DisplayChar(char, unsigned int, unsigned int, unsigned char)
                0x000000000000bfec                CScreenDevice::DisplayChar(char)
                0x000000000000c028                CScreenDevice::EraseChar(unsigned int, unsigned int)
                0x000000000000c098                CScreenDevice::ClearLineEnd()
                0x000000000000c140                CScreenDevice::EraseChars(unsigned int)
                0x000000000000c14c                CScreenDevice::ClearDisplayEnd()
                0x000000000000c1cc                CScreenDevice::Write(char)
                0x000000000000c6c8                CScreenDevice::Write(void const*, unsigned int)
                0x000000000000c788                CScreenDevice::Initialize()
                0x000000000000c918                CScreenDevice::InvertCursor()
                0x000000000000c928                CScreenDevice::SetPixel(unsigned int, unsigned int, unsigned char)
                0x000000000000c938                CScreenDevice::GetPixel(unsigned int, unsigned int)
                0x000000000000c96c                CScreenDevice::Rotor(unsigned int, unsigned int)
 .text          0x000000000000c9c8       0x88 ../../lib/libcircle.a(assert.o)
                0x000000000000c9c8                assertion_failed
 .text          0x000000000000ca50       0xa8 ../../lib/libcircle.a(chargenerator.o)
                0x000000000000ca50                CCharGenerator::CCharGenerator()
                0x000000000000ca50                CCharGenerator::CCharGenerator()
                0x000000000000ca5c                CCharGenerator::~CCharGenerator()
                0x000000000000ca5c                CCharGenerator::~CCharGenerator()
                0x000000000000ca60                CCharGenerator::GetCharWidth() const
                0x000000000000ca68                CCharGenerator::GetCharHeight() const
                0x000000000000ca70                CCharGenerator::GetUnderline() const
                0x000000000000ca78                CCharGenerator::GetPixel(char, unsigned int, unsigned int) const
 .text          0x000000000000caf8      0x19c ../../lib/libcircle.a(debug.o)
                0x000000000000caf8                debug_hexdump(void const*, unsigned int, char const*)
                0x000000000000cc04                debug_stacktrace(unsigned int const*, char const*)
 .text          0x000000000000cc94      0x2b8 ../../lib/libcircle.a(devicenameservice.o)
                0x000000000000cc94                CDeviceNameService::CDeviceNameService()
                0x000000000000cc94                CDeviceNameService::CDeviceNameService()
                0x000000000000cce0                CDeviceNameService::~CDeviceNameService()
                0x000000000000cce0                CDeviceNameService::~CDeviceNameService()
                0x000000000000cd44                CDeviceNameService::AddDevice(char const*, CDevice*, int)
                0x000000000000ce04                CDeviceNameService::GetDevice(char const*, int)
                0x000000000000cf14                CDeviceNameService::Get()
 .text          0x000000000000cf4c      0x460 ../../lib/libcircle.a(logger.o)
                0x000000000000cf4c                CLogger::CLogger(unsigned int, CTimer*)
                0x000000000000cf4c                CLogger::CLogger(unsigned int, CTimer*)
                0x000000000000cf94                CLogger::~CLogger()
                0x000000000000cf94                CLogger::~CLogger()
                0x000000000000cfc4                CLogger::Get()
                0x000000000000cfd4                CLogger::Write(char const*)
                0x000000000000d07c                CLogger::Read(void*, unsigned int)
                0x000000000000d138                CLogger::WriteV(char const*, TLogSeverity, char const*, std::__va_list)
                0x000000000000d338                CLogger::Write(char const*, TLogSeverity, char const*, ...)
                0x000000000000d368                CLogger::Initialize(CDevice*)
 .text          0x000000000000d3ac      0x2e4 ../../lib/libcircle.a(serial.o)
                0x000000000000d3ac                CSerialDevice::Write(void const*, unsigned int)
                0x000000000000d464                CSerialDevice::CSerialDevice()
                0x000000000000d464                CSerialDevice::CSerialDevice()
                0x000000000000d4dc                CSerialDevice::Initialize(unsigned int)
                0x000000000000d604                CSerialDevice::Write(unsigned char)
                0x000000000000d620                CSerialDevice::~CSerialDevice()
                0x000000000000d620                CSerialDevice::~CSerialDevice()
                0x000000000000d674                CSerialDevice::~CSerialDevice()
 .text          0x000000000000d690      0xd44 ../../lib/libcircle.a(string.o)
                0x000000000000d690                CString::~CString()
                0x000000000000d690                CString::~CString()
                0x000000000000d6bc                CString::~CString()
                0x000000000000d758                CString::CString()
                0x000000000000d758                CString::CString()
                0x000000000000d770                CString::CString(char const*)
                0x000000000000d770                CString::CString(char const*)
                0x000000000000d7b0                CString::operator char const*() const
                0x000000000000d7c8                CString::operator=(char const*)
                0x000000000000d80c                CString::GetLength() const
                0x000000000000d81c                CString::Append(char const*)
                0x000000000000d8a0                CString::Compare(char const*) const
                0x000000000000d8a8                CString::Find(char) const
                0x000000000000d8ec                CString::PutChar(char, unsigned int)
                0x000000000000d92c                CString::PutString(char const*)
                0x000000000000d970                CString::ReserveSpace(unsigned int)
                0x000000000000d97c                CString::ntoa(char*, unsigned long, unsigned int, int)
                0x000000000000da00                CString::ftoa(char*, double, unsigned int)
                0x000000000000dc38                CString::FormatV(char const*, std::__va_list)
                0x000000000000e3a4                CString::Format(char const*, ...)
 *fill*         0x000000000000e3d4        0x4 
 .text          0x000000000000e3d8        0xc ../../lib/libcircle.a(delayloop.o)
                0x000000000000e3d8                DelayLoop
 .text          0x000000000000e3e4      0x258 ../../lib/libcircle.a(exceptionhandler.o)
                0x000000000000e3e4                CExceptionHandler::CExceptionHandler()
                0x000000000000e3e4                CExceptionHandler::CExceptionHandler()
                0x000000000000e474                CExceptionHandler::~CExceptionHandler()
                0x000000000000e474                CExceptionHandler::~CExceptionHandler()
                0x000000000000e488                CExceptionHandler::Throw(unsigned int)
                0x000000000000e4c8                CExceptionHandler::Throw(unsigned int, TAbortFrame*)
                0x000000000000e5a8                CExceptionHandler::Get()
                0x000000000000e5e0                ExceptionHandler
 .text          0x000000000000e63c       0xd0 ../../lib/libcircle.a(exceptionstub.o)
                0x000000000000e63c                UndefinedInstructionStub
                0x000000000000e67c                PrefetchAbortStub
                0x000000000000e6bc                DataAbortStub
                0x000000000000e6fc                IRQStub
 .text          0x000000000000e70c      0x3cc ../../lib/libcircle.a(interrupt.o)
                0x000000000000e70c                CInterruptSystem::CInterruptSystem()
                0x000000000000e70c                CInterruptSystem::CInterruptSystem()
                0x000000000000e744                CInterruptSystem::~CInterruptSystem()
                0x000000000000e744                CInterruptSystem::~CInterruptSystem()
                0x000000000000e758                CInterruptSystem::Initialize()
                0x000000000000e7a4                CInterruptSystem::EnableIRQ(unsigned int)
                0x000000000000e814                CInterruptSystem::ConnectIRQ(unsigned int, void (*)(void*), void*)
                0x000000000000e888                CInterruptSystem::DisableIRQ(unsigned int)
                0x000000000000e8f8                CInterruptSystem::DisconnectIRQ(unsigned int)
                0x000000000000e978                CInterruptSystem::Get()
                0x000000000000e9b0                CInterruptSystem::CallIRQHandler(unsigned int)
                0x000000000000ea1c                CInterruptSystem::InterruptHandler()
                0x000000000000ead4                InterruptHandler
 .text          0x000000000000ead8      0x398 ../../lib/libcircle.a(gpiomanager.o)
                0x000000000000ead8                CGPIOManager::CGPIOManager(CInterruptSystem*)
                0x000000000000ead8                CGPIOManager::CGPIOManager(CInterruptSystem*)
                0x000000000000eb04                CGPIOManager::~CGPIOManager()
                0x000000000000eb04                CGPIOManager::~CGPIOManager()
                0x000000000000eb90                CGPIOManager::Initialize()
                0x000000000000ec14                CGPIOManager::ConnectInterrupt(CGPIOPin*)
                0x000000000000ecc4                CGPIOManager::DisconnectInterrupt(CGPIOPin*)
                0x000000000000ed88                CGPIOManager::InterruptHandler()
                0x000000000000ee34                CGPIOManager::InterruptStub(void*)
 .text          0x000000000000ee70      0x1f4 ../../lib/libcircle.a(virtualgpiopin.o)
                0x000000000000ee70                CVirtualGPIOPin::~CVirtualGPIOPin()
                0x000000000000ee70                CVirtualGPIOPin::~CVirtualGPIOPin()
                0x000000000000ee74                CVirtualGPIOPin::~CVirtualGPIOPin()
                0x000000000000ef2c                CVirtualGPIOPin::CVirtualGPIOPin(unsigned int)
                0x000000000000ef2c                CVirtualGPIOPin::CVirtualGPIOPin(unsigned int)
                0x000000000000f01c                CVirtualGPIOPin::Write(unsigned int)
                0x000000000000f058                CVirtualGPIOPin::Invert()
 .text.startup  0x000000000000f064       0x14 ../../lib/libcircle.a(virtualgpiopin.o)
 .text          0x000000000000f078      0x3fc ../../lib/libcircle.a(machineinfo.o)
                0x000000000000f078                CMachineInfo::CMachineInfo()
                0x000000000000f078                CMachineInfo::CMachineInfo()
                0x000000000000f248                CMachineInfo::~CMachineInfo()
                0x000000000000f248                CMachineInfo::~CMachineInfo()
                0x000000000000f26c                CMachineInfo::GetMachineModel() const
                0x000000000000f274                CMachineInfo::GetMachineName() const
                0x000000000000f28c                CMachineInfo::GetModelMajor() const
                0x000000000000f294                CMachineInfo::GetModelRevision() const
                0x000000000000f29c                CMachineInfo::GetSoCType() const
                0x000000000000f2a4                CMachineInfo::GetRAMSize() const
                0x000000000000f2ac                CMachineInfo::GetSoCName() const
                0x000000000000f2c4                CMachineInfo::GetRevisionRaw() const
                0x000000000000f2cc                CMachineInfo::GetClockRate(unsigned int) const
                0x000000000000f390                CMachineInfo::GetGPIOPin(TGPIOVirtualPin) const
                0x000000000000f400                CMachineInfo::GetDevice(TDeviceId) const
                0x000000000000f43c                CMachineInfo::Get()
 .text          0x000000000000f474      0x1f4 ../../lib/libcircle.a(cache-v7.o)
                0x000000000000f474                InvalidateDataCacheL1Only
                0x000000000000f4e0                InvalidateDataCache
                0x000000000000f588                CleanDataCache
                0x000000000000f630                CleanAndInvalidateDataCacheRange
 .text          0x000000000000f668      0x508 ../../lib/libcircle.a(ptrlist.o)
                0x000000000000f668                CPtrList::CPtrList()
                0x000000000000f668                CPtrList::CPtrList()
                0x000000000000f674                CPtrList::~CPtrList()
                0x000000000000f674                CPtrList::~CPtrList()
                0x000000000000f6a8                CPtrList::GetFirst()
                0x000000000000f6b0                CPtrList::GetNext(TPtrListElement*)
                0x000000000000f70c                CPtrList::GetPtr(TPtrListElement*)
                0x000000000000f768                CPtrList::InsertBefore(TPtrListElement*, void*)
                0x000000000000f880                CPtrList::InsertAfter(TPtrListElement*, void*)
                0x000000000000f98c                CPtrList::Remove(TPtrListElement*)
                0x000000000000faf8                CPtrList::Find(void*)
 .text          0x000000000000fb70      0x3fc ../../lib/libcircle.a(alloc.o)
                0x000000000000fb70                mem_init
                0x000000000000fbac                mem_get_size
                0x000000000000fbd4                malloc
                0x000000000000fd5c                free
                0x000000000000fe18                palloc
                0x000000000000ff00                pfree
 .text.startup  0x000000000000ff6c       0x18 ../../lib/libcircle.a(alloc.o)
 .text          0x000000000000ff84      0x168 ../../lib/libcircle.a(bcmmailbox.o)
                0x000000000000ff84                CBcmMailBox::CBcmMailBox(unsigned int)
                0x000000000000ff84                CBcmMailBox::CBcmMailBox(unsigned int)
                0x000000000000ff90                CBcmMailBox::~CBcmMailBox()
                0x000000000000ff90                CBcmMailBox::~CBcmMailBox()
                0x000000000000ff94                CBcmMailBox::Flush()
                0x000000000000ffc8                CBcmMailBox::Read()
                0x000000000000fff8                CBcmMailBox::Write(unsigned int)
                0x0000000000010050                CBcmMailBox::WriteRead(unsigned int)
 .text          0x00000000000100ec      0x460 ../../lib/libcircle.a(util.o)
                0x00000000000100ec                memset
                0x0000000000010110                memcmp
                0x000000000001016c                strlen
                0x0000000000010194                strcmp
                0x0000000000010200                strcpy
                0x000000000001022c                strncpy
                0x0000000000010278                strcat
                0x00000000000102bc                strchr
                0x00000000000102fc                strtok_r
                0x00000000000103c8                strtoul
                0x0000000000010548                char2int
 .text          0x000000000001054c      0x3bc ../../lib/libcircle.a(bcmframebuffer.o)
                0x00000000000105d0                CBcmFrameBuffer::CBcmFrameBuffer(unsigned int, unsigned int, unsigned int, unsigned int, unsigned int)
                0x00000000000105d0                CBcmFrameBuffer::CBcmFrameBuffer(unsigned int, unsigned int, unsigned int, unsigned int, unsigned int)
                0x0000000000010708                CBcmFrameBuffer::~CBcmFrameBuffer()
                0x0000000000010708                CBcmFrameBuffer::~CBcmFrameBuffer()
                0x0000000000010720                CBcmFrameBuffer::SetPalette(unsigned char, unsigned short)
                0x000000000001075c                CBcmFrameBuffer::SetPalette32(unsigned char, unsigned int)
                0x0000000000010774                CBcmFrameBuffer::Initialize()
                0x0000000000010838                CBcmFrameBuffer::GetWidth() const
                0x0000000000010840                CBcmFrameBuffer::GetHeight() const
                0x0000000000010848                CBcmFrameBuffer::GetVirtWidth() const
                0x0000000000010850                CBcmFrameBuffer::GetVirtHeight() const
                0x0000000000010858                CBcmFrameBuffer::GetPitch() const
                0x0000000000010860                CBcmFrameBuffer::GetDepth() const
                0x0000000000010868                CBcmFrameBuffer::GetBuffer() const
                0x0000000000010870                CBcmFrameBuffer::GetSize() const
                0x0000000000010878                CBcmFrameBuffer::UpdatePalette()
                0x0000000000010890                CBcmFrameBuffer::SetVirtualOffset(unsigned int, unsigned int)
 .text          0x0000000000010908       0x3c ../../lib/libcircle.a(device.o)
                0x0000000000010908                CDevice::~CDevice()
                0x0000000000010908                CDevice::~CDevice()
                0x000000000001090c                CDevice::Read(void*, unsigned int)
                0x000000000001090c                CDevice::Write(void const*, unsigned int)
                0x0000000000010914                CDevice::Seek(unsigned long long)
                0x0000000000010920                CDevice::~CDevice()
                0x0000000000010934                CDevice::CDevice()
                0x0000000000010934                CDevice::CDevice()
                0x0000000000010944                _etext = .

.glue_7         0x0000000000010944        0x0
 .glue_7        0x0000000000010944        0x0 linker stubs

.glue_7t        0x0000000000010944        0x0
 .glue_7t       0x0000000000010944        0x0 linker stubs

.vfp11_veneer   0x0000000000010944        0x0
 .vfp11_veneer  0x0000000000010944        0x0 linker stubs

.v4_bx          0x0000000000010944        0x0
 .v4_bx         0x0000000000010944        0x0 linker stubs

.iplt           0x0000000000010944        0x0
 .iplt          0x0000000000010944        0x0 ../../lib/startup.o

.rodata         0x0000000000010944    0x42774
 *(.rodata*)
 .rodata        0x0000000000010944        0x7 kernel.o
 *fill*         0x000000000001094b        0x1 
 .rodata.str1.4
                0x000000000001094c       0x23 kernel.o
 *fill*         0x000000000001096f        0x1 
 .rodata        0x0000000000010970    0x40010 ../../app/lib/emulator/libemu.a(nes.o)
 .rodata        0x0000000000050980      0x900 ../../app/lib/emulator/libemu.a(cpu.o)
 .rodata        0x0000000000051280       0xc0 ../../app/lib/emulator/libemu.a(ppu.o)
 .rodata.str1.4
                0x0000000000051340       0x98 ../../lib/libcircle.a(bcmpropertytags.o)
 .rodata        0x00000000000513d8       0x28 ../../lib/libcircle.a(gpiopin.o)
                0x00000000000513f0                vtable for CGPIOPin
 .rodata.str1.4
                0x0000000000051400      0x29d ../../lib/libcircle.a(gpiopin.o)
 *fill*         0x000000000005169d        0x3 
 .rodata.str1.4
                0x00000000000516a0       0x94 ../../lib/libcircle.a(memory.o)
 .rodata.str1.4
                0x0000000000051734       0x25 ../../lib/libcircle.a(synchronize.o)
 *fill*         0x0000000000051759        0x3 
 .rodata        0x000000000005175c       0x36 ../../lib/libcircle.a(timer.o)
                0x000000000005175c                CTimer::s_nDaysOfMonth
 *fill*         0x0000000000051792        0x2 
 .rodata.str1.4
                0x0000000000051794      0x158 ../../lib/libcircle.a(timer.o)
                                        0x168 (size before relaxing)
 .rodata.str1.4
                0x00000000000518ec       0x62 ../../lib/libcircle.a(koptions.o)
 *fill*         0x000000000005194e        0x2 
 .rodata.str1.4
                0x0000000000051950       0x3e ../../lib/libcircle.a(pagetable.o)
 *fill*         0x000000000005198e        0x2 
 .rodata        0x0000000000051990       0x21 ../../lib/libcircle.a(screen.o)
                0x0000000000051990                vtable for CScreenDevice
 .rodata.str1.4
                0x00000000000519b1        0x5 ../../lib/libcircle.a(screen.o)
 *fill*         0x00000000000519b1        0x3 
 .rodata.str1.4
                0x00000000000519b4       0x1d ../../lib/libcircle.a(assert.o)
 *fill*         0x00000000000519d1        0x3 
 .rodata        0x00000000000519d4      0xdf0 ../../lib/libcircle.a(chargenerator.o)
 .rodata.str1.4
                0x00000000000527c4       0x29 ../../lib/libcircle.a(chargenerator.o)
 *fill*         0x00000000000527ed        0x3 
 .rodata        0x00000000000527f0        0x6 ../../lib/libcircle.a(debug.o)
 *fill*         0x00000000000527f6        0x2 
 .rodata.str1.4
                0x00000000000527f8       0x8e ../../lib/libcircle.a(debug.o)
 *fill*         0x0000000000052886        0x2 
 .rodata.str1.4
                0x0000000000052888       0x70 ../../lib/libcircle.a(devicenameservice.o)
 .rodata.str1.4
                0x00000000000528f8       0x3b ../../lib/libcircle.a(logger.o)
 *fill*         0x0000000000052933        0x1 
 .rodata        0x0000000000052934       0x1c ../../lib/libcircle.a(serial.o)
                0x0000000000052934                vtable for CSerialDevice
 .rodata.str1.4
                0x0000000000052950       0x92 ../../lib/libcircle.a(serial.o)
 *fill*         0x00000000000529e2        0x2 
 .rodata        0x00000000000529e4       0x10 ../../lib/libcircle.a(string.o)
                0x00000000000529e4                vtable for CString
 .rodata.str1.4
                0x00000000000529f4        0x9 ../../lib/libcircle.a(string.o)
                                          0xd (size before relaxing)
 *fill*         0x00000000000529fd        0x3 
 .rodata        0x0000000000052a00        0x7 ../../lib/libcircle.a(exceptionhandler.o)
 *fill*         0x0000000000052a07        0x1 
 .rodata.str1.4
                0x0000000000052a08       0xbb ../../lib/libcircle.a(exceptionhandler.o)
                                         0xdb (size before relaxing)
 *fill*         0x0000000000052ac3        0x1 
 .rodata.str1.4
                0x0000000000052ac4       0x5a ../../lib/libcircle.a(interrupt.o)
                                         0x69 (size before relaxing)
 *fill*         0x0000000000052b1e        0x2 
 .rodata.str1.4
                0x0000000000052b20       0x88 ../../lib/libcircle.a(gpiomanager.o)
                                         0x9c (size before relaxing)
 .rodata        0x0000000000052ba8       0x10 ../../lib/libcircle.a(virtualgpiopin.o)
                0x0000000000052ba8                vtable for CVirtualGPIOPin
 .rodata        0x0000000000052bb8      0x1ac ../../lib/libcircle.a(machineinfo.o)
 .rodata.str1.4
                0x0000000000052d64       0xf3 ../../lib/libcircle.a(machineinfo.o)
                                        0x10f (size before relaxing)
 *fill*         0x0000000000052e57        0x1 
 .rodata.str1.4
                0x0000000000052e58      0x176 ../../lib/libcircle.a(ptrlist.o)
 *fill*         0x0000000000052fce        0x2 
 .rodata.str1.4
                0x0000000000052fd0       0xa8 ../../lib/libcircle.a(alloc.o)
 .rodata.str1.4
                0x0000000000053078       0x24 ../../lib/libcircle.a(bcmmailbox.o)
                                         0x23 (size before relaxing)
 .rodata        0x000000000005309c       0x1c ../../lib/libcircle.a(device.o)
                0x000000000005309c                vtable for CDevice
                0x00000000000530b8                __init_start = .

.rel.dyn        0x00000000000530b8        0x0
 .rel.iplt      0x00000000000530b8        0x0 ../../lib/startup.o

.init_array     0x00000000000530b8        0xc
 *(.init_array*)
 .init_array    0x00000000000530b8        0x4 ../../lib/libcircle.a(gpiopin.o)
 .init_array    0x00000000000530bc        0x4 ../../lib/libcircle.a(virtualgpiopin.o)
 .init_array    0x00000000000530c0        0x4 ../../lib/libcircle.a(alloc.o)
                0x00000000000530c4                __init_end = .

.data           0x00000000000530c4       0xe8
 *(.data*)
 .data          0x00000000000530c4        0x0 ../../lib/startup.o
 .data          0x00000000000530c4        0x0 main.o
 .data          0x00000000000530c4        0x0 kernel.o
 .data          0x00000000000530c4        0x0 ../../app/lib/emulator/libemu.a(nes.o)
 .data          0x00000000000530c4        0x0 ../../app/lib/emulator/libemu.a(cpu.o)
 .data          0x00000000000530c4        0x0 ../../app/lib/emulator/libemu.a(ppu.o)
 .data          0x00000000000530c4        0x0 ../../app/lib/emulator/libemu.a(cpu_addressing.o)
 .data          0x00000000000530c4        0x0 ../../app/lib/emulator/libemu.a(rom.o)
 .data          0x00000000000530c4        0x0 ../../lib/libcircle.a(actled.o)
 .data          0x00000000000530c4        0x0 ../../lib/libcircle.a(bcmpropertytags.o)
 .data          0x00000000000530c4        0x0 ../../lib/libcircle.a(gpiopin.o)
 .data          0x00000000000530c4        0x0 ../../lib/libcircle.a(memory.o)
 .data          0x00000000000530c4        0x0 ../../lib/libcircle.a(new.o)
 .data          0x00000000000530c4        0x0 ../../lib/libcircle.a(synchronize.o)
 .data          0x00000000000530c4        0x0 ../../lib/libcircle.a(sysinit.o)
 .data          0x00000000000530c4       0x30 ../../lib/libcircle.a(timer.o)
                0x00000000000530c4                CTimer::s_pMonthName
 .data          0x00000000000530f4        0x0 ../../lib/libcircle.a(util_fast.o)
 .data          0x00000000000530f4        0x0 ../../lib/libcircle.a(koptions.o)
 .data          0x00000000000530f4        0x0 ../../lib/libcircle.a(pagetable.o)
 .data          0x00000000000530f4        0x0 ../../lib/libcircle.a(screen.o)
 .data          0x00000000000530f4        0x0 ../../lib/libcircle.a(assert.o)
 .data          0x00000000000530f4        0x0 ../../lib/libcircle.a(chargenerator.o)
 .data          0x00000000000530f4        0x0 ../../lib/libcircle.a(debug.o)
 .data          0x00000000000530f4        0x0 ../../lib/libcircle.a(devicenameservice.o)
 .data          0x00000000000530f4        0x0 ../../lib/libcircle.a(logger.o)
 .data          0x00000000000530f4        0x0 ../../lib/libcircle.a(serial.o)
 .data          0x00000000000530f4        0x0 ../../lib/libcircle.a(string.o)
 .data          0x00000000000530f4        0x0 ../../lib/libcircle.a(delayloop.o)
 .data          0x00000000000530f4       0x10 ../../lib/libcircle.a(exceptionhandler.o)
                0x00000000000530f4                CExceptionHandler::s_pExceptionName
 .data          0x0000000000053104        0x0 ../../lib/libcircle.a(exceptionstub.o)
 .data          0x0000000000053104        0x0 ../../lib/libcircle.a(interrupt.o)
 .data          0x0000000000053104        0x0 ../../lib/libcircle.a(gpiomanager.o)
 .data          0x0000000000053104        0x0 ../../lib/libcircle.a(virtualgpiopin.o)
 .data          0x0000000000053104        0x0 ../../lib/libcircle.a(machineinfo.o)
 .data          0x0000000000053104        0x0 ../../lib/libcircle.a(cache-v7.o)
 .data          0x0000000000053104        0x0 ../../lib/libcircle.a(ptrlist.o)
 .data          0x0000000000053104       0x38 ../../lib/libcircle.a(alloc.o)
 .data          0x000000000005313c        0x0 ../../lib/libcircle.a(bcmmailbox.o)
 .data          0x000000000005313c        0x0 ../../lib/libcircle.a(util.o)
 .data          0x000000000005313c       0x70 ../../lib/libcircle.a(bcmframebuffer.o)
 .data          0x00000000000531ac        0x0 ../../lib/libcircle.a(device.o)
                0x00000000000531ac                __bss_start = .

.igot.plt       0x00000000000531ac        0x0
 .igot.plt      0x00000000000531ac        0x0 ../../lib/startup.o

.bss            0x00000000000531ac       0x54
 *(.bss*)
 .bss           0x00000000000531ac        0x0 ../../lib/startup.o
 .bss           0x00000000000531ac        0x0 main.o
 .bss           0x00000000000531ac        0x0 kernel.o
 .bss           0x00000000000531ac        0x0 ../../app/lib/emulator/libemu.a(nes.o)
 .bss           0x00000000000531ac        0x0 ../../app/lib/emulator/libemu.a(cpu.o)
 .bss           0x00000000000531ac        0x0 ../../app/lib/emulator/libemu.a(ppu.o)
 .bss           0x00000000000531ac        0x0 ../../app/lib/emulator/libemu.a(cpu_addressing.o)
 .bss           0x00000000000531ac        0x0 ../../app/lib/emulator/libemu.a(rom.o)
 .bss           0x00000000000531ac        0x4 ../../lib/libcircle.a(actled.o)
                0x00000000000531ac                CActLED::s_pThis
 .bss           0x00000000000531b0        0x0 ../../lib/libcircle.a(bcmpropertytags.o)
 .bss           0x00000000000531b0        0x4 ../../lib/libcircle.a(gpiopin.o)
                0x00000000000531b0                CGPIOPin::s_SpinLock
 .bss           0x00000000000531b4        0x0 ../../lib/libcircle.a(memory.o)
 .bss           0x00000000000531b4        0x0 ../../lib/libcircle.a(new.o)
 .bss           0x00000000000531b4        0x8 ../../lib/libcircle.a(synchronize.o)
 .bss           0x00000000000531bc        0x4 ../../lib/libcircle.a(sysinit.o)
                0x00000000000531bc                __dso_handle
 .bss           0x00000000000531c0        0x4 ../../lib/libcircle.a(timer.o)
                0x00000000000531c0                CTimer::s_pThis
 .bss           0x00000000000531c4        0x0 ../../lib/libcircle.a(util_fast.o)
 .bss           0x00000000000531c4        0x4 ../../lib/libcircle.a(koptions.o)
                0x00000000000531c4                CKernelOptions::s_pThis
 .bss           0x00000000000531c8        0x0 ../../lib/libcircle.a(pagetable.o)
 .bss           0x00000000000531c8        0x0 ../../lib/libcircle.a(screen.o)
 .bss           0x00000000000531c8        0x0 ../../lib/libcircle.a(assert.o)
 .bss           0x00000000000531c8        0x0 ../../lib/libcircle.a(chargenerator.o)
 .bss           0x00000000000531c8        0x0 ../../lib/libcircle.a(debug.o)
 .bss           0x00000000000531c8        0x4 ../../lib/libcircle.a(devicenameservice.o)
                0x00000000000531c8                CDeviceNameService::s_This
 .bss           0x00000000000531cc        0x4 ../../lib/libcircle.a(logger.o)
                0x00000000000531cc                CLogger::s_pThis
 .bss           0x00000000000531d0        0x0 ../../lib/libcircle.a(serial.o)
 .bss           0x00000000000531d0        0x0 ../../lib/libcircle.a(string.o)
 .bss           0x00000000000531d0        0x0 ../../lib/libcircle.a(delayloop.o)
 .bss           0x00000000000531d0        0x4 ../../lib/libcircle.a(exceptionhandler.o)
                0x00000000000531d0                CExceptionHandler::s_pThis
 .bss           0x00000000000531d4        0x0 ../../lib/libcircle.a(exceptionstub.o)
 .bss           0x00000000000531d4        0x4 ../../lib/libcircle.a(interrupt.o)
                0x00000000000531d4                CInterruptSystem::s_pThis
 .bss           0x00000000000531d8        0x0 ../../lib/libcircle.a(gpiomanager.o)
 .bss           0x00000000000531d8        0x8 ../../lib/libcircle.a(virtualgpiopin.o)
                0x00000000000531d8                CVirtualGPIOPin::s_SpinLock
                0x00000000000531dc                CVirtualGPIOPin::s_nGPIOBaseAddress
 .bss           0x00000000000531e0        0x4 ../../lib/libcircle.a(machineinfo.o)
                0x00000000000531e0                CMachineInfo::s_pThis
 .bss           0x00000000000531e4        0x0 ../../lib/libcircle.a(cache-v7.o)
 .bss           0x00000000000531e4        0x0 ../../lib/libcircle.a(ptrlist.o)
 .bss           0x00000000000531e4       0x1c ../../lib/libcircle.a(alloc.o)
 .bss           0x0000000000053200        0x0 ../../lib/libcircle.a(bcmmailbox.o)
 .bss           0x0000000000053200        0x0 ../../lib/libcircle.a(util.o)
 .bss           0x0000000000053200        0x0 ../../lib/libcircle.a(bcmframebuffer.o)
 .bss           0x0000000000053200        0x0 ../../lib/libcircle.a(device.o)
                0x0000000000053200                _end = .
LOAD ../../lib/startup.o
LOAD main.o
LOAD kernel.o
LOAD ../../app/lib/emulator/libemu.a
LOAD ../../lib/libcircle.a
OUTPUT(kernel7.elf elf32-littlearm)

.ARM.attributes
                0x0000000000000000       0x35
 .ARM.attributes
                0x0000000000000000       0x25 ../../lib/startup.o
 .ARM.attributes
                0x0000000000000025       0x39 main.o
 .ARM.attributes
                0x000000000000005e       0x39 kernel.o
 .ARM.attributes
                0x0000000000000097       0x39 ../../app/lib/emulator/libemu.a(nes.o)
 .ARM.attributes
                0x00000000000000d0       0x39 ../../app/lib/emulator/libemu.a(cpu.o)
 .ARM.attributes
                0x0000000000000109       0x39 ../../app/lib/emulator/libemu.a(ppu.o)
 .ARM.attributes
                0x0000000000000142       0x39 ../../app/lib/emulator/libemu.a(cpu_addressing.o)
 .ARM.attributes
                0x000000000000017b       0x39 ../../app/lib/emulator/libemu.a(rom.o)
 .ARM.attributes
                0x00000000000001b4       0x39 ../../lib/libcircle.a(actled.o)
 .ARM.attributes
                0x00000000000001ed       0x39 ../../lib/libcircle.a(bcmpropertytags.o)
 .ARM.attributes
                0x0000000000000226       0x39 ../../lib/libcircle.a(gpiopin.o)
 .ARM.attributes
                0x000000000000025f       0x39 ../../lib/libcircle.a(memory.o)
 .ARM.attributes
                0x0000000000000298       0x39 ../../lib/libcircle.a(new.o)
 .ARM.attributes
                0x00000000000002d1       0x39 ../../lib/libcircle.a(synchronize.o)
 .ARM.attributes
                0x000000000000030a       0x39 ../../lib/libcircle.a(sysinit.o)
 .ARM.attributes
                0x0000000000000343       0x39 ../../lib/libcircle.a(timer.o)
 .ARM.attributes
                0x000000000000037c       0x25 ../../lib/libcircle.a(util_fast.o)
 .ARM.attributes
                0x00000000000003a1       0x39 ../../lib/libcircle.a(koptions.o)
 .ARM.attributes
                0x00000000000003da       0x39 ../../lib/libcircle.a(pagetable.o)
 .ARM.attributes
                0x0000000000000413       0x39 ../../lib/libcircle.a(screen.o)
 .ARM.attributes
                0x000000000000044c       0x39 ../../lib/libcircle.a(assert.o)
 .ARM.attributes
                0x0000000000000485       0x39 ../../lib/libcircle.a(chargenerator.o)
 .ARM.attributes
                0x00000000000004be       0x39 ../../lib/libcircle.a(debug.o)
 .ARM.attributes
                0x00000000000004f7       0x39 ../../lib/libcircle.a(devicenameservice.o)
 .ARM.attributes
                0x0000000000000530       0x39 ../../lib/libcircle.a(logger.o)
 .ARM.attributes
                0x0000000000000569       0x39 ../../lib/libcircle.a(serial.o)
 .ARM.attributes
                0x00000000000005a2       0x39 ../../lib/libcircle.a(string.o)
 .ARM.attributes
                0x00000000000005db       0x25 ../../lib/libcircle.a(delayloop.o)
 .ARM.attributes
                0x0000000000000600       0x39 ../../lib/libcircle.a(exceptionhandler.o)
 .ARM.attributes
                0x0000000000000639       0x25 ../../lib/libcircle.a(exceptionstub.o)
 .ARM.attributes
                0x000000000000065e       0x39 ../../lib/libcircle.a(interrupt.o)
 .ARM.attributes
                0x0000000000000697       0x39 ../../lib/libcircle.a(gpiomanager.o)
 .ARM.attributes
                0x00000000000006d0       0x39 ../../lib/libcircle.a(virtualgpiopin.o)
 .ARM.attributes
                0x0000000000000709       0x39 ../../lib/libcircle.a(machineinfo.o)
 .ARM.attributes
                0x0000000000000742       0x25 ../../lib/libcircle.a(cache-v7.o)
 .ARM.attributes
                0x0000000000000767       0x39 ../../lib/libcircle.a(ptrlist.o)
 .ARM.attributes
                0x00000000000007a0       0x39 ../../lib/libcircle.a(alloc.o)
 .ARM.attributes
                0x00000000000007d9       0x39 ../../lib/libcircle.a(bcmmailbox.o)
 .ARM.attributes
                0x0000000000000812       0x39 ../../lib/libcircle.a(util.o)
 .ARM.attributes
                0x000000000000084b       0x39 ../../lib/libcircle.a(bcmframebuffer.o)
 .ARM.attributes
                0x0000000000000884       0x39 ../../lib/libcircle.a(device.o)

.comment        0x0000000000000000       0x8b
 .comment       0x0000000000000000       0x6e main.o
                                         0x6f (size before relaxing)
 .comment       0x000000000000006e       0x6f kernel.o
 .comment       0x000000000000006e       0x6f ../../app/lib/emulator/libemu.a(nes.o)
 .comment       0x000000000000006e       0x6f ../../app/lib/emulator/libemu.a(cpu.o)
 .comment       0x000000000000006e       0x6f ../../app/lib/emulator/libemu.a(ppu.o)
 .comment       0x000000000000006e       0x6f ../../app/lib/emulator/libemu.a(cpu_addressing.o)
 .comment       0x000000000000006e       0x6f ../../app/lib/emulator/libemu.a(rom.o)
 .comment       0x000000000000006e       0x1d ../../lib/libcircle.a(actled.o)
                                         0x1e (size before relaxing)
 .comment       0x000000000000008b       0x1e ../../lib/libcircle.a(bcmpropertytags.o)
 .comment       0x000000000000008b       0x1e ../../lib/libcircle.a(gpiopin.o)
 .comment       0x000000000000008b       0x1e ../../lib/libcircle.a(memory.o)
 .comment       0x000000000000008b       0x1e ../../lib/libcircle.a(new.o)
 .comment       0x000000000000008b       0x1e ../../lib/libcircle.a(synchronize.o)
 .comment       0x000000000000008b       0x1e ../../lib/libcircle.a(sysinit.o)
 .comment       0x000000000000008b       0x1e ../../lib/libcircle.a(timer.o)
 .comment       0x000000000000008b       0x1e ../../lib/libcircle.a(koptions.o)
 .comment       0x000000000000008b       0x1e ../../lib/libcircle.a(pagetable.o)
 .comment       0x000000000000008b       0x1e ../../lib/libcircle.a(screen.o)
 .comment       0x000000000000008b       0x1e ../../lib/libcircle.a(assert.o)
 .comment       0x000000000000008b       0x1e ../../lib/libcircle.a(chargenerator.o)
 .comment       0x000000000000008b       0x1e ../../lib/libcircle.a(debug.o)
 .comment       0x000000000000008b       0x1e ../../lib/libcircle.a(devicenameservice.o)
 .comment       0x000000000000008b       0x1e ../../lib/libcircle.a(logger.o)
 .comment       0x000000000000008b       0x1e ../../lib/libcircle.a(serial.o)
 .comment       0x000000000000008b       0x1e ../../lib/libcircle.a(string.o)
 .comment       0x000000000000008b       0x1e ../../lib/libcircle.a(exceptionhandler.o)
 .comment       0x000000000000008b       0x1e ../../lib/libcircle.a(interrupt.o)
 .comment       0x000000000000008b       0x1e ../../lib/libcircle.a(gpiomanager.o)
 .comment       0x000000000000008b       0x1e ../../lib/libcircle.a(virtualgpiopin.o)
 .comment       0x000000000000008b       0x1e ../../lib/libcircle.a(machineinfo.o)
 .comment       0x000000000000008b       0x1e ../../lib/libcircle.a(ptrlist.o)
 .comment       0x000000000000008b       0x1e ../../lib/libcircle.a(alloc.o)
 .comment       0x000000000000008b       0x1e ../../lib/libcircle.a(bcmmailbox.o)
 .comment       0x000000000000008b       0x1e ../../lib/libcircle.a(util.o)
 .comment       0x000000000000008b       0x1e ../../lib/libcircle.a(bcmframebuffer.o)
 .comment       0x000000000000008b       0x1e ../../lib/libcircle.a(device.o)

.debug_info     0x0000000000000000    0x234ea
 .debug_info    0x0000000000000000     0x2e60 main.o
 .debug_info    0x0000000000002e60     0x3186 kernel.o
 .debug_info    0x0000000000005fe6     0x1ac0 ../../app/lib/emulator/libemu.a(nes.o)
 .debug_info    0x0000000000007aa6     0x31fc ../../app/lib/emulator/libemu.a(cpu.o)
 .debug_info    0x000000000000aca2      0x596 ../../app/lib/emulator/libemu.a(ppu.o)
 .debug_info    0x000000000000b238     0x1aea ../../app/lib/emulator/libemu.a(cpu_addressing.o)
 .debug_info    0x000000000000cd22      0x3a4 ../../app/lib/emulator/libemu.a(rom.o)
 .debug_info    0x000000000000d0c6      0xf2c ../../lib/libcircle.a(actled.o)
 .debug_info    0x000000000000dff2      0x60a ../../lib/libcircle.a(bcmpropertytags.o)
 .debug_info    0x000000000000e5fc     0x2408 ../../lib/libcircle.a(gpiopin.o)
 .debug_info    0x0000000000010a04      0x969 ../../lib/libcircle.a(memory.o)
 .debug_info    0x000000000001136d      0x11f ../../lib/libcircle.a(new.o)
 .debug_info    0x000000000001148c      0x132 ../../lib/libcircle.a(synchronize.o)
 .debug_info    0x00000000000115be      0x5b4 ../../lib/libcircle.a(sysinit.o)
 .debug_info    0x0000000000011b72     0x1d66 ../../lib/libcircle.a(timer.o)
 .debug_info    0x00000000000138d8      0xd6d ../../lib/libcircle.a(koptions.o)
 .debug_info    0x0000000000014645      0x4b3 ../../lib/libcircle.a(pagetable.o)
 .debug_info    0x0000000000014af8     0x275a ../../lib/libcircle.a(screen.o)
 .debug_info    0x0000000000017252      0xb0c ../../lib/libcircle.a(assert.o)
 .debug_info    0x0000000000017d5e      0x389 ../../lib/libcircle.a(chargenerator.o)
 .debug_info    0x00000000000180e7      0xb69 ../../lib/libcircle.a(debug.o)
 .debug_info    0x0000000000018c50      0x705 ../../lib/libcircle.a(devicenameservice.o)
 .debug_info    0x0000000000019355     0x1517 ../../lib/libcircle.a(logger.o)
 .debug_info    0x000000000001a86c      0xe54 ../../lib/libcircle.a(serial.o)
 .debug_info    0x000000000001b6c0     0x187b ../../lib/libcircle.a(string.o)
 .debug_info    0x000000000001cf3b      0xf92 ../../lib/libcircle.a(exceptionhandler.o)
 .debug_info    0x000000000001decd      0x867 ../../lib/libcircle.a(interrupt.o)
 .debug_info    0x000000000001e734      0x8b7 ../../lib/libcircle.a(gpiomanager.o)
 .debug_info    0x000000000001efeb      0x8db ../../lib/libcircle.a(virtualgpiopin.o)
 .debug_info    0x000000000001f8c6      0xbbc ../../lib/libcircle.a(machineinfo.o)
 .debug_info    0x0000000000020482      0x76c ../../lib/libcircle.a(ptrlist.o)
 .debug_info    0x0000000000020bee      0x74a ../../lib/libcircle.a(alloc.o)
 .debug_info    0x0000000000021338      0xd86 ../../lib/libcircle.a(bcmmailbox.o)
 .debug_info    0x00000000000220be      0x459 ../../lib/libcircle.a(util.o)
 .debug_info    0x0000000000022517      0xcd7 ../../lib/libcircle.a(bcmframebuffer.o)
 .debug_info    0x00000000000231ee      0x2fc ../../lib/libcircle.a(device.o)

.debug_abbrev   0x0000000000000000     0x6f33
 .debug_abbrev  0x0000000000000000      0x496 main.o
 .debug_abbrev  0x0000000000000496      0x534 kernel.o
 .debug_abbrev  0x00000000000009ca      0x2e2 ../../app/lib/emulator/libemu.a(nes.o)
 .debug_abbrev  0x0000000000000cac      0x3ed ../../app/lib/emulator/libemu.a(cpu.o)
 .debug_abbrev  0x0000000000001099      0x1da ../../app/lib/emulator/libemu.a(ppu.o)
 .debug_abbrev  0x0000000000001273      0x31d ../../app/lib/emulator/libemu.a(cpu_addressing.o)
 .debug_abbrev  0x0000000000001590      0x1e1 ../../app/lib/emulator/libemu.a(rom.o)
 .debug_abbrev  0x0000000000001771      0x400 ../../lib/libcircle.a(actled.o)
 .debug_abbrev  0x0000000000001b71      0x214 ../../lib/libcircle.a(bcmpropertytags.o)
 .debug_abbrev  0x0000000000001d85      0x566 ../../lib/libcircle.a(gpiopin.o)
 .debug_abbrev  0x00000000000022eb      0x28a ../../lib/libcircle.a(memory.o)
 .debug_abbrev  0x0000000000002575       0xc7 ../../lib/libcircle.a(new.o)
 .debug_abbrev  0x000000000000263c       0xb4 ../../lib/libcircle.a(synchronize.o)
 .debug_abbrev  0x00000000000026f0      0x260 ../../lib/libcircle.a(sysinit.o)
 .debug_abbrev  0x0000000000002950      0x5a5 ../../lib/libcircle.a(timer.o)
 .debug_abbrev  0x0000000000002ef5      0x3af ../../lib/libcircle.a(koptions.o)
 .debug_abbrev  0x00000000000032a4      0x201 ../../lib/libcircle.a(pagetable.o)
 .debug_abbrev  0x00000000000034a5      0x4f7 ../../lib/libcircle.a(screen.o)
 .debug_abbrev  0x000000000000399c      0x2e8 ../../lib/libcircle.a(assert.o)
 .debug_abbrev  0x0000000000003c84      0x193 ../../lib/libcircle.a(chargenerator.o)
 .debug_abbrev  0x0000000000003e17      0x2f1 ../../lib/libcircle.a(debug.o)
 .debug_abbrev  0x0000000000004108      0x29d ../../lib/libcircle.a(devicenameservice.o)
 .debug_abbrev  0x00000000000043a5      0x427 ../../lib/libcircle.a(logger.o)
 .debug_abbrev  0x00000000000047cc      0x333 ../../lib/libcircle.a(serial.o)
 .debug_abbrev  0x0000000000004aff      0x42e ../../lib/libcircle.a(string.o)
 .debug_abbrev  0x0000000000004f2d      0x3f7 ../../lib/libcircle.a(exceptionhandler.o)
 .debug_abbrev  0x0000000000005324      0x351 ../../lib/libcircle.a(interrupt.o)
 .debug_abbrev  0x0000000000005675      0x31e ../../lib/libcircle.a(gpiomanager.o)
 .debug_abbrev  0x0000000000005993      0x3d1 ../../lib/libcircle.a(virtualgpiopin.o)
 .debug_abbrev  0x0000000000005d64      0x33d ../../lib/libcircle.a(machineinfo.o)
 .debug_abbrev  0x00000000000060a1      0x1ad ../../lib/libcircle.a(ptrlist.o)
 .debug_abbrev  0x000000000000624e      0x299 ../../lib/libcircle.a(alloc.o)
 .debug_abbrev  0x00000000000064e7      0x3ac ../../lib/libcircle.a(bcmmailbox.o)
 .debug_abbrev  0x0000000000006893      0x17c ../../lib/libcircle.a(util.o)
 .debug_abbrev  0x0000000000006a0f      0x351 ../../lib/libcircle.a(bcmframebuffer.o)
 .debug_abbrev  0x0000000000006d60      0x1d3 ../../lib/libcircle.a(device.o)

.debug_loc      0x0000000000000000     0xa904
 .debug_loc     0x0000000000000000       0x1e main.o
 .debug_loc     0x000000000000001e      0x12a kernel.o
 .debug_loc     0x0000000000000148       0x3c ../../app/lib/emulator/libemu.a(nes.o)
 .debug_loc     0x0000000000000184      0xef3 ../../app/lib/emulator/libemu.a(cpu.o)
 .debug_loc     0x0000000000001077       0x42 ../../app/lib/emulator/libemu.a(ppu.o)
 .debug_loc     0x00000000000010b9      0x405 ../../app/lib/emulator/libemu.a(cpu_addressing.o)
 .debug_loc     0x00000000000014be       0xe5 ../../app/lib/emulator/libemu.a(rom.o)
 .debug_loc     0x00000000000015a3      0x2cd ../../lib/libcircle.a(actled.o)
 .debug_loc     0x0000000000001870      0x214 ../../lib/libcircle.a(bcmpropertytags.o)
 .debug_loc     0x0000000000001a84     0x10db ../../lib/libcircle.a(gpiopin.o)
 .debug_loc     0x0000000000002b5f      0x125 ../../lib/libcircle.a(memory.o)
 .debug_loc     0x0000000000002c84       0x42 ../../lib/libcircle.a(new.o)
 .debug_loc     0x0000000000002cc6       0x13 ../../lib/libcircle.a(synchronize.o)
 .debug_loc     0x0000000000002cd9      0x102 ../../lib/libcircle.a(sysinit.o)
 .debug_loc     0x0000000000002ddb      0xfdb ../../lib/libcircle.a(timer.o)
 .debug_loc     0x0000000000003db6      0x3ab ../../lib/libcircle.a(koptions.o)
 .debug_loc     0x0000000000004161      0x166 ../../lib/libcircle.a(pagetable.o)
 .debug_loc     0x00000000000042c7     0x1651 ../../lib/libcircle.a(screen.o)
 .debug_loc     0x0000000000005918       0x5a ../../lib/libcircle.a(assert.o)
 .debug_loc     0x0000000000005972      0x1b4 ../../lib/libcircle.a(chargenerator.o)
 .debug_loc     0x0000000000005b26      0x142 ../../lib/libcircle.a(debug.o)
 .debug_loc     0x0000000000005c68      0x33d ../../lib/libcircle.a(devicenameservice.o)
 .debug_loc     0x0000000000005fa5      0x4b3 ../../lib/libcircle.a(logger.o)
 .debug_loc     0x0000000000006458      0x5c6 ../../lib/libcircle.a(serial.o)
 .debug_loc     0x0000000000006a1e     0x176d ../../lib/libcircle.a(string.o)
 .debug_loc     0x000000000000818b      0x283 ../../lib/libcircle.a(exceptionhandler.o)
 .debug_loc     0x000000000000840e      0x454 ../../lib/libcircle.a(interrupt.o)
 .debug_loc     0x0000000000008862      0x3a6 ../../lib/libcircle.a(gpiomanager.o)
 .debug_loc     0x0000000000008c08      0x363 ../../lib/libcircle.a(virtualgpiopin.o)
 .debug_loc     0x0000000000008f6b      0x302 ../../lib/libcircle.a(machineinfo.o)
 .debug_loc     0x000000000000926d      0x352 ../../lib/libcircle.a(ptrlist.o)
 .debug_loc     0x00000000000095bf      0x4eb ../../lib/libcircle.a(alloc.o)
 .debug_loc     0x0000000000009aaa      0x27b ../../lib/libcircle.a(bcmmailbox.o)
 .debug_loc     0x0000000000009d25      0x81c ../../lib/libcircle.a(util.o)
 .debug_loc     0x000000000000a541      0x363 ../../lib/libcircle.a(bcmframebuffer.o)
 .debug_loc     0x000000000000a8a4       0x60 ../../lib/libcircle.a(device.o)

.debug_aranges  0x0000000000000000      0x498
 .debug_aranges
                0x0000000000000000       0x20 main.o
 .debug_aranges
                0x0000000000000020       0x20 kernel.o
 .debug_aranges
                0x0000000000000040       0x20 ../../app/lib/emulator/libemu.a(nes.o)
 .debug_aranges
                0x0000000000000060       0x20 ../../app/lib/emulator/libemu.a(cpu.o)
 .debug_aranges
                0x0000000000000080       0x20 ../../app/lib/emulator/libemu.a(ppu.o)
 .debug_aranges
                0x00000000000000a0       0x20 ../../app/lib/emulator/libemu.a(cpu_addressing.o)
 .debug_aranges
                0x00000000000000c0       0x20 ../../app/lib/emulator/libemu.a(rom.o)
 .debug_aranges
                0x00000000000000e0       0x20 ../../lib/libcircle.a(actled.o)
 .debug_aranges
                0x0000000000000100       0x20 ../../lib/libcircle.a(bcmpropertytags.o)
 .debug_aranges
                0x0000000000000120       0x28 ../../lib/libcircle.a(gpiopin.o)
 .debug_aranges
                0x0000000000000148       0x20 ../../lib/libcircle.a(memory.o)
 .debug_aranges
                0x0000000000000168       0x20 ../../lib/libcircle.a(new.o)
 .debug_aranges
                0x0000000000000188       0x20 ../../lib/libcircle.a(synchronize.o)
 .debug_aranges
                0x00000000000001a8       0x20 ../../lib/libcircle.a(sysinit.o)
 .debug_aranges
                0x00000000000001c8       0x20 ../../lib/libcircle.a(timer.o)
 .debug_aranges
                0x00000000000001e8       0x20 ../../lib/libcircle.a(koptions.o)
 .debug_aranges
                0x0000000000000208       0x20 ../../lib/libcircle.a(pagetable.o)
 .debug_aranges
                0x0000000000000228       0x20 ../../lib/libcircle.a(screen.o)
 .debug_aranges
                0x0000000000000248       0x20 ../../lib/libcircle.a(assert.o)
 .debug_aranges
                0x0000000000000268       0x20 ../../lib/libcircle.a(chargenerator.o)
 .debug_aranges
                0x0000000000000288       0x20 ../../lib/libcircle.a(debug.o)
 .debug_aranges
                0x00000000000002a8       0x20 ../../lib/libcircle.a(devicenameservice.o)
 .debug_aranges
                0x00000000000002c8       0x20 ../../lib/libcircle.a(logger.o)
 .debug_aranges
                0x00000000000002e8       0x20 ../../lib/libcircle.a(serial.o)
 .debug_aranges
                0x0000000000000308       0x20 ../../lib/libcircle.a(string.o)
 .debug_aranges
                0x0000000000000328       0x20 ../../lib/libcircle.a(exceptionhandler.o)
 .debug_aranges
                0x0000000000000348       0x20 ../../lib/libcircle.a(interrupt.o)
 .debug_aranges
                0x0000000000000368       0x20 ../../lib/libcircle.a(gpiomanager.o)
 .debug_aranges
                0x0000000000000388       0x28 ../../lib/libcircle.a(virtualgpiopin.o)
 .debug_aranges
                0x00000000000003b0       0x20 ../../lib/libcircle.a(machineinfo.o)
 .debug_aranges
                0x00000000000003d0       0x20 ../../lib/libcircle.a(ptrlist.o)
 .debug_aranges
                0x00000000000003f0       0x28 ../../lib/libcircle.a(alloc.o)
 .debug_aranges
                0x0000000000000418       0x20 ../../lib/libcircle.a(bcmmailbox.o)
 .debug_aranges
                0x0000000000000438       0x20 ../../lib/libcircle.a(util.o)
 .debug_aranges
                0x0000000000000458       0x20 ../../lib/libcircle.a(bcmframebuffer.o)
 .debug_aranges
                0x0000000000000478       0x20 ../../lib/libcircle.a(device.o)

.debug_ranges   0x0000000000000000     0x1750
 .debug_ranges  0x0000000000000000       0x10 main.o
 .debug_ranges  0x0000000000000010      0x3c0 ../../app/lib/emulator/libemu.a(cpu.o)
 .debug_ranges  0x00000000000003d0       0x40 ../../lib/libcircle.a(actled.o)
 .debug_ranges  0x0000000000000410      0x250 ../../lib/libcircle.a(gpiopin.o)
 .debug_ranges  0x0000000000000660       0x20 ../../lib/libcircle.a(memory.o)
 .debug_ranges  0x0000000000000680       0x60 ../../lib/libcircle.a(sysinit.o)
 .debug_ranges  0x00000000000006e0      0x338 ../../lib/libcircle.a(timer.o)
 .debug_ranges  0x0000000000000a18       0xd8 ../../lib/libcircle.a(koptions.o)
 .debug_ranges  0x0000000000000af0       0x58 ../../lib/libcircle.a(pagetable.o)
 .debug_ranges  0x0000000000000b48      0x2f8 ../../lib/libcircle.a(screen.o)
 .debug_ranges  0x0000000000000e40       0x38 ../../lib/libcircle.a(debug.o)
 .debug_ranges  0x0000000000000e78       0xa0 ../../lib/libcircle.a(devicenameservice.o)
 .debug_ranges  0x0000000000000f18       0x88 ../../lib/libcircle.a(logger.o)
 .debug_ranges  0x0000000000000fa0      0x110 ../../lib/libcircle.a(serial.o)
 .debug_ranges  0x00000000000010b0      0x218 ../../lib/libcircle.a(string.o)
 .debug_ranges  0x00000000000012c8       0x38 ../../lib/libcircle.a(exceptionhandler.o)
 .debug_ranges  0x0000000000001300       0x60 ../../lib/libcircle.a(interrupt.o)
 .debug_ranges  0x0000000000001360       0x90 ../../lib/libcircle.a(gpiomanager.o)
 .debug_ranges  0x00000000000013f0       0x98 ../../lib/libcircle.a(virtualgpiopin.o)
 .debug_ranges  0x0000000000001488       0x68 ../../lib/libcircle.a(machineinfo.o)
 .debug_ranges  0x00000000000014f0      0x128 ../../lib/libcircle.a(alloc.o)
 .debug_ranges  0x0000000000001618       0xb8 ../../lib/libcircle.a(bcmmailbox.o)
 .debug_ranges  0x00000000000016d0       0x20 ../../lib/libcircle.a(util.o)
 .debug_ranges  0x00000000000016f0       0x60 ../../lib/libcircle.a(bcmframebuffer.o)

.debug_line     0x0000000000000000     0x3dfb
 .debug_line    0x0000000000000000      0x1c3 main.o
 .debug_line    0x00000000000001c3      0x1e5 kernel.o
 .debug_line    0x00000000000003a8       0x9a ../../app/lib/emulator/libemu.a(nes.o)
 .debug_line    0x0000000000000442      0x30f ../../app/lib/emulator/libemu.a(cpu.o)
 .debug_line    0x0000000000000751       0x49 ../../app/lib/emulator/libemu.a(ppu.o)
 .debug_line    0x000000000000079a       0xb9 ../../app/lib/emulator/libemu.a(cpu_addressing.o)
 .debug_line    0x0000000000000853       0x56 ../../app/lib/emulator/libemu.a(rom.o)
 .debug_line    0x00000000000008a9      0x14d ../../lib/libcircle.a(actled.o)
 .debug_line    0x00000000000009f6      0x10b ../../lib/libcircle.a(bcmpropertytags.o)
 .debug_line    0x0000000000000b01      0x627 ../../lib/libcircle.a(gpiopin.o)
 .debug_line    0x0000000000001128      0x168 ../../lib/libcircle.a(memory.o)
 .debug_line    0x0000000000001290       0x59 ../../lib/libcircle.a(new.o)
 .debug_line    0x00000000000012e9       0x9f ../../lib/libcircle.a(synchronize.o)
 .debug_line    0x0000000000001388       0xe9 ../../lib/libcircle.a(sysinit.o)
 .debug_line    0x0000000000001471      0x4f0 ../../lib/libcircle.a(timer.o)
 .debug_line    0x0000000000001961      0x1c7 ../../lib/libcircle.a(koptions.o)
 .debug_line    0x0000000000001b28      0x167 ../../lib/libcircle.a(pagetable.o)
 .debug_line    0x0000000000001c8f      0x4f7 ../../lib/libcircle.a(screen.o)
 .debug_line    0x0000000000002186       0xd6 ../../lib/libcircle.a(assert.o)
 .debug_line    0x000000000000225c       0xb8 ../../lib/libcircle.a(chargenerator.o)
 .debug_line    0x0000000000002314       0xf5 ../../lib/libcircle.a(debug.o)
 .debug_line    0x0000000000002409      0x1bd ../../lib/libcircle.a(devicenameservice.o)
 .debug_line    0x00000000000025c6      0x21d ../../lib/libcircle.a(logger.o)
 .debug_line    0x00000000000027e3      0x1e4 ../../lib/libcircle.a(serial.o)
 .debug_line    0x00000000000029c7      0x3a9 ../../lib/libcircle.a(string.o)
 .debug_line    0x0000000000002d70      0x188 ../../lib/libcircle.a(exceptionhandler.o)
 .debug_line    0x0000000000002ef8      0x1eb ../../lib/libcircle.a(interrupt.o)
 .debug_line    0x00000000000030e3      0x196 ../../lib/libcircle.a(gpiomanager.o)
 .debug_line    0x0000000000003279      0x15c ../../lib/libcircle.a(virtualgpiopin.o)
 .debug_line    0x00000000000033d5      0x1b3 ../../lib/libcircle.a(machineinfo.o)
 .debug_line    0x0000000000003588      0x175 ../../lib/libcircle.a(ptrlist.o)
 .debug_line    0x00000000000036fd      0x222 ../../lib/libcircle.a(alloc.o)
 .debug_line    0x000000000000391f      0x1b3 ../../lib/libcircle.a(bcmmailbox.o)
 .debug_line    0x0000000000003ad2      0x14d ../../lib/libcircle.a(util.o)
 .debug_line    0x0000000000003c1f      0x175 ../../lib/libcircle.a(bcmframebuffer.o)
 .debug_line    0x0000000000003d94       0x67 ../../lib/libcircle.a(device.o)

.debug_str      0x0000000000000000     0x5b23
 .debug_str     0x0000000000000000     0x285b main.o
                                       0x29e3 (size before relaxing)
 .debug_str     0x000000000000285b       0x87 kernel.o
                                       0x2a44 (size before relaxing)
 .debug_str     0x00000000000028e2      0x15b ../../app/lib/emulator/libemu.a(nes.o)
                                       0x15c7 (size before relaxing)
 .debug_str     0x0000000000002a3d       0xe9 ../../app/lib/emulator/libemu.a(cpu.o)
                                       0x1507 (size before relaxing)
 .debug_str     0x0000000000002b26       0x19 ../../app/lib/emulator/libemu.a(ppu.o)
                                        0x458 (size before relaxing)
 .debug_str     0x0000000000002b3f       0x34 ../../app/lib/emulator/libemu.a(cpu_addressing.o)
                                       0x1448 (size before relaxing)
 .debug_str     0x0000000000002b73        0x8 ../../app/lib/emulator/libemu.a(rom.o)
                                        0x2bb (size before relaxing)
 .debug_str     0x0000000000002b7b      0x2f4 ../../lib/libcircle.a(actled.o)
                                        0xd4a (size before relaxing)
 .debug_str     0x0000000000002e6f       0xbd ../../lib/libcircle.a(bcmpropertytags.o)
                                        0x451 (size before relaxing)
 .debug_str     0x0000000000002f2c      0xc03 ../../lib/libcircle.a(gpiopin.o)
                                       0x16db (size before relaxing)
 .debug_str     0x0000000000003b2f       0x8b ../../lib/libcircle.a(memory.o)
                                        0x704 (size before relaxing)
 .debug_str     0x0000000000003bba       0x46 ../../lib/libcircle.a(new.o)
                                        0x14a (size before relaxing)
 .debug_str     0x0000000000003c00       0x62 ../../lib/libcircle.a(synchronize.o)
                                        0x1c2 (size before relaxing)
 .debug_str     0x0000000000003c62       0x95 ../../lib/libcircle.a(sysinit.o)
                                        0x68a (size before relaxing)
 .debug_str     0x0000000000003cf7      0x1ac ../../lib/libcircle.a(timer.o)
                                        0xe4d (size before relaxing)
 .debug_str     0x0000000000003ea3       0x99 ../../lib/libcircle.a(koptions.o)
                                        0x779 (size before relaxing)
 .debug_str     0x0000000000003f3c       0x6c ../../lib/libcircle.a(pagetable.o)
                                        0x2ec (size before relaxing)
 .debug_str     0x0000000000003fa8      0xcce ../../lib/libcircle.a(screen.o)
                                       0x11ed (size before relaxing)
 .debug_str     0x0000000000004c76       0x7d ../../lib/libcircle.a(assert.o)
                                        0xc27 (size before relaxing)
 .debug_str     0x0000000000004cf3       0x6d ../../lib/libcircle.a(chargenerator.o)
                                        0x307 (size before relaxing)
 .debug_str     0x0000000000004d60       0x63 ../../lib/libcircle.a(debug.o)
                                        0xc09 (size before relaxing)
 .debug_str     0x0000000000004dc3       0x83 ../../lib/libcircle.a(devicenameservice.o)
                                        0x41e (size before relaxing)
 .debug_str     0x0000000000004e46       0xd2 ../../lib/libcircle.a(logger.o)
                                       0x11d1 (size before relaxing)
 .debug_str     0x0000000000004f18      0x144 ../../lib/libcircle.a(serial.o)
                                        0xa91 (size before relaxing)
 .debug_str     0x000000000000505c      0x286 ../../lib/libcircle.a(string.o)
                                        0x591 (size before relaxing)
 .debug_str     0x00000000000052e2      0x105 ../../lib/libcircle.a(exceptionhandler.o)
                                        0xdf2 (size before relaxing)
 .debug_str     0x00000000000053e7       0x6f ../../lib/libcircle.a(interrupt.o)
                                        0x48d (size before relaxing)
 .debug_str     0x0000000000005456       0x5b ../../lib/libcircle.a(gpiomanager.o)
                                        0x5ee (size before relaxing)
 .debug_str     0x00000000000054b1      0x17e ../../lib/libcircle.a(virtualgpiopin.o)
                                        0x657 (size before relaxing)
 .debug_str     0x000000000000562f       0xaf ../../lib/libcircle.a(machineinfo.o)
                                        0x924 (size before relaxing)
 .debug_str     0x00000000000056de       0x48 ../../lib/libcircle.a(ptrlist.o)
                                        0x304 (size before relaxing)
 .debug_str     0x0000000000005726      0x12a ../../lib/libcircle.a(alloc.o)
                                        0x3bf (size before relaxing)
 .debug_str     0x0000000000005850       0x3f ../../lib/libcircle.a(bcmmailbox.o)
                                        0xb76 (size before relaxing)
 .debug_str     0x000000000000588f       0xa1 ../../lib/libcircle.a(util.o)
                                        0x265 (size before relaxing)
 .debug_str     0x0000000000005930      0x120 ../../lib/libcircle.a(bcmframebuffer.o)
                                        0x8ba (size before relaxing)
 .debug_str     0x0000000000005a50       0xd3 ../../lib/libcircle.a(device.o)
                                        0x211 (size before relaxing)

.debug_frame    0x0000000000000000     0x29c4
 .debug_frame   0x0000000000000000       0x34 main.o
 .debug_frame   0x0000000000000034       0x84 kernel.o
 .debug_frame   0x00000000000000b8       0x2c ../../app/lib/emulator/libemu.a(nes.o)
 .debug_frame   0x00000000000000e4      0xa54 ../../app/lib/emulator/libemu.a(cpu.o)
 .debug_frame   0x0000000000000b38       0x28 ../../app/lib/emulator/libemu.a(ppu.o)
 .debug_frame   0x0000000000000b60       0xb0 ../../app/lib/emulator/libemu.a(cpu_addressing.o)
 .debug_frame   0x0000000000000c10       0x60 ../../app/lib/emulator/libemu.a(rom.o)
 .debug_frame   0x0000000000000c70       0x98 ../../lib/libcircle.a(actled.o)
 .debug_frame   0x0000000000000d08       0x84 ../../lib/libcircle.a(bcmpropertytags.o)
 .debug_frame   0x0000000000000d8c      0x2b4 ../../lib/libcircle.a(gpiopin.o)
 .debug_frame   0x0000000000001040       0x78 ../../lib/libcircle.a(memory.o)
 .debug_frame   0x00000000000010b8       0x50 ../../lib/libcircle.a(new.o)
 .debug_frame   0x0000000000001108       0x50 ../../lib/libcircle.a(synchronize.o)
 .debug_frame   0x0000000000001158       0x5c ../../lib/libcircle.a(sysinit.o)
 .debug_frame   0x00000000000011b4      0x288 ../../lib/libcircle.a(timer.o)
 .debug_frame   0x000000000000143c      0x120 ../../lib/libcircle.a(koptions.o)
 .debug_frame   0x000000000000155c       0x74 ../../lib/libcircle.a(pagetable.o)
 .debug_frame   0x00000000000015d0      0x4a4 ../../lib/libcircle.a(screen.o)
 .debug_frame   0x0000000000001a74       0x34 ../../lib/libcircle.a(assert.o)
 .debug_frame   0x0000000000001aa8       0x7c ../../lib/libcircle.a(chargenerator.o)
 .debug_frame   0x0000000000001b24       0x6c ../../lib/libcircle.a(debug.o)
 .debug_frame   0x0000000000001b90       0xb0 ../../lib/libcircle.a(devicenameservice.o)
 .debug_frame   0x0000000000001c40      0x108 ../../lib/libcircle.a(logger.o)
 .debug_frame   0x0000000000001d48       0xa4 ../../lib/libcircle.a(serial.o)
 .debug_frame   0x0000000000001dec      0x21c ../../lib/libcircle.a(string.o)
 .debug_frame   0x0000000000002008       0xcc ../../lib/libcircle.a(exceptionhandler.o)
 .debug_frame   0x00000000000020d4      0x12c ../../lib/libcircle.a(interrupt.o)
 .debug_frame   0x0000000000002200       0xd8 ../../lib/libcircle.a(gpiomanager.o)
 .debug_frame   0x00000000000022d8       0xb8 ../../lib/libcircle.a(virtualgpiopin.o)
 .debug_frame   0x0000000000002390      0x134 ../../lib/libcircle.a(machineinfo.o)
 .debug_frame   0x00000000000024c4      0x100 ../../lib/libcircle.a(ptrlist.o)
 .debug_frame   0x00000000000025c4       0xc4 ../../lib/libcircle.a(alloc.o)
 .debug_frame   0x0000000000002688       0x90 ../../lib/libcircle.a(bcmmailbox.o)
 .debug_frame   0x0000000000002718       0xdc ../../lib/libcircle.a(util.o)
 .debug_frame   0x00000000000027f4      0x168 ../../lib/libcircle.a(bcmframebuffer.o)
 .debug_frame   0x000000000000295c       0x68 ../../lib/libcircle.a(device.o)
