Archive member included to satisfy reference by file (symbol)

../../app/lib/emulator/libemu.a(nes.o)
                              kernel.o (Nes::Nes())
../../app/lib/emulator/libemu.a(cpu.o)
                              ../../app/lib/emulator/libemu.a(nes.o) (Cpu::Cpu(Rom const*))
../../app/lib/emulator/libemu.a(ppu.o)
                              ../../app/lib/emulator/libemu.a(nes.o) (Ppu::Ppu(Rom const*))
../../app/lib/emulator/libemu.a(cpu_addressing.o)
                              ../../app/lib/emulator/libemu.a(cpu.o) (Cpu::Immediate(unsigned char) const)
../../app/lib/emulator/libemu.a(rom.o)
                              ../../app/lib/emulator/libemu.a(cpu.o) (Rom::GetHeader() const)
../../lib/libcircle.a(actled.o)
                              kernel.o (CActLED::~CActLED())
../../lib/libcircle.a(bcmpropertytags.o)
                              ../../lib/libcircle.a(actled.o) (CBcmPropertyTags::CBcmPropertyTags())
../../lib/libcircle.a(gpiopin.o)
                              ../../lib/libcircle.a(actled.o) (CGPIOPin::Write(unsigned int))
../../lib/libcircle.a(memory.o)
                              kernel.o (CMemorySystem::~CMemorySystem())
../../lib/libcircle.a(new.o)  ../../app/lib/emulator/libemu.a(nes.o) (operator new(unsigned int))
../../lib/libcircle.a(synchronize.o)
                              ../../lib/libcircle.a(gpiopin.o) (EnterCritical)
../../lib/libcircle.a(sysinit.o)
                              main.o (halt)
../../lib/libcircle.a(timer.o)
                              kernel.o (CTimer::CTimer(CInterruptSystem*))
../../lib/libcircle.a(util_fast.o)
                              ../../app/lib/emulator/libemu.a(nes.o) (memcpy)
../../lib/libcircle.a(koptions.o)
                              kernel.o (CKernelOptions::~CKernelOptions())
../../lib/libcircle.a(pagetable.o)
                              ../../lib/libcircle.a(memory.o) (CPageTable::CPageTable())
../../lib/libcircle.a(screen.o)
                              kernel.o (CScreenDevice::~CScreenDevice())
../../lib/libcircle.a(assert.o)
                              ../../lib/libcircle.a(bcmpropertytags.o) (assertion_failed)
../../lib/libcircle.a(chargenerator.o)
                              ../../lib/libcircle.a(screen.o) (CCharGenerator::CCharGenerator())
../../lib/libcircle.a(debug.o)
                              ../../lib/libcircle.a(assert.o) (debug_stacktrace(unsigned int const*, char const*))
../../lib/libcircle.a(devicenameservice.o)
                              kernel.o (CDeviceNameService::CDeviceNameService())
../../lib/libcircle.a(logger.o)
                              kernel.o (CLogger::CLogger(unsigned int, CTimer*))
../../lib/libcircle.a(serial.o)
                              kernel.o (CSerialDevice::CSerialDevice())
../../lib/libcircle.a(string.o)
                              ../../lib/libcircle.a(assert.o) (CString::~CString())
../../lib/libcircle.a(delayloop.o)
                              ../../lib/libcircle.a(timer.o) (DelayLoop)
../../lib/libcircle.a(exceptionhandler.o)
                              kernel.o (CExceptionHandler::CExceptionHandler())
../../lib/libcircle.a(exceptionstub.o)
                              ../../lib/libcircle.a(exceptionhandler.o) (UndefinedInstructionStub)
../../lib/libcircle.a(interrupt.o)
                              kernel.o (CInterruptSystem::CInterruptSystem())
../../lib/libcircle.a(gpiomanager.o)
                              ../../lib/libcircle.a(gpiopin.o) (CGPIOManager::ConnectInterrupt(CGPIOPin*))
../../lib/libcircle.a(virtualgpiopin.o)
                              ../../lib/libcircle.a(actled.o) (CVirtualGPIOPin::CVirtualGPIOPin(unsigned int))
../../lib/libcircle.a(machineinfo.o)
                              ../../lib/libcircle.a(sysinit.o) (CMachineInfo::CMachineInfo())
../../lib/libcircle.a(cache-v7.o)
                              ../../lib/libcircle.a(sysinit.o) (InvalidateDataCacheL1Only)
../../lib/libcircle.a(ptrlist.o)
                              ../../lib/libcircle.a(timer.o) (CPtrList::CPtrList())
../../lib/libcircle.a(alloc.o)
                              ../../lib/libcircle.a(memory.o) (mem_init)
../../lib/libcircle.a(bcmmailbox.o)
                              ../../lib/libcircle.a(bcmpropertytags.o) (CBcmMailBox::CBcmMailBox(unsigned int))
../../lib/libcircle.a(util.o)
                              ../../lib/libcircle.a(screen.o) (memset)
../../lib/libcircle.a(bcmframebuffer.o)
                              ../../lib/libcircle.a(screen.o) (CBcmFrameBuffer::CBcmFrameBuffer(unsigned int, unsigned int, unsigned int, unsigned int, unsigned int))
../../lib/libcircle.a(device.o)
                              ../../lib/libcircle.a(screen.o) (CDevice::~CDevice())

Memory Configuration

Name             Origin             Length             Attributes
*default*        0x0000000000000000 0xffffffffffffffff

Linker script and memory map

                0x0000000000008000                . = 0x8000

.text           0x0000000000008000     0x8504
 *(.text*)
 .text          0x0000000000008000       0x68 ../../lib/startup.o
                0x0000000000008000                _start
                0x000000000000805c                _start_secondary
 .text          0x0000000000008068        0x0 main.o
 .text.startup  0x0000000000008068       0x58 main.o
                0x0000000000008068                main
 .text          0x00000000000080c0      0x1fc kernel.o
                0x00000000000080c0                CKernel::CKernel()
                0x00000000000080c0                CKernel::CKernel()
                0x0000000000008180                CKernel::Initialize()
                0x000000000000821c                CKernel::Run()
                0x0000000000008248                CKernel::~CKernel()
                0x0000000000008248                CKernel::~CKernel()
 .text          0x00000000000082bc       0x88 ../../app/lib/emulator/libemu.a(nes.o)
                0x00000000000082bc                Nes::Nes()
                0x00000000000082bc                Nes::Nes()
 .text          0x0000000000008344      0x608 ../../app/lib/emulator/libemu.a(cpu.o)
                0x0000000000008344                Cpu::ASL_ACC()
                0x0000000000008358                Cpu::UNIMP()
                0x000000000000835c                Cpu::ORA_IND_X()
                0x000000000000839c                Cpu::ORA_ZP()
                0x00000000000083d8                Cpu::ASL_ZP()
                0x0000000000008410                Cpu::ORA_IMM()
                0x0000000000008448                Cpu::ORA_ABS()
                0x0000000000008490                Cpu::ASL_ABS()
                0x00000000000084d4                Cpu::ORA_IND_Y()
                0x0000000000008514                Cpu::ORA_ZP_X()
                0x0000000000008554                Cpu::ASL_ZP_X()
                0x0000000000008590                Cpu::ORA_ABS_Y()
                0x00000000000085d8                Cpu::ORA_ABS_X()
                0x0000000000008620                Cpu::ASL_ABS_X()
                0x0000000000008664                Cpu::SBC_ABS_X()
                0x0000000000008668                Cpu::INC_ABS_X()
                0x000000000000866c                Cpu::BRK()
                0x0000000000008670                Cpu::PHP()
                0x0000000000008674                Cpu::BPL()
                0x0000000000008678                Cpu::CLC()
                0x000000000000867c                Cpu::JSR()
                0x0000000000008680                Cpu::AND_IND_X()
                0x0000000000008684                Cpu::BIT_ZP()
                0x0000000000008688                Cpu::AND_ZP()
                0x000000000000868c                Cpu::ROL_ZP()
                0x0000000000008690                Cpu::PLP()
                0x0000000000008694                Cpu::AND_IMM()
                0x0000000000008698                Cpu::ROL_ACC()
                0x000000000000869c                Cpu::BIT_ABS()
                0x00000000000086a0                Cpu::AND_ABS()
                0x00000000000086a4                Cpu::ROL_ABS()
                0x00000000000086a8                Cpu::BMI()
                0x00000000000086ac                Cpu::AND_IND_Y()
                0x00000000000086b0                Cpu::AND_ZP_X()
                0x00000000000086b4                Cpu::ROL_ZP_X()
                0x00000000000086b8                Cpu::SEC()
                0x00000000000086bc                Cpu::AND_ABS_Y()
                0x00000000000086c0                Cpu::AND_ABS_X()
                0x00000000000086c4                Cpu::ROL_ABS_X()
                0x00000000000086c8                Cpu::RTI()
                0x00000000000086cc                Cpu::EOR_IND_X()
                0x00000000000086d0                Cpu::EOR_ZP()
                0x00000000000086d4                Cpu::LSR_ZP()
                0x00000000000086d8                Cpu::PHA()
                0x00000000000086dc                Cpu::EOR_IMM()
                0x00000000000086e0                Cpu::LSR_ACC()
                0x00000000000086e4                Cpu::JMP_ABS()
                0x00000000000086e8                Cpu::EOR_ABS()
                0x00000000000086ec                Cpu::LSR_ABS()
                0x00000000000086f0                Cpu::BVC()
                0x00000000000086f4                Cpu::EOR_IND_Y()
                0x00000000000086f8                Cpu::EOR_ZP_X()
                0x00000000000086fc                Cpu::LSR_ZP_X()
                0x0000000000008700                Cpu::CLI()
                0x0000000000008704                Cpu::EOR_ABS_Y()
                0x0000000000008708                Cpu::EOR_ABS_X()
                0x000000000000870c                Cpu::LSR_ABS_X()
                0x0000000000008710                Cpu::RTS()
                0x0000000000008714                Cpu::ADC_IND_X()
                0x0000000000008718                Cpu::ADC_ZP()
                0x000000000000871c                Cpu::ROR_ZP()
                0x0000000000008720                Cpu::PLA()
                0x0000000000008724                Cpu::ADC_IMM()
                0x0000000000008728                Cpu::ROR_ACC()
                0x000000000000872c                Cpu::JMP_IND()
                0x0000000000008730                Cpu::ADC_ABS()
                0x0000000000008734                Cpu::ROR_ABS()
                0x0000000000008738                Cpu::BVS()
                0x000000000000873c                Cpu::ADC_IND_Y()
                0x0000000000008740                Cpu::ADC_ZP_X()
                0x0000000000008744                Cpu::ROR_ZP_X()
                0x0000000000008748                Cpu::SEI()
                0x000000000000874c                Cpu::ADC_ABS_Y()
                0x0000000000008750                Cpu::ADC_ABS_X()
                0x0000000000008754                Cpu::ROR_ABS_X()
                0x0000000000008758                Cpu::STA_IND_X()
                0x000000000000875c                Cpu::STY_ZP()
                0x0000000000008760                Cpu::STA_ZP()
                0x0000000000008764                Cpu::STX_ZP()
                0x0000000000008768                Cpu::DEY()
                0x000000000000876c                Cpu::TXA()
                0x0000000000008770                Cpu::STY_ABS()
                0x0000000000008774                Cpu::STA_ABS()
                0x0000000000008778                Cpu::STX_ABS()
                0x000000000000877c                Cpu::BCC()
                0x0000000000008780                Cpu::STA_IND_Y()
                0x0000000000008784                Cpu::STY_ZP_X()
                0x0000000000008788                Cpu::STA_ZP_X()
                0x000000000000878c                Cpu::STX_ZP_Y()
                0x0000000000008790                Cpu::TYA()
                0x0000000000008794                Cpu::STA_ABS_Y()
                0x0000000000008798                Cpu::TXS()
                0x000000000000879c                Cpu::STA_ABS_X()
                0x00000000000087a0                Cpu::LDY_IMM()
                0x00000000000087a4                Cpu::LDA_IND_X()
                0x00000000000087a8                Cpu::LDX_IMM()
                0x00000000000087ac                Cpu::LDY_ZP()
                0x00000000000087b0                Cpu::LDA_ZP()
                0x00000000000087b4                Cpu::LDX_ZP()
                0x00000000000087b8                Cpu::TAY()
                0x00000000000087bc                Cpu::LDA_IMM()
                0x00000000000087c0                Cpu::TAX()
                0x00000000000087c4                Cpu::LDY_ABS()
                0x00000000000087c8                Cpu::LDA_ABS()
                0x00000000000087cc                Cpu::LDX_ABS()
                0x00000000000087d0                Cpu::BCS()
                0x00000000000087d4                Cpu::LDA_IND_Y()
                0x00000000000087d8                Cpu::LDY_ZP_X()
                0x00000000000087dc                Cpu::LDA_ZP_X()
                0x00000000000087e0                Cpu::LDX_ZP_Y()
                0x00000000000087e4                Cpu::CLV()
                0x00000000000087e8                Cpu::LDA_ABS_Y()
                0x00000000000087ec                Cpu::TSX()
                0x00000000000087f0                Cpu::LDY_ABS_X()
                0x00000000000087f4                Cpu::LDA_ABS_X()
                0x00000000000087f8                Cpu::LDX_ABS_Y()
                0x00000000000087fc                Cpu::CPY_IMM()
                0x0000000000008800                Cpu::CMP_IND_X()
                0x0000000000008804                Cpu::CPY_ZP()
                0x0000000000008808                Cpu::CMP_ZP()
                0x000000000000880c                Cpu::DEC_ZP()
                0x0000000000008810                Cpu::INY()
                0x0000000000008814                Cpu::CMP_IMM()
                0x0000000000008818                Cpu::DEX()
                0x000000000000881c                Cpu::CPY_ABS()
                0x0000000000008820                Cpu::CMP_ABS()
                0x0000000000008824                Cpu::DEC_ABS()
                0x0000000000008828                Cpu::BNE()
                0x000000000000882c                Cpu::CMP_IND_Y()
                0x0000000000008830                Cpu::CMP_ZP_X()
                0x0000000000008834                Cpu::DEC_ZP_X()
                0x0000000000008838                Cpu::CLD()
                0x000000000000883c                Cpu::CMP_ABS_Y()
                0x0000000000008840                Cpu::CMP_ABS_X()
                0x0000000000008844                Cpu::DEC_ABS_X()
                0x0000000000008848                Cpu::CPX_IMM()
                0x000000000000884c                Cpu::SBC_IND_X()
                0x0000000000008850                Cpu::CPX_ZP()
                0x0000000000008854                Cpu::SBC_ZP()
                0x0000000000008858                Cpu::INC_ZP()
                0x000000000000885c                Cpu::INX()
                0x0000000000008860                Cpu::SBC_IMM()
                0x0000000000008864                Cpu::NOP()
                0x0000000000008868                Cpu::CPX_ABS()
                0x000000000000886c                Cpu::SBC_ABS()
                0x0000000000008870                Cpu::INC_ABS()
                0x0000000000008874                Cpu::BEQ()
                0x0000000000008878                Cpu::SBC_IND_Y()
                0x000000000000887c                Cpu::SBC_ZP_X()
                0x0000000000008880                Cpu::INC_ZP_X()
                0x0000000000008884                Cpu::SED()
                0x0000000000008888                Cpu::SBC_ABS_Y()
                0x000000000000888c                Cpu::Cpu(Rom const*)
                0x000000000000888c                Cpu::Cpu(Rom const*)
 .text          0x000000000000894c       0x18 ../../app/lib/emulator/libemu.a(ppu.o)
                0x000000000000894c                Ppu::Ppu(Rom const*)
                0x000000000000894c                Ppu::Ppu(Rom const*)
 .text          0x0000000000008964       0x9c ../../app/lib/emulator/libemu.a(cpu_addressing.o)
                0x0000000000008964                Cpu::FromValues(unsigned char) const
                0x000000000000896c                Cpu::FromValues(unsigned char, unsigned char) const
                0x0000000000008974                Cpu::Immediate(unsigned char) const
                0x000000000000897c                Cpu::ZeroPage(unsigned char) const
                0x0000000000008984                Cpu::Absolute(unsigned char, unsigned char) const
                0x000000000000898c                Cpu::Indexed(unsigned char, unsigned char, unsigned char) const
                0x000000000000899c                Cpu::ZeroPageIndexed(unsigned char, unsigned char) const
                0x00000000000089a4                Cpu::Indirect(unsigned char, unsigned char) const
                0x00000000000089c0                Cpu::PreIndexedIndirect(unsigned char, unsigned char) const
                0x00000000000089e0                Cpu::PostIndexedIndirect(unsigned char, unsigned char) const
 .text          0x0000000000008a00       0x80 ../../app/lib/emulator/libemu.a(rom.o)
                0x0000000000008a00                Rom::GetHeader() const
                0x0000000000008a30                Rom::GetRaw() const
                0x0000000000008a38                Rom::GetLength() const
                0x0000000000008a40                Rom::GetTrainerOffset() const
 .text          0x0000000000008a80      0x208 ../../lib/libcircle.a(actled.o)
                0x0000000000008a80                CActLED::~CActLED()
                0x0000000000008a80                CActLED::~CActLED()
                0x0000000000008a94                CActLED::On()
                0x0000000000008ad4                CActLED::Off()
                0x0000000000008b14                CActLED::CActLED()
                0x0000000000008b14                CActLED::CActLED()
                0x0000000000008c2c                CActLED::Blink(unsigned int, unsigned int, unsigned int)
                0x0000000000008c78                CActLED::Get()
 .text          0x0000000000008c88      0x1d0 ../../lib/libcircle.a(bcmpropertytags.o)
                0x0000000000008c88                CBcmPropertyTags::CBcmPropertyTags()
                0x0000000000008c88                CBcmPropertyTags::CBcmPropertyTags()
                0x0000000000008ca0                CBcmPropertyTags::~CBcmPropertyTags()
                0x0000000000008ca0                CBcmPropertyTags::~CBcmPropertyTags()
                0x0000000000008cb4                CBcmPropertyTags::GetTags(void*, unsigned int)
                0x0000000000008da8                CBcmPropertyTags::GetTag(unsigned int, void*, unsigned int, unsigned int)
 .text          0x0000000000008e58      0xdfc ../../lib/libcircle.a(gpiopin.o)
                0x0000000000008e58                CGPIOPin::~CGPIOPin()
                0x0000000000008e58                CGPIOPin::~CGPIOPin()
                0x0000000000008e5c                CGPIOPin::~CGPIOPin()
                0x0000000000008e70                CGPIOPin::Write(unsigned int)
                0x0000000000008f28                CGPIOPin::Read() const
                0x0000000000008fb0                CGPIOPin::Invert()
                0x0000000000008ff0                CGPIOPin::ConnectInterrupt(void (*)(void*), void*)
                0x0000000000009104                CGPIOPin::DisconnectInterrupt()
                0x00000000000091f0                CGPIOPin::EnableInterrupt(TGPIOInterrupt)
                0x000000000000937c                CGPIOPin::DisableInterrupt()
                0x000000000000946c                CGPIOPin::EnableInterrupt2(TGPIOInterrupt)
                0x00000000000095f8                CGPIOPin::DisableInterrupt2()
                0x00000000000096e8                CGPIOPin::SetPullUpMode(unsigned int)
                0x00000000000097bc                CGPIOPin::SetAlternateFunction(unsigned int)
                0x0000000000009890                CGPIOPin::SetMode(TGPIOMode, int)
                0x0000000000009a54                CGPIOPin::CGPIOPin(unsigned int, TGPIOMode, CGPIOManager*)
                0x0000000000009a54                CGPIOPin::CGPIOPin(unsigned int, TGPIOMode, CGPIOManager*)
                0x0000000000009ae8                CGPIOPin::InterruptHandler()
                0x0000000000009b98                CGPIOPin::DisableAllInterrupts(unsigned int)
 .text.startup  0x0000000000009c54       0x14 ../../lib/libcircle.a(gpiopin.o)
 .text          0x0000000000009c68      0x26c ../../lib/libcircle.a(memory.o)
                0x0000000000009c68                CMemorySystem::~CMemorySystem()
                0x0000000000009c68                CMemorySystem::~CMemorySystem()
                0x0000000000009cdc                CMemorySystem::GetMemSize() const
                0x0000000000009ce4                CMemorySystem::EnableMMU()
                0x0000000000009df0                CMemorySystem::CMemorySystem(int)
                0x0000000000009df0                CMemorySystem::CMemorySystem(int)
 .text          0x0000000000009ed4       0x10 ../../lib/libcircle.a(new.o)
                0x0000000000009ed4                operator new(unsigned int)
                0x0000000000009ed8                operator new[](unsigned int)
                0x0000000000009edc                operator delete(void*)
                0x0000000000009ee0                operator delete[](void*)
 .text          0x0000000000009ee4       0xb4 ../../lib/libcircle.a(synchronize.o)
                0x0000000000009ee4                EnterCritical
                0x0000000000009f18                LeaveCritical
                0x0000000000009f78                SyncDataAndInstructionCache
 .text          0x0000000000009f98       0xe0 ../../lib/libcircle.a(sysinit.o)
                0x0000000000009f98                __aeabi_atexit
                0x0000000000009f9c                halt
                0x0000000000009fac                reboot
                0x0000000000009fd0                sysinit
 .text          0x000000000000a078      0xb8c ../../lib/libcircle.a(timer.o)
                0x000000000000a078                CTimer::CTimer(CInterruptSystem*)
                0x000000000000a078                CTimer::CTimer(CInterruptSystem*)
                0x000000000000a0f8                CTimer::~CTimer()
                0x000000000000a0f8                CTimer::~CTimer()
                0x000000000000a1dc                CTimer::SetTimeZone(int)
                0x000000000000a1fc                CTimer::GetTimeZone() const
                0x000000000000a204                CTimer::SetTime(unsigned int, int)
                0x000000000000a284                CTimer::GetClockTicks()
                0x000000000000a294                CTimer::GetTicks() const
                0x000000000000a29c                CTimer::GetUptime() const
                0x000000000000a2a4                CTimer::GetTime() const
                0x000000000000a2ac                CTimer::GetUniversalTime() const
                0x000000000000a2cc                CTimer::GetTimeString()
                0x000000000000a4b8                CTimer::StartKernelTimer(unsigned int, void (*)(unsigned int, void*, void*), void*, void*)
                0x000000000000a618                CTimer::CancelKernelTimer(unsigned int)
                0x000000000000a6cc                CTimer::PollKernelTimers()
                0x000000000000a824                CTimer::InterruptHandler()
                0x000000000000a938                CTimer::InterruptHandler(void*)
                0x000000000000a974                CTimer::TuneMsDelay()
                0x000000000000aa1c                CTimer::Initialize()
                0x000000000000aa98                CTimer::SimpleMsDelay(unsigned int)
                0x000000000000aad8                CTimer::SimpleusDelay(unsigned int)
                0x000000000000ab08                CTimer::IsLeapYear(unsigned int)
                0x000000000000ab54                CTimer::GetDaysOfMonth(unsigned int, unsigned int)
                0x000000000000abcc                CTimer::Get()
 .text          0x000000000000ac04       0x5c ../../lib/libcircle.a(util_fast.o)
                0x000000000000ac04                memcpy
 .text          0x000000000000ac60      0x514 ../../lib/libcircle.a(koptions.o)
                0x000000000000acc0                CKernelOptions::~CKernelOptions()
                0x000000000000acc0                CKernelOptions::~CKernelOptions()
                0x000000000000acd4                CKernelOptions::GetWidth() const
                0x000000000000acdc                CKernelOptions::GetHeight() const
                0x000000000000ace4                CKernelOptions::GetLogDevice() const
                0x000000000000acf0                CKernelOptions::GetLogLevel() const
                0x000000000000acf8                CKernelOptions::GetKeyMap() const
                0x000000000000ad00                CKernelOptions::GetUSBPowerDelay() const
                0x000000000000ad08                CKernelOptions::GetCPUSpeed() const
                0x000000000000ad10                CKernelOptions::GetSoCMaxTemp() const
                0x000000000000ad18                CKernelOptions::Get()
                0x000000000000ad28                CKernelOptions::GetToken()
                0x000000000000ada4                CKernelOptions::CKernelOptions()
                0x000000000000ada4                CKernelOptions::CKernelOptions()
                0x000000000000b11c                CKernelOptions::GetOptionValue(char*)
                0x000000000000b154                CKernelOptions::GetDecimal(char*)
 .text          0x000000000000b174      0x220 ../../lib/libcircle.a(pagetable.o)
                0x000000000000b174                CPageTable::CPageTable()
                0x000000000000b174                CPageTable::CPageTable()
                0x000000000000b224                CPageTable::CPageTable(unsigned int)
                0x000000000000b224                CPageTable::CPageTable(unsigned int)
                0x000000000000b364                CPageTable::~CPageTable()
                0x000000000000b364                CPageTable::~CPageTable()
                0x000000000000b388                CPageTable::GetBaseAddress() const
 .text          0x000000000000b394     0x11f4 ../../lib/libcircle.a(screen.o)
                0x000000000000b394                CScreenDevice::~CScreenDevice()
                0x000000000000b394                CScreenDevice::~CScreenDevice()
                0x000000000000b408                CScreenDevice::~CScreenDevice()
                0x000000000000b4ec                CScreenDevice::CScreenDevice(unsigned int, unsigned int, int)
                0x000000000000b4ec                CScreenDevice::CScreenDevice(unsigned int, unsigned int, int)
                0x000000000000b560                CScreenDevice::GetWidth() const
                0x000000000000b568                CScreenDevice::GetHeight() const
                0x000000000000b570                CScreenDevice::GetColumns() const
                0x000000000000b58c                CScreenDevice::GetRows() const
                0x000000000000b5a8                CScreenDevice::GetStatus()
                0x000000000000b618                CScreenDevice::SetStatus(TScreenStatus)
                0x000000000000b728                CScreenDevice::CarriageReturn()
                0x000000000000b734                CScreenDevice::CursorHome()
                0x000000000000b748                CScreenDevice::CursorLeft()
                0x000000000000b7b4                CScreenDevice::CursorMove(unsigned int, unsigned int)
                0x000000000000b814                CScreenDevice::CursorUp()
                0x000000000000b844                CScreenDevice::DeleteChars(unsigned int)
                0x000000000000b848                CScreenDevice::DeleteLines(unsigned int)
                0x000000000000b84c                CScreenDevice::InsertLines(unsigned int)
                0x000000000000b850                CScreenDevice::InsertMode(int)
                0x000000000000b858                CScreenDevice::ReverseScroll()
                0x000000000000b85c                CScreenDevice::SetCursorMode(int)
                0x000000000000b864                CScreenDevice::SetScrollRegion(unsigned int, unsigned int)
                0x000000000000b8e0                CScreenDevice::SetStandoutMode(unsigned int)
                0x000000000000b980                CScreenDevice::Scroll()
                0x000000000000ba18                CScreenDevice::CursorDown()
                0x000000000000ba64                CScreenDevice::NewLine()
                0x000000000000ba70                CScreenDevice::CursorRight()
                0x000000000000baac                CScreenDevice::Tabulator()
                0x000000000000baf4                CScreenDevice::DisplayChar(char, unsigned int, unsigned int, unsigned char)
                0x000000000000bbac                CScreenDevice::DisplayChar(char)
                0x000000000000bbe8                CScreenDevice::EraseChar(unsigned int, unsigned int)
                0x000000000000bc58                CScreenDevice::ClearLineEnd()
                0x000000000000bd00                CScreenDevice::EraseChars(unsigned int)
                0x000000000000bd0c                CScreenDevice::ClearDisplayEnd()
                0x000000000000bd8c                CScreenDevice::Write(char)
                0x000000000000c288                CScreenDevice::Write(void const*, unsigned int)
                0x000000000000c348                CScreenDevice::Initialize()
                0x000000000000c4d8                CScreenDevice::InvertCursor()
                0x000000000000c4e8                CScreenDevice::SetPixel(unsigned int, unsigned int, unsigned char)
                0x000000000000c4f8                CScreenDevice::GetPixel(unsigned int, unsigned int)
                0x000000000000c52c                CScreenDevice::Rotor(unsigned int, unsigned int)
 .text          0x000000000000c588       0x88 ../../lib/libcircle.a(assert.o)
                0x000000000000c588                assertion_failed
 .text          0x000000000000c610       0xa8 ../../lib/libcircle.a(chargenerator.o)
                0x000000000000c610                CCharGenerator::CCharGenerator()
                0x000000000000c610                CCharGenerator::CCharGenerator()
                0x000000000000c61c                CCharGenerator::~CCharGenerator()
                0x000000000000c61c                CCharGenerator::~CCharGenerator()
                0x000000000000c620                CCharGenerator::GetCharWidth() const
                0x000000000000c628                CCharGenerator::GetCharHeight() const
                0x000000000000c630                CCharGenerator::GetUnderline() const
                0x000000000000c638                CCharGenerator::GetPixel(char, unsigned int, unsigned int) const
 .text          0x000000000000c6b8      0x19c ../../lib/libcircle.a(debug.o)
                0x000000000000c6b8                debug_hexdump(void const*, unsigned int, char const*)
                0x000000000000c7c4                debug_stacktrace(unsigned int const*, char const*)
 .text          0x000000000000c854      0x2b8 ../../lib/libcircle.a(devicenameservice.o)
                0x000000000000c854                CDeviceNameService::CDeviceNameService()
                0x000000000000c854                CDeviceNameService::CDeviceNameService()
                0x000000000000c8a0                CDeviceNameService::~CDeviceNameService()
                0x000000000000c8a0                CDeviceNameService::~CDeviceNameService()
                0x000000000000c904                CDeviceNameService::AddDevice(char const*, CDevice*, int)
                0x000000000000c9c4                CDeviceNameService::GetDevice(char const*, int)
                0x000000000000cad4                CDeviceNameService::Get()
 .text          0x000000000000cb0c      0x460 ../../lib/libcircle.a(logger.o)
                0x000000000000cb0c                CLogger::CLogger(unsigned int, CTimer*)
                0x000000000000cb0c                CLogger::CLogger(unsigned int, CTimer*)
                0x000000000000cb54                CLogger::~CLogger()
                0x000000000000cb54                CLogger::~CLogger()
                0x000000000000cb84                CLogger::Get()
                0x000000000000cb94                CLogger::Write(char const*)
                0x000000000000cc3c                CLogger::Read(void*, unsigned int)
                0x000000000000ccf8                CLogger::WriteV(char const*, TLogSeverity, char const*, std::__va_list)
                0x000000000000cef8                CLogger::Write(char const*, TLogSeverity, char const*, ...)
                0x000000000000cf28                CLogger::Initialize(CDevice*)
 .text          0x000000000000cf6c      0x2e4 ../../lib/libcircle.a(serial.o)
                0x000000000000cf6c                CSerialDevice::Write(void const*, unsigned int)
                0x000000000000d024                CSerialDevice::CSerialDevice()
                0x000000000000d024                CSerialDevice::CSerialDevice()
                0x000000000000d09c                CSerialDevice::Initialize(unsigned int)
                0x000000000000d1c4                CSerialDevice::Write(unsigned char)
                0x000000000000d1e0                CSerialDevice::~CSerialDevice()
                0x000000000000d1e0                CSerialDevice::~CSerialDevice()
                0x000000000000d234                CSerialDevice::~CSerialDevice()
 .text          0x000000000000d250      0xd44 ../../lib/libcircle.a(string.o)
                0x000000000000d250                CString::~CString()
                0x000000000000d250                CString::~CString()
                0x000000000000d27c                CString::~CString()
                0x000000000000d318                CString::CString()
                0x000000000000d318                CString::CString()
                0x000000000000d330                CString::CString(char const*)
                0x000000000000d330                CString::CString(char const*)
                0x000000000000d370                CString::operator char const*() const
                0x000000000000d388                CString::operator=(char const*)
                0x000000000000d3cc                CString::GetLength() const
                0x000000000000d3dc                CString::Append(char const*)
                0x000000000000d460                CString::Compare(char const*) const
                0x000000000000d468                CString::Find(char) const
                0x000000000000d4ac                CString::PutChar(char, unsigned int)
                0x000000000000d4ec                CString::PutString(char const*)
                0x000000000000d530                CString::ReserveSpace(unsigned int)
                0x000000000000d53c                CString::ntoa(char*, unsigned long, unsigned int, int)
                0x000000000000d5c0                CString::ftoa(char*, double, unsigned int)
                0x000000000000d7f8                CString::FormatV(char const*, std::__va_list)
                0x000000000000df64                CString::Format(char const*, ...)
 *fill*         0x000000000000df94        0x4 
 .text          0x000000000000df98        0xc ../../lib/libcircle.a(delayloop.o)
                0x000000000000df98                DelayLoop
 .text          0x000000000000dfa4      0x258 ../../lib/libcircle.a(exceptionhandler.o)
                0x000000000000dfa4                CExceptionHandler::CExceptionHandler()
                0x000000000000dfa4                CExceptionHandler::CExceptionHandler()
                0x000000000000e034                CExceptionHandler::~CExceptionHandler()
                0x000000000000e034                CExceptionHandler::~CExceptionHandler()
                0x000000000000e048                CExceptionHandler::Throw(unsigned int)
                0x000000000000e088                CExceptionHandler::Throw(unsigned int, TAbortFrame*)
                0x000000000000e168                CExceptionHandler::Get()
                0x000000000000e1a0                ExceptionHandler
 .text          0x000000000000e1fc       0xd0 ../../lib/libcircle.a(exceptionstub.o)
                0x000000000000e1fc                UndefinedInstructionStub
                0x000000000000e23c                PrefetchAbortStub
                0x000000000000e27c                DataAbortStub
                0x000000000000e2bc                IRQStub
 .text          0x000000000000e2cc      0x3cc ../../lib/libcircle.a(interrupt.o)
                0x000000000000e2cc                CInterruptSystem::CInterruptSystem()
                0x000000000000e2cc                CInterruptSystem::CInterruptSystem()
                0x000000000000e304                CInterruptSystem::~CInterruptSystem()
                0x000000000000e304                CInterruptSystem::~CInterruptSystem()
                0x000000000000e318                CInterruptSystem::Initialize()
                0x000000000000e364                CInterruptSystem::EnableIRQ(unsigned int)
                0x000000000000e3d4                CInterruptSystem::ConnectIRQ(unsigned int, void (*)(void*), void*)
                0x000000000000e448                CInterruptSystem::DisableIRQ(unsigned int)
                0x000000000000e4b8                CInterruptSystem::DisconnectIRQ(unsigned int)
                0x000000000000e538                CInterruptSystem::Get()
                0x000000000000e570                CInterruptSystem::CallIRQHandler(unsigned int)
                0x000000000000e5dc                CInterruptSystem::InterruptHandler()
                0x000000000000e694                InterruptHandler
 .text          0x000000000000e698      0x398 ../../lib/libcircle.a(gpiomanager.o)
                0x000000000000e698                CGPIOManager::CGPIOManager(CInterruptSystem*)
                0x000000000000e698                CGPIOManager::CGPIOManager(CInterruptSystem*)
                0x000000000000e6c4                CGPIOManager::~CGPIOManager()
                0x000000000000e6c4                CGPIOManager::~CGPIOManager()
                0x000000000000e750                CGPIOManager::Initialize()
                0x000000000000e7d4                CGPIOManager::ConnectInterrupt(CGPIOPin*)
                0x000000000000e884                CGPIOManager::DisconnectInterrupt(CGPIOPin*)
                0x000000000000e948                CGPIOManager::InterruptHandler()
                0x000000000000e9f4                CGPIOManager::InterruptStub(void*)
 .text          0x000000000000ea30      0x1f4 ../../lib/libcircle.a(virtualgpiopin.o)
                0x000000000000ea30                CVirtualGPIOPin::~CVirtualGPIOPin()
                0x000000000000ea30                CVirtualGPIOPin::~CVirtualGPIOPin()
                0x000000000000ea34                CVirtualGPIOPin::~CVirtualGPIOPin()
                0x000000000000eaec                CVirtualGPIOPin::CVirtualGPIOPin(unsigned int)
                0x000000000000eaec                CVirtualGPIOPin::CVirtualGPIOPin(unsigned int)
                0x000000000000ebdc                CVirtualGPIOPin::Write(unsigned int)
                0x000000000000ec18                CVirtualGPIOPin::Invert()
 .text.startup  0x000000000000ec24       0x14 ../../lib/libcircle.a(virtualgpiopin.o)
 .text          0x000000000000ec38      0x3fc ../../lib/libcircle.a(machineinfo.o)
                0x000000000000ec38                CMachineInfo::CMachineInfo()
                0x000000000000ec38                CMachineInfo::CMachineInfo()
                0x000000000000ee08                CMachineInfo::~CMachineInfo()
                0x000000000000ee08                CMachineInfo::~CMachineInfo()
                0x000000000000ee2c                CMachineInfo::GetMachineModel() const
                0x000000000000ee34                CMachineInfo::GetMachineName() const
                0x000000000000ee4c                CMachineInfo::GetModelMajor() const
                0x000000000000ee54                CMachineInfo::GetModelRevision() const
                0x000000000000ee5c                CMachineInfo::GetSoCType() const
                0x000000000000ee64                CMachineInfo::GetRAMSize() const
                0x000000000000ee6c                CMachineInfo::GetSoCName() const
                0x000000000000ee84                CMachineInfo::GetRevisionRaw() const
                0x000000000000ee8c                CMachineInfo::GetClockRate(unsigned int) const
                0x000000000000ef50                CMachineInfo::GetGPIOPin(TGPIOVirtualPin) const
                0x000000000000efc0                CMachineInfo::GetDevice(TDeviceId) const
                0x000000000000effc                CMachineInfo::Get()
 .text          0x000000000000f034      0x1f4 ../../lib/libcircle.a(cache-v7.o)
                0x000000000000f034                InvalidateDataCacheL1Only
                0x000000000000f0a0                InvalidateDataCache
                0x000000000000f148                CleanDataCache
                0x000000000000f1f0                CleanAndInvalidateDataCacheRange
 .text          0x000000000000f228      0x508 ../../lib/libcircle.a(ptrlist.o)
                0x000000000000f228                CPtrList::CPtrList()
                0x000000000000f228                CPtrList::CPtrList()
                0x000000000000f234                CPtrList::~CPtrList()
                0x000000000000f234                CPtrList::~CPtrList()
                0x000000000000f268                CPtrList::GetFirst()
                0x000000000000f270                CPtrList::GetNext(TPtrListElement*)
                0x000000000000f2cc                CPtrList::GetPtr(TPtrListElement*)
                0x000000000000f328                CPtrList::InsertBefore(TPtrListElement*, void*)
                0x000000000000f440                CPtrList::InsertAfter(TPtrListElement*, void*)
                0x000000000000f54c                CPtrList::Remove(TPtrListElement*)
                0x000000000000f6b8                CPtrList::Find(void*)
 .text          0x000000000000f730      0x3fc ../../lib/libcircle.a(alloc.o)
                0x000000000000f730                mem_init
                0x000000000000f76c                mem_get_size
                0x000000000000f794                malloc
                0x000000000000f91c                free
                0x000000000000f9d8                palloc
                0x000000000000fac0                pfree
 .text.startup  0x000000000000fb2c       0x18 ../../lib/libcircle.a(alloc.o)
 .text          0x000000000000fb44      0x168 ../../lib/libcircle.a(bcmmailbox.o)
                0x000000000000fb44                CBcmMailBox::CBcmMailBox(unsigned int)
                0x000000000000fb44                CBcmMailBox::CBcmMailBox(unsigned int)
                0x000000000000fb50                CBcmMailBox::~CBcmMailBox()
                0x000000000000fb50                CBcmMailBox::~CBcmMailBox()
                0x000000000000fb54                CBcmMailBox::Flush()
                0x000000000000fb88                CBcmMailBox::Read()
                0x000000000000fbb8                CBcmMailBox::Write(unsigned int)
                0x000000000000fc10                CBcmMailBox::WriteRead(unsigned int)
 .text          0x000000000000fcac      0x460 ../../lib/libcircle.a(util.o)
                0x000000000000fcac                memset
                0x000000000000fcd0                memcmp
                0x000000000000fd2c                strlen
                0x000000000000fd54                strcmp
                0x000000000000fdc0                strcpy
                0x000000000000fdec                strncpy
                0x000000000000fe38                strcat
                0x000000000000fe7c                strchr
                0x000000000000febc                strtok_r
                0x000000000000ff88                strtoul
                0x0000000000010108                char2int
 .text          0x000000000001010c      0x3bc ../../lib/libcircle.a(bcmframebuffer.o)
                0x0000000000010190                CBcmFrameBuffer::CBcmFrameBuffer(unsigned int, unsigned int, unsigned int, unsigned int, unsigned int)
                0x0000000000010190                CBcmFrameBuffer::CBcmFrameBuffer(unsigned int, unsigned int, unsigned int, unsigned int, unsigned int)
                0x00000000000102c8                CBcmFrameBuffer::~CBcmFrameBuffer()
                0x00000000000102c8                CBcmFrameBuffer::~CBcmFrameBuffer()
                0x00000000000102e0                CBcmFrameBuffer::SetPalette(unsigned char, unsigned short)
                0x000000000001031c                CBcmFrameBuffer::SetPalette32(unsigned char, unsigned int)
                0x0000000000010334                CBcmFrameBuffer::Initialize()
                0x00000000000103f8                CBcmFrameBuffer::GetWidth() const
                0x0000000000010400                CBcmFrameBuffer::GetHeight() const
                0x0000000000010408                CBcmFrameBuffer::GetVirtWidth() const
                0x0000000000010410                CBcmFrameBuffer::GetVirtHeight() const
                0x0000000000010418                CBcmFrameBuffer::GetPitch() const
                0x0000000000010420                CBcmFrameBuffer::GetDepth() const
                0x0000000000010428                CBcmFrameBuffer::GetBuffer() const
                0x0000000000010430                CBcmFrameBuffer::GetSize() const
                0x0000000000010438                CBcmFrameBuffer::UpdatePalette()
                0x0000000000010450                CBcmFrameBuffer::SetVirtualOffset(unsigned int, unsigned int)
 .text          0x00000000000104c8       0x3c ../../lib/libcircle.a(device.o)
                0x00000000000104c8                CDevice::~CDevice()
                0x00000000000104c8                CDevice::~CDevice()
                0x00000000000104cc                CDevice::Read(void*, unsigned int)
                0x00000000000104cc                CDevice::Write(void const*, unsigned int)
                0x00000000000104d4                CDevice::Seek(unsigned long long)
                0x00000000000104e0                CDevice::~CDevice()
                0x00000000000104f4                CDevice::CDevice()
                0x00000000000104f4                CDevice::CDevice()
                0x0000000000010504                _etext = .

.glue_7         0x0000000000010504        0x0
 .glue_7        0x0000000000010504        0x0 linker stubs

.glue_7t        0x0000000000010504        0x0
 .glue_7t       0x0000000000010504        0x0 linker stubs

.vfp11_veneer   0x0000000000010504        0x0
 .vfp11_veneer  0x0000000000010504        0x0 linker stubs

.v4_bx          0x0000000000010504        0x0
 .v4_bx         0x0000000000010504        0x0 linker stubs

.iplt           0x0000000000010504        0x0
 .iplt          0x0000000000010504        0x0 ../../lib/startup.o

.rodata         0x0000000000010504    0x42774
 *(.rodata*)
 .rodata        0x0000000000010504        0x7 kernel.o
 *fill*         0x000000000001050b        0x1 
 .rodata.str1.4
                0x000000000001050c       0x23 kernel.o
 *fill*         0x000000000001052f        0x1 
 .rodata        0x0000000000010530    0x40010 ../../app/lib/emulator/libemu.a(nes.o)
 .rodata        0x0000000000050540      0x900 ../../app/lib/emulator/libemu.a(cpu.o)
 .rodata        0x0000000000050e40       0xc0 ../../app/lib/emulator/libemu.a(ppu.o)
 .rodata.str1.4
                0x0000000000050f00       0x98 ../../lib/libcircle.a(bcmpropertytags.o)
 .rodata        0x0000000000050f98       0x28 ../../lib/libcircle.a(gpiopin.o)
                0x0000000000050fb0                vtable for CGPIOPin
 .rodata.str1.4
                0x0000000000050fc0      0x29d ../../lib/libcircle.a(gpiopin.o)
 *fill*         0x000000000005125d        0x3 
 .rodata.str1.4
                0x0000000000051260       0x94 ../../lib/libcircle.a(memory.o)
 .rodata.str1.4
                0x00000000000512f4       0x25 ../../lib/libcircle.a(synchronize.o)
 *fill*         0x0000000000051319        0x3 
 .rodata        0x000000000005131c       0x36 ../../lib/libcircle.a(timer.o)
                0x000000000005131c                CTimer::s_nDaysOfMonth
 *fill*         0x0000000000051352        0x2 
 .rodata.str1.4
                0x0000000000051354      0x158 ../../lib/libcircle.a(timer.o)
                                        0x168 (size before relaxing)
 .rodata.str1.4
                0x00000000000514ac       0x62 ../../lib/libcircle.a(koptions.o)
 *fill*         0x000000000005150e        0x2 
 .rodata.str1.4
                0x0000000000051510       0x3e ../../lib/libcircle.a(pagetable.o)
 *fill*         0x000000000005154e        0x2 
 .rodata        0x0000000000051550       0x21 ../../lib/libcircle.a(screen.o)
                0x0000000000051550                vtable for CScreenDevice
 .rodata.str1.4
                0x0000000000051571        0x5 ../../lib/libcircle.a(screen.o)
 *fill*         0x0000000000051571        0x3 
 .rodata.str1.4
                0x0000000000051574       0x1d ../../lib/libcircle.a(assert.o)
 *fill*         0x0000000000051591        0x3 
 .rodata        0x0000000000051594      0xdf0 ../../lib/libcircle.a(chargenerator.o)
 .rodata.str1.4
                0x0000000000052384       0x29 ../../lib/libcircle.a(chargenerator.o)
 *fill*         0x00000000000523ad        0x3 
 .rodata        0x00000000000523b0        0x6 ../../lib/libcircle.a(debug.o)
 *fill*         0x00000000000523b6        0x2 
 .rodata.str1.4
                0x00000000000523b8       0x8e ../../lib/libcircle.a(debug.o)
 *fill*         0x0000000000052446        0x2 
 .rodata.str1.4
                0x0000000000052448       0x70 ../../lib/libcircle.a(devicenameservice.o)
 .rodata.str1.4
                0x00000000000524b8       0x3b ../../lib/libcircle.a(logger.o)
 *fill*         0x00000000000524f3        0x1 
 .rodata        0x00000000000524f4       0x1c ../../lib/libcircle.a(serial.o)
                0x00000000000524f4                vtable for CSerialDevice
 .rodata.str1.4
                0x0000000000052510       0x92 ../../lib/libcircle.a(serial.o)
 *fill*         0x00000000000525a2        0x2 
 .rodata        0x00000000000525a4       0x10 ../../lib/libcircle.a(string.o)
                0x00000000000525a4                vtable for CString
 .rodata.str1.4
                0x00000000000525b4        0x9 ../../lib/libcircle.a(string.o)
                                          0xd (size before relaxing)
 *fill*         0x00000000000525bd        0x3 
 .rodata        0x00000000000525c0        0x7 ../../lib/libcircle.a(exceptionhandler.o)
 *fill*         0x00000000000525c7        0x1 
 .rodata.str1.4
                0x00000000000525c8       0xbb ../../lib/libcircle.a(exceptionhandler.o)
                                         0xdb (size before relaxing)
 *fill*         0x0000000000052683        0x1 
 .rodata.str1.4
                0x0000000000052684       0x5a ../../lib/libcircle.a(interrupt.o)
                                         0x69 (size before relaxing)
 *fill*         0x00000000000526de        0x2 
 .rodata.str1.4
                0x00000000000526e0       0x88 ../../lib/libcircle.a(gpiomanager.o)
                                         0x9c (size before relaxing)
 .rodata        0x0000000000052768       0x10 ../../lib/libcircle.a(virtualgpiopin.o)
                0x0000000000052768                vtable for CVirtualGPIOPin
 .rodata        0x0000000000052778      0x1ac ../../lib/libcircle.a(machineinfo.o)
 .rodata.str1.4
                0x0000000000052924       0xf3 ../../lib/libcircle.a(machineinfo.o)
                                        0x10f (size before relaxing)
 *fill*         0x0000000000052a17        0x1 
 .rodata.str1.4
                0x0000000000052a18      0x176 ../../lib/libcircle.a(ptrlist.o)
 *fill*         0x0000000000052b8e        0x2 
 .rodata.str1.4
                0x0000000000052b90       0xa8 ../../lib/libcircle.a(alloc.o)
 .rodata.str1.4
                0x0000000000052c38       0x24 ../../lib/libcircle.a(bcmmailbox.o)
                                         0x23 (size before relaxing)
 .rodata        0x0000000000052c5c       0x1c ../../lib/libcircle.a(device.o)
                0x0000000000052c5c                vtable for CDevice
                0x0000000000052c78                __init_start = .

.rel.dyn        0x0000000000052c78        0x0
 .rel.iplt      0x0000000000052c78        0x0 ../../lib/startup.o

.init_array     0x0000000000052c78        0xc
 *(.init_array*)
 .init_array    0x0000000000052c78        0x4 ../../lib/libcircle.a(gpiopin.o)
 .init_array    0x0000000000052c7c        0x4 ../../lib/libcircle.a(virtualgpiopin.o)
 .init_array    0x0000000000052c80        0x4 ../../lib/libcircle.a(alloc.o)
                0x0000000000052c84                __init_end = .

.data           0x0000000000052c84       0xe8
 *(.data*)
 .data          0x0000000000052c84        0x0 ../../lib/startup.o
 .data          0x0000000000052c84        0x0 main.o
 .data          0x0000000000052c84        0x0 kernel.o
 .data          0x0000000000052c84        0x0 ../../app/lib/emulator/libemu.a(nes.o)
 .data          0x0000000000052c84        0x0 ../../app/lib/emulator/libemu.a(cpu.o)
 .data          0x0000000000052c84        0x0 ../../app/lib/emulator/libemu.a(ppu.o)
 .data          0x0000000000052c84        0x0 ../../app/lib/emulator/libemu.a(cpu_addressing.o)
 .data          0x0000000000052c84        0x0 ../../app/lib/emulator/libemu.a(rom.o)
 .data          0x0000000000052c84        0x0 ../../lib/libcircle.a(actled.o)
 .data          0x0000000000052c84        0x0 ../../lib/libcircle.a(bcmpropertytags.o)
 .data          0x0000000000052c84        0x0 ../../lib/libcircle.a(gpiopin.o)
 .data          0x0000000000052c84        0x0 ../../lib/libcircle.a(memory.o)
 .data          0x0000000000052c84        0x0 ../../lib/libcircle.a(new.o)
 .data          0x0000000000052c84        0x0 ../../lib/libcircle.a(synchronize.o)
 .data          0x0000000000052c84        0x0 ../../lib/libcircle.a(sysinit.o)
 .data          0x0000000000052c84       0x30 ../../lib/libcircle.a(timer.o)
                0x0000000000052c84                CTimer::s_pMonthName
 .data          0x0000000000052cb4        0x0 ../../lib/libcircle.a(util_fast.o)
 .data          0x0000000000052cb4        0x0 ../../lib/libcircle.a(koptions.o)
 .data          0x0000000000052cb4        0x0 ../../lib/libcircle.a(pagetable.o)
 .data          0x0000000000052cb4        0x0 ../../lib/libcircle.a(screen.o)
 .data          0x0000000000052cb4        0x0 ../../lib/libcircle.a(assert.o)
 .data          0x0000000000052cb4        0x0 ../../lib/libcircle.a(chargenerator.o)
 .data          0x0000000000052cb4        0x0 ../../lib/libcircle.a(debug.o)
 .data          0x0000000000052cb4        0x0 ../../lib/libcircle.a(devicenameservice.o)
 .data          0x0000000000052cb4        0x0 ../../lib/libcircle.a(logger.o)
 .data          0x0000000000052cb4        0x0 ../../lib/libcircle.a(serial.o)
 .data          0x0000000000052cb4        0x0 ../../lib/libcircle.a(string.o)
 .data          0x0000000000052cb4        0x0 ../../lib/libcircle.a(delayloop.o)
 .data          0x0000000000052cb4       0x10 ../../lib/libcircle.a(exceptionhandler.o)
                0x0000000000052cb4                CExceptionHandler::s_pExceptionName
 .data          0x0000000000052cc4        0x0 ../../lib/libcircle.a(exceptionstub.o)
 .data          0x0000000000052cc4        0x0 ../../lib/libcircle.a(interrupt.o)
 .data          0x0000000000052cc4        0x0 ../../lib/libcircle.a(gpiomanager.o)
 .data          0x0000000000052cc4        0x0 ../../lib/libcircle.a(virtualgpiopin.o)
 .data          0x0000000000052cc4        0x0 ../../lib/libcircle.a(machineinfo.o)
 .data          0x0000000000052cc4        0x0 ../../lib/libcircle.a(cache-v7.o)
 .data          0x0000000000052cc4        0x0 ../../lib/libcircle.a(ptrlist.o)
 .data          0x0000000000052cc4       0x38 ../../lib/libcircle.a(alloc.o)
 .data          0x0000000000052cfc        0x0 ../../lib/libcircle.a(bcmmailbox.o)
 .data          0x0000000000052cfc        0x0 ../../lib/libcircle.a(util.o)
 .data          0x0000000000052cfc       0x70 ../../lib/libcircle.a(bcmframebuffer.o)
 .data          0x0000000000052d6c        0x0 ../../lib/libcircle.a(device.o)
                0x0000000000052d6c                __bss_start = .

.igot.plt       0x0000000000052d6c        0x0
 .igot.plt      0x0000000000052d6c        0x0 ../../lib/startup.o

.bss            0x0000000000052d6c       0x54
 *(.bss*)
 .bss           0x0000000000052d6c        0x0 ../../lib/startup.o
 .bss           0x0000000000052d6c        0x0 main.o
 .bss           0x0000000000052d6c        0x0 kernel.o
 .bss           0x0000000000052d6c        0x0 ../../app/lib/emulator/libemu.a(nes.o)
 .bss           0x0000000000052d6c        0x0 ../../app/lib/emulator/libemu.a(cpu.o)
 .bss           0x0000000000052d6c        0x0 ../../app/lib/emulator/libemu.a(ppu.o)
 .bss           0x0000000000052d6c        0x0 ../../app/lib/emulator/libemu.a(cpu_addressing.o)
 .bss           0x0000000000052d6c        0x0 ../../app/lib/emulator/libemu.a(rom.o)
 .bss           0x0000000000052d6c        0x4 ../../lib/libcircle.a(actled.o)
                0x0000000000052d6c                CActLED::s_pThis
 .bss           0x0000000000052d70        0x0 ../../lib/libcircle.a(bcmpropertytags.o)
 .bss           0x0000000000052d70        0x4 ../../lib/libcircle.a(gpiopin.o)
                0x0000000000052d70                CGPIOPin::s_SpinLock
 .bss           0x0000000000052d74        0x0 ../../lib/libcircle.a(memory.o)
 .bss           0x0000000000052d74        0x0 ../../lib/libcircle.a(new.o)
 .bss           0x0000000000052d74        0x8 ../../lib/libcircle.a(synchronize.o)
 .bss           0x0000000000052d7c        0x4 ../../lib/libcircle.a(sysinit.o)
                0x0000000000052d7c                __dso_handle
 .bss           0x0000000000052d80        0x4 ../../lib/libcircle.a(timer.o)
                0x0000000000052d80                CTimer::s_pThis
 .bss           0x0000000000052d84        0x0 ../../lib/libcircle.a(util_fast.o)
 .bss           0x0000000000052d84        0x4 ../../lib/libcircle.a(koptions.o)
                0x0000000000052d84                CKernelOptions::s_pThis
 .bss           0x0000000000052d88        0x0 ../../lib/libcircle.a(pagetable.o)
 .bss           0x0000000000052d88        0x0 ../../lib/libcircle.a(screen.o)
 .bss           0x0000000000052d88        0x0 ../../lib/libcircle.a(assert.o)
 .bss           0x0000000000052d88        0x0 ../../lib/libcircle.a(chargenerator.o)
 .bss           0x0000000000052d88        0x0 ../../lib/libcircle.a(debug.o)
 .bss           0x0000000000052d88        0x4 ../../lib/libcircle.a(devicenameservice.o)
                0x0000000000052d88                CDeviceNameService::s_This
 .bss           0x0000000000052d8c        0x4 ../../lib/libcircle.a(logger.o)
                0x0000000000052d8c                CLogger::s_pThis
 .bss           0x0000000000052d90        0x0 ../../lib/libcircle.a(serial.o)
 .bss           0x0000000000052d90        0x0 ../../lib/libcircle.a(string.o)
 .bss           0x0000000000052d90        0x0 ../../lib/libcircle.a(delayloop.o)
 .bss           0x0000000000052d90        0x4 ../../lib/libcircle.a(exceptionhandler.o)
                0x0000000000052d90                CExceptionHandler::s_pThis
 .bss           0x0000000000052d94        0x0 ../../lib/libcircle.a(exceptionstub.o)
 .bss           0x0000000000052d94        0x4 ../../lib/libcircle.a(interrupt.o)
                0x0000000000052d94                CInterruptSystem::s_pThis
 .bss           0x0000000000052d98        0x0 ../../lib/libcircle.a(gpiomanager.o)
 .bss           0x0000000000052d98        0x8 ../../lib/libcircle.a(virtualgpiopin.o)
                0x0000000000052d98                CVirtualGPIOPin::s_SpinLock
                0x0000000000052d9c                CVirtualGPIOPin::s_nGPIOBaseAddress
 .bss           0x0000000000052da0        0x4 ../../lib/libcircle.a(machineinfo.o)
                0x0000000000052da0                CMachineInfo::s_pThis
 .bss           0x0000000000052da4        0x0 ../../lib/libcircle.a(cache-v7.o)
 .bss           0x0000000000052da4        0x0 ../../lib/libcircle.a(ptrlist.o)
 .bss           0x0000000000052da4       0x1c ../../lib/libcircle.a(alloc.o)
 .bss           0x0000000000052dc0        0x0 ../../lib/libcircle.a(bcmmailbox.o)
 .bss           0x0000000000052dc0        0x0 ../../lib/libcircle.a(util.o)
 .bss           0x0000000000052dc0        0x0 ../../lib/libcircle.a(bcmframebuffer.o)
 .bss           0x0000000000052dc0        0x0 ../../lib/libcircle.a(device.o)
                0x0000000000052dc0                _end = .
LOAD ../../lib/startup.o
LOAD main.o
LOAD kernel.o
LOAD ../../app/lib/emulator/libemu.a
LOAD ../../lib/libcircle.a
OUTPUT(kernel7.elf elf32-littlearm)

.ARM.attributes
                0x0000000000000000       0x35
 .ARM.attributes
                0x0000000000000000       0x25 ../../lib/startup.o
 .ARM.attributes
                0x0000000000000025       0x39 main.o
 .ARM.attributes
                0x000000000000005e       0x39 kernel.o
 .ARM.attributes
                0x0000000000000097       0x39 ../../app/lib/emulator/libemu.a(nes.o)
 .ARM.attributes
                0x00000000000000d0       0x39 ../../app/lib/emulator/libemu.a(cpu.o)
 .ARM.attributes
                0x0000000000000109       0x39 ../../app/lib/emulator/libemu.a(ppu.o)
 .ARM.attributes
                0x0000000000000142       0x39 ../../app/lib/emulator/libemu.a(cpu_addressing.o)
 .ARM.attributes
                0x000000000000017b       0x39 ../../app/lib/emulator/libemu.a(rom.o)
 .ARM.attributes
                0x00000000000001b4       0x39 ../../lib/libcircle.a(actled.o)
 .ARM.attributes
                0x00000000000001ed       0x39 ../../lib/libcircle.a(bcmpropertytags.o)
 .ARM.attributes
                0x0000000000000226       0x39 ../../lib/libcircle.a(gpiopin.o)
 .ARM.attributes
                0x000000000000025f       0x39 ../../lib/libcircle.a(memory.o)
 .ARM.attributes
                0x0000000000000298       0x39 ../../lib/libcircle.a(new.o)
 .ARM.attributes
                0x00000000000002d1       0x39 ../../lib/libcircle.a(synchronize.o)
 .ARM.attributes
                0x000000000000030a       0x39 ../../lib/libcircle.a(sysinit.o)
 .ARM.attributes
                0x0000000000000343       0x39 ../../lib/libcircle.a(timer.o)
 .ARM.attributes
                0x000000000000037c       0x25 ../../lib/libcircle.a(util_fast.o)
 .ARM.attributes
                0x00000000000003a1       0x39 ../../lib/libcircle.a(koptions.o)
 .ARM.attributes
                0x00000000000003da       0x39 ../../lib/libcircle.a(pagetable.o)
 .ARM.attributes
                0x0000000000000413       0x39 ../../lib/libcircle.a(screen.o)
 .ARM.attributes
                0x000000000000044c       0x39 ../../lib/libcircle.a(assert.o)
 .ARM.attributes
                0x0000000000000485       0x39 ../../lib/libcircle.a(chargenerator.o)
 .ARM.attributes
                0x00000000000004be       0x39 ../../lib/libcircle.a(debug.o)
 .ARM.attributes
                0x00000000000004f7       0x39 ../../lib/libcircle.a(devicenameservice.o)
 .ARM.attributes
                0x0000000000000530       0x39 ../../lib/libcircle.a(logger.o)
 .ARM.attributes
                0x0000000000000569       0x39 ../../lib/libcircle.a(serial.o)
 .ARM.attributes
                0x00000000000005a2       0x39 ../../lib/libcircle.a(string.o)
 .ARM.attributes
                0x00000000000005db       0x25 ../../lib/libcircle.a(delayloop.o)
 .ARM.attributes
                0x0000000000000600       0x39 ../../lib/libcircle.a(exceptionhandler.o)
 .ARM.attributes
                0x0000000000000639       0x25 ../../lib/libcircle.a(exceptionstub.o)
 .ARM.attributes
                0x000000000000065e       0x39 ../../lib/libcircle.a(interrupt.o)
 .ARM.attributes
                0x0000000000000697       0x39 ../../lib/libcircle.a(gpiomanager.o)
 .ARM.attributes
                0x00000000000006d0       0x39 ../../lib/libcircle.a(virtualgpiopin.o)
 .ARM.attributes
                0x0000000000000709       0x39 ../../lib/libcircle.a(machineinfo.o)
 .ARM.attributes
                0x0000000000000742       0x25 ../../lib/libcircle.a(cache-v7.o)
 .ARM.attributes
                0x0000000000000767       0x39 ../../lib/libcircle.a(ptrlist.o)
 .ARM.attributes
                0x00000000000007a0       0x39 ../../lib/libcircle.a(alloc.o)
 .ARM.attributes
                0x00000000000007d9       0x39 ../../lib/libcircle.a(bcmmailbox.o)
 .ARM.attributes
                0x0000000000000812       0x39 ../../lib/libcircle.a(util.o)
 .ARM.attributes
                0x000000000000084b       0x39 ../../lib/libcircle.a(bcmframebuffer.o)
 .ARM.attributes
                0x0000000000000884       0x39 ../../lib/libcircle.a(device.o)

.comment        0x0000000000000000       0x8b
 .comment       0x0000000000000000       0x6e main.o
                                         0x6f (size before relaxing)
 .comment       0x000000000000006e       0x6f kernel.o
 .comment       0x000000000000006e       0x6f ../../app/lib/emulator/libemu.a(nes.o)
 .comment       0x000000000000006e       0x6f ../../app/lib/emulator/libemu.a(cpu.o)
 .comment       0x000000000000006e       0x6f ../../app/lib/emulator/libemu.a(ppu.o)
 .comment       0x000000000000006e       0x6f ../../app/lib/emulator/libemu.a(cpu_addressing.o)
 .comment       0x000000000000006e       0x6f ../../app/lib/emulator/libemu.a(rom.o)
 .comment       0x000000000000006e       0x1d ../../lib/libcircle.a(actled.o)
                                         0x1e (size before relaxing)
 .comment       0x000000000000008b       0x1e ../../lib/libcircle.a(bcmpropertytags.o)
 .comment       0x000000000000008b       0x1e ../../lib/libcircle.a(gpiopin.o)
 .comment       0x000000000000008b       0x1e ../../lib/libcircle.a(memory.o)
 .comment       0x000000000000008b       0x1e ../../lib/libcircle.a(new.o)
 .comment       0x000000000000008b       0x1e ../../lib/libcircle.a(synchronize.o)
 .comment       0x000000000000008b       0x1e ../../lib/libcircle.a(sysinit.o)
 .comment       0x000000000000008b       0x1e ../../lib/libcircle.a(timer.o)
 .comment       0x000000000000008b       0x1e ../../lib/libcircle.a(koptions.o)
 .comment       0x000000000000008b       0x1e ../../lib/libcircle.a(pagetable.o)
 .comment       0x000000000000008b       0x1e ../../lib/libcircle.a(screen.o)
 .comment       0x000000000000008b       0x1e ../../lib/libcircle.a(assert.o)
 .comment       0x000000000000008b       0x1e ../../lib/libcircle.a(chargenerator.o)
 .comment       0x000000000000008b       0x1e ../../lib/libcircle.a(debug.o)
 .comment       0x000000000000008b       0x1e ../../lib/libcircle.a(devicenameservice.o)
 .comment       0x000000000000008b       0x1e ../../lib/libcircle.a(logger.o)
 .comment       0x000000000000008b       0x1e ../../lib/libcircle.a(serial.o)
 .comment       0x000000000000008b       0x1e ../../lib/libcircle.a(string.o)
 .comment       0x000000000000008b       0x1e ../../lib/libcircle.a(exceptionhandler.o)
 .comment       0x000000000000008b       0x1e ../../lib/libcircle.a(interrupt.o)
 .comment       0x000000000000008b       0x1e ../../lib/libcircle.a(gpiomanager.o)
 .comment       0x000000000000008b       0x1e ../../lib/libcircle.a(virtualgpiopin.o)
 .comment       0x000000000000008b       0x1e ../../lib/libcircle.a(machineinfo.o)
 .comment       0x000000000000008b       0x1e ../../lib/libcircle.a(ptrlist.o)
 .comment       0x000000000000008b       0x1e ../../lib/libcircle.a(alloc.o)
 .comment       0x000000000000008b       0x1e ../../lib/libcircle.a(bcmmailbox.o)
 .comment       0x000000000000008b       0x1e ../../lib/libcircle.a(util.o)
 .comment       0x000000000000008b       0x1e ../../lib/libcircle.a(bcmframebuffer.o)
 .comment       0x000000000000008b       0x1e ../../lib/libcircle.a(device.o)

.debug_info     0x0000000000000000    0x23161
 .debug_info    0x0000000000000000     0x2e60 main.o
 .debug_info    0x0000000000002e60     0x3186 kernel.o
 .debug_info    0x0000000000005fe6     0x1ac0 ../../app/lib/emulator/libemu.a(nes.o)
 .debug_info    0x0000000000007aa6     0x2e73 ../../app/lib/emulator/libemu.a(cpu.o)
 .debug_info    0x000000000000a919      0x596 ../../app/lib/emulator/libemu.a(ppu.o)
 .debug_info    0x000000000000aeaf     0x1aea ../../app/lib/emulator/libemu.a(cpu_addressing.o)
 .debug_info    0x000000000000c999      0x3a4 ../../app/lib/emulator/libemu.a(rom.o)
 .debug_info    0x000000000000cd3d      0xf2c ../../lib/libcircle.a(actled.o)
 .debug_info    0x000000000000dc69      0x60a ../../lib/libcircle.a(bcmpropertytags.o)
 .debug_info    0x000000000000e273     0x2408 ../../lib/libcircle.a(gpiopin.o)
 .debug_info    0x000000000001067b      0x969 ../../lib/libcircle.a(memory.o)
 .debug_info    0x0000000000010fe4      0x11f ../../lib/libcircle.a(new.o)
 .debug_info    0x0000000000011103      0x132 ../../lib/libcircle.a(synchronize.o)
 .debug_info    0x0000000000011235      0x5b4 ../../lib/libcircle.a(sysinit.o)
 .debug_info    0x00000000000117e9     0x1d66 ../../lib/libcircle.a(timer.o)
 .debug_info    0x000000000001354f      0xd6d ../../lib/libcircle.a(koptions.o)
 .debug_info    0x00000000000142bc      0x4b3 ../../lib/libcircle.a(pagetable.o)
 .debug_info    0x000000000001476f     0x275a ../../lib/libcircle.a(screen.o)
 .debug_info    0x0000000000016ec9      0xb0c ../../lib/libcircle.a(assert.o)
 .debug_info    0x00000000000179d5      0x389 ../../lib/libcircle.a(chargenerator.o)
 .debug_info    0x0000000000017d5e      0xb69 ../../lib/libcircle.a(debug.o)
 .debug_info    0x00000000000188c7      0x705 ../../lib/libcircle.a(devicenameservice.o)
 .debug_info    0x0000000000018fcc     0x1517 ../../lib/libcircle.a(logger.o)
 .debug_info    0x000000000001a4e3      0xe54 ../../lib/libcircle.a(serial.o)
 .debug_info    0x000000000001b337     0x187b ../../lib/libcircle.a(string.o)
 .debug_info    0x000000000001cbb2      0xf92 ../../lib/libcircle.a(exceptionhandler.o)
 .debug_info    0x000000000001db44      0x867 ../../lib/libcircle.a(interrupt.o)
 .debug_info    0x000000000001e3ab      0x8b7 ../../lib/libcircle.a(gpiomanager.o)
 .debug_info    0x000000000001ec62      0x8db ../../lib/libcircle.a(virtualgpiopin.o)
 .debug_info    0x000000000001f53d      0xbbc ../../lib/libcircle.a(machineinfo.o)
 .debug_info    0x00000000000200f9      0x76c ../../lib/libcircle.a(ptrlist.o)
 .debug_info    0x0000000000020865      0x74a ../../lib/libcircle.a(alloc.o)
 .debug_info    0x0000000000020faf      0xd86 ../../lib/libcircle.a(bcmmailbox.o)
 .debug_info    0x0000000000021d35      0x459 ../../lib/libcircle.a(util.o)
 .debug_info    0x000000000002218e      0xcd7 ../../lib/libcircle.a(bcmframebuffer.o)
 .debug_info    0x0000000000022e65      0x2fc ../../lib/libcircle.a(device.o)

.debug_abbrev   0x0000000000000000     0x6efe
 .debug_abbrev  0x0000000000000000      0x496 main.o
 .debug_abbrev  0x0000000000000496      0x534 kernel.o
 .debug_abbrev  0x00000000000009ca      0x2e2 ../../app/lib/emulator/libemu.a(nes.o)
 .debug_abbrev  0x0000000000000cac      0x3b8 ../../app/lib/emulator/libemu.a(cpu.o)
 .debug_abbrev  0x0000000000001064      0x1da ../../app/lib/emulator/libemu.a(ppu.o)
 .debug_abbrev  0x000000000000123e      0x31d ../../app/lib/emulator/libemu.a(cpu_addressing.o)
 .debug_abbrev  0x000000000000155b      0x1e1 ../../app/lib/emulator/libemu.a(rom.o)
 .debug_abbrev  0x000000000000173c      0x400 ../../lib/libcircle.a(actled.o)
 .debug_abbrev  0x0000000000001b3c      0x214 ../../lib/libcircle.a(bcmpropertytags.o)
 .debug_abbrev  0x0000000000001d50      0x566 ../../lib/libcircle.a(gpiopin.o)
 .debug_abbrev  0x00000000000022b6      0x28a ../../lib/libcircle.a(memory.o)
 .debug_abbrev  0x0000000000002540       0xc7 ../../lib/libcircle.a(new.o)
 .debug_abbrev  0x0000000000002607       0xb4 ../../lib/libcircle.a(synchronize.o)
 .debug_abbrev  0x00000000000026bb      0x260 ../../lib/libcircle.a(sysinit.o)
 .debug_abbrev  0x000000000000291b      0x5a5 ../../lib/libcircle.a(timer.o)
 .debug_abbrev  0x0000000000002ec0      0x3af ../../lib/libcircle.a(koptions.o)
 .debug_abbrev  0x000000000000326f      0x201 ../../lib/libcircle.a(pagetable.o)
 .debug_abbrev  0x0000000000003470      0x4f7 ../../lib/libcircle.a(screen.o)
 .debug_abbrev  0x0000000000003967      0x2e8 ../../lib/libcircle.a(assert.o)
 .debug_abbrev  0x0000000000003c4f      0x193 ../../lib/libcircle.a(chargenerator.o)
 .debug_abbrev  0x0000000000003de2      0x2f1 ../../lib/libcircle.a(debug.o)
 .debug_abbrev  0x00000000000040d3      0x29d ../../lib/libcircle.a(devicenameservice.o)
 .debug_abbrev  0x0000000000004370      0x427 ../../lib/libcircle.a(logger.o)
 .debug_abbrev  0x0000000000004797      0x333 ../../lib/libcircle.a(serial.o)
 .debug_abbrev  0x0000000000004aca      0x42e ../../lib/libcircle.a(string.o)
 .debug_abbrev  0x0000000000004ef8      0x3f7 ../../lib/libcircle.a(exceptionhandler.o)
 .debug_abbrev  0x00000000000052ef      0x351 ../../lib/libcircle.a(interrupt.o)
 .debug_abbrev  0x0000000000005640      0x31e ../../lib/libcircle.a(gpiomanager.o)
 .debug_abbrev  0x000000000000595e      0x3d1 ../../lib/libcircle.a(virtualgpiopin.o)
 .debug_abbrev  0x0000000000005d2f      0x33d ../../lib/libcircle.a(machineinfo.o)
 .debug_abbrev  0x000000000000606c      0x1ad ../../lib/libcircle.a(ptrlist.o)
 .debug_abbrev  0x0000000000006219      0x299 ../../lib/libcircle.a(alloc.o)
 .debug_abbrev  0x00000000000064b2      0x3ac ../../lib/libcircle.a(bcmmailbox.o)
 .debug_abbrev  0x000000000000685e      0x17c ../../lib/libcircle.a(util.o)
 .debug_abbrev  0x00000000000069da      0x351 ../../lib/libcircle.a(bcmframebuffer.o)
 .debug_abbrev  0x0000000000006d2b      0x1d3 ../../lib/libcircle.a(device.o)

.debug_loc      0x0000000000000000     0xa125
 .debug_loc     0x0000000000000000       0x1e main.o
 .debug_loc     0x000000000000001e      0x12a kernel.o
 .debug_loc     0x0000000000000148       0x3c ../../app/lib/emulator/libemu.a(nes.o)
 .debug_loc     0x0000000000000184      0x714 ../../app/lib/emulator/libemu.a(cpu.o)
 .debug_loc     0x0000000000000898       0x42 ../../app/lib/emulator/libemu.a(ppu.o)
 .debug_loc     0x00000000000008da      0x405 ../../app/lib/emulator/libemu.a(cpu_addressing.o)
 .debug_loc     0x0000000000000cdf       0xe5 ../../app/lib/emulator/libemu.a(rom.o)
 .debug_loc     0x0000000000000dc4      0x2cd ../../lib/libcircle.a(actled.o)
 .debug_loc     0x0000000000001091      0x214 ../../lib/libcircle.a(bcmpropertytags.o)
 .debug_loc     0x00000000000012a5     0x10db ../../lib/libcircle.a(gpiopin.o)
 .debug_loc     0x0000000000002380      0x125 ../../lib/libcircle.a(memory.o)
 .debug_loc     0x00000000000024a5       0x42 ../../lib/libcircle.a(new.o)
 .debug_loc     0x00000000000024e7       0x13 ../../lib/libcircle.a(synchronize.o)
 .debug_loc     0x00000000000024fa      0x102 ../../lib/libcircle.a(sysinit.o)
 .debug_loc     0x00000000000025fc      0xfdb ../../lib/libcircle.a(timer.o)
 .debug_loc     0x00000000000035d7      0x3ab ../../lib/libcircle.a(koptions.o)
 .debug_loc     0x0000000000003982      0x166 ../../lib/libcircle.a(pagetable.o)
 .debug_loc     0x0000000000003ae8     0x1651 ../../lib/libcircle.a(screen.o)
 .debug_loc     0x0000000000005139       0x5a ../../lib/libcircle.a(assert.o)
 .debug_loc     0x0000000000005193      0x1b4 ../../lib/libcircle.a(chargenerator.o)
 .debug_loc     0x0000000000005347      0x142 ../../lib/libcircle.a(debug.o)
 .debug_loc     0x0000000000005489      0x33d ../../lib/libcircle.a(devicenameservice.o)
 .debug_loc     0x00000000000057c6      0x4b3 ../../lib/libcircle.a(logger.o)
 .debug_loc     0x0000000000005c79      0x5c6 ../../lib/libcircle.a(serial.o)
 .debug_loc     0x000000000000623f     0x176d ../../lib/libcircle.a(string.o)
 .debug_loc     0x00000000000079ac      0x283 ../../lib/libcircle.a(exceptionhandler.o)
 .debug_loc     0x0000000000007c2f      0x454 ../../lib/libcircle.a(interrupt.o)
 .debug_loc     0x0000000000008083      0x3a6 ../../lib/libcircle.a(gpiomanager.o)
 .debug_loc     0x0000000000008429      0x363 ../../lib/libcircle.a(virtualgpiopin.o)
 .debug_loc     0x000000000000878c      0x302 ../../lib/libcircle.a(machineinfo.o)
 .debug_loc     0x0000000000008a8e      0x352 ../../lib/libcircle.a(ptrlist.o)
 .debug_loc     0x0000000000008de0      0x4eb ../../lib/libcircle.a(alloc.o)
 .debug_loc     0x00000000000092cb      0x27b ../../lib/libcircle.a(bcmmailbox.o)
 .debug_loc     0x0000000000009546      0x81c ../../lib/libcircle.a(util.o)
 .debug_loc     0x0000000000009d62      0x363 ../../lib/libcircle.a(bcmframebuffer.o)
 .debug_loc     0x000000000000a0c5       0x60 ../../lib/libcircle.a(device.o)

.debug_aranges  0x0000000000000000      0x498
 .debug_aranges
                0x0000000000000000       0x20 main.o
 .debug_aranges
                0x0000000000000020       0x20 kernel.o
 .debug_aranges
                0x0000000000000040       0x20 ../../app/lib/emulator/libemu.a(nes.o)
 .debug_aranges
                0x0000000000000060       0x20 ../../app/lib/emulator/libemu.a(cpu.o)
 .debug_aranges
                0x0000000000000080       0x20 ../../app/lib/emulator/libemu.a(ppu.o)
 .debug_aranges
                0x00000000000000a0       0x20 ../../app/lib/emulator/libemu.a(cpu_addressing.o)
 .debug_aranges
                0x00000000000000c0       0x20 ../../app/lib/emulator/libemu.a(rom.o)
 .debug_aranges
                0x00000000000000e0       0x20 ../../lib/libcircle.a(actled.o)
 .debug_aranges
                0x0000000000000100       0x20 ../../lib/libcircle.a(bcmpropertytags.o)
 .debug_aranges
                0x0000000000000120       0x28 ../../lib/libcircle.a(gpiopin.o)
 .debug_aranges
                0x0000000000000148       0x20 ../../lib/libcircle.a(memory.o)
 .debug_aranges
                0x0000000000000168       0x20 ../../lib/libcircle.a(new.o)
 .debug_aranges
                0x0000000000000188       0x20 ../../lib/libcircle.a(synchronize.o)
 .debug_aranges
                0x00000000000001a8       0x20 ../../lib/libcircle.a(sysinit.o)
 .debug_aranges
                0x00000000000001c8       0x20 ../../lib/libcircle.a(timer.o)
 .debug_aranges
                0x00000000000001e8       0x20 ../../lib/libcircle.a(koptions.o)
 .debug_aranges
                0x0000000000000208       0x20 ../../lib/libcircle.a(pagetable.o)
 .debug_aranges
                0x0000000000000228       0x20 ../../lib/libcircle.a(screen.o)
 .debug_aranges
                0x0000000000000248       0x20 ../../lib/libcircle.a(assert.o)
 .debug_aranges
                0x0000000000000268       0x20 ../../lib/libcircle.a(chargenerator.o)
 .debug_aranges
                0x0000000000000288       0x20 ../../lib/libcircle.a(debug.o)
 .debug_aranges
                0x00000000000002a8       0x20 ../../lib/libcircle.a(devicenameservice.o)
 .debug_aranges
                0x00000000000002c8       0x20 ../../lib/libcircle.a(logger.o)
 .debug_aranges
                0x00000000000002e8       0x20 ../../lib/libcircle.a(serial.o)
 .debug_aranges
                0x0000000000000308       0x20 ../../lib/libcircle.a(string.o)
 .debug_aranges
                0x0000000000000328       0x20 ../../lib/libcircle.a(exceptionhandler.o)
 .debug_aranges
                0x0000000000000348       0x20 ../../lib/libcircle.a(interrupt.o)
 .debug_aranges
                0x0000000000000368       0x20 ../../lib/libcircle.a(gpiomanager.o)
 .debug_aranges
                0x0000000000000388       0x28 ../../lib/libcircle.a(virtualgpiopin.o)
 .debug_aranges
                0x00000000000003b0       0x20 ../../lib/libcircle.a(machineinfo.o)
 .debug_aranges
                0x00000000000003d0       0x20 ../../lib/libcircle.a(ptrlist.o)
 .debug_aranges
                0x00000000000003f0       0x28 ../../lib/libcircle.a(alloc.o)
 .debug_aranges
                0x0000000000000418       0x20 ../../lib/libcircle.a(bcmmailbox.o)
 .debug_aranges
                0x0000000000000438       0x20 ../../lib/libcircle.a(util.o)
 .debug_aranges
                0x0000000000000458       0x20 ../../lib/libcircle.a(bcmframebuffer.o)
 .debug_aranges
                0x0000000000000478       0x20 ../../lib/libcircle.a(device.o)

.debug_ranges   0x0000000000000000     0x1580
 .debug_ranges  0x0000000000000000       0x10 main.o
 .debug_ranges  0x0000000000000010      0x1f0 ../../app/lib/emulator/libemu.a(cpu.o)
 .debug_ranges  0x0000000000000200       0x40 ../../lib/libcircle.a(actled.o)
 .debug_ranges  0x0000000000000240      0x250 ../../lib/libcircle.a(gpiopin.o)
 .debug_ranges  0x0000000000000490       0x20 ../../lib/libcircle.a(memory.o)
 .debug_ranges  0x00000000000004b0       0x60 ../../lib/libcircle.a(sysinit.o)
 .debug_ranges  0x0000000000000510      0x338 ../../lib/libcircle.a(timer.o)
 .debug_ranges  0x0000000000000848       0xd8 ../../lib/libcircle.a(koptions.o)
 .debug_ranges  0x0000000000000920       0x58 ../../lib/libcircle.a(pagetable.o)
 .debug_ranges  0x0000000000000978      0x2f8 ../../lib/libcircle.a(screen.o)
 .debug_ranges  0x0000000000000c70       0x38 ../../lib/libcircle.a(debug.o)
 .debug_ranges  0x0000000000000ca8       0xa0 ../../lib/libcircle.a(devicenameservice.o)
 .debug_ranges  0x0000000000000d48       0x88 ../../lib/libcircle.a(logger.o)
 .debug_ranges  0x0000000000000dd0      0x110 ../../lib/libcircle.a(serial.o)
 .debug_ranges  0x0000000000000ee0      0x218 ../../lib/libcircle.a(string.o)
 .debug_ranges  0x00000000000010f8       0x38 ../../lib/libcircle.a(exceptionhandler.o)
 .debug_ranges  0x0000000000001130       0x60 ../../lib/libcircle.a(interrupt.o)
 .debug_ranges  0x0000000000001190       0x90 ../../lib/libcircle.a(gpiomanager.o)
 .debug_ranges  0x0000000000001220       0x98 ../../lib/libcircle.a(virtualgpiopin.o)
 .debug_ranges  0x00000000000012b8       0x68 ../../lib/libcircle.a(machineinfo.o)
 .debug_ranges  0x0000000000001320      0x128 ../../lib/libcircle.a(alloc.o)
 .debug_ranges  0x0000000000001448       0xb8 ../../lib/libcircle.a(bcmmailbox.o)
 .debug_ranges  0x0000000000001500       0x20 ../../lib/libcircle.a(util.o)
 .debug_ranges  0x0000000000001520       0x60 ../../lib/libcircle.a(bcmframebuffer.o)

.debug_line     0x0000000000000000     0x3c7e
 .debug_line    0x0000000000000000      0x1c3 main.o
 .debug_line    0x00000000000001c3      0x1e5 kernel.o
 .debug_line    0x00000000000003a8       0x9a ../../app/lib/emulator/libemu.a(nes.o)
 .debug_line    0x0000000000000442      0x192 ../../app/lib/emulator/libemu.a(cpu.o)
 .debug_line    0x00000000000005d4       0x49 ../../app/lib/emulator/libemu.a(ppu.o)
 .debug_line    0x000000000000061d       0xb9 ../../app/lib/emulator/libemu.a(cpu_addressing.o)
 .debug_line    0x00000000000006d6       0x56 ../../app/lib/emulator/libemu.a(rom.o)
 .debug_line    0x000000000000072c      0x14d ../../lib/libcircle.a(actled.o)
 .debug_line    0x0000000000000879      0x10b ../../lib/libcircle.a(bcmpropertytags.o)
 .debug_line    0x0000000000000984      0x627 ../../lib/libcircle.a(gpiopin.o)
 .debug_line    0x0000000000000fab      0x168 ../../lib/libcircle.a(memory.o)
 .debug_line    0x0000000000001113       0x59 ../../lib/libcircle.a(new.o)
 .debug_line    0x000000000000116c       0x9f ../../lib/libcircle.a(synchronize.o)
 .debug_line    0x000000000000120b       0xe9 ../../lib/libcircle.a(sysinit.o)
 .debug_line    0x00000000000012f4      0x4f0 ../../lib/libcircle.a(timer.o)
 .debug_line    0x00000000000017e4      0x1c7 ../../lib/libcircle.a(koptions.o)
 .debug_line    0x00000000000019ab      0x167 ../../lib/libcircle.a(pagetable.o)
 .debug_line    0x0000000000001b12      0x4f7 ../../lib/libcircle.a(screen.o)
 .debug_line    0x0000000000002009       0xd6 ../../lib/libcircle.a(assert.o)
 .debug_line    0x00000000000020df       0xb8 ../../lib/libcircle.a(chargenerator.o)
 .debug_line    0x0000000000002197       0xf5 ../../lib/libcircle.a(debug.o)
 .debug_line    0x000000000000228c      0x1bd ../../lib/libcircle.a(devicenameservice.o)
 .debug_line    0x0000000000002449      0x21d ../../lib/libcircle.a(logger.o)
 .debug_line    0x0000000000002666      0x1e4 ../../lib/libcircle.a(serial.o)
 .debug_line    0x000000000000284a      0x3a9 ../../lib/libcircle.a(string.o)
 .debug_line    0x0000000000002bf3      0x188 ../../lib/libcircle.a(exceptionhandler.o)
 .debug_line    0x0000000000002d7b      0x1eb ../../lib/libcircle.a(interrupt.o)
 .debug_line    0x0000000000002f66      0x196 ../../lib/libcircle.a(gpiomanager.o)
 .debug_line    0x00000000000030fc      0x15c ../../lib/libcircle.a(virtualgpiopin.o)
 .debug_line    0x0000000000003258      0x1b3 ../../lib/libcircle.a(machineinfo.o)
 .debug_line    0x000000000000340b      0x175 ../../lib/libcircle.a(ptrlist.o)
 .debug_line    0x0000000000003580      0x222 ../../lib/libcircle.a(alloc.o)
 .debug_line    0x00000000000037a2      0x1b3 ../../lib/libcircle.a(bcmmailbox.o)
 .debug_line    0x0000000000003955      0x14d ../../lib/libcircle.a(util.o)
 .debug_line    0x0000000000003aa2      0x175 ../../lib/libcircle.a(bcmframebuffer.o)
 .debug_line    0x0000000000003c17       0x67 ../../lib/libcircle.a(device.o)

.debug_str      0x0000000000000000     0x5ab7
 .debug_str     0x0000000000000000     0x2851 main.o
                                       0x29d9 (size before relaxing)
 .debug_str     0x0000000000002851       0x87 kernel.o
                                       0x2a3a (size before relaxing)
 .debug_str     0x00000000000028d8      0x151 ../../app/lib/emulator/libemu.a(nes.o)
                                       0x15bd (size before relaxing)
 .debug_str     0x0000000000002a29       0x91 ../../app/lib/emulator/libemu.a(cpu.o)
                                       0x1451 (size before relaxing)
 .debug_str     0x0000000000002aba       0x19 ../../app/lib/emulator/libemu.a(ppu.o)
                                        0x44e (size before relaxing)
 .debug_str     0x0000000000002ad3       0x34 ../../app/lib/emulator/libemu.a(cpu_addressing.o)
                                       0x143e (size before relaxing)
 .debug_str     0x0000000000002b07        0x8 ../../app/lib/emulator/libemu.a(rom.o)
                                        0x2b1 (size before relaxing)
 .debug_str     0x0000000000002b0f      0x2f4 ../../lib/libcircle.a(actled.o)
                                        0xd4a (size before relaxing)
 .debug_str     0x0000000000002e03       0xbd ../../lib/libcircle.a(bcmpropertytags.o)
                                        0x451 (size before relaxing)
 .debug_str     0x0000000000002ec0      0xc03 ../../lib/libcircle.a(gpiopin.o)
                                       0x16db (size before relaxing)
 .debug_str     0x0000000000003ac3       0x8b ../../lib/libcircle.a(memory.o)
                                        0x704 (size before relaxing)
 .debug_str     0x0000000000003b4e       0x46 ../../lib/libcircle.a(new.o)
                                        0x14a (size before relaxing)
 .debug_str     0x0000000000003b94       0x62 ../../lib/libcircle.a(synchronize.o)
                                        0x1c2 (size before relaxing)
 .debug_str     0x0000000000003bf6       0x95 ../../lib/libcircle.a(sysinit.o)
                                        0x68a (size before relaxing)
 .debug_str     0x0000000000003c8b      0x1ac ../../lib/libcircle.a(timer.o)
                                        0xe4d (size before relaxing)
 .debug_str     0x0000000000003e37       0x99 ../../lib/libcircle.a(koptions.o)
                                        0x779 (size before relaxing)
 .debug_str     0x0000000000003ed0       0x6c ../../lib/libcircle.a(pagetable.o)
                                        0x2ec (size before relaxing)
 .debug_str     0x0000000000003f3c      0xcce ../../lib/libcircle.a(screen.o)
                                       0x11ed (size before relaxing)
 .debug_str     0x0000000000004c0a       0x7d ../../lib/libcircle.a(assert.o)
                                        0xc27 (size before relaxing)
 .debug_str     0x0000000000004c87       0x6d ../../lib/libcircle.a(chargenerator.o)
                                        0x307 (size before relaxing)
 .debug_str     0x0000000000004cf4       0x63 ../../lib/libcircle.a(debug.o)
                                        0xc09 (size before relaxing)
 .debug_str     0x0000000000004d57       0x83 ../../lib/libcircle.a(devicenameservice.o)
                                        0x41e (size before relaxing)
 .debug_str     0x0000000000004dda       0xd2 ../../lib/libcircle.a(logger.o)
                                       0x11d1 (size before relaxing)
 .debug_str     0x0000000000004eac      0x144 ../../lib/libcircle.a(serial.o)
                                        0xa91 (size before relaxing)
 .debug_str     0x0000000000004ff0      0x286 ../../lib/libcircle.a(string.o)
                                        0x591 (size before relaxing)
 .debug_str     0x0000000000005276      0x105 ../../lib/libcircle.a(exceptionhandler.o)
                                        0xdf2 (size before relaxing)
 .debug_str     0x000000000000537b       0x6f ../../lib/libcircle.a(interrupt.o)
                                        0x48d (size before relaxing)
 .debug_str     0x00000000000053ea       0x5b ../../lib/libcircle.a(gpiomanager.o)
                                        0x5ee (size before relaxing)
 .debug_str     0x0000000000005445      0x17e ../../lib/libcircle.a(virtualgpiopin.o)
                                        0x657 (size before relaxing)
 .debug_str     0x00000000000055c3       0xaf ../../lib/libcircle.a(machineinfo.o)
                                        0x924 (size before relaxing)
 .debug_str     0x0000000000005672       0x48 ../../lib/libcircle.a(ptrlist.o)
                                        0x304 (size before relaxing)
 .debug_str     0x00000000000056ba      0x12a ../../lib/libcircle.a(alloc.o)
                                        0x3bf (size before relaxing)
 .debug_str     0x00000000000057e4       0x3f ../../lib/libcircle.a(bcmmailbox.o)
                                        0xb76 (size before relaxing)
 .debug_str     0x0000000000005823       0xa1 ../../lib/libcircle.a(util.o)
                                        0x265 (size before relaxing)
 .debug_str     0x00000000000058c4      0x120 ../../lib/libcircle.a(bcmframebuffer.o)
                                        0x8ba (size before relaxing)
 .debug_str     0x00000000000059e4       0xd3 ../../lib/libcircle.a(device.o)
                                        0x211 (size before relaxing)

.debug_frame    0x0000000000000000     0x2980
 .debug_frame   0x0000000000000000       0x34 main.o
 .debug_frame   0x0000000000000034       0x84 kernel.o
 .debug_frame   0x00000000000000b8       0x2c ../../app/lib/emulator/libemu.a(nes.o)
 .debug_frame   0x00000000000000e4      0xa10 ../../app/lib/emulator/libemu.a(cpu.o)
 .debug_frame   0x0000000000000af4       0x28 ../../app/lib/emulator/libemu.a(ppu.o)
 .debug_frame   0x0000000000000b1c       0xb0 ../../app/lib/emulator/libemu.a(cpu_addressing.o)
 .debug_frame   0x0000000000000bcc       0x60 ../../app/lib/emulator/libemu.a(rom.o)
 .debug_frame   0x0000000000000c2c       0x98 ../../lib/libcircle.a(actled.o)
 .debug_frame   0x0000000000000cc4       0x84 ../../lib/libcircle.a(bcmpropertytags.o)
 .debug_frame   0x0000000000000d48      0x2b4 ../../lib/libcircle.a(gpiopin.o)
 .debug_frame   0x0000000000000ffc       0x78 ../../lib/libcircle.a(memory.o)
 .debug_frame   0x0000000000001074       0x50 ../../lib/libcircle.a(new.o)
 .debug_frame   0x00000000000010c4       0x50 ../../lib/libcircle.a(synchronize.o)
 .debug_frame   0x0000000000001114       0x5c ../../lib/libcircle.a(sysinit.o)
 .debug_frame   0x0000000000001170      0x288 ../../lib/libcircle.a(timer.o)
 .debug_frame   0x00000000000013f8      0x120 ../../lib/libcircle.a(koptions.o)
 .debug_frame   0x0000000000001518       0x74 ../../lib/libcircle.a(pagetable.o)
 .debug_frame   0x000000000000158c      0x4a4 ../../lib/libcircle.a(screen.o)
 .debug_frame   0x0000000000001a30       0x34 ../../lib/libcircle.a(assert.o)
 .debug_frame   0x0000000000001a64       0x7c ../../lib/libcircle.a(chargenerator.o)
 .debug_frame   0x0000000000001ae0       0x6c ../../lib/libcircle.a(debug.o)
 .debug_frame   0x0000000000001b4c       0xb0 ../../lib/libcircle.a(devicenameservice.o)
 .debug_frame   0x0000000000001bfc      0x108 ../../lib/libcircle.a(logger.o)
 .debug_frame   0x0000000000001d04       0xa4 ../../lib/libcircle.a(serial.o)
 .debug_frame   0x0000000000001da8      0x21c ../../lib/libcircle.a(string.o)
 .debug_frame   0x0000000000001fc4       0xcc ../../lib/libcircle.a(exceptionhandler.o)
 .debug_frame   0x0000000000002090      0x12c ../../lib/libcircle.a(interrupt.o)
 .debug_frame   0x00000000000021bc       0xd8 ../../lib/libcircle.a(gpiomanager.o)
 .debug_frame   0x0000000000002294       0xb8 ../../lib/libcircle.a(virtualgpiopin.o)
 .debug_frame   0x000000000000234c      0x134 ../../lib/libcircle.a(machineinfo.o)
 .debug_frame   0x0000000000002480      0x100 ../../lib/libcircle.a(ptrlist.o)
 .debug_frame   0x0000000000002580       0xc4 ../../lib/libcircle.a(alloc.o)
 .debug_frame   0x0000000000002644       0x90 ../../lib/libcircle.a(bcmmailbox.o)
 .debug_frame   0x00000000000026d4       0xdc ../../lib/libcircle.a(util.o)
 .debug_frame   0x00000000000027b0      0x168 ../../lib/libcircle.a(bcmframebuffer.o)
 .debug_frame   0x0000000000002918       0x68 ../../lib/libcircle.a(device.o)
